New circular blind method normative
Traceback (most recent call last):
  File "/home/chakwong/python/legalmath/scripts/resolution_routes.py", line 22, in <module>
    if __name__=='__main__':main()
                            ^^^^^^
  File "/home/chakwong/python/legalmath/scripts/resolution_routes.py", line 20, in main
    value=run(out);print(value['status'],flush=True)
          ^^^^^^^^
  File "/home/chakwong/python/legalmath/scripts/resolution_new.py", line 58, in run
    generation=reader.call(req,Generation,validate)
               ^^^^^^^^^^^^^^^^^^^^^^^^^^^^^^^^^^^^
  File "/home/chakwong/python/legalmath/src/legalmath/interpretation/assurance/control_investigation.py", line 59, in call
    answer = self._retained(wire, model) or self.provider.complete(
                                            ^^^^^^^^^^^^^^^^^^^^^^^
  File "/home/chakwong/python/legalmath/src/legalmath/interpretation/assurance/workflow.py", line 188, in complete
    value, receipt = self.journal.execute('model', inputs, dispatch,
                     ^^^^^^^^^^^^^^^^^^^^^^^^^^^^^^^^^^^^^^^^^^^^^^^
  File "/home/chakwong/python/legalmath/src/legalmath/interpretation/assurance/workflow.py", line 122, in execute
    result = callback(work)
             ^^^^^^^^^^^^^^
  File "/home/chakwong/python/legalmath/src/legalmath/interpretation/assurance/workflow.py", line 180, in dispatch
    response = self.provider.complete(request, schema, settings)
               ^^^^^^^^^^^^^^^^^^^^^^^^^^^^^^^^^^^^^^^^^^^^^^^^^
  File "/home/chakwong/python/legalmath/src/legalmath/interpretation/search/providers.py", line 132, in complete
    try: proc.wait(timeout=0.2)
         ^^^^^^^^^^^^^^^^^^^^^^
  File "/home/chakwong/miniconda3/envs/tfgpu/lib/python3.11/subprocess.py", line 1264, in wait
    return self._wait(timeout=timeout)
           ^^^^^^^^^^^^^^^^^^^^^^^^^^^
  File "/home/chakwong/miniconda3/envs/tfgpu/lib/python3.11/subprocess.py", line 2047, in _wait
    time.sleep(delay)
KeyboardInterrupt
