Rc files read (in order):
  NONE
Latexmk: This is Latexmk, John Collins, 9 March 2026. Version 4.88.
Latexmk: Changing directory to 'docs/monograph/'
Latexmk: applying rule 'xelatex'...
Rule 'xelatex':  Reasons for rerun
Changed files or newly in use/created:
  technical-companion.aux
  technical-companion.tex
Category 'changed_user':
  technical-companion.tex
Category 'never_run':
  xelatex

------------
Run number 1 of rule 'xelatex'
------------
------------
Running 'xelatex -no-pdf -interaction=nonstopmode -halt-on-error -recorder  "technical-companion.tex"'
------------
This is XeTeX, Version 3.141592653-2.6-0.999998 (TeX Live 2026) (preloaded format=xelatex)
 restricted \write18 enabled.
entering extended mode
(./technical-companion.tex
LaTeX2e <2025-11-01>
L3 programming layer <2026-03-20>
(/home/chakwong/.TinyTeX/texmf-dist/tex/latex/base/book.cls
Document Class: book 2025/01/22 v1.4n Standard LaTeX document class
(/home/chakwong/.TinyTeX/texmf-dist/tex/latex/base/bk12.clo)) (/home/chakwong/.TinyTeX/texmf-dist/tex/latex/geometry/geometry.sty (/home/chakwong/.TinyTeX/texmf-dist/tex/latex/graphics/keyval.sty) (/home/chakwong/.TinyTeX/texmf-dist/tex/generic/iftex/ifvtex.sty (/home/chakwong/.TinyTeX/texmf-dist/tex/generic/iftex/iftex.sty))) (/home/chakwong/.TinyTeX/texmf-dist/tex/latex/fontspec/fontspec.sty (/home/chakwong/.TinyTeX/texmf-dist/tex/latex/l3packages/xparse/xparse.sty (/home/chakwong/.TinyTeX/texmf-dist/tex/latex/l3kernel/expl3.sty (/home/chakwong/.TinyTeX/texmf-dist/tex/latex/l3backend/l3backend-xetex.def))) (/home/chakwong/.TinyTeX/texmf-dist/tex/latex/fontspec/fontspec-xetex.sty (/home/chakwong/.TinyTeX/texmf-dist/tex/latex/base/fontenc.sty) (/home/chakwong/.TinyTeX/texmf-dist/tex/latex/fontspec/fontspec.cfg))) (/home/chakwong/.TinyTeX/texmf-dist/tex/latex/amsmath/amsmath.sty
For additional information on amsmath, use the `?' option.
(/home/chakwong/.TinyTeX/texmf-dist/tex/latex/amsmath/amstext.sty (/home/chakwong/.TinyTeX/texmf-dist/tex/latex/amsmath/amsgen.sty)) (/home/chakwong/.TinyTeX/texmf-dist/tex/latex/amsmath/amsbsy.sty) (/home/chakwong/.TinyTeX/texmf-dist/tex/latex/amsmath/amsopn.sty)) (/home/chakwong/.TinyTeX/texmf-dist/tex/latex/amsfonts/amssymb.sty (/home/chakwong/.TinyTeX/texmf-dist/tex/latex/amsfonts/amsfonts.sty)) (/home/chakwong/.TinyTeX/texmf-dist/tex/latex/mathtools/mathtools.sty (/home/chakwong/.TinyTeX/texmf-dist/tex/latex/tools/calc.sty) (/home/chakwong/.TinyTeX/texmf-dist/tex/latex/mathtools/mhsetup.sty)) (/home/chakwong/.TinyTeX/texmf-dist/tex/latex/amscls/amsthm.sty) (/home/chakwong/.TinyTeX/texmf-dist/tex/latex/microtype/microtype.sty (/home/chakwong/.TinyTeX/texmf-dist/tex/latex/etoolbox/etoolbox.sty) (/home/chakwong/.TinyTeX/texmf-dist/tex/latex/microtype/microtype-xetex.def) (/home/chakwong/.TinyTeX/texmf-dist/tex/latex/microtype/microtype.cfg)) (/home/chakwong/.TinyTeX/texmf-dist/tex/latex/setspace/setspace.sty) (/home/chakwong/.TinyTeX/texmf-dist/tex/latex/booktabs/booktabs.sty) (/home/chakwong/.TinyTeX/texmf-dist/tex/latex/tools/longtable.sty) (/home/chakwong/.TinyTeX/texmf-dist/tex/latex/tools/tabularx.sty (/home/chakwong/.TinyTeX/texmf-dist/tex/latex/tools/array.sty)) (/home/chakwong/.TinyTeX/texmf-dist/tex/latex/graphics/graphicx.sty (/home/chakwong/.TinyTeX/texmf-dist/tex/latex/graphics/graphics.sty (/home/chakwong/.TinyTeX/texmf-dist/tex/latex/graphics/trig.sty) (/home/chakwong/.TinyTeX/texmf-dist/tex/latex/graphics-cfg/graphics.cfg) (/home/chakwong/.TinyTeX/texmf-dist/tex/latex/graphics-def/xetex.def))) (/home/chakwong/.TinyTeX/texmf-dist/tex/latex/xcolor/xcolor.sty (/home/chakwong/.TinyTeX/texmf-dist/tex/latex/graphics-cfg/color.cfg) (/home/chakwong/.TinyTeX/texmf-dist/tex/latex/graphics/mathcolor.ltx)) (/home/chakwong/.TinyTeX/texmf-dist/tex/latex/pgf/frontendlayer/tikz.sty (/home/chakwong/.TinyTeX/texmf-dist/tex/latex/pgf/basiclayer/pgf.sty (/home/chakwong/.TinyTeX/texmf-dist/tex/latex/pgf/utilities/pgfrcs.sty (/home/chakwong/.TinyTeX/texmf-dist/tex/generic/pgf/utilities/pgfutil-common.tex) (/home/chakwong/.TinyTeX/texmf-dist/tex/generic/pgf/utilities/pgfutil-latex.def) (/home/chakwong/.TinyTeX/texmf-dist/tex/generic/pgf/utilities/pgfrcs.code.tex (/home/chakwong/.TinyTeX/texmf-dist/tex/generic/pgf/pgf.revision.tex))) (/home/chakwong/.TinyTeX/texmf-dist/tex/latex/pgf/basiclayer/pgfcore.sty (/home/chakwong/.TinyTeX/texmf-dist/tex/latex/pgf/systemlayer/pgfsys.sty (/home/chakwong/.TinyTeX/texmf-dist/tex/generic/pgf/systemlayer/pgfsys.code.tex (/home/chakwong/.TinyTeX/texmf-dist/tex/generic/pgf/utilities/pgfkeys.code.tex (/home/chakwong/.TinyTeX/texmf-dist/tex/generic/pgf/utilities/pgfkeyslibraryfiltered.code.tex)) (/home/chakwong/.TinyTeX/texmf-dist/tex/generic/pgf/systemlayer/pgf.cfg) (/home/chakwong/.TinyTeX/texmf-dist/tex/generic/pgf/systemlayer/pgfsys-xetex.def (/home/chakwong/.TinyTeX/texmf-dist/tex/generic/pgf/systemlayer/pgfsys-dvipdfmx.def (/home/chakwong/.TinyTeX/texmf-dist/tex/generic/pgf/systemlayer/pgfsys-common-pdf.def)))) (/home/chakwong/.TinyTeX/texmf-dist/tex/generic/pgf/systemlayer/pgfsyssoftpath.code.tex) (/home/chakwong/.TinyTeX/texmf-dist/tex/generic/pgf/systemlayer/pgfsysprotocol.code.tex)) (/home/chakwong/.TinyTeX/texmf-dist/tex/generic/pgf/basiclayer/pgfcore.code.tex (/home/chakwong/.TinyTeX/texmf-dist/tex/generic/pgf/math/pgfmath.code.tex (/home/chakwong/.TinyTeX/texmf-dist/tex/generic/pgf/math/pgfmathutil.code.tex) (/home/chakwong/.TinyTeX/texmf-dist/tex/generic/pgf/math/pgfmathparser.code.tex) (/home/chakwong/.TinyTeX/texmf-dist/tex/generic/pgf/math/pgfmathfunctions.code.tex) (/home/chakwong/.TinyTeX/texmf-dist/tex/generic/pgf/math/pgfmathfunctions.basic.code.tex) (/home/chakwong/.TinyTeX/texmf-dist/tex/generic/pgf/math/pgfmathfunctions.trigonometric.code.tex) (/home/chakwong/.TinyTeX/texmf-dist/tex/generic/pgf/math/pgfmathfunctions.random.code.tex) (/home/chakwong/.TinyTeX/texmf-dist/tex/generic/pgf/math/pgfmathfunctions.comparison.code.tex) (/home/chakwong/.TinyTeX/texmf-dist/tex/generic/pgf/math/pgfmathfunctions.base.code.tex) (/home/chakwong/.TinyTeX/texmf-dist/tex/generic/pgf/math/pgfmathfunctions.round.code.tex) (/home/chakwong/.TinyTeX/texmf-dist/tex/generic/pgf/math/pgfmathfunctions.misc.code.tex) (/home/chakwong/.TinyTeX/texmf-dist/tex/generic/pgf/math/pgfmathfunctions.integerarithmetics.code.tex) (/home/chakwong/.TinyTeX/texmf-dist/tex/generic/pgf/math/pgfmathcalc.code.tex) (/home/chakwong/.TinyTeX/texmf-dist/tex/generic/pgf/math/pgfmathfloat.code.tex)) (/home/chakwong/.TinyTeX/texmf-dist/tex/generic/pgf/math/pgfint.code.tex) (/home/chakwong/.TinyTeX/texmf-dist/tex/generic/pgf/basiclayer/pgfcorepoints.code.tex) (/home/chakwong/.TinyTeX/texmf-dist/tex/generic/pgf/basiclayer/pgfcorepathconstruct.code.tex) (/home/chakwong/.TinyTeX/texmf-dist/tex/generic/pgf/basiclayer/pgfcorepathusage.code.tex) (/home/chakwong/.TinyTeX/texmf-dist/tex/generic/pgf/basiclayer/pgfcorescopes.code.tex) (/home/chakwong/.TinyTeX/texmf-dist/tex/generic/pgf/basiclayer/pgfcoregraphicstate.code.tex) (/home/chakwong/.TinyTeX/texmf-dist/tex/generic/pgf/basiclayer/pgfcoretransformations.code.tex) (/home/chakwong/.TinyTeX/texmf-dist/tex/generic/pgf/basiclayer/pgfcorequick.code.tex) (/home/chakwong/.TinyTeX/texmf-dist/tex/generic/pgf/basiclayer/pgfcoreobjects.code.tex) (/home/chakwong/.TinyTeX/texmf-dist/tex/generic/pgf/basiclayer/pgfcorepathprocessing.code.tex) (/home/chakwong/.TinyTeX/texmf-dist/tex/generic/pgf/basiclayer/pgfcorearrows.code.tex) (/home/chakwong/.TinyTeX/texmf-dist/tex/generic/pgf/basiclayer/pgfcoreshade.code.tex) (/home/chakwong/.TinyTeX/texmf-dist/tex/generic/pgf/basiclayer/pgfcoreimage.code.tex) (/home/chakwong/.TinyTeX/texmf-dist/tex/generic/pgf/basiclayer/pgfcoreexternal.code.tex) (/home/chakwong/.TinyTeX/texmf-dist/tex/generic/pgf/basiclayer/pgfcorelayers.code.tex) (/home/chakwong/.TinyTeX/texmf-dist/tex/generic/pgf/basiclayer/pgfcoretransparency.code.tex) (/home/chakwong/.TinyTeX/texmf-dist/tex/generic/pgf/basiclayer/pgfcorepatterns.code.tex) (/home/chakwong/.TinyTeX/texmf-dist/tex/generic/pgf/basiclayer/pgfcorerdf.code.tex))) (/home/chakwong/.TinyTeX/texmf-dist/tex/generic/pgf/modules/pgfmoduleshapes.code.tex) (/home/chakwong/.TinyTeX/texmf-dist/tex/generic/pgf/modules/pgfmoduleplot.code.tex) (/home/chakwong/.TinyTeX/texmf-dist/tex/latex/pgf/compatibility/pgfcomp-version-0-65.sty) (/home/chakwong/.TinyTeX/texmf-dist/tex/latex/pgf/compatibility/pgfcomp-version-1-18.sty)) (/home/chakwong/.TinyTeX/texmf-dist/tex/latex/pgf/utilities/pgffor.sty (/home/chakwong/.TinyTeX/texmf-dist/tex/latex/pgf/utilities/pgfkeys.sty (/home/chakwong/.TinyTeX/texmf-dist/tex/generic/pgf/utilities/pgfkeys.code.tex)) (/home/chakwong/.TinyTeX/texmf-dist/tex/latex/pgf/math/pgfmath.sty (/home/chakwong/.TinyTeX/texmf-dist/tex/generic/pgf/math/pgfmath.code.tex)) (/home/chakwong/.TinyTeX/texmf-dist/tex/generic/pgf/utilities/pgffor.code.tex)) (/home/chakwong/.TinyTeX/texmf-dist/tex/generic/pgf/frontendlayer/tikz/tikz.code.tex (/home/chakwong/.TinyTeX/texmf-dist/tex/generic/pgf/libraries/pgflibraryplothandlers.code.tex) (/home/chakwong/.TinyTeX/texmf-dist/tex/generic/pgf/modules/pgfmodulematrix.code.tex) (/home/chakwong/.TinyTeX/texmf-dist/tex/generic/pgf/frontendlayer/tikz/libraries/tikzlibrarytopaths.code.tex))) (/home/chakwong/.TinyTeX/texmf-dist/tex/latex/float/float.sty) (/home/chakwong/.TinyTeX/texmf-dist/tex/generic/pgf/libraries/pgflibraryarrows.meta.code.tex) (/home/chakwong/.TinyTeX/texmf-dist/tex/generic/pgf/frontendlayer/tikz/libraries/tikzlibrarypositioning.code.tex) (/home/chakwong/.TinyTeX/texmf-dist/tex/generic/pgf/frontendlayer/tikz/libraries/tikzlibrarycalc.code.tex) (/home/chakwong/.TinyTeX/texmf-dist/tex/generic/pgf/frontendlayer/tikz/libraries/tikzlibraryshapes.geometric.code.tex (/home/chakwong/.TinyTeX/texmf-dist/tex/generic/pgf/libraries/shapes/pgflibraryshapes.geometric.code.tex)) (/home/chakwong/.TinyTeX/texmf-dist/tex/latex/enumitem/enumitem.sty) (/home/chakwong/.TinyTeX/texmf-dist/tex/latex/listings/listings.sty (/home/chakwong/.TinyTeX/texmf-dist/tex/latex/listings/lstpatch.sty) (/home/chakwong/.TinyTeX/texmf-dist/tex/latex/listings/lstmisc.sty) (/home/chakwong/.TinyTeX/texmf-dist/tex/latex/listings/listings.cfg))
==> First Aid for listings.sty no longer applied!
    Expected:
        2024/09/23 1.10c (Carsten Heinz)
    but found:
        2025/11/14 1.11b (Carsten Heinz)
    so I'm assuming it got fixed.
(/home/chakwong/.TinyTeX/texmf-dist/tex/latex/titlesec/titlesec.sty) (/home/chakwong/.TinyTeX/texmf-dist/tex/latex/natbib/natbib.sty) (/home/chakwong/.TinyTeX/texmf-dist/tex/latex/url/url.sty) (/home/chakwong/.TinyTeX/texmf-dist/tex/latex/hyperref/xr-hyper.sty) (/home/chakwong/.TinyTeX/texmf-dist/tex/latex/hyperref/hyperref.sty (/home/chakwong/.TinyTeX/texmf-dist/tex/latex/kvsetkeys/kvsetkeys.sty) (/home/chakwong/.TinyTeX/texmf-dist/tex/generic/kvdefinekeys/kvdefinekeys.sty) (/home/chakwong/.TinyTeX/texmf-dist/tex/generic/pdfescape/pdfescape.sty (/home/chakwong/.TinyTeX/texmf-dist/tex/generic/ltxcmds/ltxcmds.sty) (/home/chakwong/.TinyTeX/texmf-dist/tex/generic/pdftexcmds/pdftexcmds.sty (/home/chakwong/.TinyTeX/texmf-dist/tex/generic/infwarerr/infwarerr.sty))) (/home/chakwong/.TinyTeX/texmf-dist/tex/latex/hycolor/hycolor.sty) (/home/chakwong/.TinyTeX/texmf-dist/tex/latex/hyperref/nameref.sty (/home/chakwong/.TinyTeX/texmf-dist/tex/latex/refcount/refcount.sty) (/home/chakwong/.TinyTeX/texmf-dist/tex/generic/gettitlestring/gettitlestring.sty (/home/chakwong/.TinyTeX/texmf-dist/tex/latex/kvoptions/kvoptions.sty))) (/home/chakwong/.TinyTeX/texmf-dist/tex/generic/stringenc/stringenc.sty) (/home/chakwong/.TinyTeX/texmf-dist/tex/latex/hyperref/pd1enc.def) (/home/chakwong/.TinyTeX/texmf-dist/tex/generic/intcalc/intcalc.sty) (/home/chakwong/.TinyTeX/texmf-dist/tex/latex/hyperref/puenc.def) (/home/chakwong/.TinyTeX/texmf-dist/tex/generic/bitset/bitset.sty (/home/chakwong/.TinyTeX/texmf-dist/tex/generic/bigintcalc/bigintcalc.sty))) (/home/chakwong/.TinyTeX/texmf-dist/tex/latex/hyperref/hxetex.def (/home/chakwong/.TinyTeX/texmf-dist/tex/latex/rerunfilecheck/rerunfilecheck.sty (/home/chakwong/.TinyTeX/texmf-dist/tex/generic/uniquecounter/uniquecounter.sty))) (./teaching/styles.tex) (./technical-companion.aux)
*geometry* driver: auto-detecting
*geometry* detected driver: xetex
(/home/chakwong/.TinyTeX/texmf-dist/tex/latex/microtype/mt-Palatino.cfg) (./technical-companion.out) (./technical-companion.out) [1] (./technical-companion.toc (/home/chakwong/.TinyTeX/texmf-dist/tex/latex/amsfonts/umsa.fd) (/home/chakwong/.TinyTeX/texmf-dist/tex/latex/microtype/mt-msa.cfg) (/home/chakwong/.TinyTeX/texmf-dist/tex/latex/amsfonts/umsb.fd) (/home/chakwong/.TinyTeX/texmf-dist/tex/latex/microtype/mt-msb.cfg) (/home/chakwong/.TinyTeX/texmf-dist/tex/latex/microtype/mt-cmr.cfg) [2]) [3] (./appendices/current-interpretation.tex
Appendix A.
[1] [2]
Underfull \hbox (badness 1062) in paragraph at lines 139--144
\TU/TeXGyrePagella(0)/m/n/12 legally material. The factorization is a developer proposal that requires review;
[3]
Underfull \hbox (badness 5637) in paragraph at lines 192--200
\TU/TeXGyrePagella(0)/m/n/12 The implemented adapters are \TU/DejaVuSansMono(0)/m/n/12 single-reader\TU/TeXGyrePagella(0)/m/n/12 , \TU/DejaVuSansMono(0)/m/n/12 isolated-readers\TU/TeXGyrePagella(0)/m/n/12 , \TU/DejaVuSansMono(0)/m/n/12 search \TU/TeXGyrePagella(0)/m/n/12 and

Underfull \hbox (badness 1163) in paragraph at lines 192--200
\TU/TeXGyrePagella(0)/m/n/12 outcomes and resource ceilings through $[][][][][][][][][] [] [][][][][][][][][][][][][][] [] [][][][][][][][][] []
[4]
Underfull \hbox (badness 10000) in paragraph at lines 207--211
\TU/TeXGyrePagella(0)/m/n/12 For authorized live work, the provider arguments are instead \TU/DejaVuSansMono(0)/m/n/12 --allowance

Underfull \hbox (badness 1946) in paragraph at lines 207--211
\TU/DejaVuSansMono(0)/m/n/12 LEDGER.json --total-calls AUTHORIZED_CEILING\TU/TeXGyrePagella(0)/m/n/12 . The command checks the com-
[5] [6]) (./appendices/implementation-record.tex [7]
Appendix B.
 [8] [9] [10] [11] [12]) (./appendices/full-implementation-record.tex [13]
Appendix C.
(./teaching/teach-P-03-product-00.tex) [14] [15] (./teaching/teach-P-03-product-07.tex) (./teaching/teach-P-03c-storage-review-00.tex) [16] [17] (./teaching/teach-P-04-prototype-02.tex) [18]
Underfull \hbox (badness 3942) in paragraph at lines 247--257
\TU/TeXGyrePagella(0)/m/n/12 receive another four, with review, integration, rework and the pilot bringing

Underfull \hbox (badness 1789) in paragraph at lines 247--257
\TU/TeXGyrePagella(0)/m/n/12 the allowance to twelve weeks. The earlier three-week first-stage estimate did

Underfull \hbox (badness 2293) in paragraph at lines 247--257
\TU/TeXGyrePagella(0)/m/n/12 not include a required Java backend. This revised allocation remains a plan-

Underfull \hbox (badness 1571) in paragraph at lines 247--257
\TU/TeXGyrePagella(0)/m/n/12 ning assumption, with scope reduction or a schedule extension if full operator

Underfull \hbox (badness 1152) in paragraph at lines 247--257
\TU/TeXGyrePagella(0)/m/n/12 conformance takes longer. Each package specifies files, function signatures, de-

Underfull \hbox (badness 3343) in paragraph at lines 247--257
\TU/TeXGyrePagella(0)/m/n/12 pendent packages and tests. Its acceptance condition concerns behavior, not

Underfull \hbox (badness 4686) in paragraph at lines 247--257
\TU/TeXGyrePagella(0)/m/n/12 elapsed time. For example, W03 supplies \TU/DejaVuSansMono(0)/m/n/12 ir/evaluate.py \TU/TeXGyrePagella(0)/m/n/12 and \TU/DejaVuSansMono(0)/m/n/12 ir/trace.py\TU/TeXGyrePagella(0)/m/n/12 ;

Underfull \hbox (badness 10000) in paragraph at lines 247--257
\TU/TeXGyrePagella(0)/m/n/12 W04 supplies \TU/DejaVuSansMono(0)/m/n/12 review/lifecycle.py \TU/TeXGyrePagella(0)/m/n/12 and \TU/DejaVuSansMono(0)/m/n/12 review/amendment.py\TU/TeXGyrePagella(0)/m/n/12 ; W07 supplies
[19] (./teaching/teach-P-03d-java-delivery-06.tex)
Underfull \hbox (badness 1748) in paragraph at lines 292--300
\TU/TeXGyrePagella(0)/m/n/12 per RuleIR operator, result serialization, exact numeric/date behavior, compiled
[20] (./teaching/teach-P-05-evidence-01.tex)
Underfull \hbox (badness 10000) in paragraph at lines 336--353
[]\TU/TeXGyrePagella(0)/m/n/12 The original specification checker validates three initial JSON schemas, the

Underfull \hbox (badness 10000) in paragraph at lines 336--353
\TU/TeXGyrePagella(0)/m/n/12 35 decision fixture contracts, six negative examples, event-record structure,
[21] [22] (./teaching/teach-P-03c-storage-review-02.tex) [23] (./chapters/08a-executed-workbench.tex (./teaching/gap-execution-original.tex [24]) [25] [26] [27] (./teaching/gap-execution-reproduce.tex) [28] [29]
Underfull \hbox (badness 2057) in paragraph at lines 258--266
\TU/DejaVuSansMono(0)/m/n/12 valid_at\TU/TeXGyrePagella(0)/m/n/12 , \TU/DejaVuSansMono(0)/m/n/12 known_at \TU/TeXGyrePagella(0)/m/n/12 and a mode of draft, production or replay. The optional

Underfull \hbox (badness 1107) in paragraph at lines 274--281
\TU/TeXGyrePagella(0)/m/n/12 Contract regeneration reproduced 31 JSON files, including the current OpenAPI

Underfull \hbox (badness 1975) in paragraph at lines 274--281
\TU/TeXGyrePagella(0)/m/n/12 Python/Java comparisons exclude their intentionally different backend identities

Underfull \hbox (badness 2478) in paragraph at lines 282--289
\TU/TeXGyrePagella(0)/m/n/12 browser record covers five Chromium views, an authenticated request, mobile
[30] (./teaching/gap-execution-limits.tex)) (./chapters/08b-executed-interpretation.tex [31] [32]) (./teaching/teach-M08-00.tex) [33] (./teaching/teach-M08-01.tex) [34] (./teaching/teach-M08-02.tex) [35] (./teaching/teach-M08-03.tex) [36] [37] (./teaching/teach-M08-04.tex) [38] (./teaching/teach-M08-05.tex) [39] (./teaching/teach-M08-06.tex) [40] (./teaching/teach-M08-07.tex) [41] (./teaching/teach-M08-08.tex) [42] (./teaching/teach-M08-09.tex) [43] (./teaching/teach-M08-10.tex) [44] [45] (./teaching/teach-M08-11.tex) [46] (./teaching/teach-M08-12.tex) [47] (./teaching/teach-M08-13.tex)) (./appendices/detailed-tables.tex [48]
Appendix D.
[49] [50] [51] [52] [53] [54] [55]) (./appendices/technical-reference.tex [56]
Appendix E.
[57] [58] (./teaching/teach-P-03d-java-delivery-01.tex) [59] (/home/chakwong/.TinyTeX/texmf-dist/tex/latex/listings/lstlang1.sty) [60]
Underfull \hbox (badness 1221) in paragraph at lines 169--177
\TU/TeXGyrePagella(0)/m/n/12 reject an unsupported fraction of a cent after the adopted conversion. In Java,
(./teaching/teach-P-03d-java-delivery-02.tex) [61] (./teaching/teach-P-03d-java-delivery-03.tex) [62] (./teaching/teach-P-03d-java-delivery-04.tex) [63] [64] (./teaching/teach-M07-09.tex) [65] (./teaching/teach-M05-10.tex) [66] (./teaching/teach-P-04-prototype-03.tex)
Underfull \hbox (badness 1622) in paragraph at lines 474--480
\TU/TeXGyrePagella(0)/m/n/12 A legal adapter would compare rules, definitions, scope and dates rather than

Underfull \hbox (badness 1033) in paragraph at lines 510--518
\TU/TeXGyrePagella(0)/m/n/12 the title, an underscore, the first author’s surname and the year in parentheses.

Underfull \hbox (badness 1097) in paragraph at lines 510--518
\TU/TeXGyrePagella(0)/m/n/12 Filesystem-unsafe title punctuation is normalized, while the manifest retains the
[67] (./teaching/teach-P-05-evidence-02.tex) [68] [69]
Underfull \hbox (badness 1077) in paragraph at lines 609--615
\TU/TeXGyrePagella(0)/m/n/12 unconditional scope for this isolated subcondition, the expression, interpretation

Underfull \hbox (badness 1308) in paragraph at lines 636--640
\TU/DejaVuSansMono(0)/m/n/12 Expr \TU/TeXGyrePagella(0)/m/n/12 additionally carries a unique \TU/DejaVuSansMono(0)/m/n/12 node_id\TU/TeXGyrePagella(0)/m/n/12 . A rule is \TU/DejaVuSansMono(0)/m/n/12 (id, type, scope, body,
[70]
Underfull \hbox (badness 1742) in paragraph at lines 657--663
\TU/TeXGyrePagella(0)/m/n/12 An action moves through \TU/DejaVuSansMono(0)/m/n/12 RESERVED\TU/TeXGyrePagella(0)/m/n/12 , \TU/DejaVuSansMono(0)/m/n/12 DISPATCHED\TU/TeXGyrePagella(0)/m/n/12 , and one of \TU/DejaVuSansMono(0)/m/n/12 SUCCEEDED\TU/TeXGyrePagella(0)/m/n/12 , \TU/DejaVuSansMono(0)/m/n/12 FAILED\TU/TeXGyrePagella(0)/m/n/12 ,
[71]
Underfull \hbox (badness 3919) in paragraph at lines 737--749
\TU/TeXGyrePagella(0)/m/n/12 predate Catala, while contract languages have partially separate citation com-

Underfull \hbox (badness 1418) in paragraph at lines 737--749
\TU/TeXGyrePagella(0)/m/n/12 munities. The retained forward-citation records have individual dispositions in
[72]) [73] (./technical-companion.bbl [74]) [75] (./technical-companion.aux) )
(see the transcript file for additional information)
Output written on technical-companion.xdv (78 pages, 2214092 bytes).
Transcript written on technical-companion.log.
Latexmk: Getting log file 'technical-companion.log'
Latexmk: Examining 'technical-companion.fls'
Latexmk: Examining 'technical-companion.log'
Latexmk: Found input bbl file 'technical-companion.bbl'
Latexmk: Log file says output to 'technical-companion.xdv'
Latexmk: Using bibtex to make bibliography file(s).
  ===Source file 'technical-companion.bbl' for 'xelatex'
Create bibtex technical-companion
Latexmk: Found bibliography file(s):
  ./references.bib
Latexmk: applying rule 'bibtex technical-companion'...
Rule 'bibtex technical-companion':  Reasons for rerun
Category 'other':
  Rerun of 'bibtex technical-companion' forced or previously required:
    Reason or flag: 'Initial set up of rule'

------------
Run number 1 of rule 'bibtex technical-companion'
------------
------------
Running 'bibtex  "technical-companion.aux"'
------------
This is BibTeX, Version 0.99e (TeX Live 2026)
The top-level auxiliary file: technical-companion.aux
The style file: plainnat.bst
Database file #1: references.bib
Latexmk: applying rule 'xelatex'...
Rule 'xelatex':  Reasons for rerun
Changed files or newly in use/created:
  technical-companion.out
  technical-companion.toc

------------
Run number 2 of rule 'xelatex'
------------
------------
Running 'xelatex -no-pdf -interaction=nonstopmode -halt-on-error -recorder  "technical-companion.tex"'
------------
This is XeTeX, Version 3.141592653-2.6-0.999998 (TeX Live 2026) (preloaded format=xelatex)
 restricted \write18 enabled.
entering extended mode
(./technical-companion.tex
LaTeX2e <2025-11-01>
L3 programming layer <2026-03-20>
(/home/chakwong/.TinyTeX/texmf-dist/tex/latex/base/book.cls
Document Class: book 2025/01/22 v1.4n Standard LaTeX document class
(/home/chakwong/.TinyTeX/texmf-dist/tex/latex/base/bk12.clo)) (/home/chakwong/.TinyTeX/texmf-dist/tex/latex/geometry/geometry.sty (/home/chakwong/.TinyTeX/texmf-dist/tex/latex/graphics/keyval.sty) (/home/chakwong/.TinyTeX/texmf-dist/tex/generic/iftex/ifvtex.sty (/home/chakwong/.TinyTeX/texmf-dist/tex/generic/iftex/iftex.sty))) (/home/chakwong/.TinyTeX/texmf-dist/tex/latex/fontspec/fontspec.sty (/home/chakwong/.TinyTeX/texmf-dist/tex/latex/l3packages/xparse/xparse.sty (/home/chakwong/.TinyTeX/texmf-dist/tex/latex/l3kernel/expl3.sty (/home/chakwong/.TinyTeX/texmf-dist/tex/latex/l3backend/l3backend-xetex.def))) (/home/chakwong/.TinyTeX/texmf-dist/tex/latex/fontspec/fontspec-xetex.sty (/home/chakwong/.TinyTeX/texmf-dist/tex/latex/base/fontenc.sty) (/home/chakwong/.TinyTeX/texmf-dist/tex/latex/fontspec/fontspec.cfg))) (/home/chakwong/.TinyTeX/texmf-dist/tex/latex/amsmath/amsmath.sty
For additional information on amsmath, use the `?' option.
(/home/chakwong/.TinyTeX/texmf-dist/tex/latex/amsmath/amstext.sty (/home/chakwong/.TinyTeX/texmf-dist/tex/latex/amsmath/amsgen.sty)) (/home/chakwong/.TinyTeX/texmf-dist/tex/latex/amsmath/amsbsy.sty) (/home/chakwong/.TinyTeX/texmf-dist/tex/latex/amsmath/amsopn.sty)) (/home/chakwong/.TinyTeX/texmf-dist/tex/latex/amsfonts/amssymb.sty (/home/chakwong/.TinyTeX/texmf-dist/tex/latex/amsfonts/amsfonts.sty)) (/home/chakwong/.TinyTeX/texmf-dist/tex/latex/mathtools/mathtools.sty (/home/chakwong/.TinyTeX/texmf-dist/tex/latex/tools/calc.sty) (/home/chakwong/.TinyTeX/texmf-dist/tex/latex/mathtools/mhsetup.sty)) (/home/chakwong/.TinyTeX/texmf-dist/tex/latex/amscls/amsthm.sty) (/home/chakwong/.TinyTeX/texmf-dist/tex/latex/microtype/microtype.sty (/home/chakwong/.TinyTeX/texmf-dist/tex/latex/etoolbox/etoolbox.sty) (/home/chakwong/.TinyTeX/texmf-dist/tex/latex/microtype/microtype-xetex.def) (/home/chakwong/.TinyTeX/texmf-dist/tex/latex/microtype/microtype.cfg)) (/home/chakwong/.TinyTeX/texmf-dist/tex/latex/setspace/setspace.sty) (/home/chakwong/.TinyTeX/texmf-dist/tex/latex/booktabs/booktabs.sty) (/home/chakwong/.TinyTeX/texmf-dist/tex/latex/tools/longtable.sty) (/home/chakwong/.TinyTeX/texmf-dist/tex/latex/tools/tabularx.sty (/home/chakwong/.TinyTeX/texmf-dist/tex/latex/tools/array.sty)) (/home/chakwong/.TinyTeX/texmf-dist/tex/latex/graphics/graphicx.sty (/home/chakwong/.TinyTeX/texmf-dist/tex/latex/graphics/graphics.sty (/home/chakwong/.TinyTeX/texmf-dist/tex/latex/graphics/trig.sty) (/home/chakwong/.TinyTeX/texmf-dist/tex/latex/graphics-cfg/graphics.cfg) (/home/chakwong/.TinyTeX/texmf-dist/tex/latex/graphics-def/xetex.def))) (/home/chakwong/.TinyTeX/texmf-dist/tex/latex/xcolor/xcolor.sty (/home/chakwong/.TinyTeX/texmf-dist/tex/latex/graphics-cfg/color.cfg) (/home/chakwong/.TinyTeX/texmf-dist/tex/latex/graphics/mathcolor.ltx)) (/home/chakwong/.TinyTeX/texmf-dist/tex/latex/pgf/frontendlayer/tikz.sty (/home/chakwong/.TinyTeX/texmf-dist/tex/latex/pgf/basiclayer/pgf.sty (/home/chakwong/.TinyTeX/texmf-dist/tex/latex/pgf/utilities/pgfrcs.sty (/home/chakwong/.TinyTeX/texmf-dist/tex/generic/pgf/utilities/pgfutil-common.tex) (/home/chakwong/.TinyTeX/texmf-dist/tex/generic/pgf/utilities/pgfutil-latex.def) (/home/chakwong/.TinyTeX/texmf-dist/tex/generic/pgf/utilities/pgfrcs.code.tex (/home/chakwong/.TinyTeX/texmf-dist/tex/generic/pgf/pgf.revision.tex))) (/home/chakwong/.TinyTeX/texmf-dist/tex/latex/pgf/basiclayer/pgfcore.sty (/home/chakwong/.TinyTeX/texmf-dist/tex/latex/pgf/systemlayer/pgfsys.sty (/home/chakwong/.TinyTeX/texmf-dist/tex/generic/pgf/systemlayer/pgfsys.code.tex (/home/chakwong/.TinyTeX/texmf-dist/tex/generic/pgf/utilities/pgfkeys.code.tex (/home/chakwong/.TinyTeX/texmf-dist/tex/generic/pgf/utilities/pgfkeyslibraryfiltered.code.tex)) (/home/chakwong/.TinyTeX/texmf-dist/tex/generic/pgf/systemlayer/pgf.cfg) (/home/chakwong/.TinyTeX/texmf-dist/tex/generic/pgf/systemlayer/pgfsys-xetex.def (/home/chakwong/.TinyTeX/texmf-dist/tex/generic/pgf/systemlayer/pgfsys-dvipdfmx.def (/home/chakwong/.TinyTeX/texmf-dist/tex/generic/pgf/systemlayer/pgfsys-common-pdf.def)))) (/home/chakwong/.TinyTeX/texmf-dist/tex/generic/pgf/systemlayer/pgfsyssoftpath.code.tex) (/home/chakwong/.TinyTeX/texmf-dist/tex/generic/pgf/systemlayer/pgfsysprotocol.code.tex)) (/home/chakwong/.TinyTeX/texmf-dist/tex/generic/pgf/basiclayer/pgfcore.code.tex (/home/chakwong/.TinyTeX/texmf-dist/tex/generic/pgf/math/pgfmath.code.tex (/home/chakwong/.TinyTeX/texmf-dist/tex/generic/pgf/math/pgfmathutil.code.tex) (/home/chakwong/.TinyTeX/texmf-dist/tex/generic/pgf/math/pgfmathparser.code.tex) (/home/chakwong/.TinyTeX/texmf-dist/tex/generic/pgf/math/pgfmathfunctions.code.tex) (/home/chakwong/.TinyTeX/texmf-dist/tex/generic/pgf/math/pgfmathfunctions.basic.code.tex) (/home/chakwong/.TinyTeX/texmf-dist/tex/generic/pgf/math/pgfmathfunctions.trigonometric.code.tex) (/home/chakwong/.TinyTeX/texmf-dist/tex/generic/pgf/math/pgfmathfunctions.random.code.tex) (/home/chakwong/.TinyTeX/texmf-dist/tex/generic/pgf/math/pgfmathfunctions.comparison.code.tex) (/home/chakwong/.TinyTeX/texmf-dist/tex/generic/pgf/math/pgfmathfunctions.base.code.tex) (/home/chakwong/.TinyTeX/texmf-dist/tex/generic/pgf/math/pgfmathfunctions.round.code.tex) (/home/chakwong/.TinyTeX/texmf-dist/tex/generic/pgf/math/pgfmathfunctions.misc.code.tex) (/home/chakwong/.TinyTeX/texmf-dist/tex/generic/pgf/math/pgfmathfunctions.integerarithmetics.code.tex) (/home/chakwong/.TinyTeX/texmf-dist/tex/generic/pgf/math/pgfmathcalc.code.tex) (/home/chakwong/.TinyTeX/texmf-dist/tex/generic/pgf/math/pgfmathfloat.code.tex)) (/home/chakwong/.TinyTeX/texmf-dist/tex/generic/pgf/math/pgfint.code.tex) (/home/chakwong/.TinyTeX/texmf-dist/tex/generic/pgf/basiclayer/pgfcorepoints.code.tex) (/home/chakwong/.TinyTeX/texmf-dist/tex/generic/pgf/basiclayer/pgfcorepathconstruct.code.tex) (/home/chakwong/.TinyTeX/texmf-dist/tex/generic/pgf/basiclayer/pgfcorepathusage.code.tex) (/home/chakwong/.TinyTeX/texmf-dist/tex/generic/pgf/basiclayer/pgfcorescopes.code.tex) (/home/chakwong/.TinyTeX/texmf-dist/tex/generic/pgf/basiclayer/pgfcoregraphicstate.code.tex) (/home/chakwong/.TinyTeX/texmf-dist/tex/generic/pgf/basiclayer/pgfcoretransformations.code.tex) (/home/chakwong/.TinyTeX/texmf-dist/tex/generic/pgf/basiclayer/pgfcorequick.code.tex) (/home/chakwong/.TinyTeX/texmf-dist/tex/generic/pgf/basiclayer/pgfcoreobjects.code.tex) (/home/chakwong/.TinyTeX/texmf-dist/tex/generic/pgf/basiclayer/pgfcorepathprocessing.code.tex) (/home/chakwong/.TinyTeX/texmf-dist/tex/generic/pgf/basiclayer/pgfcorearrows.code.tex) (/home/chakwong/.TinyTeX/texmf-dist/tex/generic/pgf/basiclayer/pgfcoreshade.code.tex) (/home/chakwong/.TinyTeX/texmf-dist/tex/generic/pgf/basiclayer/pgfcoreimage.code.tex) (/home/chakwong/.TinyTeX/texmf-dist/tex/generic/pgf/basiclayer/pgfcoreexternal.code.tex) (/home/chakwong/.TinyTeX/texmf-dist/tex/generic/pgf/basiclayer/pgfcorelayers.code.tex) (/home/chakwong/.TinyTeX/texmf-dist/tex/generic/pgf/basiclayer/pgfcoretransparency.code.tex) (/home/chakwong/.TinyTeX/texmf-dist/tex/generic/pgf/basiclayer/pgfcorepatterns.code.tex) (/home/chakwong/.TinyTeX/texmf-dist/tex/generic/pgf/basiclayer/pgfcorerdf.code.tex))) (/home/chakwong/.TinyTeX/texmf-dist/tex/generic/pgf/modules/pgfmoduleshapes.code.tex) (/home/chakwong/.TinyTeX/texmf-dist/tex/generic/pgf/modules/pgfmoduleplot.code.tex) (/home/chakwong/.TinyTeX/texmf-dist/tex/latex/pgf/compatibility/pgfcomp-version-0-65.sty) (/home/chakwong/.TinyTeX/texmf-dist/tex/latex/pgf/compatibility/pgfcomp-version-1-18.sty)) (/home/chakwong/.TinyTeX/texmf-dist/tex/latex/pgf/utilities/pgffor.sty (/home/chakwong/.TinyTeX/texmf-dist/tex/latex/pgf/utilities/pgfkeys.sty (/home/chakwong/.TinyTeX/texmf-dist/tex/generic/pgf/utilities/pgfkeys.code.tex)) (/home/chakwong/.TinyTeX/texmf-dist/tex/latex/pgf/math/pgfmath.sty (/home/chakwong/.TinyTeX/texmf-dist/tex/generic/pgf/math/pgfmath.code.tex)) (/home/chakwong/.TinyTeX/texmf-dist/tex/generic/pgf/utilities/pgffor.code.tex)) (/home/chakwong/.TinyTeX/texmf-dist/tex/generic/pgf/frontendlayer/tikz/tikz.code.tex (/home/chakwong/.TinyTeX/texmf-dist/tex/generic/pgf/libraries/pgflibraryplothandlers.code.tex) (/home/chakwong/.TinyTeX/texmf-dist/tex/generic/pgf/modules/pgfmodulematrix.code.tex) (/home/chakwong/.TinyTeX/texmf-dist/tex/generic/pgf/frontendlayer/tikz/libraries/tikzlibrarytopaths.code.tex))) (/home/chakwong/.TinyTeX/texmf-dist/tex/latex/float/float.sty) (/home/chakwong/.TinyTeX/texmf-dist/tex/generic/pgf/libraries/pgflibraryarrows.meta.code.tex) (/home/chakwong/.TinyTeX/texmf-dist/tex/generic/pgf/frontendlayer/tikz/libraries/tikzlibrarypositioning.code.tex) (/home/chakwong/.TinyTeX/texmf-dist/tex/generic/pgf/frontendlayer/tikz/libraries/tikzlibrarycalc.code.tex) (/home/chakwong/.TinyTeX/texmf-dist/tex/generic/pgf/frontendlayer/tikz/libraries/tikzlibraryshapes.geometric.code.tex (/home/chakwong/.TinyTeX/texmf-dist/tex/generic/pgf/libraries/shapes/pgflibraryshapes.geometric.code.tex)) (/home/chakwong/.TinyTeX/texmf-dist/tex/latex/enumitem/enumitem.sty) (/home/chakwong/.TinyTeX/texmf-dist/tex/latex/listings/listings.sty (/home/chakwong/.TinyTeX/texmf-dist/tex/latex/listings/lstpatch.sty) (/home/chakwong/.TinyTeX/texmf-dist/tex/latex/listings/lstmisc.sty) (/home/chakwong/.TinyTeX/texmf-dist/tex/latex/listings/listings.cfg))
==> First Aid for listings.sty no longer applied!
    Expected:
        2024/09/23 1.10c (Carsten Heinz)
    but found:
        2025/11/14 1.11b (Carsten Heinz)
    so I'm assuming it got fixed.
(/home/chakwong/.TinyTeX/texmf-dist/tex/latex/titlesec/titlesec.sty) (/home/chakwong/.TinyTeX/texmf-dist/tex/latex/natbib/natbib.sty) (/home/chakwong/.TinyTeX/texmf-dist/tex/latex/url/url.sty) (/home/chakwong/.TinyTeX/texmf-dist/tex/latex/hyperref/xr-hyper.sty) (/home/chakwong/.TinyTeX/texmf-dist/tex/latex/hyperref/hyperref.sty (/home/chakwong/.TinyTeX/texmf-dist/tex/latex/kvsetkeys/kvsetkeys.sty) (/home/chakwong/.TinyTeX/texmf-dist/tex/generic/kvdefinekeys/kvdefinekeys.sty) (/home/chakwong/.TinyTeX/texmf-dist/tex/generic/pdfescape/pdfescape.sty (/home/chakwong/.TinyTeX/texmf-dist/tex/generic/ltxcmds/ltxcmds.sty) (/home/chakwong/.TinyTeX/texmf-dist/tex/generic/pdftexcmds/pdftexcmds.sty (/home/chakwong/.TinyTeX/texmf-dist/tex/generic/infwarerr/infwarerr.sty))) (/home/chakwong/.TinyTeX/texmf-dist/tex/latex/hycolor/hycolor.sty) (/home/chakwong/.TinyTeX/texmf-dist/tex/latex/hyperref/nameref.sty (/home/chakwong/.TinyTeX/texmf-dist/tex/latex/refcount/refcount.sty) (/home/chakwong/.TinyTeX/texmf-dist/tex/generic/gettitlestring/gettitlestring.sty (/home/chakwong/.TinyTeX/texmf-dist/tex/latex/kvoptions/kvoptions.sty))) (/home/chakwong/.TinyTeX/texmf-dist/tex/generic/stringenc/stringenc.sty) (/home/chakwong/.TinyTeX/texmf-dist/tex/latex/hyperref/pd1enc.def) (/home/chakwong/.TinyTeX/texmf-dist/tex/generic/intcalc/intcalc.sty) (/home/chakwong/.TinyTeX/texmf-dist/tex/latex/hyperref/puenc.def) (/home/chakwong/.TinyTeX/texmf-dist/tex/generic/bitset/bitset.sty (/home/chakwong/.TinyTeX/texmf-dist/tex/generic/bigintcalc/bigintcalc.sty))) (/home/chakwong/.TinyTeX/texmf-dist/tex/latex/hyperref/hxetex.def (/home/chakwong/.TinyTeX/texmf-dist/tex/latex/rerunfilecheck/rerunfilecheck.sty (/home/chakwong/.TinyTeX/texmf-dist/tex/generic/uniquecounter/uniquecounter.sty))) (./teaching/styles.tex) (./technical-companion.aux)
*geometry* driver: auto-detecting
*geometry* detected driver: xetex
(/home/chakwong/.TinyTeX/texmf-dist/tex/latex/microtype/mt-Palatino.cfg) (./technical-companion.out) (./technical-companion.out) [1] (./technical-companion.toc (/home/chakwong/.TinyTeX/texmf-dist/tex/latex/amsfonts/umsa.fd) (/home/chakwong/.TinyTeX/texmf-dist/tex/latex/microtype/mt-msa.cfg) (/home/chakwong/.TinyTeX/texmf-dist/tex/latex/amsfonts/umsb.fd) (/home/chakwong/.TinyTeX/texmf-dist/tex/latex/microtype/mt-msb.cfg) (/home/chakwong/.TinyTeX/texmf-dist/tex/latex/microtype/mt-cmr.cfg) [2]) [3] (./appendices/current-interpretation.tex
Appendix A.
[1] [2]
Underfull \hbox (badness 1062) in paragraph at lines 139--144
\TU/TeXGyrePagella(0)/m/n/12 legally material. The factorization is a developer proposal that requires review;
[3]
Underfull \hbox (badness 5637) in paragraph at lines 192--200
\TU/TeXGyrePagella(0)/m/n/12 The implemented adapters are \TU/DejaVuSansMono(0)/m/n/12 single-reader\TU/TeXGyrePagella(0)/m/n/12 , \TU/DejaVuSansMono(0)/m/n/12 isolated-readers\TU/TeXGyrePagella(0)/m/n/12 , \TU/DejaVuSansMono(0)/m/n/12 search \TU/TeXGyrePagella(0)/m/n/12 and

Underfull \hbox (badness 1163) in paragraph at lines 192--200
\TU/TeXGyrePagella(0)/m/n/12 outcomes and resource ceilings through $[][][][][][][][][] [] [][][][][][][][][][][][][][] [] [][][][][][][][][] []
[4]
Underfull \hbox (badness 10000) in paragraph at lines 207--211
\TU/TeXGyrePagella(0)/m/n/12 For authorized live work, the provider arguments are instead \TU/DejaVuSansMono(0)/m/n/12 --allowance

Underfull \hbox (badness 1946) in paragraph at lines 207--211
\TU/DejaVuSansMono(0)/m/n/12 LEDGER.json --total-calls AUTHORIZED_CEILING\TU/TeXGyrePagella(0)/m/n/12 . The command checks the com-
[5] [6]) (./appendices/implementation-record.tex [7]
Appendix B.
 [8] [9] [10] [11] [12]) (./appendices/full-implementation-record.tex [13]
Appendix C.
(./teaching/teach-P-03-product-00.tex) [14] [15] (./teaching/teach-P-03-product-07.tex) (./teaching/teach-P-03c-storage-review-00.tex) [16] [17] (./teaching/teach-P-04-prototype-02.tex) [18]
Underfull \hbox (badness 3942) in paragraph at lines 247--257
\TU/TeXGyrePagella(0)/m/n/12 receive another four, with review, integration, rework and the pilot bringing

Underfull \hbox (badness 1789) in paragraph at lines 247--257
\TU/TeXGyrePagella(0)/m/n/12 the allowance to twelve weeks. The earlier three-week first-stage estimate did

Underfull \hbox (badness 2293) in paragraph at lines 247--257
\TU/TeXGyrePagella(0)/m/n/12 not include a required Java backend. This revised allocation remains a plan-

Underfull \hbox (badness 1571) in paragraph at lines 247--257
\TU/TeXGyrePagella(0)/m/n/12 ning assumption, with scope reduction or a schedule extension if full operator

Underfull \hbox (badness 1152) in paragraph at lines 247--257
\TU/TeXGyrePagella(0)/m/n/12 conformance takes longer. Each package specifies files, function signatures, de-

Underfull \hbox (badness 3343) in paragraph at lines 247--257
\TU/TeXGyrePagella(0)/m/n/12 pendent packages and tests. Its acceptance condition concerns behavior, not

Underfull \hbox (badness 4686) in paragraph at lines 247--257
\TU/TeXGyrePagella(0)/m/n/12 elapsed time. For example, W03 supplies \TU/DejaVuSansMono(0)/m/n/12 ir/evaluate.py \TU/TeXGyrePagella(0)/m/n/12 and \TU/DejaVuSansMono(0)/m/n/12 ir/trace.py\TU/TeXGyrePagella(0)/m/n/12 ;

Underfull \hbox (badness 10000) in paragraph at lines 247--257
\TU/TeXGyrePagella(0)/m/n/12 W04 supplies \TU/DejaVuSansMono(0)/m/n/12 review/lifecycle.py \TU/TeXGyrePagella(0)/m/n/12 and \TU/DejaVuSansMono(0)/m/n/12 review/amendment.py\TU/TeXGyrePagella(0)/m/n/12 ; W07 supplies
[19] (./teaching/teach-P-03d-java-delivery-06.tex)
Underfull \hbox (badness 1748) in paragraph at lines 292--300
\TU/TeXGyrePagella(0)/m/n/12 per RuleIR operator, result serialization, exact numeric/date behavior, compiled
[20] (./teaching/teach-P-05-evidence-01.tex)
Underfull \hbox (badness 10000) in paragraph at lines 336--353
[]\TU/TeXGyrePagella(0)/m/n/12 The original specification checker validates three initial JSON schemas, the

Underfull \hbox (badness 10000) in paragraph at lines 336--353
\TU/TeXGyrePagella(0)/m/n/12 35 decision fixture contracts, six negative examples, event-record structure,
[21] [22] (./teaching/teach-P-03c-storage-review-02.tex) [23] (./chapters/08a-executed-workbench.tex (./teaching/gap-execution-original.tex [24]) [25] [26] [27] (./teaching/gap-execution-reproduce.tex) [28] [29]
Underfull \hbox (badness 2057) in paragraph at lines 258--266
\TU/DejaVuSansMono(0)/m/n/12 valid_at\TU/TeXGyrePagella(0)/m/n/12 , \TU/DejaVuSansMono(0)/m/n/12 known_at \TU/TeXGyrePagella(0)/m/n/12 and a mode of draft, production or replay. The optional

Underfull \hbox (badness 1107) in paragraph at lines 274--281
\TU/TeXGyrePagella(0)/m/n/12 Contract regeneration reproduced 31 JSON files, including the current OpenAPI

Underfull \hbox (badness 1975) in paragraph at lines 274--281
\TU/TeXGyrePagella(0)/m/n/12 Python/Java comparisons exclude their intentionally different backend identities

Underfull \hbox (badness 2478) in paragraph at lines 282--289
\TU/TeXGyrePagella(0)/m/n/12 browser record covers five Chromium views, an authenticated request, mobile
[30] (./teaching/gap-execution-limits.tex)) (./chapters/08b-executed-interpretation.tex [31] [32]) (./teaching/teach-M08-00.tex) [33] (./teaching/teach-M08-01.tex) [34] (./teaching/teach-M08-02.tex) [35] (./teaching/teach-M08-03.tex) [36] [37] (./teaching/teach-M08-04.tex) [38] (./teaching/teach-M08-05.tex) [39] (./teaching/teach-M08-06.tex) [40] (./teaching/teach-M08-07.tex) [41] (./teaching/teach-M08-08.tex) [42] (./teaching/teach-M08-09.tex) [43] (./teaching/teach-M08-10.tex) [44] [45] (./teaching/teach-M08-11.tex) [46] (./teaching/teach-M08-12.tex) [47] (./teaching/teach-M08-13.tex)) (./appendices/detailed-tables.tex [48]
Appendix D.
[49] [50] [51] [52] [53] [54] [55]) (./appendices/technical-reference.tex [56]
Appendix E.
[57] [58] (./teaching/teach-P-03d-java-delivery-01.tex) [59] (/home/chakwong/.TinyTeX/texmf-dist/tex/latex/listings/lstlang1.sty) [60]
Underfull \hbox (badness 1221) in paragraph at lines 169--177
\TU/TeXGyrePagella(0)/m/n/12 reject an unsupported fraction of a cent after the adopted conversion. In Java,
(./teaching/teach-P-03d-java-delivery-02.tex) [61] (./teaching/teach-P-03d-java-delivery-03.tex) [62] (./teaching/teach-P-03d-java-delivery-04.tex) [63] [64] (./teaching/teach-M07-09.tex) [65] (./teaching/teach-M05-10.tex) [66] (./teaching/teach-P-04-prototype-03.tex)
Underfull \hbox (badness 1622) in paragraph at lines 474--480
\TU/TeXGyrePagella(0)/m/n/12 A legal adapter would compare rules, definitions, scope and dates rather than

Underfull \hbox (badness 1033) in paragraph at lines 510--518
\TU/TeXGyrePagella(0)/m/n/12 the title, an underscore, the first author’s surname and the year in parentheses.

Underfull \hbox (badness 1097) in paragraph at lines 510--518
\TU/TeXGyrePagella(0)/m/n/12 Filesystem-unsafe title punctuation is normalized, while the manifest retains the
[67] (./teaching/teach-P-05-evidence-02.tex) [68] [69]
Underfull \hbox (badness 1077) in paragraph at lines 609--615
\TU/TeXGyrePagella(0)/m/n/12 unconditional scope for this isolated subcondition, the expression, interpretation

Underfull \hbox (badness 1308) in paragraph at lines 636--640
\TU/DejaVuSansMono(0)/m/n/12 Expr \TU/TeXGyrePagella(0)/m/n/12 additionally carries a unique \TU/DejaVuSansMono(0)/m/n/12 node_id\TU/TeXGyrePagella(0)/m/n/12 . A rule is \TU/DejaVuSansMono(0)/m/n/12 (id, type, scope, body,
[70]
Underfull \hbox (badness 1742) in paragraph at lines 657--663
\TU/TeXGyrePagella(0)/m/n/12 An action moves through \TU/DejaVuSansMono(0)/m/n/12 RESERVED\TU/TeXGyrePagella(0)/m/n/12 , \TU/DejaVuSansMono(0)/m/n/12 DISPATCHED\TU/TeXGyrePagella(0)/m/n/12 , and one of \TU/DejaVuSansMono(0)/m/n/12 SUCCEEDED\TU/TeXGyrePagella(0)/m/n/12 , \TU/DejaVuSansMono(0)/m/n/12 FAILED\TU/TeXGyrePagella(0)/m/n/12 ,
[71]
Underfull \hbox (badness 3919) in paragraph at lines 737--749
\TU/TeXGyrePagella(0)/m/n/12 predate Catala, while contract languages have partially separate citation com-

Underfull \hbox (badness 1418) in paragraph at lines 737--749
\TU/TeXGyrePagella(0)/m/n/12 munities. The retained forward-citation records have individual dispositions in
[72]) [73] (./technical-companion.bbl [74]) [75] (./technical-companion.aux) )
(see the transcript file for additional information)
Output written on technical-companion.xdv (78 pages, 2214092 bytes).
Transcript written on technical-companion.log.
Latexmk: Getting log file 'technical-companion.log'
Latexmk: Examining 'technical-companion.fls'
Latexmk: Examining 'technical-companion.log'
Latexmk: Found input bbl file 'technical-companion.bbl'
Latexmk: Log file says output to 'technical-companion.xdv'
Latexmk: Using bibtex to make bibliography file(s).
  ===Source file 'technical-companion.bbl' for 'xelatex'
Latexmk: Found bibliography file(s):
  ./references.bib
Latexmk: applying rule 'xdvipdfmx'...
Rule 'xdvipdfmx':  Reasons for rerun
Changed files or newly in use/created:
  technical-companion.xdv
Category 'changed_source_rules':
  xelatex
Category 'no_dest':
  xdvipdfmx

------------
Run number 1 of rule 'xdvipdfmx'
------------
------------
Running 'xdvipdfmx -E -o "technical-companion.pdf"  "technical-companion.xdv"'
------------
technical-companion.xdv -> technical-companion.pdf
[1][2][3][4][5][6][7][8][9][10][11][12][13][14][15][16][17][18][19][20][21][22][23][24][25][26][27][28][29][30][31][32][33][34][35][36][37][38][39][40][41][42][43][44][45][46][47][48][49][50][51][52][53][54][55][56][57][58][59][60][61][62][63][64][65][66][67][68][69][70][71][72][73][74][75][76][77][78]
345111 bytes written
Latexmk: All targets (technical-companion.xdv technical-companion.pdf) are up-to-date
Latexmk: Undoing directory change

