[
  {
    "phase": "A0",
    "execution": "REUSED",
    "engineering": "BOUNDED_ENGINEERING_PASS",
    "remaining": [
      "Admit reviewed evidence groups/labels for bank and BES pages",
      "Resolve printed labels for 289 retained file pages before label-dependent scoring"
    ],
    "release": "NOT_ACCEPTED"
  },
  {
    "phase": "A1",
    "execution": "REUSED",
    "engineering": "BOUNDED_ENGINEERING_PASS",
    "remaining": [
      "Resolve every retained bracket and marginal instruction",
      "Review continuous text and clause renumbering",
      "Resolve incorporated agreements and conflicting annual ranges"
    ],
    "release": "NOT_ACCEPTED"
  },
  {
    "phase": "A2",
    "execution": "REUSED",
    "engineering": "BOUNDED_ENGINEERING_PASS",
    "remaining": [
      "Admit source-backed German semantic expressions and governing-reference targets"
    ],
    "release": "NOT_ACCEPTED"
  },
  {
    "phase": "A3",
    "execution": "REUSED",
    "engineering": "OPTIONAL_LAYOUT_TRIAL_EXECUTED; BASELINE_RETAINED",
    "remaining": [
      "Repair exact mapping/attachment before expanding layout cohort",
      "Run INCEpTION 38 import/export with actual project settings and independent readers",
      "Adjudicate multilingual evidence; optional adapters do not supply legal labels"
    ],
    "release": "NOT_ACCEPTED"
  },
  {
    "phase": "A4",
    "execution": "REUSED",
    "engineering": "EXACT_COUPON_AND_QUANTLIB_COMPARISON_PASS",
    "remaining": [
      "Admit actual instrument calendar edition, entitlement and event premises before instrument-specific coupon support",
      "Full settlement, tax, FX and actual transfers remain outside this conditional coupon slice"
    ],
    "release": "NOT_ACCEPTED"
  },
  {
    "phase": "A5",
    "execution": "REUSED",
    "engineering": "BOUNDED_ENGINEERING_PASS",
    "remaining": [
      "Native imports and subprocess reads remain outside capability enforcement; keep broad bindings"
    ],
    "release": "NOT_ACCEPTED"
  },
  {
    "phase": "A6",
    "execution": "REUSED",
    "engineering": "RELEASE_PREREQUISITES_CHECKED; EXTERNAL_EVIDENCE_MISSING",
    "remaining": [
      "Unexposed family cohort and frozen questions",
      "Two blind independent first readings",
      "Distinct adjudicator and preserved disagreements",
      "Dated event/client records for actual-event questions",
      "P7 scored predictions and P8 scope/report-bound signoffs"
    ],
    "release": "NOT_ACCEPTED"
  }
]
