.....................F................                                   [100%]
=================================== FAILURES ===================================
_________ test_automatic_structural_repair_preserves_initial_readings __________

svc = <legalmath.interpretation.service.Interpretations object at 0x7edaf6398cd0>
run = {'action_ids': [], 'actions_issued': 0, 'candidate_ids': [], 'completed_initial_roles': [], ...}
proposal = {'arguments': [], 'assumptions': [], 'bundle_hash': None, 'controlled_language': 'Prior investment route', ...}

    def test_automatic_structural_repair_preserves_initial_readings(svc,run,proposal):
        proposal['family_ids']=['literal','alternative'];ctl=Controller(svc)
        repair={**proposal,'source_unit_ids':['p10','fn1'],'controlled_language':'Prior investment or product type route','revision_reason':'Include omitted footnote'}
        ctl.configure('author','cfg',run['run_id'],config(proposal),[{'adapter':'scripted','proposals':[repair]}])
>       report=ctl.drive(run['run_id']);records=svc.read('meaning',run['run_id'])['records']
               ^^^^^^^^^^^^^^^^^^^^^^^^

tests/interpretation/test_controller.py:13: 
_ _ _ _ _ _ _ _ _ _ _ _ _ _ _ _ _ _ _ _ _ _ _ _ _ _ _ _ _ _ _ _ _ _ _ _ _ _ _ _ 
src/legalmath/interpretation/controller.py:104: in drive
    try: return self._drive(run_id,worker)
                ^^^^^^^^^^^^^^^^^^^^^^^^^^
src/legalmath/interpretation/controller.py:146: in _drive
    before=digest([(i['issue_id'],i['resolution_state']) for i in self.s._list(con,run_id,'issue')])
           ^^^^^^^^^^^^^^^^^^^^^^^^^^^^^^^^^^^^^^^^^^^^^^^^^^^^^^^^^^^^^^^^^^^^^^^^^^^^^^^^^^^^^^^^^
src/legalmath/canonical.py:44: in digest
    return hashlib.sha256(canonical(value)).hexdigest()
                          ^^^^^^^^^^^^^^^^
src/legalmath/canonical.py:35: in canonical
    _check(value)
src/legalmath/canonical.py:24: in _check
    _check(item, depth + 1)
_ _ _ _ _ _ _ _ _ _ _ _ _ _ _ _ _ _ _ _ _ _ _ _ _ _ _ _ _ _ _ _ _ _ _ _ _ _ _ _ 

value = ('issue.7e658e2397ea4e209e189accd8d1f5e6', 'UNRESOLVED'), depth = 1

    def _check(value, depth=0):
        if depth > 128:
            raise BoundaryError("E_RESOURCE_LIMIT")
        if value is None or type(value) is bool:
            return
        if type(value) is int:
            if abs(value) > LIMIT:
                raise BoundaryError("E_SCHEMA")
        elif type(value) is str:
            if any(0xD800 <= ord(c) <= 0xDFFF for c in value):
                raise BoundaryError("E_SCHEMA")
        elif type(value) is list:
            for item in value:
                _check(item, depth + 1)
        elif type(value) is dict:
            for key, item in value.items():
                if type(key) is not str or not key.isascii():
                    raise BoundaryError("E_SCHEMA")
                _check(item, depth + 1)
        else:
>           raise BoundaryError("E_SCHEMA")
E           legalmath.errors.BoundaryError: Input does not conform to the schema.

src/legalmath/canonical.py:31: BoundaryError
=========================== short test summary info ============================
FAILED tests/interpretation/test_controller.py::test_automatic_structural_repair_preserves_initial_readings
1 failed, 37 passed in 5.96s
