Processing ./.localresources/legal-tool-comparison/eyecite-source/eyecite-0513e7fec46db49d86d9c8f6a854feba231b50a3
  Installing build dependencies: started
  Installing build dependencies: finished with status 'done'
  Getting requirements to build wheel: started
  Getting requirements to build wheel: finished with status 'done'
  Preparing metadata (pyproject.toml): started
  Preparing metadata (pyproject.toml): finished with status 'done'
Collecting networkx==3.4.2
  Downloading networkx-3.4.2-py3-none-any.whl.metadata (6.3 kB)
Collecting lxml==5.4.0
  Downloading lxml-5.4.0-cp311-cp311-manylinux_2_28_x86_64.whl.metadata (3.5 kB)
Collecting rank-bm25==0.2.2
  Downloading rank_bm25-0.2.2-py3-none-any.whl.metadata (3.2 kB)
Collecting numpy (from rank-bm25==0.2.2)
  Using cached numpy-2.4.6-cp311-cp311-manylinux_2_27_x86_64.manylinux_2_28_x86_64.whl.metadata (6.6 kB)
Collecting courts-db>=0.10.9 (from eyecite==2.7.8)
  Downloading courts_db-0.10.27-py3-none-any.whl.metadata (6.6 kB)
Collecting fast-diff-match-patch>=2.0.0 (from eyecite==2.7.8)
  Downloading fast_diff_match_patch-2.1.0-cp311-cp311-manylinux_2_17_x86_64.manylinux2014_x86_64.whl.metadata (5.2 kB)
Collecting pyahocorasick>=1.2 (from eyecite==2.7.8)
  Downloading pyahocorasick-2.3.1-cp311-cp311-manylinux2014_x86_64.manylinux_2_17_x86_64.whl.metadata (13 kB)
Collecting regex>=2020.1.8 (from eyecite==2.7.8)
  Downloading regex-2026.9.29-cp311-cp311-manylinux2014_x86_64.manylinux_2_17_x86_64.manylinux_2_28_x86_64.whl.metadata (40 kB)
     ━━━━━━━━━━━━━━━━━━━━━━━━━━━━━━━━━━━━━━━ 40.6/40.6 kB 502.2 kB/s eta 0:00:00
Collecting reporters-db>=3.2.53 (from eyecite==2.7.8)
  Downloading reporters_db-3.2.66-py3-none-any.whl.metadata (13 kB)
Downloading networkx-3.4.2-py3-none-any.whl (1.7 MB)
   ━━━━━━━━━━━━━━━━━━━━━━━━━━━━━━━━━━━━━━━━ 1.7/1.7 MB 2.1 MB/s eta 0:00:00
Downloading lxml-5.4.0-cp311-cp311-manylinux_2_28_x86_64.whl (4.9 MB)
   ━━━━━━━━━━━━━━━━━━━━━━━━━━━━━━━━━━━━━━━━ 4.9/4.9 MB 3.3 MB/s eta 0:00:00
Downloading rank_bm25-0.2.2-py3-none-any.whl (8.6 kB)
Downloading courts_db-0.10.27-py3-none-any.whl (148 kB)
   ━━━━━━━━━━━━━━━━━━━━━━━━━━━━━━━━━━━━━━━━ 148.7/148.7 kB 11.5 MB/s eta 0:00:00
Downloading fast_diff_match_patch-2.1.0-cp311-cp311-manylinux_2_17_x86_64.manylinux2014_x86_64.whl (855 kB)
   ━━━━━━━━━━━━━━━━━━━━━━━━━━━━━━━━━━━━━━━━ 855.0/855.0 kB 4.6 MB/s eta 0:00:00
Downloading pyahocorasick-2.3.1-cp311-cp311-manylinux2014_x86_64.manylinux_2_17_x86_64.whl (113 kB)
   ━━━━━━━━━━━━━━━━━━━━━━━━━━━━━━━━━━━━━━━━ 113.9/113.9 kB 14.9 MB/s eta 0:00:00
Downloading regex-2026.9.29-cp311-cp311-manylinux2014_x86_64.manylinux_2_17_x86_64.manylinux_2_28_x86_64.whl (804 kB)
   ━━━━━━━━━━━━━━━━━━━━━━━━━━━━━━━━━━━━━━━━ 805.0/805.0 kB 8.1 MB/s eta 0:00:00
Downloading reporters_db-3.2.66-py3-none-any.whl (186 kB)
   ━━━━━━━━━━━━━━━━━━━━━━━━━━━━━━━━━━━━━━━━ 186.6/186.6 kB 15.3 MB/s eta 0:00:00
Using cached numpy-2.4.6-cp311-cp311-manylinux_2_27_x86_64.manylinux_2_28_x86_64.whl (16.9 MB)
Saved ./.localresources/legal-tool-comparison/wheels/networkx-3.4.2-py3-none-any.whl
Saved ./.localresources/legal-tool-comparison/wheels/lxml-5.4.0-cp311-cp311-manylinux_2_28_x86_64.whl
Saved ./.localresources/legal-tool-comparison/wheels/rank_bm25-0.2.2-py3-none-any.whl
Saved ./.localresources/legal-tool-comparison/wheels/courts_db-0.10.27-py3-none-any.whl
Saved ./.localresources/legal-tool-comparison/wheels/fast_diff_match_patch-2.1.0-cp311-cp311-manylinux_2_17_x86_64.manylinux2014_x86_64.whl
Saved ./.localresources/legal-tool-comparison/wheels/pyahocorasick-2.3.1-cp311-cp311-manylinux2014_x86_64.manylinux_2_17_x86_64.whl
Saved ./.localresources/legal-tool-comparison/wheels/regex-2026.9.29-cp311-cp311-manylinux2014_x86_64.manylinux_2_17_x86_64.manylinux_2_28_x86_64.whl
Saved ./.localresources/legal-tool-comparison/wheels/reporters_db-3.2.66-py3-none-any.whl
Saved ./.localresources/legal-tool-comparison/wheels/numpy-2.4.6-cp311-cp311-manylinux_2_27_x86_64.manylinux_2_28_x86_64.whl
Building wheels for collected packages: eyecite
  Building wheel for eyecite (pyproject.toml): started
  Building wheel for eyecite (pyproject.toml): finished with status 'done'
  Created wheel for eyecite: filename=eyecite-2.7.8-py3-none-any.whl size=57012 sha256=d86d539a9c8e7bd624cca9b0f472730ad0fdd241f309527ee0c5cbf3d7ebd0a7
  Stored in directory: /home/chakwong/.cache/pip/wheels/e3/d8/f7/9bf8c83ee678b270fa8b1dec82767157e5ef3891aad2993686
Successfully built eyecite

[notice] A new release of pip is available: 24.0 -> 26.2.1
[notice] To update, run: python -m pip install --upgrade pip
