........................................................................ [  9%]
........................................................................ [ 18%]
........................................................................ [ 27%]
........................................................................ [ 36%]
........................................................................ [ 45%]
........................................................................ [ 54%]
...............................Timeout (0:01:00)!
Thread 0x00007327d1050740 (most recent call first):
  File "/home/chakwong/miniconda3/envs/tfgpu/lib/python3.11/json/encoder.py", line 258 in iterencode
  File "/home/chakwong/miniconda3/envs/tfgpu/lib/python3.11/json/encoder.py", line 200 in encode
  File "/home/chakwong/miniconda3/envs/tfgpu/lib/python3.11/json/__init__.py", line 238 in dumps
  File "/home/chakwong/python/legalmath/src/legalmath/canonical.py", line 36 in canonical
  File "/home/chakwong/python/legalmath/src/legalmath/canonical.py", line 44 in digest
  File "/home/chakwong/python/legalmath/src/legalmath/ir/trace.py", line 15 in verify_result
  File "/home/chakwong/python/legalmath/src/legalmath/java/manifest.py", line 99 in verify_candidate
  File "/home/chakwong/python/legalmath/tests/catala/test_backend.py", line 140 in test_operator_status_interactions_and_exact_types
  File "/home/chakwong/python/legalmath/.venv/lib/python3.11/site-packages/_pytest/python.py", line 166 in pytest_pyfunc_call
  File "/home/chakwong/python/legalmath/.venv/lib/python3.11/site-packages/pluggy/_callers.py", line 121 in _multicall
  File "/home/chakwong/python/legalmath/.venv/lib/python3.11/site-packages/pluggy/_manager.py", line 120 in _hookexec
  File "/home/chakwong/python/legalmath/.venv/lib/python3.11/site-packages/pluggy/_hooks.py", line 512 in __call__
  File "/home/chakwong/python/legalmath/.venv/lib/python3.11/site-packages/_pytest/python.py", line 1720 in runtest
  File "/home/chakwong/python/legalmath/.venv/lib/python3.11/site-packages/_pytest/runner.py", line 179 in pytest_runtest_call
  File "/home/chakwong/python/legalmath/.venv/lib/python3.11/site-packages/pluggy/_callers.py", line 121 in _multicall
  File "/home/chakwong/python/legalmath/.venv/lib/python3.11/site-packages/pluggy/_manager.py", line 120 in _hookexec
  File "/home/chakwong/python/legalmath/.venv/lib/python3.11/site-packages/pluggy/_hooks.py", line 512 in __call__
  File "/home/chakwong/python/legalmath/.venv/lib/python3.11/site-packages/_pytest/runner.py", line 245 in <lambda>
  File "/home/chakwong/python/legalmath/.venv/lib/python3.11/site-packages/_pytest/runner.py", line 353 in from_call
  File "/home/chakwong/python/legalmath/.venv/lib/python3.11/site-packages/_pytest/runner.py", line 244 in call_and_report
  File "/home/chakwong/python/legalmath/.venv/lib/python3.11/site-packages/_pytest/runner.py", line 137 in runtestprotocol
  File "/home/chakwong/python/legalmath/.venv/lib/python3.11/site-packages/_pytest/runner.py", line 118 in pytest_runtest_protocol
  File "/home/chakwong/python/legalmath/.venv/lib/python3.11/site-packages/pluggy/_callers.py", line 121 in _multicall
  File "/home/chakwong/python/legalmath/.venv/lib/python3.11/site-packages/pluggy/_manager.py", line 120 in _hookexec
  File "/home/chakwong/python/legalmath/.venv/lib/python3.11/site-packages/pluggy/_hooks.py", line 512 in __call__
  File "/home/chakwong/python/legalmath/.venv/lib/python3.11/site-packages/_pytest/main.py", line 396 in pytest_runtestloop
  File "/home/chakwong/python/legalmath/.venv/lib/python3.11/site-packages/pluggy/_callers.py", line 121 in _multicall
  File "/home/chakwong/python/legalmath/.venv/lib/python3.11/site-packages/pluggy/_manager.py", line 120 in _hookexec
  File "/home/chakwong/python/legalmath/.venv/lib/python3.11/site-packages/pluggy/_hooks.py", line 512 in __call__
  File "/home/chakwong/python/legalmath/.venv/lib/python3.11/site-packages/_pytest/main.py", line 372 in _main
  File "/home/chakwong/python/legalmath/.venv/lib/python3.11/site-packages/_pytest/main.py", line 318 in wrap_session
  File "/home/chakwong/python/legalmath/.venv/lib/python3.11/site-packages/_pytest/main.py", line 365 in pytest_cmdline_main
  File "/home/chakwong/python/legalmath/.venv/lib/python3.11/site-packages/pluggy/_callers.py", line 121 in _multicall
  File "/home/chakwong/python/legalmath/.venv/lib/python3.11/site-packages/pluggy/_manager.py", line 120 in _hookexec
  File "/home/chakwong/python/legalmath/.venv/lib/python3.11/site-packages/pluggy/_hooks.py", line 512 in __call__
  File "/home/chakwong/python/legalmath/.venv/lib/python3.11/site-packages/_pytest/config/__init__.py", line 199 in main
  File "/home/chakwong/python/legalmath/.venv/lib/python3.11/site-packages/_pytest/config/__init__.py", line 223 in console_main
  File "/home/chakwong/python/legalmath/.venv/lib/python3.11/site-packages/pytest/__main__.py", line 9 in <module>
  File "<frozen runpy>", line 88 in _run_code
  File "<frozen runpy>", line 198 in _run_module_as_main
......................................... [ 63%]
........................................................................ [ 73%]
........................................................................ [ 82%]
........................................................................ [ 91%]
.....................................................................    [100%]
=============================== warnings summary ===============================
.venv/lib/python3.11/site-packages/fastapi/testclient.py:1
  /home/chakwong/python/legalmath/.venv/lib/python3.11/site-packages/fastapi/testclient.py:1: StarletteDeprecationWarning: Using `httpx` with `starlette.testclient` is deprecated; install `httpx2` instead.
    from starlette.testclient import TestClient as TestClient  # noqa

.venv/lib/python3.11/site-packages/starlette/testclient.py:53
  /home/chakwong/python/legalmath/.venv/lib/python3.11/site-packages/starlette/testclient.py:53: DeprecationWarning: The anyio.abc.BlockingPortal alias is deprecated, use anyio.from_thread.BlockingPortal instead.
    _PortalFactoryType = Callable[[], AbstractContextManager[anyio.abc.BlockingPortal]]

-- Docs: https://docs.pytest.org/en/stable/how-to/capture-warnings.html
789 passed, 2 warnings in 683.10s (0:11:23)
