Built technical-companion.pdf
Built monograph.pdf
Built technical-companion.pdf
Built monograph.pdf
{
  "status": "FAIL",
  "errors": [
    "Citation archive identity missing or changed: sfceiplaunch2024",
    "Citation archive identity missing or changed: sfceipadoption2024",
    "Citation archive identity missing or changed: sfcmargin2025",
    "Citation archive identity missing or changed: sfcstr2026",
    "Citation review binding failed: Citation key/context set changed: author review required"
  ],
  "citation_documents": 98,
  "citation_occurrences": 230,
  "source_unit_labels_retained": 207
}
Pages: {'monograph': 265, 'technical-companion': 76}
Traceback (most recent call last):
  File "/home/chakwong/python/legalmath/scripts/build_reader_facing_monograph.py", line 40, in <module>
    main()
  File "/home/chakwong/python/legalmath/scripts/build_reader_facing_monograph.py", line 24, in main
    subprocess.run(
  File "/home/chakwong/miniconda3/envs/tfgpu/lib/python3.11/subprocess.py", line 571, in run
    raise CalledProcessError(retcode, process.args,
subprocess.CalledProcessError: Command '['/home/chakwong/miniconda3/envs/tfgpu/bin/python', 'scripts/check_reader_facing_monograph.py']' returned non-zero exit status 1.
