{
  "recorded_at": "2026-09-30T02:37:54.626461+00:00",
  "frozen_method_unchanged": true,
  "bonds": 30,
  "yes": 14,
  "no": 15,
  "unresolved": 1,
  "documents_used": 40,
  "unique_source_pages": 3430,
  "checked_quotations": 7584,
  "tests_passed": 585,
  "classifier_tests": 443,
  "fresh_transfer_bonds": [
    {
      "id": "abn-amro-at1-2025",
      "answer": true
    },
    {
      "id": "enel-senior-2028",
      "answer": null
    }
  ],
  "derivation_checks": 30,
  "wall_seconds": 1.4112187391147017,
  "legal_entailment": "NOT_PROVED",
  "human_quality_labels": false,
  "unknown_future_generalization": "NOT_PROVED",
  "verification_scope": "Source integrity, finite declared-premise logic, native execution and limited conditional transfer. English relevance/completeness is not independently proved."
}
