{
  "status": "PASSED",
  "authority": "LOCAL_SYNTHETIC",
  "real_circular_run_id": "run.b7ba1a682c5d45e2b893985c319e1783",
  "repair_run_id": "run.cb479a8385a6423eb1ad006089b1ea1e",
  "ambiguity_run_id": "run.6e37e6fb07684a4fa38cf2d90b23f5ac",
  "positive_run_id": "run.0f7bd34e59c64293bc785fd516f53bd0",
  "positive_release_hash": "b00ea1c177cc3f095923f4b28729451180df2e1dbc63f1d01a2eb5230d7bedd7",
  "named_cases": 22,
  "exhaustive_cases": 729,
  "compiled_omission_detected": true,
  "java_external_host": true,
  "source_change_blocked": true,
  "last_slot_reservations": 1,
  "dispatch_refund": 0,
  "archive_restored": true,
  "real_circular_open_legal_issues": 5,
  "real_circular_missing_dependencies": 2,
  "english_accuracy_measured": false,
  "independent_legal_review": false,
  "bank_ready": false
}
