{
  "program": "adoption",
  "phases": [
    {
      "phase": "A0",
      "handler_exists": true,
      "current": true,
      "execution": "EXECUTED",
      "engineering": "BOUNDED_ENGINEERING_PASS",
      "evidence": "DEVELOPMENT_ONLY; INDEPENDENT_ACCEPTANCE_PENDING",
      "release": "NOT_ACCEPTED",
      "can_dispatch": true,
      "first_failed_interface": "Admit reviewed evidence groups/labels for bank and BES pages",
      "remaining": [
        "Admit reviewed evidence groups/labels for bank and BES pages",
        "Resolve printed labels for 289 retained file pages before label-dependent scoring"
      ],
      "command": [
        "python3",
        "-m",
        "scripts.prospectus_delivery",
        "--program",
        "adoption",
        "phase",
        "--phase",
        "A0"
      ],
      "invalidation_set": [
        "A1",
        "A2",
        "A3",
        "A4",
        "A5",
        "A6"
      ],
      "limits": {
        "attempts_per_identical_input": 3,
        "changed_inputs": "new bounded attempt group",
        "timeout_seconds": 1800
      },
      "reviewed_next_plan": {
        "phase": "A0",
        "question": "Does this mechanism close the declared engineering failure without a silent premise?",
        "primary_criterion": "Verify original bytes, historical receipts and exact page occurrences; ambiguous printed labels remain open",
        "parents": {},
        "command": [
          "python3",
          "-m",
          "scripts.prospectus_delivery",
          "--program",
          "adoption",
          "phase",
          "--phase",
          "A0"
        ],
        "promotion_veto": "Critical source/meaning loss, wrong supported answer, guessed convention or missing independence",
        "continuation_veto": "Corrupt input/comparator, invalid design, unexpected paid execution or exhausted attempt/time bound",
        "repair_trigger": "Classify and preserve failed result; amend implementation or admit changed reviewed evidence",
        "explanatory_only": [
          "test count",
          "timing",
          "OCR similarity",
          "bracket count"
        ],
        "audit": "PASS for bounded conditional engineering; inherited unresolved legal and human premises are not silently discharged",
        "nonclaims": [
          "population accuracy",
          "full contract construction",
          "actual event occurrence",
          "native-process confinement"
        ],
        "refresh_basis": "Exact parent receipts and unresolved premises above; acceptance criterion unchanged"
      }
    },
    {
      "phase": "A1",
      "handler_exists": true,
      "current": true,
      "execution": "EXECUTED",
      "engineering": "BOUNDED_ENGINEERING_PASS",
      "evidence": "DEVELOPMENT_ONLY; INDEPENDENT_ACCEPTANCE_PENDING",
      "release": "NOT_ACCEPTED",
      "can_dispatch": true,
      "first_failed_interface": "Resolve every retained bracket and marginal instruction",
      "remaining": [
        "Resolve every retained bracket and marginal instruction",
        "Review continuous text and clause renumbering",
        "Resolve incorporated agreements and conflicting annual ranges"
      ],
      "command": [
        "python3",
        "-m",
        "scripts.prospectus_delivery",
        "--program",
        "adoption",
        "phase",
        "--phase",
        "A1"
      ],
      "invalidation_set": [
        "A2",
        "A5",
        "A6"
      ],
      "limits": {
        "attempts_per_identical_input": 3,
        "changed_inputs": "new bounded attempt group",
        "timeout_seconds": 1800
      },
      "reviewed_next_plan": {
        "phase": "A1",
        "question": "Does this mechanism close the declared engineering failure without a silent premise?",
        "primary_criterion": "No raw interval disappears; shared definitions survive; unresolved uses remain visible",
        "parents": {
          "A0": {
            "receipt": "b8b5876840e81c99b6712686958906e7b76b6b00ddccff655e5ea21c338c81fb",
            "result": "BOUNDED_ENGINEERING_PASS",
            "remaining": [
              "Admit reviewed evidence groups/labels for bank and BES pages",
              "Resolve printed labels for 289 retained file pages before label-dependent scoring"
            ]
          }
        },
        "command": [
          "python3",
          "-m",
          "scripts.prospectus_delivery",
          "--program",
          "adoption",
          "phase",
          "--phase",
          "A1"
        ],
        "promotion_veto": "Critical source/meaning loss, wrong supported answer, guessed convention or missing independence",
        "continuation_veto": "Corrupt input/comparator, invalid design, unexpected paid execution or exhausted attempt/time bound",
        "repair_trigger": "Classify and preserve failed result; amend implementation or admit changed reviewed evidence",
        "explanatory_only": [
          "test count",
          "timing",
          "OCR similarity",
          "bracket count"
        ],
        "audit": "PASS for bounded conditional engineering; inherited unresolved legal and human premises are not silently discharged",
        "nonclaims": [
          "population accuracy",
          "full contract construction",
          "actual event occurrence",
          "native-process confinement"
        ],
        "refresh_basis": "Exact parent receipts and unresolved premises above; acceptance criterion unchanged"
      }
    },
    {
      "phase": "A2",
      "handler_exists": true,
      "current": true,
      "execution": "EXECUTED",
      "engineering": "BOUNDED_ENGINEERING_PASS",
      "evidence": "DEVELOPMENT_ONLY; INDEPENDENT_ACCEPTANCE_PENDING",
      "release": "NOT_ACCEPTED",
      "can_dispatch": true,
      "first_failed_interface": "Admit source-backed German semantic expressions and governing-reference targets",
      "remaining": [
        "Admit source-backed German semantic expressions and governing-reference targets"
      ],
      "command": [
        "python3",
        "-m",
        "scripts.prospectus_delivery",
        "--program",
        "adoption",
        "phase",
        "--phase",
        "A2"
      ],
      "invalidation_set": [
        "A5",
        "A6"
      ],
      "limits": {
        "attempts_per_identical_input": 3,
        "changed_inputs": "new bounded attempt group",
        "timeout_seconds": 1800
      },
      "reviewed_next_plan": {
        "phase": "A2",
        "question": "Does this mechanism close the declared engineering failure without a silent premise?",
        "primary_criterion": "Declared finite/Z3 corpus agrees; inconsistent premises conflict; unresolved references cannot support an answer",
        "parents": {
          "A0": {
            "receipt": "b8b5876840e81c99b6712686958906e7b76b6b00ddccff655e5ea21c338c81fb",
            "result": "BOUNDED_ENGINEERING_PASS",
            "remaining": [
              "Admit reviewed evidence groups/labels for bank and BES pages",
              "Resolve printed labels for 289 retained file pages before label-dependent scoring"
            ]
          },
          "A1": {
            "receipt": "8ea28cc06e56db7ecd85f077a7e3a2f8db09cecb25cc128e20b9fd82c43b2e57",
            "result": "BOUNDED_ENGINEERING_PASS",
            "remaining": [
              "Resolve every retained bracket and marginal instruction",
              "Review continuous text and clause renumbering",
              "Resolve incorporated agreements and conflicting annual ranges"
            ]
          }
        },
        "command": [
          "python3",
          "-m",
          "scripts.prospectus_delivery",
          "--program",
          "adoption",
          "phase",
          "--phase",
          "A2"
        ],
        "promotion_veto": "Critical source/meaning loss, wrong supported answer, guessed convention or missing independence",
        "continuation_veto": "Corrupt input/comparator, invalid design, unexpected paid execution or exhausted attempt/time bound",
        "repair_trigger": "Classify and preserve failed result; amend implementation or admit changed reviewed evidence",
        "explanatory_only": [
          "test count",
          "timing",
          "OCR similarity",
          "bracket count"
        ],
        "audit": "PASS for bounded conditional engineering; inherited unresolved legal and human premises are not silently discharged",
        "nonclaims": [
          "population accuracy",
          "full contract construction",
          "actual event occurrence",
          "native-process confinement"
        ],
        "refresh_basis": "Exact parent receipts and unresolved premises above; acceptance criterion unchanged"
      }
    },
    {
      "phase": "A3",
      "handler_exists": true,
      "current": true,
      "execution": "EXECUTED",
      "engineering": "OPTIONAL_LAYOUT_TRIAL_EXECUTED; BASELINE_RETAINED",
      "evidence": "DEVELOPMENT_ONLY; INDEPENDENT_ACCEPTANCE_PENDING",
      "release": "NOT_ACCEPTED",
      "can_dispatch": true,
      "first_failed_interface": "Review governing attachments before expanding layout cohort; optional raw projection is development evidence",
      "remaining": [
        "Review governing attachments before expanding layout cohort; optional raw projection is development evidence",
        "Obtain authenticated independent first readings using the separately tested authoring workflow",
        "Adjudicate multilingual evidence; optional adapters do not supply legal labels"
      ],
      "command": [
        "python3",
        "-m",
        "scripts.prospectus_delivery",
        "--program",
        "adoption",
        "phase",
        "--phase",
        "A3"
      ],
      "invalidation_set": [
        "A5",
        "A6"
      ],
      "limits": {
        "attempts_per_identical_input": 3,
        "changed_inputs": "new bounded attempt group",
        "timeout_seconds": 1800
      },
      "reviewed_next_plan": {
        "phase": "A3",
        "question": "Does this mechanism close the declared engineering failure without a silent premise?",
        "primary_criterion": "All designated critical spans and governing attachments correct; resolve an existing baseline defect",
        "parents": {
          "A0": {
            "receipt": "b8b5876840e81c99b6712686958906e7b76b6b00ddccff655e5ea21c338c81fb",
            "result": "BOUNDED_ENGINEERING_PASS",
            "remaining": [
              "Admit reviewed evidence groups/labels for bank and BES pages",
              "Resolve printed labels for 289 retained file pages before label-dependent scoring"
            ]
          }
        },
        "command": [
          "python3",
          "-m",
          "scripts.prospectus_delivery",
          "--program",
          "adoption",
          "phase",
          "--phase",
          "A3"
        ],
        "promotion_veto": "Critical source/meaning loss, wrong supported answer, guessed convention or missing independence",
        "continuation_veto": "Corrupt input/comparator, invalid design, unexpected paid execution or exhausted attempt/time bound",
        "repair_trigger": "Classify and preserve failed result; amend implementation or admit changed reviewed evidence",
        "explanatory_only": [
          "test count",
          "timing",
          "OCR similarity",
          "bracket count"
        ],
        "audit": "PASS for bounded conditional engineering; inherited unresolved legal and human premises are not silently discharged",
        "nonclaims": [
          "population accuracy",
          "full contract construction",
          "actual event occurrence",
          "native-process confinement"
        ],
        "refresh_basis": "Exact parent receipts and unresolved premises above; acceptance criterion unchanged"
      }
    },
    {
      "phase": "A4",
      "handler_exists": true,
      "current": true,
      "execution": "EXECUTED",
      "engineering": "EXACT_COUPON_AND_QUANTLIB_COMPARISON_PASS",
      "evidence": "DEVELOPMENT_ONLY; INDEPENDENT_ACCEPTANCE_PENDING",
      "release": "NOT_ACCEPTED",
      "can_dispatch": true,
      "first_failed_interface": "Admit actual instrument calendar edition, entitlement and event premises before instrument-specific coupon support",
      "remaining": [
        "Admit actual instrument calendar edition, entitlement and event premises before instrument-specific coupon support",
        "Full settlement, tax, FX and actual transfers remain outside this conditional coupon slice"
      ],
      "command": [
        "python3",
        "-m",
        "scripts.prospectus_delivery",
        "--program",
        "adoption",
        "phase",
        "--phase",
        "A4"
      ],
      "invalidation_set": [
        "A5",
        "A6"
      ],
      "limits": {
        "attempts_per_identical_input": 3,
        "changed_inputs": "new bounded attempt group",
        "timeout_seconds": 1800
      },
      "reviewed_next_plan": {
        "phase": "A4",
        "question": "Does this mechanism close the declared engineering failure without a silent premise?",
        "primary_criterion": "Exact derived fractions and transfers; QuantLib within 1e-12 years and dates identical",
        "parents": {
          "A0": {
            "receipt": "b8b5876840e81c99b6712686958906e7b76b6b00ddccff655e5ea21c338c81fb",
            "result": "BOUNDED_ENGINEERING_PASS",
            "remaining": [
              "Admit reviewed evidence groups/labels for bank and BES pages",
              "Resolve printed labels for 289 retained file pages before label-dependent scoring"
            ]
          }
        },
        "command": [
          "python3",
          "-m",
          "scripts.prospectus_delivery",
          "--program",
          "adoption",
          "phase",
          "--phase",
          "A4"
        ],
        "promotion_veto": "Critical source/meaning loss, wrong supported answer, guessed convention or missing independence",
        "continuation_veto": "Corrupt input/comparator, invalid design, unexpected paid execution or exhausted attempt/time bound",
        "repair_trigger": "Classify and preserve failed result; amend implementation or admit changed reviewed evidence",
        "explanatory_only": [
          "test count",
          "timing",
          "OCR similarity",
          "bracket count"
        ],
        "audit": "PASS for bounded conditional engineering; inherited unresolved legal and human premises are not silently discharged",
        "nonclaims": [
          "population accuracy",
          "full contract construction",
          "actual event occurrence",
          "native-process confinement"
        ],
        "refresh_basis": "Exact parent receipts and unresolved premises above; acceptance criterion unchanged"
      }
    },
    {
      "phase": "A5",
      "handler_exists": true,
      "current": true,
      "execution": "EXECUTED",
      "engineering": "BOUNDED_ENGINEERING_PASS",
      "evidence": "DEVELOPMENT_ONLY; INDEPENDENT_ACCEPTANCE_PENDING",
      "release": "NOT_ACCEPTED",
      "can_dispatch": true,
      "first_failed_interface": "Native imports and subprocess reads remain outside capability enforcement; keep broad bindings",
      "remaining": [
        "Native imports and subprocess reads remain outside capability enforcement; keep broad bindings"
      ],
      "command": [
        "python3",
        "-m",
        "scripts.prospectus_delivery",
        "--program",
        "adoption",
        "phase",
        "--phase",
        "A5"
      ],
      "invalidation_set": [
        "A6"
      ],
      "limits": {
        "attempts_per_identical_input": 3,
        "changed_inputs": "new bounded attempt group",
        "timeout_seconds": 1800
      },
      "reviewed_next_plan": {
        "phase": "A5",
        "question": "Does this mechanism close the declared engineering failure without a silent premise?",
        "primary_criterion": "Incremental equals fresh; corrupt/interrupted publications rejected; installed CLI agrees with checkout",
        "parents": {
          "A0": {
            "receipt": "b8b5876840e81c99b6712686958906e7b76b6b00ddccff655e5ea21c338c81fb",
            "result": "BOUNDED_ENGINEERING_PASS",
            "remaining": [
              "Admit reviewed evidence groups/labels for bank and BES pages",
              "Resolve printed labels for 289 retained file pages before label-dependent scoring"
            ]
          },
          "A1": {
            "receipt": "8ea28cc06e56db7ecd85f077a7e3a2f8db09cecb25cc128e20b9fd82c43b2e57",
            "result": "BOUNDED_ENGINEERING_PASS",
            "remaining": [
              "Resolve every retained bracket and marginal instruction",
              "Review continuous text and clause renumbering",
              "Resolve incorporated agreements and conflicting annual ranges"
            ]
          },
          "A2": {
            "receipt": "a315e798bb1be31845314c367f66e506f1d7eafcdf49550a351c46a54d86d029",
            "result": "BOUNDED_ENGINEERING_PASS",
            "remaining": [
              "Admit source-backed German semantic expressions and governing-reference targets"
            ]
          },
          "A3": {
            "receipt": "c2aac6d93ba413e1a4b4b58714fce06a521094036023b5735e0bdb936746db5b",
            "result": "OPTIONAL_LAYOUT_TRIAL_EXECUTED; BASELINE_RETAINED",
            "remaining": [
              "Review governing attachments before expanding layout cohort; optional raw projection is development evidence",
              "Obtain authenticated independent first readings using the separately tested authoring workflow",
              "Adjudicate multilingual evidence; optional adapters do not supply legal labels"
            ]
          },
          "A4": {
            "receipt": "88ea26c4d6cb52c25b6ae01b50defae30a5cf1ee2a894d184a7b79f2cd6ee017",
            "result": "EXACT_COUPON_AND_QUANTLIB_COMPARISON_PASS",
            "remaining": [
              "Admit actual instrument calendar edition, entitlement and event premises before instrument-specific coupon support",
              "Full settlement, tax, FX and actual transfers remain outside this conditional coupon slice"
            ]
          }
        },
        "command": [
          "python3",
          "-m",
          "scripts.prospectus_delivery",
          "--program",
          "adoption",
          "phase",
          "--phase",
          "A5"
        ],
        "promotion_veto": "Critical source/meaning loss, wrong supported answer, guessed convention or missing independence",
        "continuation_veto": "Corrupt input/comparator, invalid design, unexpected paid execution or exhausted attempt/time bound",
        "repair_trigger": "Classify and preserve failed result; amend implementation or admit changed reviewed evidence",
        "explanatory_only": [
          "test count",
          "timing",
          "OCR similarity",
          "bracket count"
        ],
        "audit": "PASS for bounded conditional engineering; inherited unresolved legal and human premises are not silently discharged",
        "nonclaims": [
          "population accuracy",
          "full contract construction",
          "actual event occurrence",
          "native-process confinement"
        ],
        "refresh_basis": "Exact parent receipts and unresolved premises above; acceptance criterion unchanged"
      }
    },
    {
      "phase": "A6",
      "handler_exists": true,
      "current": true,
      "execution": "EXECUTED",
      "engineering": "RELEASE_PREREQUISITES_CHECKED; EXTERNAL_EVIDENCE_MISSING",
      "evidence": "DEVELOPMENT_ONLY; INDEPENDENT_ACCEPTANCE_PENDING",
      "release": "NOT_ACCEPTED",
      "can_dispatch": true,
      "first_failed_interface": "Unexposed family cohort and frozen questions",
      "remaining": [
        "Unexposed family cohort and frozen questions",
        "Two blind independent first readings",
        "Distinct adjudicator and preserved disagreements",
        "Dated event/client records for actual-event questions",
        "P7 scored predictions and P8 scope/report-bound signoffs"
      ],
      "command": [
        "python3",
        "-m",
        "scripts.prospectus_delivery",
        "--program",
        "adoption",
        "phase",
        "--phase",
        "A6"
      ],
      "invalidation_set": [],
      "limits": {
        "attempts_per_identical_input": 3,
        "changed_inputs": "new bounded attempt group",
        "timeout_seconds": 1800
      },
      "reviewed_next_plan": {
        "phase": "A6",
        "question": "Does this mechanism close the declared engineering failure without a silent premise?",
        "primary_criterion": "Real independent labels, frozen scope, source-bound facts and signoffs required before acceptance",
        "parents": {
          "A0": {
            "receipt": "b8b5876840e81c99b6712686958906e7b76b6b00ddccff655e5ea21c338c81fb",
            "result": "BOUNDED_ENGINEERING_PASS",
            "remaining": [
              "Admit reviewed evidence groups/labels for bank and BES pages",
              "Resolve printed labels for 289 retained file pages before label-dependent scoring"
            ]
          },
          "A1": {
            "receipt": "8ea28cc06e56db7ecd85f077a7e3a2f8db09cecb25cc128e20b9fd82c43b2e57",
            "result": "BOUNDED_ENGINEERING_PASS",
            "remaining": [
              "Resolve every retained bracket and marginal instruction",
              "Review continuous text and clause renumbering",
              "Resolve incorporated agreements and conflicting annual ranges"
            ]
          },
          "A2": {
            "receipt": "a315e798bb1be31845314c367f66e506f1d7eafcdf49550a351c46a54d86d029",
            "result": "BOUNDED_ENGINEERING_PASS",
            "remaining": [
              "Admit source-backed German semantic expressions and governing-reference targets"
            ]
          },
          "A3": {
            "receipt": "c2aac6d93ba413e1a4b4b58714fce06a521094036023b5735e0bdb936746db5b",
            "result": "OPTIONAL_LAYOUT_TRIAL_EXECUTED; BASELINE_RETAINED",
            "remaining": [
              "Review governing attachments before expanding layout cohort; optional raw projection is development evidence",
              "Obtain authenticated independent first readings using the separately tested authoring workflow",
              "Adjudicate multilingual evidence; optional adapters do not supply legal labels"
            ]
          },
          "A4": {
            "receipt": "88ea26c4d6cb52c25b6ae01b50defae30a5cf1ee2a894d184a7b79f2cd6ee017",
            "result": "EXACT_COUPON_AND_QUANTLIB_COMPARISON_PASS",
            "remaining": [
              "Admit actual instrument calendar edition, entitlement and event premises before instrument-specific coupon support",
              "Full settlement, tax, FX and actual transfers remain outside this conditional coupon slice"
            ]
          },
          "A5": {
            "receipt": "fb824553c0e5e6463dffa6395855536770d69d7d05f49d30b3c154d999f2ade4",
            "result": "BOUNDED_ENGINEERING_PASS",
            "remaining": [
              "Native imports and subprocess reads remain outside capability enforcement; keep broad bindings"
            ]
          }
        },
        "command": [
          "python3",
          "-m",
          "scripts.prospectus_delivery",
          "--program",
          "adoption",
          "phase",
          "--phase",
          "A6"
        ],
        "promotion_veto": "Critical source/meaning loss, wrong supported answer, guessed convention or missing independence",
        "continuation_veto": "Corrupt input/comparator, invalid design, unexpected paid execution or exhausted attempt/time bound",
        "repair_trigger": "Classify and preserve failed result; amend implementation or admit changed reviewed evidence",
        "explanatory_only": [
          "test count",
          "timing",
          "OCR similarity",
          "bracket count"
        ],
        "audit": "PASS for bounded conditional engineering; inherited unresolved legal and human premises are not silently discharged",
        "nonclaims": [
          "population accuracy",
          "full contract construction",
          "actual event occurrence",
          "native-process confinement"
        ],
        "refresh_basis": "Exact parent receipts and unresolved premises above; acceptance criterion unchanged"
      }
    }
  ],
  "repair_obligations": [
    {
      "id": "A0:cefd3bdd5b36",
      "target_phase": "A0",
      "diagnostic": "Admit reviewed evidence groups/labels for bank and BES pages",
      "input_identity": "6bad2eb36b7401220913202c6f15c61e0ce2fddc5d5c310184613a9f3866c559",
      "kind": "IMPLEMENTATION_AND_SOURCE_REVIEW",
      "handler": null,
      "acceptance_check": "Rerun target and re-evaluate this obligation against its source and regression",
      "command": null,
      "required_code_or_source_change": "Admit reviewed evidence groups/labels for bank and BES pages",
      "required_external_record": null,
      "attempt": 1,
      "outcome": "OPEN; unchanged input is not a repair"
    },
    {
      "id": "A0:7db1717f043b",
      "target_phase": "A0",
      "diagnostic": "Resolve printed labels for 289 retained file pages before label-dependent scoring",
      "input_identity": "6bad2eb36b7401220913202c6f15c61e0ce2fddc5d5c310184613a9f3866c559",
      "kind": "IMPLEMENTATION_AND_SOURCE_REVIEW",
      "handler": null,
      "acceptance_check": "Rerun target and re-evaluate this obligation against its source and regression",
      "command": null,
      "required_code_or_source_change": "Resolve printed labels for 289 retained file pages before label-dependent scoring",
      "required_external_record": null,
      "attempt": 1,
      "outcome": "OPEN; unchanged input is not a repair"
    },
    {
      "id": "A1:ebca43e42dda",
      "target_phase": "A1",
      "diagnostic": "Resolve every retained bracket and marginal instruction",
      "input_identity": "533df9ea00695f4fff4a82262c2d6ffd69c5595cfd4d458bddc9e8dbfbf9d0f5",
      "kind": "IMPLEMENTATION_AND_SOURCE_REVIEW",
      "handler": null,
      "acceptance_check": "Rerun target and re-evaluate this obligation against its source and regression",
      "command": null,
      "required_code_or_source_change": "Resolve every retained bracket and marginal instruction",
      "required_external_record": null,
      "attempt": 1,
      "outcome": "OPEN; unchanged input is not a repair"
    },
    {
      "id": "A1:d6b8a021c92b",
      "target_phase": "A1",
      "diagnostic": "Review continuous text and clause renumbering",
      "input_identity": "533df9ea00695f4fff4a82262c2d6ffd69c5595cfd4d458bddc9e8dbfbf9d0f5",
      "kind": "IMPLEMENTATION_AND_SOURCE_REVIEW",
      "handler": null,
      "acceptance_check": "Rerun target and re-evaluate this obligation against its source and regression",
      "command": null,
      "required_code_or_source_change": "Review continuous text and clause renumbering",
      "required_external_record": null,
      "attempt": 1,
      "outcome": "OPEN; unchanged input is not a repair"
    },
    {
      "id": "A1:694cffa12b9a",
      "target_phase": "A1",
      "diagnostic": "Resolve incorporated agreements and conflicting annual ranges",
      "input_identity": "533df9ea00695f4fff4a82262c2d6ffd69c5595cfd4d458bddc9e8dbfbf9d0f5",
      "kind": "IMPLEMENTATION_AND_SOURCE_REVIEW",
      "handler": null,
      "acceptance_check": "Rerun target and re-evaluate this obligation against its source and regression",
      "command": null,
      "required_code_or_source_change": "Resolve incorporated agreements and conflicting annual ranges",
      "required_external_record": null,
      "attempt": 1,
      "outcome": "OPEN; unchanged input is not a repair"
    },
    {
      "id": "A2:d93c57e86883",
      "target_phase": "A2",
      "diagnostic": "Admit source-backed German semantic expressions and governing-reference targets",
      "input_identity": "0c367144fac62216d20d6fb656a843c97ea56abe39c1d8a86cc10042ce23fdaa",
      "kind": "IMPLEMENTATION_AND_SOURCE_REVIEW",
      "handler": null,
      "acceptance_check": "Rerun target and re-evaluate this obligation against its source and regression",
      "command": null,
      "required_code_or_source_change": "Admit source-backed German semantic expressions and governing-reference targets",
      "required_external_record": null,
      "attempt": 1,
      "outcome": "OPEN; unchanged input is not a repair"
    },
    {
      "id": "A3:5a040930748d",
      "target_phase": "A3",
      "diagnostic": "Review governing attachments before expanding layout cohort; optional raw projection is development evidence",
      "input_identity": "533df9ea00695f4fff4a82262c2d6ffd69c5595cfd4d458bddc9e8dbfbf9d0f5",
      "kind": "IMPLEMENTATION_AND_SOURCE_REVIEW",
      "handler": null,
      "acceptance_check": "Rerun target and re-evaluate this obligation against its source and regression",
      "command": null,
      "required_code_or_source_change": "Review governing attachments before expanding layout cohort; optional raw projection is development evidence",
      "required_external_record": null,
      "attempt": 1,
      "outcome": "OPEN; unchanged input is not a repair"
    },
    {
      "id": "A3:d303580c2a85",
      "target_phase": "A3",
      "diagnostic": "Obtain authenticated independent first readings using the separately tested authoring workflow",
      "input_identity": "533df9ea00695f4fff4a82262c2d6ffd69c5595cfd4d458bddc9e8dbfbf9d0f5",
      "kind": "IMPLEMENTATION_AND_SOURCE_REVIEW",
      "handler": null,
      "acceptance_check": "Rerun target and re-evaluate this obligation against its source and regression",
      "command": null,
      "required_code_or_source_change": "Obtain authenticated independent first readings using the separately tested authoring workflow",
      "required_external_record": null,
      "attempt": 1,
      "outcome": "OPEN; unchanged input is not a repair"
    },
    {
      "id": "A3:e04e34802d11",
      "target_phase": "A3",
      "diagnostic": "Adjudicate multilingual evidence; optional adapters do not supply legal labels",
      "input_identity": "533df9ea00695f4fff4a82262c2d6ffd69c5595cfd4d458bddc9e8dbfbf9d0f5",
      "kind": "IMPLEMENTATION_AND_SOURCE_REVIEW",
      "handler": null,
      "acceptance_check": "Rerun target and re-evaluate this obligation against its source and regression",
      "command": null,
      "required_code_or_source_change": "Adjudicate multilingual evidence; optional adapters do not supply legal labels",
      "required_external_record": null,
      "attempt": 1,
      "outcome": "OPEN; unchanged input is not a repair"
    },
    {
      "id": "A4:80e1cbd45fe4",
      "target_phase": "A4",
      "diagnostic": "Admit actual instrument calendar edition, entitlement and event premises before instrument-specific coupon support",
      "input_identity": "533df9ea00695f4fff4a82262c2d6ffd69c5595cfd4d458bddc9e8dbfbf9d0f5",
      "kind": "EVIDENCE_ADMISSION",
      "handler": "admit_record",
      "acceptance_check": "Rerun target and re-evaluate this obligation against its source and regression",
      "command": [
        "python3",
        "-m",
        "scripts.prospectus_delivery",
        "--program",
        "adoption",
        "repair",
        "--record",
        "<reviewed-record.json>"
      ],
      "required_code_or_source_change": null,
      "required_external_record": "Admit actual instrument calendar edition, entitlement and event premises before instrument-specific coupon support",
      "attempt": 1,
      "outcome": "OPEN; unchanged input is not a repair"
    },
    {
      "id": "A4:2cf2b1bddbec",
      "target_phase": "A4",
      "diagnostic": "Full settlement, tax, FX and actual transfers remain outside this conditional coupon slice",
      "input_identity": "533df9ea00695f4fff4a82262c2d6ffd69c5595cfd4d458bddc9e8dbfbf9d0f5",
      "kind": "IMPLEMENTATION_AND_SOURCE_REVIEW",
      "handler": null,
      "acceptance_check": "Rerun target and re-evaluate this obligation against its source and regression",
      "command": null,
      "required_code_or_source_change": "Full settlement, tax, FX and actual transfers remain outside this conditional coupon slice",
      "required_external_record": null,
      "attempt": 1,
      "outcome": "OPEN; unchanged input is not a repair"
    },
    {
      "id": "A5:a2f4395cbe7d",
      "target_phase": "A5",
      "diagnostic": "Native imports and subprocess reads remain outside capability enforcement; keep broad bindings",
      "input_identity": "72952437767b497533c07744eaa194d4d0faccf95d300aa3586391a37823cc30",
      "kind": "IMPLEMENTATION_AND_SOURCE_REVIEW",
      "handler": null,
      "acceptance_check": "Rerun target and re-evaluate this obligation against its source and regression",
      "command": null,
      "required_code_or_source_change": "Native imports and subprocess reads remain outside capability enforcement; keep broad bindings",
      "required_external_record": null,
      "attempt": 1,
      "outcome": "OPEN; unchanged input is not a repair"
    },
    {
      "id": "A6:fff3bd3eee75",
      "target_phase": "A6",
      "diagnostic": "Unexposed family cohort and frozen questions",
      "input_identity": "ac51609513fcec3371bcf81e7aeadcb5e2b26d2f69f52692748821a943db4a8c",
      "kind": "EVIDENCE_ADMISSION",
      "handler": "admit_record",
      "acceptance_check": "Rerun target and re-evaluate this obligation against its source and regression",
      "command": [
        "python3",
        "-m",
        "scripts.prospectus_delivery",
        "--program",
        "adoption",
        "repair",
        "--record",
        "<reviewed-record.json>"
      ],
      "required_code_or_source_change": null,
      "required_external_record": "Unexposed family cohort and frozen questions",
      "attempt": 1,
      "outcome": "OPEN; unchanged input is not a repair"
    },
    {
      "id": "A6:cd2c0df67a89",
      "target_phase": "A6",
      "diagnostic": "Two blind independent first readings",
      "input_identity": "ac51609513fcec3371bcf81e7aeadcb5e2b26d2f69f52692748821a943db4a8c",
      "kind": "EVIDENCE_ADMISSION",
      "handler": "admit_record",
      "acceptance_check": "Rerun target and re-evaluate this obligation against its source and regression",
      "command": [
        "python3",
        "-m",
        "scripts.prospectus_delivery",
        "--program",
        "adoption",
        "repair",
        "--record",
        "<reviewed-record.json>"
      ],
      "required_code_or_source_change": null,
      "required_external_record": "Two blind independent first readings",
      "attempt": 1,
      "outcome": "OPEN; unchanged input is not a repair"
    },
    {
      "id": "A6:b3d3edb82923",
      "target_phase": "A6",
      "diagnostic": "Distinct adjudicator and preserved disagreements",
      "input_identity": "ac51609513fcec3371bcf81e7aeadcb5e2b26d2f69f52692748821a943db4a8c",
      "kind": "EVIDENCE_ADMISSION",
      "handler": "admit_record",
      "acceptance_check": "Rerun target and re-evaluate this obligation against its source and regression",
      "command": [
        "python3",
        "-m",
        "scripts.prospectus_delivery",
        "--program",
        "adoption",
        "repair",
        "--record",
        "<reviewed-record.json>"
      ],
      "required_code_or_source_change": null,
      "required_external_record": "Distinct adjudicator and preserved disagreements",
      "attempt": 1,
      "outcome": "OPEN; unchanged input is not a repair"
    },
    {
      "id": "A6:51d1f99397d6",
      "target_phase": "A6",
      "diagnostic": "Dated event/client records for actual-event questions",
      "input_identity": "ac51609513fcec3371bcf81e7aeadcb5e2b26d2f69f52692748821a943db4a8c",
      "kind": "EVIDENCE_ADMISSION",
      "handler": "admit_record",
      "acceptance_check": "Rerun target and re-evaluate this obligation against its source and regression",
      "command": [
        "python3",
        "-m",
        "scripts.prospectus_delivery",
        "--program",
        "adoption",
        "repair",
        "--record",
        "<reviewed-record.json>"
      ],
      "required_code_or_source_change": null,
      "required_external_record": "Dated event/client records for actual-event questions",
      "attempt": 1,
      "outcome": "OPEN; unchanged input is not a repair"
    },
    {
      "id": "A6:64213d94c0fb",
      "target_phase": "A6",
      "diagnostic": "P7 scored predictions and P8 scope/report-bound signoffs",
      "input_identity": "ac51609513fcec3371bcf81e7aeadcb5e2b26d2f69f52692748821a943db4a8c",
      "kind": "EVIDENCE_ADMISSION",
      "handler": "admit_record",
      "acceptance_check": "Rerun target and re-evaluate this obligation against its source and regression",
      "command": [
        "python3",
        "-m",
        "scripts.prospectus_delivery",
        "--program",
        "adoption",
        "repair",
        "--record",
        "<reviewed-record.json>"
      ],
      "required_code_or_source_change": null,
      "required_external_record": "P7 scored predictions and P8 scope/report-bound signoffs",
      "attempt": 1,
      "outcome": "OPEN; unchanged input is not a repair"
    }
  ],
  "automatic_release": false,
  "next_dispatch": null,
  "refresh_review": "Partial evidence permits independent phases; failed artifacts block dependent phases. Criteria unchanged."
}
