{
  "status": "PASSED",
  "authority": "LOCAL_SYNTHETIC",
  "real_circular_run_id": "run.b24524e1534347fa8f2ee6ce66504ea3",
  "repair_run_id": "run.d278c71883ff40d69812aeb28015c21c",
  "ambiguity_run_id": "run.131365f4a9b34a5ab71ec0abe1654b84",
  "positive_run_id": "run.dd43c200ac5f40c69910f2c297bdb8dd",
  "positive_release_hash": "b00ea1c177cc3f095923f4b28729451180df2e1dbc63f1d01a2eb5230d7bedd7",
  "named_cases": 22,
  "exhaustive_cases": 729,
  "compiled_omission_detected": true,
  "java_external_host": true,
  "source_change_blocked": true,
  "last_slot_reservations": 1,
  "dispatch_refund": 0,
  "archive_restored": true,
  "real_circular_open_legal_issues": 5,
  "real_circular_missing_dependencies": 2,
  "english_accuracy_measured": false,
  "independent_legal_review": false,
  "bank_ready": false
}
