.............................................FF......................... [ 14%]
........................................................................ [ 28%]
........................................................................ [ 43%]
........................................................................ [ 57%]
........................................................................ [ 72%]
........................................................................ [ 86%]
..................................................................       [100%]
=================================== FAILURES ===================================
_ test_mixed_layout_duplicate_fields_remain_ambiguous[Calculation Amount EUR 1,000. Calculation Amount Specified Denominations. Specified Denominations EUR 2,000. Final Redemption Amount EUR 1,000 per Calculation Amount.] _

text = 'Calculation Amount EUR 1,000. Calculation Amount Specified Denominations. Specified Denominations EUR 2,000. Final Redemption Amount EUR 1,000 per Calculation Amount.'

    @pytest.mark.parametrize('text', [
        'Calculation Amount EUR 1,000. Calculation Amount Specified Denominations. Specified Denominations EUR 2,000. Final Redemption Amount EUR 1,000 per Calculation Amount.',
        'Calculation Amount EUR 1,000. Final Redemption Amount EUR 1,000 per Calculation Amount. Final Redemption Amount of each Note EUR 2,000 per Note of EUR 2,000 Specified Denomination.',
    ])
    def test_mixed_layout_duplicate_fields_remain_ambiguous(text):
        r=exact_repayment(text)
>       assert r and r['status']=='unresolved'
E       AssertionError: assert ({'amount': '1000', 'currency': 'EUR', 'fields': [{'end': 28, 'field': 'calculation_amount', 'quote': 'Calculation Amou...mption_amount', 'quote': 'Final Redemption Amount EUR 1,000 per Calculation Amount', 'start': 109}], 'status': 'equal'} and 'equal' == 'unresolved'
E         
E         - unresolved
E         + equal)

tests/prospectus/test_gap_closure.py:142: AssertionError
_ test_mixed_layout_duplicate_fields_remain_ambiguous[Calculation Amount EUR 1,000. Final Redemption Amount EUR 1,000 per Calculation Amount. Final Redemption Amount of each Note EUR 2,000 per Note of EUR 2,000 Specified Denomination.] _

text = 'Calculation Amount EUR 1,000. Final Redemption Amount EUR 1,000 per Calculation Amount. Final Redemption Amount of each Note EUR 2,000 per Note of EUR 2,000 Specified Denomination.'

    @pytest.mark.parametrize('text', [
        'Calculation Amount EUR 1,000. Calculation Amount Specified Denominations. Specified Denominations EUR 2,000. Final Redemption Amount EUR 1,000 per Calculation Amount.',
        'Calculation Amount EUR 1,000. Final Redemption Amount EUR 1,000 per Calculation Amount. Final Redemption Amount of each Note EUR 2,000 per Note of EUR 2,000 Specified Denomination.',
    ])
    def test_mixed_layout_duplicate_fields_remain_ambiguous(text):
        r=exact_repayment(text)
>       assert r and r['status']=='unresolved'
E       AssertionError: assert ({'amount': '1000', 'currency': 'EUR', 'fields': [{'end': 28, 'field': 'calculation_amount', 'quote': 'Calculation Amou...emption_amount', 'quote': 'Final Redemption Amount EUR 1,000 per Calculation Amount', 'start': 30}], 'status': 'equal'} and 'equal' == 'unresolved'
E         
E         - unresolved
E         + equal)

tests/prospectus/test_gap_closure.py:142: AssertionError
=========================== short test summary info ============================
FAILED tests/prospectus/test_gap_closure.py::test_mixed_layout_duplicate_fields_remain_ambiguous[Calculation Amount EUR 1,000. Calculation Amount Specified Denominations. Specified Denominations EUR 2,000. Final Redemption Amount EUR 1,000 per Calculation Amount.]
FAILED tests/prospectus/test_gap_closure.py::test_mixed_layout_duplicate_fields_remain_ambiguous[Calculation Amount EUR 1,000. Final Redemption Amount EUR 1,000 per Calculation Amount. Final Redemption Amount of each Note EUR 2,000 per Note of EUR 2,000 Specified Denomination.]
2 failed, 496 passed in 1.55s
