{"install_argv": ["/home/chakwong/python/legalmath/.venv/bin/python", "-m", "venv", "/home/chakwong/python/legalmath/.localresources/assurance-tools/venv"], "cwd": "/home/chakwong/python/legalmath"}
{"install_argv": ["/home/chakwong/python/legalmath/.localresources/assurance-tools/venv/bin/python", "-m", "pip", "install", "torch==2.8.0+cpu", "torchvision==0.23.0+cpu", "--index-url", "https://download.pytorch.org/whl/cpu"], "cwd": "/home/chakwong/python/legalmath"}
Looking in indexes: https://download.pytorch.org/whl/cpu
Collecting torch==2.8.0+cpu
  Downloading https://download-r2.pytorch.org/whl/cpu/torch-2.8.0%2Bcpu-cp311-cp311-manylinux_2_28_x86_64.whl.metadata (29 kB)
Collecting torchvision==0.23.0+cpu
  Downloading https://download-r2.pytorch.org/whl/cpu/torchvision-0.23.0%2Bcpu-cp311-cp311-manylinux_2_28_x86_64.whl.metadata (6.1 kB)
Collecting filelock (from torch==2.8.0+cpu)
  Downloading filelock-3.32.3-py3-none-any.whl.metadata (2.0 kB)
Collecting typing-extensions>=4.10.0 (from torch==2.8.0+cpu)
  Using cached typing_extensions-4.16.0-py3-none-any.whl.metadata (3.3 kB)
Collecting sympy>=1.13.3 (from torch==2.8.0+cpu)
  Using cached sympy-1.14.0-py3-none-any.whl.metadata (12 kB)
Collecting networkx (from torch==2.8.0+cpu)
  Using cached networkx-3.6.1-py3-none-any.whl.metadata (6.8 kB)
Collecting jinja2 (from torch==2.8.0+cpu)
  Using cached https://download.pytorch.org/whl/jinja2-3.1.6-py3-none-any.whl.metadata (2.9 kB)
Collecting fsspec (from torch==2.8.0+cpu)
  Downloading fsspec-2026.7.0-py3-none-any.whl.metadata (10 kB)
Collecting numpy (from torchvision==0.23.0+cpu)
  Using cached numpy-2.4.6-cp311-cp311-manylinux_2_27_x86_64.manylinux_2_28_x86_64.whl.metadata (6.6 kB)
Collecting pillow!=8.3.*,>=5.3.0 (from torchvision==0.23.0+cpu)
  Downloading pillow-12.3.0-cp311-cp311-manylinux_2_27_x86_64.manylinux_2_28_x86_64.whl.metadata (9.1 kB)
Collecting mpmath<1.4,>=1.1.0 (from sympy>=1.13.3->torch==2.8.0+cpu)
  Using cached mpmath-1.3.0-py3-none-any.whl.metadata (8.6 kB)
Collecting MarkupSafe>=2.0 (from jinja2->torch==2.8.0+cpu)
  Using cached https://download.pytorch.org/whl/markupsafe-3.0.3-cp311-cp311-manylinux2014_x86_64.manylinux_2_17_x86_64.manylinux_2_28_x86_64.whl.metadata (2.7 kB)
Downloading https://download-r2.pytorch.org/whl/cpu/torch-2.8.0%2Bcpu-cp311-cp311-manylinux_2_28_x86_64.whl (184.1 MB)
   ━━━━━━━━━━━━━━━━━━━━━━━━━━━━━━━━━━━━━━━ 184.1/184.1 MB 854.7 kB/s eta 0:00:00
Downloading https://download-r2.pytorch.org/whl/cpu/torchvision-0.23.0%2Bcpu-cp311-cp311-manylinux_2_28_x86_64.whl (1.9 MB)
   ━━━━━━━━━━━━━━━━━━━━━━━━━━━━━━━━━━━━━━━━ 1.9/1.9 MB 475.2 kB/s eta 0:00:00
Downloading pillow-12.3.0-cp311-cp311-manylinux_2_27_x86_64.manylinux_2_28_x86_64.whl (6.9 MB)
   ━━━━━━━━━━━━━━━━━━━━━━━━━━━━━━━━━━━━━━━━ 6.9/6.9 MB 442.2 kB/s eta 0:00:00
Using cached sympy-1.14.0-py3-none-any.whl (6.3 MB)
Using cached typing_extensions-4.16.0-py3-none-any.whl (45 kB)
Downloading filelock-3.32.3-py3-none-any.whl (98 kB)
   ━━━━━━━━━━━━━━━━━━━━━━━━━━━━━━━━━━━━━━━━ 98.9/98.9 kB 760.2 kB/s eta 0:00:00
Downloading fsspec-2026.7.0-py3-none-any.whl (206 kB)
   ━━━━━━━━━━━━━━━━━━━━━━━━━━━━━━━━━━━━━━━ 206.6/206.6 kB 757.6 kB/s eta 0:00:00
Using cached https://download.pytorch.org/whl/jinja2-3.1.6-py3-none-any.whl (134 kB)
Using cached networkx-3.6.1-py3-none-any.whl (2.1 MB)
Using cached numpy-2.4.6-cp311-cp311-manylinux_2_27_x86_64.manylinux_2_28_x86_64.whl (16.9 MB)
Using cached https://download.pytorch.org/whl/markupsafe-3.0.3-cp311-cp311-manylinux2014_x86_64.manylinux_2_17_x86_64.manylinux_2_28_x86_64.whl (22 kB)
Using cached mpmath-1.3.0-py3-none-any.whl (536 kB)
Installing collected packages: mpmath, typing-extensions, sympy, pillow, numpy, networkx, MarkupSafe, fsspec, filelock, jinja2, torch, torchvision
ERROR: pip's dependency resolver does not currently take into account all the packages that are installed. This behaviour is the source of the following dependency conflicts.
legalmath 0.1.0 requires fastapi==0.135.1, which is not installed.
legalmath 0.1.0 requires httpx==0.28.1, which is not installed.
legalmath 0.1.0 requires jsonschema==4.26.0, which is not installed.
legalmath 0.1.0 requires pydantic==2.12.5, which is not installed.
legalmath 0.1.0 requires pypdf==6.8.0, which is not installed.
legalmath 0.1.0 requires uvicorn==0.43.0, which is not installed.
legalmath 0.1.0 requires z3-solver==4.16.0.0, which is not installed.
Successfully installed MarkupSafe-3.0.3 filelock-3.32.3 fsspec-2026.7.0 jinja2-3.1.6 mpmath-1.3.0 networkx-3.6.1 numpy-2.4.6 pillow-12.3.0 sympy-1.14.0 torch-2.8.0+cpu torchvision-0.23.0+cpu typing-extensions-4.16.0
{"install_argv": ["/home/chakwong/python/legalmath/.localresources/assurance-tools/venv/bin/python", "-m", "pip", "install", "--requirement", "/home/chakwong/python/legalmath/docs/implementation/interpretation-round11/tool-requirements.in"], "cwd": "/home/chakwong/python/legalmath"}
Collecting docling<3,>=2.70 (from -r /home/chakwong/python/legalmath/docs/implementation/interpretation-round11/tool-requirements.in (line 4))
  Downloading docling-2.130.0-py3-none-any.whl.metadata (11 kB)
Collecting pytesseract<0.4,>=0.3.13 (from -r /home/chakwong/python/legalmath/docs/implementation/interpretation-round11/tool-requirements.in (line 5))
  Downloading pytesseract-0.3.13-py3-none-any.whl.metadata (11 kB)
Collecting cvc5<2,>=1.2 (from -r /home/chakwong/python/legalmath/docs/implementation/interpretation-round11/tool-requirements.in (line 6))
  Downloading cvc5-1.4.0-cp311-cp311-manylinux2014_x86_64.manylinux_2_17_x86_64.whl.metadata (757 bytes)
Collecting clingo<6,>=5.8 (from -r /home/chakwong/python/legalmath/docs/implementation/interpretation-round11/tool-requirements.in (line 7))
  Downloading clingo-5.8.2-cp311-cp311-manylinux_2_27_x86_64.manylinux_2_28_x86_64.whl.metadata (1.2 kB)
Collecting inspect-ai<1,>=0.3 (from -r /home/chakwong/python/legalmath/docs/implementation/interpretation-round11/tool-requirements.in (line 8))
  Downloading inspect_ai-0.3.268-py3-none-any.whl.metadata (8.8 kB)
Collecting pypdf==6.8.0 (from -r /home/chakwong/python/legalmath/docs/implementation/interpretation-round11/tool-requirements.in (line 9))
  Using cached pypdf-6.8.0-py3-none-any.whl.metadata (7.1 kB)
Collecting pdfplumber<0.12,>=0.11 (from -r /home/chakwong/python/legalmath/docs/implementation/interpretation-round11/tool-requirements.in (line 10))
  Downloading pdfplumber-0.11.10-py3-none-any.whl.metadata (43 kB)
     ━━━━━━━━━━━━━━━━━━━━━━━━━━━━━━━━━━━━━━━ 43.7/43.7 kB 511.9 kB/s eta 0:00:00
Collecting reportlab<5,>=4.4 (from -r /home/chakwong/python/legalmath/docs/implementation/interpretation-round11/tool-requirements.in (line 11))
  Downloading reportlab-4.5.1-py3-none-any.whl.metadata (1.7 kB)
Collecting z3-solver==4.16.0.0 (from -r /home/chakwong/python/legalmath/docs/implementation/interpretation-round11/tool-requirements.in (line 12))
  Using cached z3_solver-4.16.0.0-py3-none-manylinux_2_27_x86_64.whl.metadata (602 bytes)
Collecting docling-slim==2.130.0 (from docling-slim[standard]==2.130.0->docling<3,>=2.70->-r /home/chakwong/python/legalmath/docs/implementation/interpretation-round11/tool-requirements.in (line 4))
  Downloading docling_slim-2.130.0-py3-none-any.whl.metadata (20 kB)
Collecting certifi>=2024.7.4 (from docling-slim==2.130.0->docling-slim[standard]==2.130.0->docling<3,>=2.70->-r /home/chakwong/python/legalmath/docs/implementation/interpretation-round11/tool-requirements.in (line 4))
  Using cached certifi-2026.7.22-py3-none-any.whl.metadata (2.5 kB)
Collecting docling-core<3.0.0,>=2.96.0 (from docling-slim==2.130.0->docling-slim[standard]==2.130.0->docling<3,>=2.70->-r /home/chakwong/python/legalmath/docs/implementation/interpretation-round11/tool-requirements.in (line 4))
  Downloading docling_core-2.98.0-py3-none-any.whl.metadata (8.4 kB)
Collecting filetype<2.0.0,>=1.2.0 (from docling-slim==2.130.0->docling-slim[standard]==2.130.0->docling<3,>=2.70->-r /home/chakwong/python/legalmath/docs/implementation/interpretation-round11/tool-requirements.in (line 4))
  Downloading filetype-1.2.0-py2.py3-none-any.whl.metadata (6.5 kB)
Collecting langcodes<4.0.0,>=3.5.0 (from docling-slim==2.130.0->docling-slim[standard]==2.130.0->docling<3,>=2.70->-r /home/chakwong/python/legalmath/docs/implementation/interpretation-round11/tool-requirements.in (line 4))
  Downloading langcodes-3.5.1-py3-none-any.whl.metadata (30 kB)
Collecting pluggy<2.0.0,>=1.0.0 (from docling-slim==2.130.0->docling-slim[standard]==2.130.0->docling<3,>=2.70->-r /home/chakwong/python/legalmath/docs/implementation/interpretation-round11/tool-requirements.in (line 4))
  Using cached pluggy-1.6.0-py3-none-any.whl.metadata (4.8 kB)
Collecting pydantic-settings<3.0.0,>=2.3.0 (from docling-slim==2.130.0->docling-slim[standard]==2.130.0->docling<3,>=2.70->-r /home/chakwong/python/legalmath/docs/implementation/interpretation-round11/tool-requirements.in (line 4))
  Downloading pydantic_settings-2.15.0-py3-none-any.whl.metadata (3.9 kB)
Collecting pydantic<3.0.0,>=2.0.0 (from docling-slim==2.130.0->docling-slim[standard]==2.130.0->docling<3,>=2.70->-r /home/chakwong/python/legalmath/docs/implementation/interpretation-round11/tool-requirements.in (line 4))
  Downloading pydantic-2.13.5-py3-none-any.whl.metadata (110 kB)
     ━━━━━━━━━━━━━━━━━━━━━━━━━━━━━━━━━━━━━ 110.2/110.2 kB 932.8 kB/s eta 0:00:00
Collecting requests<3.0.0,>=2.32.2 (from docling-slim==2.130.0->docling-slim[standard]==2.130.0->docling<3,>=2.70->-r /home/chakwong/python/legalmath/docs/implementation/interpretation-round11/tool-requirements.in (line 4))
  Using cached requests-2.34.2-py3-none-any.whl.metadata (4.8 kB)
Collecting tqdm<5.0.0,>=4.65.0 (from docling-slim==2.130.0->docling-slim[standard]==2.130.0->docling<3,>=2.70->-r /home/chakwong/python/legalmath/docs/implementation/interpretation-round11/tool-requirements.in (line 4))
  Downloading tqdm-4.70.1-py3-none-any.whl.metadata (57 kB)
     ━━━━━━━━━━━━━━━━━━━━━━━━━━━━━━━━━━━━━━━━ 57.4/57.4 kB 5.8 MB/s eta 0:00:00
Collecting accelerate<2,>=1.0.0 (from docling-slim[standard]==2.130.0->docling<3,>=2.70->-r /home/chakwong/python/legalmath/docs/implementation/interpretation-round11/tool-requirements.in (line 4))
  Downloading accelerate-1.15.0-py3-none-any.whl.metadata (19 kB)
Collecting beautifulsoup4<5.0.0,>=4.12.3 (from docling-slim[standard]==2.130.0->docling<3,>=2.70->-r /home/chakwong/python/legalmath/docs/implementation/interpretation-round11/tool-requirements.in (line 4))
  Using cached beautifulsoup4-4.15.0-py3-none-any.whl.metadata (3.8 kB)
Collecting defusedxml<0.8.0,>=0.7.1 (from docling-slim[standard]==2.130.0->docling<3,>=2.70->-r /home/chakwong/python/legalmath/docs/implementation/interpretation-round11/tool-requirements.in (line 4))
  Using cached defusedxml-0.7.1-py2.py3-none-any.whl.metadata (32 kB)
Collecting docling-ibm-models<5,>=4.0.2 (from docling-slim[standard]==2.130.0->docling<3,>=2.70->-r /home/chakwong/python/legalmath/docs/implementation/interpretation-round11/tool-requirements.in (line 4))
  Downloading docling_ibm_models-4.0.3-py3-none-any.whl.metadata (6.3 kB)
Collecting docling-parse<8.0.0,>=7.20.0 (from docling-slim[standard]==2.130.0->docling<3,>=2.70->-r /home/chakwong/python/legalmath/docs/implementation/interpretation-round11/tool-requirements.in (line 4))
  Downloading docling_parse-7.21.0-cp311-cp311-manylinux_2_27_x86_64.manylinux_2_28_x86_64.whl.metadata (15 kB)
Collecting httpx<1.0.0,>=0.28 (from docling-slim[standard]==2.130.0->docling<3,>=2.70->-r /home/chakwong/python/legalmath/docs/implementation/interpretation-round11/tool-requirements.in (line 4))
  Using cached httpx-0.28.1-py3-none-any.whl.metadata (7.1 kB)
Collecting huggingface-hub<2,>=0.23 (from docling-slim[standard]==2.130.0->docling<3,>=2.70->-r /home/chakwong/python/legalmath/docs/implementation/interpretation-round11/tool-requirements.in (line 4))
  Downloading huggingface_hub-1.33.0-py3-none-any.whl.metadata (16 kB)
Collecting mail-parser<5.0.0,>=4.1.4 (from docling-slim[standard]==2.130.0->docling<3,>=2.70->-r /home/chakwong/python/legalmath/docs/implementation/interpretation-round11/tool-requirements.in (line 4))
  Downloading mail_parser-4.6.5-py3-none-any.whl.metadata (25 kB)
Collecting marko<3.0.0,>=2.1.2 (from docling-slim[standard]==2.130.0->docling<3,>=2.70->-r /home/chakwong/python/legalmath/docs/implementation/interpretation-round11/tool-requirements.in (line 4))
  Downloading marko-2.2.4-py3-none-any.whl.metadata (4.5 kB)
Requirement already satisfied: numpy<3.0.0,>=1.24.0 in ./.localresources/assurance-tools/venv/lib/python3.11/site-packages (from docling-slim[standard]==2.130.0->docling<3,>=2.70->-r /home/chakwong/python/legalmath/docs/implementation/interpretation-round11/tool-requirements.in (line 4)) (2.4.6)
Collecting openpyxl<4.0.0,>=3.1.5 (from docling-slim[standard]==2.130.0->docling<3,>=2.70->-r /home/chakwong/python/legalmath/docs/implementation/interpretation-round11/tool-requirements.in (line 4))
  Downloading openpyxl-3.1.5-py2.py3-none-any.whl.metadata (2.5 kB)
Requirement already satisfied: pillow<13.0.0,>=10.0.0 in ./.localresources/assurance-tools/venv/lib/python3.11/site-packages (from docling-slim[standard]==2.130.0->docling<3,>=2.70->-r /home/chakwong/python/legalmath/docs/implementation/interpretation-round11/tool-requirements.in (line 4)) (12.3.0)
Collecting polyfactory>=2.22.2 (from docling-slim[standard]==2.130.0->docling<3,>=2.70->-r /home/chakwong/python/legalmath/docs/implementation/interpretation-round11/tool-requirements.in (line 4))
  Downloading polyfactory-3.3.0-py3-none-any.whl.metadata (27 kB)
Collecting pylatexenc<3.0,>=2.10 (from docling-slim[standard]==2.130.0->docling<3,>=2.70->-r /home/chakwong/python/legalmath/docs/implementation/interpretation-round11/tool-requirements.in (line 4))
  Downloading pylatexenc-2.11-py2.py3-none-any.whl.metadata (3.9 kB)
Collecting pypdfium2!=4.30.1,<6.0.0,>=4.30.0 (from docling-slim[standard]==2.130.0->docling<3,>=2.70->-r /home/chakwong/python/legalmath/docs/implementation/interpretation-round11/tool-requirements.in (line 4))
  Downloading pypdfium2-5.13.0-py3-none-manylinux_2_17_x86_64.manylinux2014_x86_64.whl.metadata (66 kB)
     ━━━━━━━━━━━━━━━━━━━━━━━━━━━━━━━━━━━━━━━━ 66.5/66.5 kB 3.3 MB/s eta 0:00:00
Collecting python-docx<2.0.0,>=1.2.0 (from docling-slim[standard]==2.130.0->docling<3,>=2.70->-r /home/chakwong/python/legalmath/docs/implementation/interpretation-round11/tool-requirements.in (line 4))
  Downloading python_docx-1.2.0-py3-none-any.whl.metadata (2.0 kB)
Collecting python-dotenv~=1.0 (from docling-slim[standard]==2.130.0->docling<3,>=2.70->-r /home/chakwong/python/legalmath/docs/implementation/interpretation-round11/tool-requirements.in (line 4))
  Downloading python_dotenv-1.2.3-py3-none-any.whl.metadata (29 kB)
Collecting python-oxmsg<0.1.0,>=0.0.2 (from docling-slim[standard]==2.130.0->docling<3,>=2.70->-r /home/chakwong/python/legalmath/docs/implementation/interpretation-round11/tool-requirements.in (line 4))
  Downloading python_oxmsg-0.0.2-py3-none-any.whl.metadata (5.0 kB)
Collecting python-pptx<2.0.0,>=1.0.2 (from docling-slim[standard]==2.130.0->docling<3,>=2.70->-r /home/chakwong/python/legalmath/docs/implementation/interpretation-round11/tool-requirements.in (line 4))
  Downloading python_pptx-1.0.2-py3-none-any.whl.metadata (2.5 kB)
Collecting rapidocr<4.0.0,>=3.9.1 (from docling-slim[standard]==2.130.0->docling<3,>=2.70->-r /home/chakwong/python/legalmath/docs/implementation/interpretation-round11/tool-requirements.in (line 4))
  Downloading rapidocr-3.9.2-py3-none-any.whl.metadata (1.1 kB)
Collecting rich>=13.0.0 (from docling-slim[standard]==2.130.0->docling<3,>=2.70->-r /home/chakwong/python/legalmath/docs/implementation/interpretation-round11/tool-requirements.in (line 4))
  Using cached rich-15.0.0-py3-none-any.whl.metadata (18 kB)
Collecting rtree<2.0.0,>=1.3.0 (from docling-slim[standard]==2.130.0->docling<3,>=2.70->-r /home/chakwong/python/legalmath/docs/implementation/interpretation-round11/tool-requirements.in (line 4))
  Downloading rtree-1.4.1-py3-none-manylinux_2_24_x86_64.manylinux_2_28_x86_64.whl.metadata (2.1 kB)
Collecting scipy<2.0.0,>=1.6.0 (from docling-slim[standard]==2.130.0->docling<3,>=2.70->-r /home/chakwong/python/legalmath/docs/implementation/interpretation-round11/tool-requirements.in (line 4))
  Using cached scipy-1.17.1-cp311-cp311-manylinux_2_27_x86_64.manylinux_2_28_x86_64.whl.metadata (62 kB)
Requirement already satisfied: torch<3.0.0,>=2.2.2 in ./.localresources/assurance-tools/venv/lib/python3.11/site-packages (from docling-slim[standard]==2.130.0->docling<3,>=2.70->-r /home/chakwong/python/legalmath/docs/implementation/interpretation-round11/tool-requirements.in (line 4)) (2.8.0+cpu)
Requirement already satisfied: torchvision<1,>=0 in ./.localresources/assurance-tools/venv/lib/python3.11/site-packages (from docling-slim[standard]==2.130.0->docling<3,>=2.70->-r /home/chakwong/python/legalmath/docs/implementation/interpretation-round11/tool-requirements.in (line 4)) (0.23.0+cpu)
Collecting typer<0.27.0,>=0.19.0 (from docling-slim[standard]==2.130.0->docling<3,>=2.70->-r /home/chakwong/python/legalmath/docs/implementation/interpretation-round11/tool-requirements.in (line 4))
  Using cached typer-0.26.8-py3-none-any.whl.metadata (15 kB)
Collecting websockets<17.0,>=14.0 (from docling-slim[standard]==2.130.0->docling<3,>=2.70->-r /home/chakwong/python/legalmath/docs/implementation/interpretation-round11/tool-requirements.in (line 4))
  Downloading websockets-16.1.1-cp311-cp311-manylinux1_x86_64.manylinux_2_28_x86_64.manylinux_2_5_x86_64.whl.metadata (6.8 kB)
Collecting packaging>=21.3 (from pytesseract<0.4,>=0.3.13->-r /home/chakwong/python/legalmath/docs/implementation/interpretation-round11/tool-requirements.in (line 5))
  Using cached packaging-26.3-py3-none-any.whl.metadata (3.5 kB)
Collecting cffi (from clingo<6,>=5.8->-r /home/chakwong/python/legalmath/docs/implementation/interpretation-round11/tool-requirements.in (line 7))
  Downloading cffi-2.1.1-cp311-cp311-manylinux2014_x86_64.manylinux_2_17_x86_64.whl.metadata (2.5 kB)
Collecting agent-client-protocol>=0.12.0 (from inspect-ai<1,>=0.3->-r /home/chakwong/python/legalmath/docs/implementation/interpretation-round11/tool-requirements.in (line 8))
  Downloading agent_client_protocol-0.12.1-py3-none-any.whl.metadata (5.8 kB)
Collecting aiobotocore>=2.18.0 (from inspect-ai<1,>=0.3->-r /home/chakwong/python/legalmath/docs/implementation/interpretation-round11/tool-requirements.in (line 8))
  Downloading aiobotocore-3.9.1-py3-none-any.whl.metadata (31 kB)
Collecting anyio>=4.14.0 (from inspect-ai<1,>=0.3->-r /home/chakwong/python/legalmath/docs/implementation/interpretation-round11/tool-requirements.in (line 8))
  Using cached anyio-4.15.1-py3-none-any.whl.metadata (4.7 kB)
Collecting boto3 (from inspect-ai<1,>=0.3->-r /home/chakwong/python/legalmath/docs/implementation/interpretation-round11/tool-requirements.in (line 8))
  Downloading boto3-1.43.102-py3-none-any.whl.metadata (6.6 kB)
Collecting click!=8.2.0,!=8.2.2,!=8.3.0,!=8.3.1,>=8.1.3 (from inspect-ai<1,>=0.3->-r /home/chakwong/python/legalmath/docs/implementation/interpretation-round11/tool-requirements.in (line 8))
  Using cached click-8.5.0-py3-none-any.whl.metadata (2.6 kB)
Collecting debugpy (from inspect-ai<1,>=0.3->-r /home/chakwong/python/legalmath/docs/implementation/interpretation-round11/tool-requirements.in (line 8))
  Downloading debugpy-1.8.22-cp311-cp311-manylinux_2_34_x86_64.whl.metadata (1.4 kB)
Collecting docstring-parser>=0.16 (from inspect-ai<1,>=0.3->-r /home/chakwong/python/legalmath/docs/implementation/interpretation-round11/tool-requirements.in (line 8))
  Downloading docstring_parser-0.18.0-py3-none-any.whl.metadata (3.5 kB)
Collecting fastapi>=0.119.0 (from inspect-ai<1,>=0.3->-r /home/chakwong/python/legalmath/docs/implementation/interpretation-round11/tool-requirements.in (line 8))
  Downloading fastapi-0.141.1-py3-none-any.whl.metadata (27 kB)
Collecting fsspec<=2026.6.0,>=2023.1.0 (from inspect-ai<1,>=0.3->-r /home/chakwong/python/legalmath/docs/implementation/interpretation-round11/tool-requirements.in (line 8))
  Using cached fsspec-2026.6.0-py3-none-any.whl.metadata (10 kB)
Collecting ijson>=3.2.0 (from inspect-ai<1,>=0.3->-r /home/chakwong/python/legalmath/docs/implementation/interpretation-round11/tool-requirements.in (line 8))
  Downloading ijson-3.5.1-cp311-cp311-manylinux2014_x86_64.manylinux_2_17_x86_64.manylinux_2_28_x86_64.whl.metadata (23 kB)
Collecting jsonlines>=3.0.0 (from inspect-ai<1,>=0.3->-r /home/chakwong/python/legalmath/docs/implementation/interpretation-round11/tool-requirements.in (line 8))
  Downloading jsonlines-4.0.0-py3-none-any.whl.metadata (1.6 kB)
Collecting jsonpatch>=1.32 (from inspect-ai<1,>=0.3->-r /home/chakwong/python/legalmath/docs/implementation/interpretation-round11/tool-requirements.in (line 8))
  Downloading jsonpatch-1.33-py2.py3-none-any.whl.metadata (3.0 kB)
Collecting jsonpath-ng>=1.8.0 (from inspect-ai<1,>=0.3->-r /home/chakwong/python/legalmath/docs/implementation/interpretation-round11/tool-requirements.in (line 8))
  Downloading jsonpath_ng-1.8.0-py3-none-any.whl.metadata (18 kB)
Collecting jsonref>=1.1.0 (from inspect-ai<1,>=0.3->-r /home/chakwong/python/legalmath/docs/implementation/interpretation-round11/tool-requirements.in (line 8))
  Downloading jsonref-1.1.0-py3-none-any.whl.metadata (2.7 kB)
Collecting jsonschema>3.1.1 (from inspect-ai<1,>=0.3->-r /home/chakwong/python/legalmath/docs/implementation/interpretation-round11/tool-requirements.in (line 8))
  Using cached jsonschema-4.26.0-py3-none-any.whl.metadata (7.6 kB)
Collecting markdown-it-py>=2.2.0 (from inspect-ai<1,>=0.3->-r /home/chakwong/python/legalmath/docs/implementation/interpretation-round11/tool-requirements.in (line 8))
  Using cached markdown_it_py-4.2.0-py3-none-any.whl.metadata (7.4 kB)
Collecting mmh3>3.1.0 (from inspect-ai<1,>=0.3->-r /home/chakwong/python/legalmath/docs/implementation/interpretation-round11/tool-requirements.in (line 8))
  Downloading mmh3-5.3.0-cp311-cp311-manylinux1_x86_64.manylinux_2_28_x86_64.manylinux_2_5_x86_64.whl.metadata (14 kB)
Collecting nest_asyncio2>=1.7.2 (from inspect-ai<1,>=0.3->-r /home/chakwong/python/legalmath/docs/implementation/interpretation-round11/tool-requirements.in (line 8))
  Downloading nest_asyncio2-1.7.3-py3-none-any.whl.metadata (6.7 kB)
Collecting platformdirs>=2.3.0 (from inspect-ai<1,>=0.3->-r /home/chakwong/python/legalmath/docs/implementation/interpretation-round11/tool-requirements.in (line 8))
  Downloading platformdirs-4.11.12-py3-none-any.whl.metadata (5.5 kB)
Collecting psutil (from inspect-ai<1,>=0.3->-r /home/chakwong/python/legalmath/docs/implementation/interpretation-round11/tool-requirements.in (line 8))
  Using cached psutil-7.2.2-cp36-abi3-manylinux2010_x86_64.manylinux_2_12_x86_64.manylinux_2_28_x86_64.whl.metadata (22 kB)
Collecting pyyaml (from inspect-ai<1,>=0.3->-r /home/chakwong/python/legalmath/docs/implementation/interpretation-round11/tool-requirements.in (line 8))
  Using cached pyyaml-6.0.3-cp311-cp311-manylinux2014_x86_64.manylinux_2_17_x86_64.manylinux_2_28_x86_64.whl.metadata (2.4 kB)
Collecting s3fs>=2023 (from inspect-ai<1,>=0.3->-r /home/chakwong/python/legalmath/docs/implementation/interpretation-round11/tool-requirements.in (line 8))
  Downloading s3fs-2026.9.0-py3-none-any.whl.metadata (1.2 kB)
Collecting semver>=3.0.0 (from inspect-ai<1,>=0.3->-r /home/chakwong/python/legalmath/docs/implementation/interpretation-round11/tool-requirements.in (line 8))
  Downloading semver-3.1.0-py3-none-any.whl.metadata (6.9 kB)
Collecting shortuuid (from inspect-ai<1,>=0.3->-r /home/chakwong/python/legalmath/docs/implementation/interpretation-round11/tool-requirements.in (line 8))
  Downloading shortuuid-1.0.13-py3-none-any.whl.metadata (5.8 kB)
Collecting sniffio (from inspect-ai<1,>=0.3->-r /home/chakwong/python/legalmath/docs/implementation/interpretation-round11/tool-requirements.in (line 8))
  Using cached sniffio-1.3.1-py3-none-any.whl.metadata (3.9 kB)
Collecting tenacity (from inspect-ai<1,>=0.3->-r /home/chakwong/python/legalmath/docs/implementation/interpretation-round11/tool-requirements.in (line 8))
  Using cached tenacity-9.1.4-py3-none-any.whl.metadata (1.2 kB)
Collecting textual>=6.2.0 (from inspect-ai<1,>=0.3->-r /home/chakwong/python/legalmath/docs/implementation/interpretation-round11/tool-requirements.in (line 8))
  Downloading textual-8.2.8-py3-none-any.whl.metadata (9.1 kB)
Collecting tiktoken>=0.12.0 (from inspect-ai<1,>=0.3->-r /home/chakwong/python/legalmath/docs/implementation/interpretation-round11/tool-requirements.in (line 8))
  Downloading tiktoken-0.14.0-cp311-cp311-manylinux_2_28_x86_64.whl.metadata (6.7 kB)
Requirement already satisfied: typing_extensions>=4.14.0 in ./.localresources/assurance-tools/venv/lib/python3.11/site-packages (from inspect-ai<1,>=0.3->-r /home/chakwong/python/legalmath/docs/implementation/interpretation-round11/tool-requirements.in (line 8)) (4.16.0)
Collecting universal-pathlib>=0.2.6 (from inspect-ai<1,>=0.3->-r /home/chakwong/python/legalmath/docs/implementation/interpretation-round11/tool-requirements.in (line 8))
  Downloading universal_pathlib-0.3.10-py3-none-any.whl.metadata (39 kB)
Collecting uvicorn (from inspect-ai<1,>=0.3->-r /home/chakwong/python/legalmath/docs/implementation/interpretation-round11/tool-requirements.in (line 8))
  Downloading uvicorn-0.53.0-py3-none-any.whl.metadata (6.6 kB)
Collecting zipfile-zstd>=0.0.4 (from inspect-ai<1,>=0.3->-r /home/chakwong/python/legalmath/docs/implementation/interpretation-round11/tool-requirements.in (line 8))
  Downloading zipfile_zstd-0.0.4-py3-none-any.whl.metadata (2.0 kB)
Collecting zipp>=3.19.1 (from inspect-ai<1,>=0.3->-r /home/chakwong/python/legalmath/docs/implementation/interpretation-round11/tool-requirements.in (line 8))
  Using cached zipp-4.1.0-py3-none-any.whl.metadata (3.6 kB)
Collecting zstandard>=0.20.0 (from inspect-ai<1,>=0.3->-r /home/chakwong/python/legalmath/docs/implementation/interpretation-round11/tool-requirements.in (line 8))
  Downloading zstandard-0.25.0-cp311-cp311-manylinux2014_x86_64.manylinux_2_17_x86_64.whl.metadata (3.3 kB)
Collecting pdfminer.six==20260107 (from pdfplumber<0.12,>=0.11->-r /home/chakwong/python/legalmath/docs/implementation/interpretation-round11/tool-requirements.in (line 10))
  Downloading pdfminer_six-20260107-py3-none-any.whl.metadata (4.3 kB)
Collecting charset-normalizer>=2.0.0 (from pdfminer.six==20260107->pdfplumber<0.12,>=0.11->-r /home/chakwong/python/legalmath/docs/implementation/interpretation-round11/tool-requirements.in (line 10))
  Downloading charset_normalizer-3.5.1-cp311-cp311-manylinux2014_x86_64.manylinux_2_17_x86_64.manylinux_2_28_x86_64.whl.metadata (45 kB)
     ━━━━━━━━━━━━━━━━━━━━━━━━━━━━━━━━━━━━━━━━ 45.9/45.9 kB 2.4 MB/s eta 0:00:00
Collecting cryptography>=36.0.0 (from pdfminer.six==20260107->pdfplumber<0.12,>=0.11->-r /home/chakwong/python/legalmath/docs/implementation/interpretation-round11/tool-requirements.in (line 10))
  Downloading cryptography-50.0.1-cp311-abi3-manylinux_2_34_x86_64.whl.metadata (4.3 kB)
Collecting aiohttp<4.0.0,>=3.14.0 (from aiobotocore>=2.18.0->inspect-ai<1,>=0.3->-r /home/chakwong/python/legalmath/docs/implementation/interpretation-round11/tool-requirements.in (line 8))
  Downloading aiohttp-3.14.3-cp311-cp311-manylinux2014_x86_64.manylinux_2_17_x86_64.manylinux_2_28_x86_64.whl.metadata (8.3 kB)
Collecting aioitertools<1.0.0,>=0.5.1 (from aiobotocore>=2.18.0->inspect-ai<1,>=0.3->-r /home/chakwong/python/legalmath/docs/implementation/interpretation-round11/tool-requirements.in (line 8))
  Downloading aioitertools-0.13.0-py3-none-any.whl.metadata (3.3 kB)
Collecting botocore<1.43.76,>=1.43.66 (from aiobotocore>=2.18.0->inspect-ai<1,>=0.3->-r /home/chakwong/python/legalmath/docs/implementation/interpretation-round11/tool-requirements.in (line 8))
  Downloading botocore-1.43.75-py3-none-any.whl.metadata (5.6 kB)
Collecting jmespath<2.0.0,>=0.7.1 (from aiobotocore>=2.18.0->inspect-ai<1,>=0.3->-r /home/chakwong/python/legalmath/docs/implementation/interpretation-round11/tool-requirements.in (line 8))
  Downloading jmespath-1.1.0-py3-none-any.whl.metadata (7.6 kB)
Collecting multidict<7.0.0,>=6.0.0 (from aiobotocore>=2.18.0->inspect-ai<1,>=0.3->-r /home/chakwong/python/legalmath/docs/implementation/interpretation-round11/tool-requirements.in (line 8))
  Downloading multidict-6.9.1-cp311-cp311-manylinux2014_x86_64.manylinux_2_17_x86_64.manylinux_2_28_x86_64.whl.metadata (5.3 kB)
Collecting python-dateutil<3.0.0,>=2.1 (from aiobotocore>=2.18.0->inspect-ai<1,>=0.3->-r /home/chakwong/python/legalmath/docs/implementation/interpretation-round11/tool-requirements.in (line 8))
  Using cached python_dateutil-2.9.0.post0-py2.py3-none-any.whl.metadata (8.4 kB)
Collecting wrapt<3.0.0,>=1.10.10 (from aiobotocore>=2.18.0->inspect-ai<1,>=0.3->-r /home/chakwong/python/legalmath/docs/implementation/interpretation-round11/tool-requirements.in (line 8))
  Downloading wrapt-2.4.1-cp311-cp311-manylinux1_x86_64.manylinux_2_28_x86_64.manylinux_2_5_x86_64.whl.metadata (7.4 kB)
Collecting idna>=2.8 (from anyio>=4.14.0->inspect-ai<1,>=0.3->-r /home/chakwong/python/legalmath/docs/implementation/interpretation-round11/tool-requirements.in (line 8))
  Using cached idna-3.20-py3-none-any.whl.metadata (7.2 kB)
Collecting soupsieve>=1.6.1 (from beautifulsoup4<5.0.0,>=4.12.3->docling-slim[standard]==2.130.0->docling<3,>=2.70->-r /home/chakwong/python/legalmath/docs/implementation/interpretation-round11/tool-requirements.in (line 4))
  Downloading soupsieve-2.10-py3-none-any.whl.metadata (4.4 kB)
Collecting starlette>=0.46.0 (from fastapi>=0.119.0->inspect-ai<1,>=0.3->-r /home/chakwong/python/legalmath/docs/implementation/interpretation-round11/tool-requirements.in (line 8))
  Downloading starlette-1.7.0-py3-none-any.whl.metadata (6.6 kB)
Collecting typing-inspection>=0.4.2 (from fastapi>=0.119.0->inspect-ai<1,>=0.3->-r /home/chakwong/python/legalmath/docs/implementation/interpretation-round11/tool-requirements.in (line 8))
  Using cached typing_inspection-0.4.4-py3-none-any.whl.metadata (2.6 kB)
Collecting annotated-doc>=0.0.2 (from fastapi>=0.119.0->inspect-ai<1,>=0.3->-r /home/chakwong/python/legalmath/docs/implementation/interpretation-round11/tool-requirements.in (line 8))
  Using cached annotated_doc-0.0.5-py3-none-any.whl.metadata (6.5 kB)
Collecting httpcore==1.* (from httpx<1.0.0,>=0.28->docling-slim[standard]==2.130.0->docling<3,>=2.70->-r /home/chakwong/python/legalmath/docs/implementation/interpretation-round11/tool-requirements.in (line 4))
  Using cached httpcore-1.0.9-py3-none-any.whl.metadata (21 kB)
Collecting h11>=0.16 (from httpcore==1.*->httpx<1.0.0,>=0.28->docling-slim[standard]==2.130.0->docling<3,>=2.70->-r /home/chakwong/python/legalmath/docs/implementation/interpretation-round11/tool-requirements.in (line 4))
  Using cached h11-0.16.0-py3-none-any.whl.metadata (8.3 kB)
Collecting attrs>=19.2.0 (from jsonlines>=3.0.0->inspect-ai<1,>=0.3->-r /home/chakwong/python/legalmath/docs/implementation/interpretation-round11/tool-requirements.in (line 8))
  Using cached attrs-26.1.0-py3-none-any.whl.metadata (8.8 kB)
Collecting jsonpointer>=1.9 (from jsonpatch>=1.32->inspect-ai<1,>=0.3->-r /home/chakwong/python/legalmath/docs/implementation/interpretation-round11/tool-requirements.in (line 8))
  Using cached jsonpointer-3.1.1-py3-none-any.whl.metadata (2.4 kB)
Collecting jsonschema-specifications>=2023.03.6 (from jsonschema>3.1.1->inspect-ai<1,>=0.3->-r /home/chakwong/python/legalmath/docs/implementation/interpretation-round11/tool-requirements.in (line 8))
  Using cached jsonschema_specifications-2025.9.1-py3-none-any.whl.metadata (2.9 kB)
Collecting referencing>=0.28.4 (from jsonschema>3.1.1->inspect-ai<1,>=0.3->-r /home/chakwong/python/legalmath/docs/implementation/interpretation-round11/tool-requirements.in (line 8))
  Using cached referencing-0.37.0-py3-none-any.whl.metadata (2.8 kB)
Collecting rpds-py>=0.25.0 (from jsonschema>3.1.1->inspect-ai<1,>=0.3->-r /home/chakwong/python/legalmath/docs/implementation/interpretation-round11/tool-requirements.in (line 8))
  Using cached rpds_py-2026.6.3-cp311-cp311-manylinux_2_17_x86_64.manylinux2014_x86_64.whl.metadata (4.1 kB)
Collecting mdurl~=0.1 (from markdown-it-py>=2.2.0->inspect-ai<1,>=0.3->-r /home/chakwong/python/legalmath/docs/implementation/interpretation-round11/tool-requirements.in (line 8))
  Using cached mdurl-0.1.2-py3-none-any.whl.metadata (1.6 kB)
Collecting annotated-types>=0.6.0 (from pydantic<3.0.0,>=2.0.0->docling-slim==2.130.0->docling-slim[standard]==2.130.0->docling<3,>=2.70->-r /home/chakwong/python/legalmath/docs/implementation/interpretation-round11/tool-requirements.in (line 4))
  Using cached annotated_types-0.8.0-py3-none-any.whl.metadata (15 kB)
Collecting pydantic-core==2.46.5 (from pydantic<3.0.0,>=2.0.0->docling-slim==2.130.0->docling-slim[standard]==2.130.0->docling<3,>=2.70->-r /home/chakwong/python/legalmath/docs/implementation/interpretation-round11/tool-requirements.in (line 4))
  Downloading pydantic_core-2.46.5-cp311-cp311-manylinux_2_17_x86_64.manylinux2014_x86_64.whl.metadata (6.6 kB)
Collecting pygments<3.0.0,>=2.13.0 (from rich>=13.0.0->docling-slim[standard]==2.130.0->docling<3,>=2.70->-r /home/chakwong/python/legalmath/docs/implementation/interpretation-round11/tool-requirements.in (line 4))
  Using cached pygments-2.21.0-py3-none-any.whl.metadata (2.5 kB)
INFO: pip is looking at multiple versions of s3fs to determine which version is compatible with other requirements. This could take a while.
Collecting s3fs>=2023 (from inspect-ai<1,>=0.3->-r /home/chakwong/python/legalmath/docs/implementation/interpretation-round11/tool-requirements.in (line 8))
  Downloading s3fs-2026.7.0-py3-none-any.whl.metadata (1.2 kB)
  Downloading s3fs-2026.6.0-py3-none-any.whl.metadata (1.2 kB)
Collecting mdit-py-plugins (from textual>=6.2.0->inspect-ai<1,>=0.3->-r /home/chakwong/python/legalmath/docs/implementation/interpretation-round11/tool-requirements.in (line 8))
  Downloading mdit_py_plugins-0.6.1-py3-none-any.whl.metadata (2.9 kB)
Collecting regex (from tiktoken>=0.12.0->inspect-ai<1,>=0.3->-r /home/chakwong/python/legalmath/docs/implementation/interpretation-round11/tool-requirements.in (line 8))
  Downloading regex-2026.9.10-cp311-cp311-manylinux2014_x86_64.manylinux_2_17_x86_64.manylinux_2_28_x86_64.whl.metadata (40 kB)
     ━━━━━━━━━━━━━━━━━━━━━━━━━━━━━━━━━━━━━━━━ 40.6/40.6 kB 2.2 MB/s eta 0:00:00
Collecting pathlib-abc<0.6.0,>=0.5.1 (from universal-pathlib>=0.2.6->inspect-ai<1,>=0.3->-r /home/chakwong/python/legalmath/docs/implementation/interpretation-round11/tool-requirements.in (line 8))
  Downloading pathlib_abc-0.5.2-py3-none-any.whl.metadata (4.6 kB)
INFO: pip is looking at multiple versions of boto3 to determine which version is compatible with other requirements. This could take a while.
Collecting boto3 (from inspect-ai<1,>=0.3->-r /home/chakwong/python/legalmath/docs/implementation/interpretation-round11/tool-requirements.in (line 8))
  Downloading boto3-1.43.101-py3-none-any.whl.metadata (6.6 kB)
  Downloading boto3-1.43.100-py3-none-any.whl.metadata (6.6 kB)
  Downloading boto3-1.43.99-py3-none-any.whl.metadata (6.6 kB)
  Downloading boto3-1.43.98-py3-none-any.whl.metadata (6.6 kB)
  Downloading boto3-1.43.97-py3-none-any.whl.metadata (6.6 kB)
  Downloading boto3-1.43.96-py3-none-any.whl.metadata (6.6 kB)
  Downloading boto3-1.43.95-py3-none-any.whl.metadata (6.6 kB)
INFO: pip is still looking at multiple versions of boto3 to determine which version is compatible with other requirements. This could take a while.
  Downloading boto3-1.43.94-py3-none-any.whl.metadata (6.6 kB)
  Downloading boto3-1.43.93-py3-none-any.whl.metadata (6.6 kB)
  Downloading boto3-1.43.92-py3-none-any.whl.metadata (6.6 kB)
  Downloading boto3-1.43.91-py3-none-any.whl.metadata (6.6 kB)
  Downloading boto3-1.43.90-py3-none-any.whl.metadata (6.6 kB)
INFO: This is taking longer than usual. You might need to provide the dependency resolver with stricter constraints to reduce runtime. See https://pip.pypa.io/warnings/backtracking for guidance. If you want to abort this run, press Ctrl + C.
  Downloading boto3-1.43.89-py3-none-any.whl.metadata (6.6 kB)
  Downloading boto3-1.43.88-py3-none-any.whl.metadata (6.6 kB)
  Downloading boto3-1.43.87-py3-none-any.whl.metadata (6.6 kB)
  Downloading boto3-1.43.86-py3-none-any.whl.metadata (6.6 kB)
  Downloading boto3-1.43.85-py3-none-any.whl.metadata (6.6 kB)
  Downloading boto3-1.43.84-py3-none-any.whl.metadata (6.6 kB)
  Downloading boto3-1.43.83-py3-none-any.whl.metadata (6.6 kB)
  Downloading boto3-1.43.82-py3-none-any.whl.metadata (6.6 kB)
  Downloading boto3-1.43.81-py3-none-any.whl.metadata (6.6 kB)
  Downloading boto3-1.43.80-py3-none-any.whl.metadata (6.6 kB)
  Downloading boto3-1.43.79-py3-none-any.whl.metadata (6.6 kB)
  Downloading boto3-1.43.78-py3-none-any.whl.metadata (6.6 kB)
  Downloading boto3-1.43.77-py3-none-any.whl.metadata (6.6 kB)
  Downloading boto3-1.43.76-py3-none-any.whl.metadata (6.6 kB)
  Downloading boto3-1.43.75-py3-none-any.whl.metadata (6.6 kB)
Collecting s3transfer<0.20.0,>=0.19.0 (from boto3->inspect-ai<1,>=0.3->-r /home/chakwong/python/legalmath/docs/implementation/interpretation-round11/tool-requirements.in (line 8))
  Downloading s3transfer-0.19.2-py3-none-any.whl.metadata (1.7 kB)
Collecting pycparser (from cffi->clingo<6,>=5.8->-r /home/chakwong/python/legalmath/docs/implementation/interpretation-round11/tool-requirements.in (line 7))
  Using cached pycparser-3.0-py3-none-any.whl.metadata (8.2 kB)
Collecting safetensors>=0.4.3 (from accelerate<2,>=1.0.0->docling-slim[standard]==2.130.0->docling<3,>=2.70->-r /home/chakwong/python/legalmath/docs/implementation/interpretation-round11/tool-requirements.in (line 4))
  Using cached safetensors-0.8.0-cp310-abi3-manylinux_2_17_x86_64.manylinux2014_x86_64.whl.metadata (4.2 kB)
Collecting aiohappyeyeballs>=2.5.0 (from aiohttp<4.0.0,>=3.14.0->aiobotocore>=2.18.0->inspect-ai<1,>=0.3->-r /home/chakwong/python/legalmath/docs/implementation/interpretation-round11/tool-requirements.in (line 8))
  Downloading aiohappyeyeballs-2.7.1-py3-none-any.whl.metadata (5.9 kB)
Collecting aiosignal>=1.4.0 (from aiohttp<4.0.0,>=3.14.0->aiobotocore>=2.18.0->inspect-ai<1,>=0.3->-r /home/chakwong/python/legalmath/docs/implementation/interpretation-round11/tool-requirements.in (line 8))
  Using cached aiosignal-1.4.0-py3-none-any.whl.metadata (3.7 kB)
Collecting frozenlist>=1.1.1 (from aiohttp<4.0.0,>=3.14.0->aiobotocore>=2.18.0->inspect-ai<1,>=0.3->-r /home/chakwong/python/legalmath/docs/implementation/interpretation-round11/tool-requirements.in (line 8))
  Using cached frozenlist-1.8.0-cp311-cp311-manylinux1_x86_64.manylinux_2_28_x86_64.manylinux_2_5_x86_64.whl.metadata (20 kB)
Collecting propcache>=0.2.0 (from aiohttp<4.0.0,>=3.14.0->aiobotocore>=2.18.0->inspect-ai<1,>=0.3->-r /home/chakwong/python/legalmath/docs/implementation/interpretation-round11/tool-requirements.in (line 8))
  Downloading propcache-0.5.4-cp311-cp311-manylinux2014_x86_64.manylinux_2_17_x86_64.manylinux_2_28_x86_64.whl.metadata (25 kB)
Collecting yarl<2.0,>=1.17.0 (from aiohttp<4.0.0,>=3.14.0->aiobotocore>=2.18.0->inspect-ai<1,>=0.3->-r /home/chakwong/python/legalmath/docs/implementation/interpretation-round11/tool-requirements.in (line 8))
  Downloading yarl-1.25.1-cp311-cp311-manylinux2014_x86_64.manylinux_2_17_x86_64.manylinux_2_28_x86_64.whl.metadata (111 kB)
     ━━━━━━━━━━━━━━━━━━━━━━━━━━━━━━━━━━━━━━━ 111.6/111.6 kB 2.3 MB/s eta 0:00:00
Collecting urllib3!=2.2.0,<3,>=1.25.4 (from botocore<1.43.76,>=1.43.66->aiobotocore>=2.18.0->inspect-ai<1,>=0.3->-r /home/chakwong/python/legalmath/docs/implementation/interpretation-round11/tool-requirements.in (line 8))
  Downloading urllib3-2.8.0-py3-none-any.whl.metadata (7.4 kB)
Collecting tabulate<0.11.0,>=0.9.0 (from docling-core<3.0.0,>=2.96.0->docling-slim==2.130.0->docling-slim[standard]==2.130.0->docling<3,>=2.70->-r /home/chakwong/python/legalmath/docs/implementation/interpretation-round11/tool-requirements.in (line 4))
  Downloading tabulate-0.10.0-py3-none-any.whl.metadata (40 kB)
     ━━━━━━━━━━━━━━━━━━━━━━━━━━━━━━━━━━━━━━━━ 40.8/40.8 kB 1.5 MB/s eta 0:00:00
Collecting pandas<4.0.0,>=2.1.4 (from docling-core<3.0.0,>=2.96.0->docling-slim==2.130.0->docling-slim[standard]==2.130.0->docling<3,>=2.70->-r /home/chakwong/python/legalmath/docs/implementation/interpretation-round11/tool-requirements.in (line 4))
  Downloading pandas-3.0.6-cp311-cp311-manylinux_2_24_x86_64.manylinux_2_28_x86_64.whl.metadata (79 kB)
     ━━━━━━━━━━━━━━━━━━━━━━━━━━━━━━━━━━━━━━━━ 79.5/79.5 kB 1.7 MB/s eta 0:00:00
Collecting latex2mathml<4.0.0,>=3.77.0 (from docling-core<3.0.0,>=2.96.0->docling-slim==2.130.0->docling-slim[standard]==2.130.0->docling<3,>=2.70->-r /home/chakwong/python/legalmath/docs/implementation/interpretation-round11/tool-requirements.in (line 4))
  Downloading latex2mathml-3.81.1-py3-none-any.whl.metadata (15 kB)
Collecting doclang<0.8,>=0.7 (from docling-core<3.0.0,>=2.96.0->docling-slim==2.130.0->docling-slim[standard]==2.130.0->docling<3,>=2.70->-r /home/chakwong/python/legalmath/docs/implementation/interpretation-round11/tool-requirements.in (line 4))
  Downloading doclang-0.7.3-py3-none-any.whl.metadata (4.6 kB)
Collecting semchunk<4.0.0,>=2.2.0 (from docling-core[chunking]<3.0.0,>=2.96.0; extra == "standard"->docling-slim[standard]==2.130.0->docling<3,>=2.70->-r /home/chakwong/python/legalmath/docs/implementation/interpretation-round11/tool-requirements.in (line 4))
  Downloading semchunk-3.2.5-py3-none-any.whl.metadata (14 kB)
Collecting tree-sitter<0.27.0,>=0.25.0 (from docling-core[chunking]<3.0.0,>=2.96.0; extra == "standard"->docling-slim[standard]==2.130.0->docling<3,>=2.70->-r /home/chakwong/python/legalmath/docs/implementation/interpretation-round11/tool-requirements.in (line 4))
  Downloading tree_sitter-0.26.0-cp311-cp311-manylinux2014_x86_64.manylinux_2_17_x86_64.manylinux_2_28_x86_64.whl.metadata (10 kB)
Collecting tree-sitter-python>=0.23.6 (from docling-core[chunking]<3.0.0,>=2.96.0; extra == "standard"->docling-slim[standard]==2.130.0->docling<3,>=2.70->-r /home/chakwong/python/legalmath/docs/implementation/interpretation-round11/tool-requirements.in (line 4))
  Downloading tree_sitter_python-0.25.0-cp310-abi3-manylinux1_x86_64.manylinux_2_28_x86_64.manylinux_2_5_x86_64.whl.metadata (1.9 kB)
Collecting tree-sitter-c>=0.23.4 (from docling-core[chunking]<3.0.0,>=2.96.0; extra == "standard"->docling-slim[standard]==2.130.0->docling<3,>=2.70->-r /home/chakwong/python/legalmath/docs/implementation/interpretation-round11/tool-requirements.in (line 4))
  Downloading tree_sitter_c-0.24.2-cp310-abi3-manylinux1_x86_64.manylinux_2_28_x86_64.manylinux_2_5_x86_64.whl.metadata (1.8 kB)
Collecting tree-sitter-javascript>=0.23.1 (from docling-core[chunking]<3.0.0,>=2.96.0; extra == "standard"->docling-slim[standard]==2.130.0->docling<3,>=2.70->-r /home/chakwong/python/legalmath/docs/implementation/interpretation-round11/tool-requirements.in (line 4))
  Downloading tree_sitter_javascript-0.25.0-cp310-abi3-manylinux1_x86_64.manylinux_2_28_x86_64.manylinux_2_5_x86_64.whl.metadata (2.2 kB)
Collecting tree-sitter-typescript>=0.23.2 (from docling-core[chunking]<3.0.0,>=2.96.0; extra == "standard"->docling-slim[standard]==2.130.0->docling<3,>=2.70->-r /home/chakwong/python/legalmath/docs/implementation/interpretation-round11/tool-requirements.in (line 4))
  Downloading tree_sitter_typescript-0.23.2-cp39-abi3-manylinux_2_5_x86_64.manylinux1_x86_64.manylinux_2_17_x86_64.manylinux2014_x86_64.whl.metadata (2.3 kB)
Collecting transformers<6.0.0,>=4.42.0 (from docling-core[chunking]<3.0.0,>=2.96.0; extra == "standard"->docling-slim[standard]==2.130.0->docling<3,>=2.70->-r /home/chakwong/python/legalmath/docs/implementation/interpretation-round11/tool-requirements.in (line 4))
  Downloading transformers-5.17.0-py3-none-any.whl.metadata (32 kB)
Requirement already satisfied: filelock>=3.10.0 in ./.localresources/assurance-tools/venv/lib/python3.11/site-packages (from huggingface-hub<2,>=0.23->docling-slim[standard]==2.130.0->docling<3,>=2.70->-r /home/chakwong/python/legalmath/docs/implementation/interpretation-round11/tool-requirements.in (line 4)) (3.32.3)
Collecting hf-xet<2.0.0,>=1.6.0 (from huggingface-hub<2,>=0.23->docling-slim[standard]==2.130.0->docling<3,>=2.70->-r /home/chakwong/python/legalmath/docs/implementation/interpretation-round11/tool-requirements.in (line 4))
  Downloading hf_xet-1.6.0-cp38-abi3-manylinux2014_x86_64.manylinux_2_17_x86_64.whl.metadata (4.9 kB)
Collecting linkify-it-py<3,>=1 (from markdown-it-py[linkify]>=2.1.0->textual>=6.2.0->inspect-ai<1,>=0.3->-r /home/chakwong/python/legalmath/docs/implementation/interpretation-round11/tool-requirements.in (line 8))
  Downloading linkify_it_py-2.2.0-py3-none-any.whl.metadata (8.6 kB)
Collecting et-xmlfile (from openpyxl<4.0.0,>=3.1.5->docling-slim[standard]==2.130.0->docling<3,>=2.70->-r /home/chakwong/python/legalmath/docs/implementation/interpretation-round11/tool-requirements.in (line 4))
  Downloading et_xmlfile-2.0.0-py3-none-any.whl.metadata (2.7 kB)
Collecting faker>=5.0.0 (from polyfactory>=2.22.2->docling-slim[standard]==2.130.0->docling<3,>=2.70->-r /home/chakwong/python/legalmath/docs/implementation/interpretation-round11/tool-requirements.in (line 4))
  Downloading faker-40.39.0-py3-none-any.whl.metadata (16 kB)
Collecting six>=1.5 (from python-dateutil<3.0.0,>=2.1->aiobotocore>=2.18.0->inspect-ai<1,>=0.3->-r /home/chakwong/python/legalmath/docs/implementation/interpretation-round11/tool-requirements.in (line 8))
  Using cached six-1.17.0-py2.py3-none-any.whl.metadata (1.7 kB)
Collecting lxml>=3.1.0 (from python-docx<2.0.0,>=1.2.0->docling-slim[standard]==2.130.0->docling<3,>=2.70->-r /home/chakwong/python/legalmath/docs/implementation/interpretation-round11/tool-requirements.in (line 4))
  Downloading lxml-6.1.3-cp311-cp311-manylinux_2_26_x86_64.manylinux_2_28_x86_64.whl.metadata (3.3 kB)
Collecting olefile (from python-oxmsg<0.1.0,>=0.0.2->docling-slim[standard]==2.130.0->docling<3,>=2.70->-r /home/chakwong/python/legalmath/docs/implementation/interpretation-round11/tool-requirements.in (line 4))
  Downloading olefile-0.47-py2.py3-none-any.whl.metadata (9.7 kB)
Collecting XlsxWriter>=0.5.7 (from python-pptx<2.0.0,>=1.0.2->docling-slim[standard]==2.130.0->docling<3,>=2.70->-r /home/chakwong/python/legalmath/docs/implementation/interpretation-round11/tool-requirements.in (line 4))
  Downloading xlsxwriter-3.2.9-py3-none-any.whl.metadata (2.7 kB)
Collecting pyclipper>=1.2.0 (from rapidocr<4.0.0,>=3.9.1->docling-slim[standard]==2.130.0->docling<3,>=2.70->-r /home/chakwong/python/legalmath/docs/implementation/interpretation-round11/tool-requirements.in (line 4))
  Downloading pyclipper-1.4.0-cp311-cp311-manylinux2014_x86_64.manylinux_2_17_x86_64.whl.metadata (8.6 kB)
Collecting opencv_python>=4.5.1.48 (from rapidocr<4.0.0,>=3.9.1->docling-slim[standard]==2.130.0->docling<3,>=2.70->-r /home/chakwong/python/legalmath/docs/implementation/interpretation-round11/tool-requirements.in (line 4))
  Downloading opencv_python-5.0.0.93-cp37-abi3-manylinux_2_28_x86_64.whl.metadata (19 kB)
Collecting Shapely!=2.0.4,>=1.7.1 (from rapidocr<4.0.0,>=3.9.1->docling-slim[standard]==2.130.0->docling<3,>=2.70->-r /home/chakwong/python/legalmath/docs/implementation/interpretation-round11/tool-requirements.in (line 4))
  Downloading shapely-2.1.2-cp311-cp311-manylinux2014_x86_64.manylinux_2_17_x86_64.whl.metadata (6.8 kB)
Collecting omegaconf!=2.2.1 (from rapidocr<4.0.0,>=3.9.1->docling-slim[standard]==2.130.0->docling<3,>=2.70->-r /home/chakwong/python/legalmath/docs/implementation/interpretation-round11/tool-requirements.in (line 4))
  Downloading omegaconf-2.3.1-py3-none-any.whl.metadata (4.5 kB)
Collecting colorlog (from rapidocr<4.0.0,>=3.9.1->docling-slim[standard]==2.130.0->docling<3,>=2.70->-r /home/chakwong/python/legalmath/docs/implementation/interpretation-round11/tool-requirements.in (line 4))
  Downloading colorlog-6.12.0-py3-none-any.whl.metadata (11 kB)
Requirement already satisfied: sympy>=1.13.3 in ./.localresources/assurance-tools/venv/lib/python3.11/site-packages (from torch<3.0.0,>=2.2.2->docling-slim[standard]==2.130.0->docling<3,>=2.70->-r /home/chakwong/python/legalmath/docs/implementation/interpretation-round11/tool-requirements.in (line 4)) (1.14.0)
Requirement already satisfied: networkx in ./.localresources/assurance-tools/venv/lib/python3.11/site-packages (from torch<3.0.0,>=2.2.2->docling-slim[standard]==2.130.0->docling<3,>=2.70->-r /home/chakwong/python/legalmath/docs/implementation/interpretation-round11/tool-requirements.in (line 4)) (3.6.1)
Requirement already satisfied: jinja2 in ./.localresources/assurance-tools/venv/lib/python3.11/site-packages (from torch<3.0.0,>=2.2.2->docling-slim[standard]==2.130.0->docling<3,>=2.70->-r /home/chakwong/python/legalmath/docs/implementation/interpretation-round11/tool-requirements.in (line 4)) (3.1.6)
Collecting shellingham>=1.3.0 (from typer<0.27.0,>=0.19.0->docling-slim[standard]==2.130.0->docling<3,>=2.70->-r /home/chakwong/python/legalmath/docs/implementation/interpretation-round11/tool-requirements.in (line 4))
  Using cached shellingham-1.5.4-py2.py3-none-any.whl.metadata (3.5 kB)
Collecting antlr4-python3-runtime==4.9.* (from omegaconf!=2.2.1->rapidocr<4.0.0,>=3.9.1->docling-slim[standard]==2.130.0->docling<3,>=2.70->-r /home/chakwong/python/legalmath/docs/implementation/interpretation-round11/tool-requirements.in (line 4))
  Downloading antlr4-python3-runtime-4.9.3.tar.gz (117 kB)
     ━━━━━━━━━━━━━━━━━━━━━━━━━━━━━━━━━━━━━━━ 117.0/117.0 kB 2.1 MB/s eta 0:00:00
  Installing build dependencies: started
  Installing build dependencies: finished with status 'done'
  Getting requirements to build wheel: started
  Getting requirements to build wheel: finished with status 'done'
  Preparing metadata (pyproject.toml): started
  Preparing metadata (pyproject.toml): finished with status 'done'
Collecting mpire[dill] (from semchunk<4.0.0,>=2.2.0->docling-core[chunking]<3.0.0,>=2.96.0; extra == "standard"->docling-slim[standard]==2.130.0->docling<3,>=2.70->-r /home/chakwong/python/legalmath/docs/implementation/interpretation-round11/tool-requirements.in (line 4))
  Downloading mpire-2.10.2-py3-none-any.whl.metadata (14 kB)
Requirement already satisfied: mpmath<1.4,>=1.1.0 in ./.localresources/assurance-tools/venv/lib/python3.11/site-packages (from sympy>=1.13.3->torch<3.0.0,>=2.2.2->docling-slim[standard]==2.130.0->docling<3,>=2.70->-r /home/chakwong/python/legalmath/docs/implementation/interpretation-round11/tool-requirements.in (line 4)) (1.3.0)
Collecting tokenizers<0.24.0,>=0.23.1 (from transformers<6.0.0,>=4.42.0->docling-core[chunking]<3.0.0,>=2.96.0; extra == "standard"->docling-slim[standard]==2.130.0->docling<3,>=2.70->-r /home/chakwong/python/legalmath/docs/implementation/interpretation-round11/tool-requirements.in (line 4))
  Downloading tokenizers-0.23.2-cp310-abi3-manylinux_2_17_x86_64.manylinux2014_x86_64.whl.metadata (9.8 kB)
Requirement already satisfied: MarkupSafe>=2.0 in ./.localresources/assurance-tools/venv/lib/python3.11/site-packages (from jinja2->torch<3.0.0,>=2.2.2->docling-slim[standard]==2.130.0->docling<3,>=2.70->-r /home/chakwong/python/legalmath/docs/implementation/interpretation-round11/tool-requirements.in (line 4)) (3.0.3)
Collecting multiprocess>=0.70.15 (from mpire[dill]->semchunk<4.0.0,>=2.2.0->docling-core[chunking]<3.0.0,>=2.96.0; extra == "standard"->docling-slim[standard]==2.130.0->docling<3,>=2.70->-r /home/chakwong/python/legalmath/docs/implementation/interpretation-round11/tool-requirements.in (line 4))
  Downloading multiprocess-0.70.19-py311-none-any.whl.metadata (7.5 kB)
Collecting dill>=0.4.1 (from multiprocess>=0.70.15->mpire[dill]->semchunk<4.0.0,>=2.2.0->docling-core[chunking]<3.0.0,>=2.96.0; extra == "standard"->docling-slim[standard]==2.130.0->docling<3,>=2.70->-r /home/chakwong/python/legalmath/docs/implementation/interpretation-round11/tool-requirements.in (line 4))
  Using cached dill-0.4.1-py3-none-any.whl.metadata (10 kB)
Using cached pypdf-6.8.0-py3-none-any.whl (332 kB)
Using cached z3_solver-4.16.0.0-py3-none-manylinux_2_27_x86_64.whl (31.7 MB)
Downloading docling-2.130.0-py3-none-any.whl (5.2 kB)
Downloading docling_slim-2.130.0-py3-none-any.whl (876 kB)
   ━━━━━━━━━━━━━━━━━━━━━━━━━━━━━━━━━━━━━━━━ 876.7/876.7 kB 1.8 MB/s eta 0:00:00
Downloading pytesseract-0.3.13-py3-none-any.whl (14 kB)
Downloading cvc5-1.4.0-cp311-cp311-manylinux2014_x86_64.manylinux_2_17_x86_64.whl (14.4 MB)
   ━━━━━━━━━━━━━━━━━━━━━━━━━━━━━━━━━━━━━━━━ 14.4/14.4 MB 485.8 kB/s eta 0:00:00
Downloading clingo-5.8.2-cp311-cp311-manylinux_2_27_x86_64.manylinux_2_28_x86_64.whl (2.3 MB)
   ━━━━━━━━━━━━━━━━━━━━━━━━━━━━━━━━━━━━━━━━ 2.3/2.3 MB 662.2 kB/s eta 0:00:00
Downloading inspect_ai-0.3.268-py3-none-any.whl (34.7 MB)
   ━━━━━━━━━━━━━━━━━━━━━━━━━━━━━━━━━━━━━━━━ 34.7/34.7 MB 477.1 kB/s eta 0:00:00
Downloading pdfplumber-0.11.10-py3-none-any.whl (60 kB)
   ━━━━━━━━━━━━━━━━━━━━━━━━━━━━━━━━━━━━━━━━ 60.0/60.0 kB 6.5 MB/s eta 0:00:00
Downloading pdfminer_six-20260107-py3-none-any.whl (6.6 MB)
   ━━━━━━━━━━━━━━━━━━━━━━━━━━━━━━━━━━━━━━━━ 6.6/6.6 MB 349.3 kB/s eta 0:00:00
Downloading reportlab-4.5.1-py3-none-any.whl (2.0 MB)
   ━━━━━━━━━━━━━━━━━━━━━━━━━━━━━━━━━━━━━━━━ 2.0/2.0 MB 426.7 kB/s eta 0:00:00
Downloading agent_client_protocol-0.12.1-py3-none-any.whl (85 kB)
   ━━━━━━━━━━━━━━━━━━━━━━━━━━━━━━━━━━━━━━━━ 85.9/85.9 kB 582.7 kB/s eta 0:00:00
Downloading aiobotocore-3.9.1-py3-none-any.whl (102 kB)
   ━━━━━━━━━━━━━━━━━━━━━━━━━━━━━━━━━━━━━━━ 102.0/102.0 kB 721.5 kB/s eta 0:00:00
Using cached anyio-4.15.1-py3-none-any.whl (132 kB)
Using cached beautifulsoup4-4.15.0-py3-none-any.whl (109 kB)
Downloading charset_normalizer-3.5.1-cp311-cp311-manylinux2014_x86_64.manylinux_2_17_x86_64.manylinux_2_28_x86_64.whl (262 kB)
   ━━━━━━━━━━━━━━━━━━━━━━━━━━━━━━━━━━━━━━━ 262.3/262.3 kB 681.3 kB/s eta 0:00:00
Using cached click-8.5.0-py3-none-any.whl (125 kB)
Downloading docstring_parser-0.18.0-py3-none-any.whl (22 kB)
Downloading fastapi-0.141.1-py3-none-any.whl (131 kB)
   ━━━━━━━━━━━━━━━━━━━━━━━━━━━━━━━━━━━━━━━ 132.0/132.0 kB 826.7 kB/s eta 0:00:00
Downloading fsspec-2026.6.0-py3-none-any.whl (203 kB)
   ━━━━━━━━━━━━━━━━━━━━━━━━━━━━━━━━━━━━━━━ 203.9/203.9 kB 794.7 kB/s eta 0:00:00
Using cached httpx-0.28.1-py3-none-any.whl (73 kB)
Using cached httpcore-1.0.9-py3-none-any.whl (78 kB)
Downloading ijson-3.5.1-cp311-cp311-manylinux2014_x86_64.manylinux_2_17_x86_64.manylinux_2_28_x86_64.whl (135 kB)
   ━━━━━━━━━━━━━━━━━━━━━━━━━━━━━━━━━━━━━━━ 135.2/135.2 kB 790.7 kB/s eta 0:00:00
Downloading jsonlines-4.0.0-py3-none-any.whl (8.7 kB)
Downloading jsonpatch-1.33-py2.py3-none-any.whl (12 kB)
Downloading jsonpath_ng-1.8.0-py3-none-any.whl (67 kB)
   ━━━━━━━━━━━━━━━━━━━━━━━━━━━━━━━━━━━━━━━━ 67.8/67.8 kB 809.2 kB/s eta 0:00:00
Downloading jsonref-1.1.0-py3-none-any.whl (9.4 kB)
Using cached jsonschema-4.26.0-py3-none-any.whl (90 kB)
Using cached markdown_it_py-4.2.0-py3-none-any.whl (91 kB)
Downloading mmh3-5.3.0-cp311-cp311-manylinux1_x86_64.manylinux_2_28_x86_64.manylinux_2_5_x86_64.whl (102 kB)
   ━━━━━━━━━━━━━━━━━━━━━━━━━━━━━━━━━━━━━━━ 103.0/103.0 kB 922.8 kB/s eta 0:00:00
Downloading nest_asyncio2-1.7.3-py3-none-any.whl (8.4 kB)
Using cached packaging-26.3-py3-none-any.whl (129 kB)
Downloading platformdirs-4.11.12-py3-none-any.whl (24 kB)
Downloading pydantic-2.13.5-py3-none-any.whl (472 kB)
   ━━━━━━━━━━━━━━━━━━━━━━━━━━━━━━━━━━━━━━━ 472.6/472.6 kB 854.1 kB/s eta 0:00:00
Downloading pydantic_core-2.46.5-cp311-cp311-manylinux_2_17_x86_64.manylinux2014_x86_64.whl (2.1 MB)
   ━━━━━━━━━━━━━━━━━━━━━━━━━━━━━━━━━━━━━━━━ 2.1/2.1 MB 772.2 kB/s eta 0:00:00
Downloading pypdfium2-5.13.0-py3-none-manylinux_2_17_x86_64.manylinux2014_x86_64.whl (3.7 MB)
   ━━━━━━━━━━━━━━━━━━━━━━━━━━━━━━━━━━━━━━━━ 3.7/3.7 MB 227.8 kB/s eta 0:00:00
Downloading python_dotenv-1.2.3-py3-none-any.whl (22 kB)
Using cached rich-15.0.0-py3-none-any.whl (310 kB)
Downloading s3fs-2026.6.0-py3-none-any.whl (32 kB)
Downloading semver-3.1.0-py3-none-any.whl (18 kB)
Downloading textual-8.2.8-py3-none-any.whl (731 kB)
   ━━━━━━━━━━━━━━━━━━━━━━━━━━━━━━━━━━━━━━━ 731.4/731.4 kB 749.5 kB/s eta 0:00:00
Downloading tiktoken-0.14.0-cp311-cp311-manylinux_2_28_x86_64.whl (1.2 MB)
   ━━━━━━━━━━━━━━━━━━━━━━━━━━━━━━━━━━━━━━━━ 1.2/1.2 MB 336.4 kB/s eta 0:00:00
Downloading universal_pathlib-0.3.10-py3-none-any.whl (83 kB)
   ━━━━━━━━━━━━━━━━━━━━━━━━━━━━━━━━━━━━━━━━ 83.5/83.5 kB 296.4 kB/s eta 0:00:00
Downloading zipfile_zstd-0.0.4-py3-none-any.whl (4.1 kB)
Using cached zipp-4.1.0-py3-none-any.whl (10 kB)
Downloading zstandard-0.25.0-cp311-cp311-manylinux2014_x86_64.manylinux_2_17_x86_64.whl (5.6 MB)
   ━━━━━━━━━━━━━━━━━━━━━━━━━━━━━━━━━━━━━━━━ 5.6/5.6 MB 498.7 kB/s eta 0:00:00
Downloading boto3-1.43.75-py3-none-any.whl (140 kB)
   ━━━━━━━━━━━━━━━━━━━━━━━━━━━━━━━━━━━━━━━ 140.0/140.0 kB 491.5 kB/s eta 0:00:00
Downloading cffi-2.1.1-cp311-cp311-manylinux2014_x86_64.manylinux_2_17_x86_64.whl (217 kB)
   ━━━━━━━━━━━━━━━━━━━━━━━━━━━━━━━━━━━━━━━ 217.8/217.8 kB 505.2 kB/s eta 0:00:00
Downloading debugpy-1.8.22-cp311-cp311-manylinux_2_34_x86_64.whl (3.1 MB)
   ━━━━━━━━━━━━━━━━━━━━━━━━━━━━━━━━━━━━━━━━ 3.1/3.1 MB 625.9 kB/s eta 0:00:00
Using cached psutil-7.2.2-cp36-abi3-manylinux2010_x86_64.manylinux_2_12_x86_64.manylinux_2_28_x86_64.whl (155 kB)
Using cached pyyaml-6.0.3-cp311-cp311-manylinux2014_x86_64.manylinux_2_17_x86_64.manylinux_2_28_x86_64.whl (806 kB)
Downloading shortuuid-1.0.13-py3-none-any.whl (10 kB)
Using cached sniffio-1.3.1-py3-none-any.whl (10 kB)
Using cached tenacity-9.1.4-py3-none-any.whl (28 kB)
Downloading uvicorn-0.53.0-py3-none-any.whl (87 kB)
   ━━━━━━━━━━━━━━━━━━━━━━━━━━━━━━━━━━━━━━━━ 87.1/87.1 kB 2.6 MB/s eta 0:00:00
Downloading accelerate-1.15.0-py3-none-any.whl (394 kB)
   ━━━━━━━━━━━━━━━━━━━━━━━━━━━━━━━━━━━━━━━━ 394.3/394.3 kB 1.8 MB/s eta 0:00:00
Downloading aiohttp-3.14.3-cp311-cp311-manylinux2014_x86_64.manylinux_2_17_x86_64.manylinux_2_28_x86_64.whl (1.8 MB)
   ━━━━━━━━━━━━━━━━━━━━━━━━━━━━━━━━━━━━━━━━ 1.8/1.8 MB 482.7 kB/s eta 0:00:00
Downloading aioitertools-0.13.0-py3-none-any.whl (24 kB)
Using cached annotated_doc-0.0.5-py3-none-any.whl (5.3 kB)
Using cached annotated_types-0.8.0-py3-none-any.whl (13 kB)
Using cached attrs-26.1.0-py3-none-any.whl (67 kB)
Downloading botocore-1.43.75-py3-none-any.whl (15.7 MB)
   ━━━━━━━━━━━━━━━━━━━━━━━━━━━━━━━━━━━━━━━━ 15.7/15.7 MB 446.0 kB/s eta 0:00:00
Using cached certifi-2026.7.22-py3-none-any.whl (136 kB)
Downloading cryptography-50.0.1-cp311-abi3-manylinux_2_34_x86_64.whl (4.7 MB)
   ━━━━━━━━━━━━━━━━━━━━━━━━━━━━━━━━━━━━━━━━ 4.7/4.7 MB 293.0 kB/s eta 0:00:00
Using cached defusedxml-0.7.1-py2.py3-none-any.whl (25 kB)
Downloading docling_core-2.98.0-py3-none-any.whl (305 kB)
   ━━━━━━━━━━━━━━━━━━━━━━━━━━━━━━━━━━━━━━━ 305.6/305.6 kB 340.9 kB/s eta 0:00:00
Downloading docling_ibm_models-4.0.3-py3-none-any.whl (69 kB)
   ━━━━━━━━━━━━━━━━━━━━━━━━━━━━━━━━━━━━━━━━ 69.4/69.4 kB 346.7 kB/s eta 0:00:00
Downloading docling_parse-7.21.0-cp311-cp311-manylinux_2_27_x86_64.manylinux_2_28_x86_64.whl (10.8 MB)
   ━━━━━━━━━━━━━━━━━━━━━━━━━━━━━━━━━━━━━━━━ 10.8/10.8 MB 350.8 kB/s eta 0:00:00
Downloading filetype-1.2.0-py2.py3-none-any.whl (19 kB)
Using cached h11-0.16.0-py3-none-any.whl (37 kB)
Downloading huggingface_hub-1.33.0-py3-none-any.whl (846 kB)
   ━━━━━━━━━━━━━━━━━━━━━━━━━━━━━━━━━━━━━━━ 846.4/846.4 kB 729.1 kB/s eta 0:00:00
Using cached idna-3.20-py3-none-any.whl (69 kB)
Downloading jmespath-1.1.0-py3-none-any.whl (20 kB)
Using cached jsonpointer-3.1.1-py3-none-any.whl (7.7 kB)
Using cached jsonschema_specifications-2025.9.1-py3-none-any.whl (18 kB)
Downloading langcodes-3.5.1-py3-none-any.whl (183 kB)
   ━━━━━━━━━━━━━━━━━━━━━━━━━━━━━━━━━━━━━━━ 183.1/183.1 kB 437.2 kB/s eta 0:00:00
Downloading mail_parser-4.6.5-py3-none-any.whl (50 kB)
   ━━━━━━━━━━━━━━━━━━━━━━━━━━━━━━━━━━━━━━━━ 50.1/50.1 kB 388.8 kB/s eta 0:00:00
Downloading marko-2.2.4-py3-none-any.whl (46 kB)
   ━━━━━━━━━━━━━━━━━━━━━━━━━━━━━━━━━━━━━━━━ 46.8/46.8 kB 243.3 kB/s eta 0:00:00
Using cached mdurl-0.1.2-py3-none-any.whl (10.0 kB)
Downloading multidict-6.9.1-cp311-cp311-manylinux2014_x86_64.manylinux_2_17_x86_64.manylinux_2_28_x86_64.whl (320 kB)
   ━━━━━━━━━━━━━━━━━━━━━━━━━━━━━━━━━━━━━━━ 320.7/320.7 kB 364.6 kB/s eta 0:00:00
Downloading openpyxl-3.1.5-py2.py3-none-any.whl (250 kB)
   ━━━━━━━━━━━━━━━━━━━━━━━━━━━━━━━━━━━━━━━ 250.9/250.9 kB 203.3 kB/s eta 0:00:00
Downloading pathlib_abc-0.5.2-py3-none-any.whl (19 kB)
Using cached pluggy-1.6.0-py3-none-any.whl (20 kB)
Downloading polyfactory-3.3.0-py3-none-any.whl (62 kB)
   ━━━━━━━━━━━━━━━━━━━━━━━━━━━━━━━━━━━━━━━━ 62.7/62.7 kB 168.3 kB/s eta 0:00:00
Downloading pydantic_settings-2.15.0-py3-none-any.whl (69 kB)
   ━━━━━━━━━━━━━━━━━━━━━━━━━━━━━━━━━━━━━━━━ 69.4/69.4 kB 226.3 kB/s eta 0:00:00
Using cached pygments-2.21.0-py3-none-any.whl (1.3 MB)
Downloading pylatexenc-2.11-py2.py3-none-any.whl (137 kB)
   ━━━━━━━━━━━━━━━━━━━━━━━━━━━━━━━━━━━━━━━ 137.5/137.5 kB 260.2 kB/s eta 0:00:00
Using cached python_dateutil-2.9.0.post0-py2.py3-none-any.whl (229 kB)
Downloading python_docx-1.2.0-py3-none-any.whl (252 kB)
   ━━━━━━━━━━━━━━━━━━━━━━━━━━━━━━━━━━━━━━━ 253.0/253.0 kB 359.1 kB/s eta 0:00:00
Downloading python_oxmsg-0.0.2-py3-none-any.whl (31 kB)
Downloading python_pptx-1.0.2-py3-none-any.whl (472 kB)
   ━━━━━━━━━━━━━━━━━━━━━━━━━━━━━━━━━━━━━━━ 472.8/472.8 kB 205.9 kB/s eta 0:00:00
Downloading rapidocr-3.9.2-py3-none-any.whl (27.3 MB)
   ━━━━━━━━━━━━━━━━━━━━━━━━━━━━━━━━━━━━━━━━ 27.3/27.3 MB 307.1 kB/s eta 0:00:00
Using cached referencing-0.37.0-py3-none-any.whl (26 kB)
Using cached requests-2.34.2-py3-none-any.whl (73 kB)
Using cached rpds_py-2026.6.3-cp311-cp311-manylinux_2_17_x86_64.manylinux2014_x86_64.whl (371 kB)
Downloading rtree-1.4.1-py3-none-manylinux_2_24_x86_64.manylinux_2_28_x86_64.whl (507 kB)
   ━━━━━━━━━━━━━━━━━━━━━━━━━━━━━━━━━━━━━━━ 507.6/507.6 kB 435.3 kB/s eta 0:00:00
Downloading s3transfer-0.19.2-py3-none-any.whl (90 kB)
   ━━━━━━━━━━━━━━━━━━━━━━━━━━━━━━━━━━━━━━━━ 90.2/90.2 kB 538.6 kB/s eta 0:00:00
Using cached scipy-1.17.1-cp311-cp311-manylinux_2_27_x86_64.manylinux_2_28_x86_64.whl (35.3 MB)
Downloading soupsieve-2.10-py3-none-any.whl (38 kB)
Downloading starlette-1.7.0-py3-none-any.whl (78 kB)
   ━━━━━━━━━━━━━━━━━━━━━━━━━━━━━━━━━━━━━━━━ 79.0/79.0 kB 536.9 kB/s eta 0:00:00
Downloading tqdm-4.70.1-py3-none-any.whl (80 kB)
   ━━━━━━━━━━━━━━━━━━━━━━━━━━━━━━━━━━━━━━━━ 80.2/80.2 kB 560.3 kB/s eta 0:00:00
Using cached typer-0.26.8-py3-none-any.whl (122 kB)
Using cached typing_inspection-0.4.4-py3-none-any.whl (14 kB)
Downloading websockets-16.1.1-cp311-cp311-manylinux1_x86_64.manylinux_2_28_x86_64.manylinux_2_5_x86_64.whl (186 kB)
   ━━━━━━━━━━━━━━━━━━━━━━━━━━━━━━━━━━━━━━━ 186.9/186.9 kB 572.4 kB/s eta 0:00:00
Downloading wrapt-2.4.1-cp311-cp311-manylinux1_x86_64.manylinux_2_28_x86_64.manylinux_2_5_x86_64.whl (226 kB)
   ━━━━━━━━━━━━━━━━━━━━━━━━━━━━━━━━━━━━━━━ 226.2/226.2 kB 576.1 kB/s eta 0:00:00
Downloading mdit_py_plugins-0.6.1-py3-none-any.whl (66 kB)
   ━━━━━━━━━━━━━━━━━━━━━━━━━━━━━━━━━━━━━━━━ 66.7/66.7 kB 719.9 kB/s eta 0:00:00
Using cached pycparser-3.0-py3-none-any.whl (48 kB)
Downloading regex-2026.9.10-cp311-cp311-manylinux2014_x86_64.manylinux_2_17_x86_64.manylinux_2_28_x86_64.whl (802 kB)
   ━━━━━━━━━━━━━━━━━━━━━━━━━━━━━━━━━━━━━━━ 803.0/803.0 kB 395.7 kB/s eta 0:00:00
Downloading aiohappyeyeballs-2.7.1-py3-none-any.whl (15 kB)
Using cached aiosignal-1.4.0-py3-none-any.whl (7.5 kB)
Downloading doclang-0.7.3-py3-none-any.whl (32 kB)
Downloading faker-40.39.0-py3-none-any.whl (2.1 MB)
   ━━━━━━━━━━━━━━━━━━━━━━━━━━━━━━━━━━━━━━━━ 2.1/2.1 MB 431.7 kB/s eta 0:00:00
Using cached frozenlist-1.8.0-cp311-cp311-manylinux1_x86_64.manylinux_2_28_x86_64.manylinux_2_5_x86_64.whl (231 kB)
Downloading hf_xet-1.6.0-cp38-abi3-manylinux2014_x86_64.manylinux_2_17_x86_64.whl (4.5 MB)
   ━━━━━━━━━━━━━━━━━━━━━━━━━━━━━━━━━━━━━━━━ 4.5/4.5 MB 577.9 kB/s eta 0:00:00
Downloading latex2mathml-3.81.1-py3-none-any.whl (79 kB)
   ━━━━━━━━━━━━━━━━━━━━━━━━━━━━━━━━━━━━━━━━ 79.2/79.2 kB 1.5 MB/s eta 0:00:00
Downloading linkify_it_py-2.2.0-py3-none-any.whl (21 kB)
Downloading lxml-6.1.3-cp311-cp311-manylinux_2_26_x86_64.manylinux_2_28_x86_64.whl (5.2 MB)
   ━━━━━━━━━━━━━━━━━━━━━━━━━━━━━━━━━━━━━━━━ 5.2/5.2 MB 569.1 kB/s eta 0:00:00
Downloading omegaconf-2.3.1-py3-none-any.whl (79 kB)
   ━━━━━━━━━━━━━━━━━━━━━━━━━━━━━━━━━━━━━━━━ 79.5/79.5 kB 694.2 kB/s eta 0:00:00
Downloading opencv_python-5.0.0.93-cp37-abi3-manylinux_2_28_x86_64.whl (73.8 MB)
   ━━━━━━━━━━━━━━━━━━━━━━━━━━━━━━━━━━━━━━━━ 73.8/73.8 MB 482.4 kB/s eta 0:00:00
Downloading pandas-3.0.6-cp311-cp311-manylinux_2_24_x86_64.manylinux_2_28_x86_64.whl (11.1 MB)
   ━━━━━━━━━━━━━━━━━━━━━━━━━━━━━━━━━━━━━━━━ 11.1/11.1 MB 406.6 kB/s eta 0:00:00
Downloading propcache-0.5.4-cp311-cp311-manylinux2014_x86_64.manylinux_2_17_x86_64.manylinux_2_28_x86_64.whl (235 kB)
   ━━━━━━━━━━━━━━━━━━━━━━━━━━━━━━━━━━━━━━━ 235.4/235.4 kB 424.5 kB/s eta 0:00:00
Downloading pyclipper-1.4.0-cp311-cp311-manylinux2014_x86_64.manylinux_2_17_x86_64.whl (989 kB)
   ━━━━━━━━━━━━━━━━━━━━━━━━━━━━━━━━━━━━━━━ 989.6/989.6 kB 603.1 kB/s eta 0:00:00
Using cached safetensors-0.8.0-cp310-abi3-manylinux_2_17_x86_64.manylinux2014_x86_64.whl (516 kB)
Downloading semchunk-3.2.5-py3-none-any.whl (13 kB)
Downloading shapely-2.1.2-cp311-cp311-manylinux2014_x86_64.manylinux_2_17_x86_64.whl (3.1 MB)
   ━━━━━━━━━━━━━━━━━━━━━━━━━━━━━━━━━━━━━━━━ 3.1/3.1 MB 915.8 kB/s eta 0:00:00
Using cached shellingham-1.5.4-py2.py3-none-any.whl (9.8 kB)
Using cached six-1.17.0-py2.py3-none-any.whl (11 kB)
Downloading tabulate-0.10.0-py3-none-any.whl (39 kB)
Downloading transformers-5.17.0-py3-none-any.whl (12.3 MB)
   ━━━━━━━━━━━━━━━━━━━━━━━━━━━━━━━━━━━━━━━━ 12.3/12.3 MB 415.6 kB/s eta 0:00:00
Downloading tree_sitter-0.26.0-cp311-cp311-manylinux2014_x86_64.manylinux_2_17_x86_64.manylinux_2_28_x86_64.whl (664 kB)
   ━━━━━━━━━━━━━━━━━━━━━━━━━━━━━━━━━━━━━━━ 664.8/664.8 kB 495.2 kB/s eta 0:00:00
Downloading tree_sitter_c-0.24.2-cp310-abi3-manylinux1_x86_64.manylinux_2_28_x86_64.manylinux_2_5_x86_64.whl (94 kB)
   ━━━━━━━━━━━━━━━━━━━━━━━━━━━━━━━━━━━━━━━━ 94.3/94.3 kB 617.5 kB/s eta 0:00:00
Downloading tree_sitter_javascript-0.25.0-cp310-abi3-manylinux1_x86_64.manylinux_2_28_x86_64.manylinux_2_5_x86_64.whl (99 kB)
   ━━━━━━━━━━━━━━━━━━━━━━━━━━━━━━━━━━━━━━━━ 99.7/99.7 kB 639.4 kB/s eta 0:00:00
Downloading tree_sitter_python-0.25.0-cp310-abi3-manylinux1_x86_64.manylinux_2_28_x86_64.manylinux_2_5_x86_64.whl (108 kB)
   ━━━━━━━━━━━━━━━━━━━━━━━━━━━━━━━━━━━━━━━ 108.1/108.1 kB 691.5 kB/s eta 0:00:00
Downloading tree_sitter_typescript-0.23.2-cp39-abi3-manylinux_2_5_x86_64.manylinux1_x86_64.manylinux_2_17_x86_64.manylinux2014_x86_64.whl (344 kB)
   ━━━━━━━━━━━━━━━━━━━━━━━━━━━━━━━━━━━━━━━ 345.0/345.0 kB 757.2 kB/s eta 0:00:00
Downloading urllib3-2.8.0-py3-none-any.whl (135 kB)
   ━━━━━━━━━━━━━━━━━━━━━━━━━━━━━━━━━━━━━━━ 135.7/135.7 kB 587.2 kB/s eta 0:00:00
Downloading xlsxwriter-3.2.9-py3-none-any.whl (175 kB)
   ━━━━━━━━━━━━━━━━━━━━━━━━━━━━━━━━━━━━━━━ 175.3/175.3 kB 816.3 kB/s eta 0:00:00
Downloading yarl-1.25.1-cp311-cp311-manylinux2014_x86_64.manylinux_2_17_x86_64.manylinux_2_28_x86_64.whl (117 kB)
   ━━━━━━━━━━━━━━━━━━━━━━━━━━━━━━━━━━━━━━━ 117.7/117.7 kB 729.6 kB/s eta 0:00:00
Downloading colorlog-6.12.0-py3-none-any.whl (12 kB)
Downloading et_xmlfile-2.0.0-py3-none-any.whl (18 kB)
Downloading olefile-0.47-py2.py3-none-any.whl (114 kB)
   ━━━━━━━━━━━━━━━━━━━━━━━━━━━━━━━━━━━━━━━ 114.6/114.6 kB 885.5 kB/s eta 0:00:00
Downloading tokenizers-0.23.2-cp310-abi3-manylinux_2_17_x86_64.manylinux2014_x86_64.whl (3.4 MB)
   ━━━━━━━━━━━━━━━━━━━━━━━━━━━━━━━━━━━━━━━━ 3.4/3.4 MB 469.9 kB/s eta 0:00:00
Downloading multiprocess-0.70.19-py311-none-any.whl (144 kB)
   ━━━━━━━━━━━━━━━━━━━━━━━━━━━━━━━━━━━━━━━ 144.5/144.5 kB 717.0 kB/s eta 0:00:00
Downloading mpire-2.10.2-py3-none-any.whl (272 kB)
   ━━━━━━━━━━━━━━━━━━━━━━━━━━━━━━━━━━━━━━━ 272.8/272.8 kB 600.6 kB/s eta 0:00:00
Using cached dill-0.4.1-py3-none-any.whl (120 kB)
Building wheels for collected packages: antlr4-python3-runtime
  Building wheel for antlr4-python3-runtime (pyproject.toml): started
  Building wheel for antlr4-python3-runtime (pyproject.toml): finished with status 'done'
  Created wheel for antlr4-python3-runtime: filename=antlr4_python3_runtime-4.9.3-py3-none-any.whl size=144590 sha256=f3fa9f8ea1af80eec91a473263fdac008e7898ee00dd422e84db1a9364b2b487
  Stored in directory: /home/chakwong/.cache/pip/wheels/1a/97/32/461f837398029ad76911109f07047fde1d7b661a147c7c56d1
Successfully built antlr4-python3-runtime
Installing collected packages: z3-solver, pylatexenc, jsonpath-ng, filetype, cvc5, antlr4-python3-runtime, zstandard, zipp, XlsxWriter, wrapt, websockets, urllib3, typing-inspection, tree-sitter-typescript, tree-sitter-python, tree-sitter-javascript, tree-sitter-c, tree-sitter, tqdm, tenacity, tabulate, soupsieve, sniffio, six, shortuuid, shellingham, Shapely, semver, scipy, safetensors, rtree, rpds-py, regex, pyyaml, python-dotenv, pypdfium2, pypdf, pygments, pydantic-core, pycparser, pyclipper, psutil, propcache, pluggy, platformdirs, pathlib-abc, packaging, opencv_python, olefile, nest_asyncio2, multidict, mmh3, mdurl, marko, mail-parser, lxml, linkify-it-py, latex2mathml, langcodes, jsonref, jsonpointer, jmespath, ijson, idna, hf-xet, h11, fsspec, frozenlist, faker, et-xmlfile, docstring-parser, dill, defusedxml, debugpy, colorlog, click, charset-normalizer, certifi, attrs, annotated-types, annotated-doc, aioitertools, aiohappyeyeballs, zipfile-zstd, yarl, uvicorn, universal-pathlib, requests, reportlab, referencing, python-pptx, python-oxmsg, python-docx, python-dateutil, pytesseract, pydantic, polyfactory, openpyxl, omegaconf, multiprocess, mpire, markdown-it-py, jsonpatch, jsonlines, httpcore, cffi, beautifulsoup4, anyio, aiosignal, tiktoken, starlette, rich, rapidocr, pydantic-settings, pandas, mdit-py-plugins, jsonschema-specifications, httpx, cryptography, clingo, botocore, aiohttp, agent-client-protocol, typer, textual, semchunk, s3transfer, pdfminer.six, jsonschema, huggingface-hub, fastapi, aiobotocore, tokenizers, s3fs, pdfplumber, doclang, boto3, accelerate, transformers, inspect-ai, docling-core, docling-slim, docling-parse, docling-ibm-models, docling
  Attempting uninstall: fsspec
    Found existing installation: fsspec 2026.7.0
    Uninstalling fsspec-2026.7.0:
      Successfully uninstalled fsspec-2026.7.0
ERROR: pip's dependency resolver does not currently take into account all the packages that are installed. This behaviour is the source of the following dependency conflicts.
legalmath 0.1.0 requires fastapi==0.135.1, but you have fastapi 0.141.1 which is incompatible.
legalmath 0.1.0 requires pydantic==2.12.5, but you have pydantic 2.13.5 which is incompatible.
legalmath 0.1.0 requires uvicorn==0.43.0, but you have uvicorn 0.53.0 which is incompatible.
Successfully installed Shapely-2.1.2 XlsxWriter-3.2.9 accelerate-1.15.0 agent-client-protocol-0.12.1 aiobotocore-3.9.1 aiohappyeyeballs-2.7.1 aiohttp-3.14.3 aioitertools-0.13.0 aiosignal-1.4.0 annotated-doc-0.0.5 annotated-types-0.8.0 antlr4-python3-runtime-4.9.3 anyio-4.15.1 attrs-26.1.0 beautifulsoup4-4.15.0 boto3-1.43.75 botocore-1.43.75 certifi-2026.7.22 cffi-2.1.1 charset-normalizer-3.5.1 click-8.5.0 clingo-5.8.2 colorlog-6.12.0 cryptography-50.0.1 cvc5-1.4.0 debugpy-1.8.22 defusedxml-0.7.1 dill-0.4.1 doclang-0.7.3 docling-2.130.0 docling-core-2.98.0 docling-ibm-models-4.0.3 docling-parse-7.21.0 docling-slim-2.130.0 docstring-parser-0.18.0 et-xmlfile-2.0.0 faker-40.39.0 fastapi-0.141.1 filetype-1.2.0 frozenlist-1.8.0 fsspec-2026.6.0 h11-0.16.0 hf-xet-1.6.0 httpcore-1.0.9 httpx-0.28.1 huggingface-hub-1.33.0 idna-3.20 ijson-3.5.1 inspect-ai-0.3.268 jmespath-1.1.0 jsonlines-4.0.0 jsonpatch-1.33 jsonpath-ng-1.8.0 jsonpointer-3.1.1 jsonref-1.1.0 jsonschema-4.26.0 jsonschema-specifications-2025.9.1 langcodes-3.5.1 latex2mathml-3.81.1 linkify-it-py-2.2.0 lxml-6.1.3 mail-parser-4.6.5 markdown-it-py-4.2.0 marko-2.2.4 mdit-py-plugins-0.6.1 mdurl-0.1.2 mmh3-5.3.0 mpire-2.10.2 multidict-6.9.1 multiprocess-0.70.19 nest_asyncio2-1.7.3 olefile-0.47 omegaconf-2.3.1 opencv_python-5.0.0.93 openpyxl-3.1.5 packaging-26.3 pandas-3.0.6 pathlib-abc-0.5.2 pdfminer.six-20260107 pdfplumber-0.11.10 platformdirs-4.11.12 pluggy-1.6.0 polyfactory-3.3.0 propcache-0.5.4 psutil-7.2.2 pyclipper-1.4.0 pycparser-3.0 pydantic-2.13.5 pydantic-core-2.46.5 pydantic-settings-2.15.0 pygments-2.21.0 pylatexenc-2.11 pypdf-6.8.0 pypdfium2-5.13.0 pytesseract-0.3.13 python-dateutil-2.9.0.post0 python-docx-1.2.0 python-dotenv-1.2.3 python-oxmsg-0.0.2 python-pptx-1.0.2 pyyaml-6.0.3 rapidocr-3.9.2 referencing-0.37.0 regex-2026.9.10 reportlab-4.5.1 requests-2.34.2 rich-15.0.0 rpds-py-2026.6.3 rtree-1.4.1 s3fs-2026.6.0 s3transfer-0.19.2 safetensors-0.8.0 scipy-1.17.1 semchunk-3.2.5 semver-3.1.0 shellingham-1.5.4 shortuuid-1.0.13 six-1.17.0 sniffio-1.3.1 soupsieve-2.10 starlette-1.7.0 tabulate-0.10.0 tenacity-9.1.4 textual-8.2.8 tiktoken-0.14.0 tokenizers-0.23.2 tqdm-4.70.1 transformers-5.17.0 tree-sitter-0.26.0 tree-sitter-c-0.24.2 tree-sitter-javascript-0.25.0 tree-sitter-python-0.25.0 tree-sitter-typescript-0.23.2 typer-0.26.8 typing-inspection-0.4.4 universal-pathlib-0.3.10 urllib3-2.8.0 uvicorn-0.53.0 websockets-16.1.1 wrapt-2.4.1 yarl-1.25.1 z3-solver-4.16.0.0 zipfile-zstd-0.0.4 zipp-4.1.0 zstandard-0.25.0
{"install_argv": ["/home/chakwong/python/legalmath/.localresources/assurance-tools/venv/bin/python", "-m", "pip", "check"], "cwd": "/home/chakwong/python/legalmath"}
legalmath 0.1.0 has requirement fastapi==0.135.1, but you have fastapi 0.141.1.
legalmath 0.1.0 has requirement pydantic==2.12.5, but you have pydantic 2.13.5.
legalmath 0.1.0 has requirement uvicorn==0.43.0, but you have uvicorn 0.53.0.
Traceback (most recent call last):
  File "/home/chakwong/python/legalmath/scripts/install_assurance_tools.py", line 71, in <module>
    main()
  File "/home/chakwong/python/legalmath/scripts/install_assurance_tools.py", line 37, in main
    run([PY, '-m', 'pip', 'check'])
  File "/home/chakwong/python/legalmath/scripts/install_assurance_tools.py", line 18, in run
    subprocess.run(list(map(str, argv)), cwd=cwd, check=True, timeout=timeout,
  File "/home/chakwong/miniconda3/envs/tfgpu/lib/python3.11/subprocess.py", line 571, in run
    raise CalledProcessError(retcode, process.args,
subprocess.CalledProcessError: Command '['/home/chakwong/python/legalmath/.localresources/assurance-tools/venv/bin/python', '-m', 'pip', 'check']' returned non-zero exit status 1.
