.FF.FFFFFFF.......FFFFFFFFF                                              [100%]
=================================== FAILURES ===================================
_ test_explicit_cash_fields_accept_layout_variants[Final Redemption Amount:-Calculation Amount] _

unit_label = 'Calculation Amount', final_label = 'Final Redemption Amount:'

    @pytest.mark.parametrize('unit_label', [
        'Calculation Amount:', 'Calculation Amount',
        'Calculation Amount (Applicable to Notes in definitive Form.)',
        'Calculation Amount (Applicable to Notes in definitive Form.):',
        'Calculation Amount\n(Applicable to Notes in definitive Form.)\n',
    ])
    @pytest.mark.parametrize('final_label', ['Final Redemption Amount:', 'Final Redemption Amount'])
    def test_explicit_cash_fields_accept_layout_variants(unit_label, final_label):
        text = unit_label+' EUR 1,000 7 Issue Date: 24 February 2025. '+final_label+' EUR 1,000 per Calculation Amount.'
        result = exact_repayment(text)
>       assert result and result['status']=='equal'
E       AssertionError: assert ({'reason': 'Ambiguous repayment/calculation fields', 'status': 'unresolved'} and 'unresolved' == 'equal'
E         
E         - equal
E         + unresolved)

tests/prospectus/test_gap_closure.py:21: AssertionError
_ test_explicit_cash_fields_accept_layout_variants[Final Redemption Amount:-Calculation Amount (Applicable to Notes in definitive Form.)] _

unit_label = 'Calculation Amount (Applicable to Notes in definitive Form.)'
final_label = 'Final Redemption Amount:'

    @pytest.mark.parametrize('unit_label', [
        'Calculation Amount:', 'Calculation Amount',
        'Calculation Amount (Applicable to Notes in definitive Form.)',
        'Calculation Amount (Applicable to Notes in definitive Form.):',
        'Calculation Amount\n(Applicable to Notes in definitive Form.)\n',
    ])
    @pytest.mark.parametrize('final_label', ['Final Redemption Amount:', 'Final Redemption Amount'])
    def test_explicit_cash_fields_accept_layout_variants(unit_label, final_label):
        text = unit_label+' EUR 1,000 7 Issue Date: 24 February 2025. '+final_label+' EUR 1,000 per Calculation Amount.'
        result = exact_repayment(text)
>       assert result and result['status']=='equal'
E       AssertionError: assert ({'reason': 'Ambiguous repayment/calculation fields', 'status': 'unresolved'} and 'unresolved' == 'equal'
E         
E         - equal
E         + unresolved)

tests/prospectus/test_gap_closure.py:21: AssertionError
_ test_explicit_cash_fields_accept_layout_variants[Final Redemption Amount:-Calculation Amount\n(Applicable to Notes in definitive Form.)\n] _

unit_label = 'Calculation Amount\n(Applicable to Notes in definitive Form.)\n'
final_label = 'Final Redemption Amount:'

    @pytest.mark.parametrize('unit_label', [
        'Calculation Amount:', 'Calculation Amount',
        'Calculation Amount (Applicable to Notes in definitive Form.)',
        'Calculation Amount (Applicable to Notes in definitive Form.):',
        'Calculation Amount\n(Applicable to Notes in definitive Form.)\n',
    ])
    @pytest.mark.parametrize('final_label', ['Final Redemption Amount:', 'Final Redemption Amount'])
    def test_explicit_cash_fields_accept_layout_variants(unit_label, final_label):
        text = unit_label+' EUR 1,000 7 Issue Date: 24 February 2025. '+final_label+' EUR 1,000 per Calculation Amount.'
        result = exact_repayment(text)
>       assert result and result['status']=='equal'
E       AssertionError: assert ({'reason': 'Ambiguous repayment/calculation fields', 'status': 'unresolved'} and 'unresolved' == 'equal'
E         
E         - equal
E         + unresolved)

tests/prospectus/test_gap_closure.py:21: AssertionError
_ test_explicit_cash_fields_accept_layout_variants[Final Redemption Amount-Calculation Amount:] _

unit_label = 'Calculation Amount:', final_label = 'Final Redemption Amount'

    @pytest.mark.parametrize('unit_label', [
        'Calculation Amount:', 'Calculation Amount',
        'Calculation Amount (Applicable to Notes in definitive Form.)',
        'Calculation Amount (Applicable to Notes in definitive Form.):',
        'Calculation Amount\n(Applicable to Notes in definitive Form.)\n',
    ])
    @pytest.mark.parametrize('final_label', ['Final Redemption Amount:', 'Final Redemption Amount'])
    def test_explicit_cash_fields_accept_layout_variants(unit_label, final_label):
        text = unit_label+' EUR 1,000 7 Issue Date: 24 February 2025. '+final_label+' EUR 1,000 per Calculation Amount.'
        result = exact_repayment(text)
>       assert result and result['status']=='equal'
E       assert (None)

tests/prospectus/test_gap_closure.py:21: AssertionError
_ test_explicit_cash_fields_accept_layout_variants[Final Redemption Amount-Calculation Amount] _

unit_label = 'Calculation Amount', final_label = 'Final Redemption Amount'

    @pytest.mark.parametrize('unit_label', [
        'Calculation Amount:', 'Calculation Amount',
        'Calculation Amount (Applicable to Notes in definitive Form.)',
        'Calculation Amount (Applicable to Notes in definitive Form.):',
        'Calculation Amount\n(Applicable to Notes in definitive Form.)\n',
    ])
    @pytest.mark.parametrize('final_label', ['Final Redemption Amount:', 'Final Redemption Amount'])
    def test_explicit_cash_fields_accept_layout_variants(unit_label, final_label):
        text = unit_label+' EUR 1,000 7 Issue Date: 24 February 2025. '+final_label+' EUR 1,000 per Calculation Amount.'
        result = exact_repayment(text)
>       assert result and result['status']=='equal'
E       assert (None)

tests/prospectus/test_gap_closure.py:21: AssertionError
_ test_explicit_cash_fields_accept_layout_variants[Final Redemption Amount-Calculation Amount (Applicable to Notes in definitive Form.)] _

unit_label = 'Calculation Amount (Applicable to Notes in definitive Form.)'
final_label = 'Final Redemption Amount'

    @pytest.mark.parametrize('unit_label', [
        'Calculation Amount:', 'Calculation Amount',
        'Calculation Amount (Applicable to Notes in definitive Form.)',
        'Calculation Amount (Applicable to Notes in definitive Form.):',
        'Calculation Amount\n(Applicable to Notes in definitive Form.)\n',
    ])
    @pytest.mark.parametrize('final_label', ['Final Redemption Amount:', 'Final Redemption Amount'])
    def test_explicit_cash_fields_accept_layout_variants(unit_label, final_label):
        text = unit_label+' EUR 1,000 7 Issue Date: 24 February 2025. '+final_label+' EUR 1,000 per Calculation Amount.'
        result = exact_repayment(text)
>       assert result and result['status']=='equal'
E       assert (None)

tests/prospectus/test_gap_closure.py:21: AssertionError
_ test_explicit_cash_fields_accept_layout_variants[Final Redemption Amount-Calculation Amount (Applicable to Notes in definitive Form.):] _

unit_label = 'Calculation Amount (Applicable to Notes in definitive Form.):'
final_label = 'Final Redemption Amount'

    @pytest.mark.parametrize('unit_label', [
        'Calculation Amount:', 'Calculation Amount',
        'Calculation Amount (Applicable to Notes in definitive Form.)',
        'Calculation Amount (Applicable to Notes in definitive Form.):',
        'Calculation Amount\n(Applicable to Notes in definitive Form.)\n',
    ])
    @pytest.mark.parametrize('final_label', ['Final Redemption Amount:', 'Final Redemption Amount'])
    def test_explicit_cash_fields_accept_layout_variants(unit_label, final_label):
        text = unit_label+' EUR 1,000 7 Issue Date: 24 February 2025. '+final_label+' EUR 1,000 per Calculation Amount.'
        result = exact_repayment(text)
>       assert result and result['status']=='equal'
E       assert (None)

tests/prospectus/test_gap_closure.py:21: AssertionError
_ test_explicit_cash_fields_accept_layout_variants[Final Redemption Amount-Calculation Amount\n(Applicable to Notes in definitive Form.)\n] _

unit_label = 'Calculation Amount\n(Applicable to Notes in definitive Form.)\n'
final_label = 'Final Redemption Amount'

    @pytest.mark.parametrize('unit_label', [
        'Calculation Amount:', 'Calculation Amount',
        'Calculation Amount (Applicable to Notes in definitive Form.)',
        'Calculation Amount (Applicable to Notes in definitive Form.):',
        'Calculation Amount\n(Applicable to Notes in definitive Form.)\n',
    ])
    @pytest.mark.parametrize('final_label', ['Final Redemption Amount:', 'Final Redemption Amount'])
    def test_explicit_cash_fields_accept_layout_variants(unit_label, final_label):
        text = unit_label+' EUR 1,000 7 Issue Date: 24 February 2025. '+final_label+' EUR 1,000 per Calculation Amount.'
        result = exact_repayment(text)
>       assert result and result['status']=='equal'
E       assert (None)

tests/prospectus/test_gap_closure.py:21: AssertionError
_ test_malformed_or_unequal_cash_fields_cannot_establish_repayment[1,00-1,00] __

first = '1,00', second = '1,00'

    @pytest.mark.parametrize('first,second', [('1,00','1,00'), ('1,000','1,001'), ('0','0'), ('1.000,00','1.000,00')])
    def test_malformed_or_unequal_cash_fields_cannot_establish_repayment(first, second):
        result=exact_repayment('Calculation Amount: EUR '+first+'. Final Redemption Amount: EUR '+second+' per Calculation Amount.')
>       assert not result or result['status']!='equal'
E       AssertionError: assert (not {'amount': '100', 'currency': 'EUR', 'fields': [{'end': 28, 'field': 'calculation_amount', 'quote': 'Calculation Amoun...emption_amount', 'quote': 'Final Redemption Amount: EUR 1,00 per Calculation Amount', 'start': 30}], 'status': 'equal'} or 'equal' != 'equal')

tests/prospectus/test_gap_closure.py:29: AssertionError
___________ test_currencies_are_part_of_exact_unit_relation[EUR-USD] ___________

unit = 'EUR', final = 'USD'

    @pytest.mark.parametrize('unit,final', [('EUR','USD'),('GBP','EUR')])
    def test_currencies_are_part_of_exact_unit_relation(unit,final):
        result=exact_repayment('Calculation Amount '+unit+' 1,000. Final Redemption Amount '+final+' 1,000 per Calculation Amount.')
>       assert result and result['status']=='unresolved'
E       assert (None)

tests/prospectus/test_gap_closure.py:41: AssertionError
___________ test_currencies_are_part_of_exact_unit_relation[GBP-EUR] ___________

unit = 'GBP', final = 'EUR'

    @pytest.mark.parametrize('unit,final', [('EUR','USD'),('GBP','EUR')])
    def test_currencies_are_part_of_exact_unit_relation(unit,final):
        result=exact_repayment('Calculation Amount '+unit+' 1,000. Final Redemption Amount '+final+' 1,000 per Calculation Amount.')
>       assert result and result['status']=='unresolved'
E       assert (None)

tests/prospectus/test_gap_closure.py:41: AssertionError
_______ test_duplicate_units_do_not_collapse_to_one_even_if_values_match _______

    def test_duplicate_units_do_not_collapse_to_one_even_if_values_match():
        result=exact_repayment('Calculation Amount EUR 1,000. Calculation Amount EUR 1,000. Final Redemption Amount EUR 1,000 per Calculation Amount.')
>       assert result and result['status']=='unresolved'
E       assert (None)

tests/prospectus/test_gap_closure.py:46: AssertionError
_ test_unresolved_loss_or_exception_cannot_become_negative[Upon a Capital Event, holders shall surrender all rights to repayment of the principal.] _

tmp_path = PosixPath('/tmp/pytest-of-chakwong/pytest-687/test_unresolved_loss_or_except0')
clause = 'Upon a Capital Event, holders shall surrender all rights to repayment of the principal.'

    @pytest.mark.parametrize('clause', [
        'Upon a Capital Event, holders shall surrender all rights to repayment of the principal.',
        'The principal repayment claim shall lapse permanently upon a Solvency Event.',
        'The Notes are subject to permanent impairment of principal upon a Capital Event.',
        'The Notes cannot be written down save where a Capital Event occurs.',
        'The Notes are not convertible provided that the Capital Event has not occurred.',
    ])
    def test_unresolved_loss_or_exception_cannot_become_negative(tmp_path,clause):
        issue,docs,_=fixture(tmp_path,[ORDINARY+' '+clause])
        row=analyze_issue(issue,docs,tmp_path)
>       assert row['answer'] is not False
E       assert False is not False

tests/prospectus/test_gap_closure.py:59: AssertionError
_ test_unresolved_loss_or_exception_cannot_become_negative[The principal repayment claim shall lapse permanently upon a Solvency Event.] _

tmp_path = PosixPath('/tmp/pytest-of-chakwong/pytest-687/test_unresolved_loss_or_except1')
clause = 'The principal repayment claim shall lapse permanently upon a Solvency Event.'

    @pytest.mark.parametrize('clause', [
        'Upon a Capital Event, holders shall surrender all rights to repayment of the principal.',
        'The principal repayment claim shall lapse permanently upon a Solvency Event.',
        'The Notes are subject to permanent impairment of principal upon a Capital Event.',
        'The Notes cannot be written down save where a Capital Event occurs.',
        'The Notes are not convertible provided that the Capital Event has not occurred.',
    ])
    def test_unresolved_loss_or_exception_cannot_become_negative(tmp_path,clause):
        issue,docs,_=fixture(tmp_path,[ORDINARY+' '+clause])
        row=analyze_issue(issue,docs,tmp_path)
>       assert row['answer'] is not False
E       assert False is not False

tests/prospectus/test_gap_closure.py:59: AssertionError
_ test_unresolved_loss_or_exception_cannot_become_negative[The Notes are subject to permanent impairment of principal upon a Capital Event.] _

tmp_path = PosixPath('/tmp/pytest-of-chakwong/pytest-687/test_unresolved_loss_or_except2')
clause = 'The Notes are subject to permanent impairment of principal upon a Capital Event.'

    @pytest.mark.parametrize('clause', [
        'Upon a Capital Event, holders shall surrender all rights to repayment of the principal.',
        'The principal repayment claim shall lapse permanently upon a Solvency Event.',
        'The Notes are subject to permanent impairment of principal upon a Capital Event.',
        'The Notes cannot be written down save where a Capital Event occurs.',
        'The Notes are not convertible provided that the Capital Event has not occurred.',
    ])
    def test_unresolved_loss_or_exception_cannot_become_negative(tmp_path,clause):
        issue,docs,_=fixture(tmp_path,[ORDINARY+' '+clause])
        row=analyze_issue(issue,docs,tmp_path)
>       assert row['answer'] is not False
E       assert False is not False

tests/prospectus/test_gap_closure.py:59: AssertionError
_ test_unresolved_loss_or_exception_cannot_become_negative[The Notes cannot be written down save where a Capital Event occurs.] _

tmp_path = PosixPath('/tmp/pytest-of-chakwong/pytest-687/test_unresolved_loss_or_except3')
clause = 'The Notes cannot be written down save where a Capital Event occurs.'

    @pytest.mark.parametrize('clause', [
        'Upon a Capital Event, holders shall surrender all rights to repayment of the principal.',
        'The principal repayment claim shall lapse permanently upon a Solvency Event.',
        'The Notes are subject to permanent impairment of principal upon a Capital Event.',
        'The Notes cannot be written down save where a Capital Event occurs.',
        'The Notes are not convertible provided that the Capital Event has not occurred.',
    ])
    def test_unresolved_loss_or_exception_cannot_become_negative(tmp_path,clause):
        issue,docs,_=fixture(tmp_path,[ORDINARY+' '+clause])
        row=analyze_issue(issue,docs,tmp_path)
>       assert row['answer'] is not False
E       assert False is not False

tests/prospectus/test_gap_closure.py:59: AssertionError
_ test_unresolved_loss_or_exception_cannot_become_negative[The Notes are not convertible provided that the Capital Event has not occurred.] _

tmp_path = PosixPath('/tmp/pytest-of-chakwong/pytest-687/test_unresolved_loss_or_except4')
clause = 'The Notes are not convertible provided that the Capital Event has not occurred.'

    @pytest.mark.parametrize('clause', [
        'Upon a Capital Event, holders shall surrender all rights to repayment of the principal.',
        'The principal repayment claim shall lapse permanently upon a Solvency Event.',
        'The Notes are subject to permanent impairment of principal upon a Capital Event.',
        'The Notes cannot be written down save where a Capital Event occurs.',
        'The Notes are not convertible provided that the Capital Event has not occurred.',
    ])
    def test_unresolved_loss_or_exception_cannot_become_negative(tmp_path,clause):
        issue,docs,_=fixture(tmp_path,[ORDINARY+' '+clause])
        row=analyze_issue(issue,docs,tmp_path)
>       assert row['answer'] is not False
E       assert False is not False

tests/prospectus/test_gap_closure.py:59: AssertionError
___ test_optional_conversion_does_not_discard_distinct_principal_write_down ____

tmp_path = PosixPath('/tmp/pytest-of-chakwong/pytest-687/test_optional_conversion_does_0')

    def test_optional_conversion_does_not_discard_distinct_principal_write_down(tmp_path):
        issue,docs,_=fixture(tmp_path,[ORDINARY+' Holders may elect to convert the Notes into preference shares, '
            'and the principal amount of the Notes shall be permanently reduced upon a Solvency Event.'])
        row=analyze_issue(issue,docs,tmp_path)
>       assert row['facts']['principal_write_down'] is True
E       assert False is True

tests/prospectus/test_gap_closure.py:66: AssertionError
=========================== short test summary info ============================
FAILED tests/prospectus/test_gap_closure.py::test_explicit_cash_fields_accept_layout_variants[Final Redemption Amount:-Calculation Amount]
FAILED tests/prospectus/test_gap_closure.py::test_explicit_cash_fields_accept_layout_variants[Final Redemption Amount:-Calculation Amount (Applicable to Notes in definitive Form.)]
FAILED tests/prospectus/test_gap_closure.py::test_explicit_cash_fields_accept_layout_variants[Final Redemption Amount:-Calculation Amount\n(Applicable to Notes in definitive Form.)\n]
FAILED tests/prospectus/test_gap_closure.py::test_explicit_cash_fields_accept_layout_variants[Final Redemption Amount-Calculation Amount:]
FAILED tests/prospectus/test_gap_closure.py::test_explicit_cash_fields_accept_layout_variants[Final Redemption Amount-Calculation Amount]
FAILED tests/prospectus/test_gap_closure.py::test_explicit_cash_fields_accept_layout_variants[Final Redemption Amount-Calculation Amount (Applicable to Notes in definitive Form.)]
FAILED tests/prospectus/test_gap_closure.py::test_explicit_cash_fields_accept_layout_variants[Final Redemption Amount-Calculation Amount (Applicable to Notes in definitive Form.):]
FAILED tests/prospectus/test_gap_closure.py::test_explicit_cash_fields_accept_layout_variants[Final Redemption Amount-Calculation Amount\n(Applicable to Notes in definitive Form.)\n]
FAILED tests/prospectus/test_gap_closure.py::test_malformed_or_unequal_cash_fields_cannot_establish_repayment[1,00-1,00]
FAILED tests/prospectus/test_gap_closure.py::test_currencies_are_part_of_exact_unit_relation[EUR-USD]
FAILED tests/prospectus/test_gap_closure.py::test_currencies_are_part_of_exact_unit_relation[GBP-EUR]
FAILED tests/prospectus/test_gap_closure.py::test_duplicate_units_do_not_collapse_to_one_even_if_values_match
FAILED tests/prospectus/test_gap_closure.py::test_unresolved_loss_or_exception_cannot_become_negative[Upon a Capital Event, holders shall surrender all rights to repayment of the principal.]
FAILED tests/prospectus/test_gap_closure.py::test_unresolved_loss_or_exception_cannot_become_negative[The principal repayment claim shall lapse permanently upon a Solvency Event.]
FAILED tests/prospectus/test_gap_closure.py::test_unresolved_loss_or_exception_cannot_become_negative[The Notes are subject to permanent impairment of principal upon a Capital Event.]
FAILED tests/prospectus/test_gap_closure.py::test_unresolved_loss_or_exception_cannot_become_negative[The Notes cannot be written down save where a Capital Event occurs.]
FAILED tests/prospectus/test_gap_closure.py::test_unresolved_loss_or_exception_cannot_become_negative[The Notes are not convertible provided that the Capital Event has not occurred.]
FAILED tests/prospectus/test_gap_closure.py::test_optional_conversion_does_not_discard_distinct_principal_write_down
18 failed, 9 passed in 0.37s
