.........................................FFF............................ [ 14%]
........................................................................ [ 29%]
........................................................................ [ 43%]
........................................................................ [ 58%]
........................................................................ [ 72%]
........................................................................ [ 87%]
................................................................         [100%]
=================================== FAILURES ===================================
_ test_reported_heading_or_epistemic_uncertainty_is_not_an_operative_witness[See also the risk factors headed \u201cThe principal amount of the Notes may be reduced to absorb losses\u201d.] _

tmp_path = PosixPath('/tmp/pytest-of-chakwong/pytest-707/test_reported_heading_or_epist0')
clause = 'See also the risk factors headed “The principal amount of the Notes may be reduced to absorb losses”.'

    @pytest.mark.parametrize('clause', [
        'See also the risk factors headed “The principal amount of the Notes may be reduced to absorb losses”.',
        'See the section entitled "The Notes will be converted into ordinary shares".',
        'Due to uncertainty, it is difficult to predict when, if at all, the principal amount of the Notes may be written down.',
    ])
    def test_reported_heading_or_epistemic_uncertainty_is_not_an_operative_witness(tmp_path, clause):
        issue, docs, _ = fixture(tmp_path, [ORDINARY+' '+clause])
        row=analyze_issue(issue, docs, tmp_path)
>       assert row['answer'] is not True
E       assert True is not True

tests/prospectus/test_gap_closure.py:125: AssertionError
_ test_reported_heading_or_epistemic_uncertainty_is_not_an_operative_witness[See the section entitled "The Notes will be converted into ordinary shares".] _

tmp_path = PosixPath('/tmp/pytest-of-chakwong/pytest-707/test_reported_heading_or_epist1')
clause = 'See the section entitled "The Notes will be converted into ordinary shares".'

    @pytest.mark.parametrize('clause', [
        'See also the risk factors headed “The principal amount of the Notes may be reduced to absorb losses”.',
        'See the section entitled "The Notes will be converted into ordinary shares".',
        'Due to uncertainty, it is difficult to predict when, if at all, the principal amount of the Notes may be written down.',
    ])
    def test_reported_heading_or_epistemic_uncertainty_is_not_an_operative_witness(tmp_path, clause):
        issue, docs, _ = fixture(tmp_path, [ORDINARY+' '+clause])
        row=analyze_issue(issue, docs, tmp_path)
>       assert row['answer'] is not True
E       assert True is not True

tests/prospectus/test_gap_closure.py:125: AssertionError
_ test_reported_heading_or_epistemic_uncertainty_is_not_an_operative_witness[Due to uncertainty, it is difficult to predict when, if at all, the principal amount of the Notes may be written down.] _

tmp_path = PosixPath('/tmp/pytest-of-chakwong/pytest-707/test_reported_heading_or_epist2')
clause = 'Due to uncertainty, it is difficult to predict when, if at all, the principal amount of the Notes may be written down.'

    @pytest.mark.parametrize('clause', [
        'See also the risk factors headed “The principal amount of the Notes may be reduced to absorb losses”.',
        'See the section entitled "The Notes will be converted into ordinary shares".',
        'Due to uncertainty, it is difficult to predict when, if at all, the principal amount of the Notes may be written down.',
    ])
    def test_reported_heading_or_epistemic_uncertainty_is_not_an_operative_witness(tmp_path, clause):
        issue, docs, _ = fixture(tmp_path, [ORDINARY+' '+clause])
        row=analyze_issue(issue, docs, tmp_path)
>       assert row['answer'] is not True
E       assert True is not True

tests/prospectus/test_gap_closure.py:125: AssertionError
=========================== short test summary info ============================
FAILED tests/prospectus/test_gap_closure.py::test_reported_heading_or_epistemic_uncertainty_is_not_an_operative_witness[See also the risk factors headed \u201cThe principal amount of the Notes may be reduced to absorb losses\u201d.]
FAILED tests/prospectus/test_gap_closure.py::test_reported_heading_or_epistemic_uncertainty_is_not_an_operative_witness[See the section entitled "The Notes will be converted into ordinary shares".]
FAILED tests/prospectus/test_gap_closure.py::test_reported_heading_or_epistemic_uncertainty_is_not_an_operative_witness[Due to uncertainty, it is difficult to predict when, if at all, the principal amount of the Notes may be written down.]
3 failed, 493 passed in 1.57s
