Rc files read (in order):
  NONE
Latexmk: This is Latexmk, John Collins, 9 March 2026. Version 4.88.
Latexmk: applying rule 'xelatex'...
Rule 'xelatex':  Reasons for rerun
Changed files or newly in use/created:
  02-literature.tex
  03b-event-contract.tex
  03c-storage-review.tex
Category 'changed_user':
  02-literature.tex
  03b-event-contract.tex
  03c-storage-review.tex

------------
Run number 1 of rule 'xelatex'
------------
------------
Running 'xelatex -no-pdf -interaction=nonstopmode -halt-on-error -recorder  "proposal.tex"'
------------
This is XeTeX, Version 3.141592653-2.6-0.999998 (TeX Live 2026) (preloaded format=xelatex)
 restricted \write18 enabled.
entering extended mode
(./proposal.tex
LaTeX2e <2025-11-01>
L3 programming layer <2026-03-20>
(/home/chakwong/.TinyTeX/texmf-dist/tex/latex/base/article.cls
Document Class: article 2025/01/22 v1.4n Standard LaTeX document class
(/home/chakwong/.TinyTeX/texmf-dist/tex/latex/base/size11.clo)) (/home/chakwong/.TinyTeX/texmf-dist/tex/latex/geometry/geometry.sty (/home/chakwong/.TinyTeX/texmf-dist/tex/latex/graphics/keyval.sty) (/home/chakwong/.TinyTeX/texmf-dist/tex/generic/iftex/ifvtex.sty (/home/chakwong/.TinyTeX/texmf-dist/tex/generic/iftex/iftex.sty))) (/home/chakwong/.TinyTeX/texmf-dist/tex/latex/fontspec/fontspec.sty (/home/chakwong/.TinyTeX/texmf-dist/tex/latex/l3packages/xparse/xparse.sty (/home/chakwong/.TinyTeX/texmf-dist/tex/latex/l3kernel/expl3.sty (/home/chakwong/.TinyTeX/texmf-dist/tex/latex/l3backend/l3backend-xetex.def))) (/home/chakwong/.TinyTeX/texmf-dist/tex/latex/fontspec/fontspec-xetex.sty (/home/chakwong/.TinyTeX/texmf-dist/tex/latex/base/fontenc.sty) (/home/chakwong/.TinyTeX/texmf-dist/tex/latex/fontspec/fontspec.cfg))) (/home/chakwong/.TinyTeX/texmf-dist/tex/latex/amsmath/amsmath.sty
For additional information on amsmath, use the `?' option.
(/home/chakwong/.TinyTeX/texmf-dist/tex/latex/amsmath/amstext.sty (/home/chakwong/.TinyTeX/texmf-dist/tex/latex/amsmath/amsgen.sty)) (/home/chakwong/.TinyTeX/texmf-dist/tex/latex/amsmath/amsbsy.sty) (/home/chakwong/.TinyTeX/texmf-dist/tex/latex/amsmath/amsopn.sty)) (/home/chakwong/.TinyTeX/texmf-dist/tex/latex/amsfonts/amssymb.sty (/home/chakwong/.TinyTeX/texmf-dist/tex/latex/amsfonts/amsfonts.sty)) (/home/chakwong/.TinyTeX/texmf-dist/tex/latex/mathtools/mathtools.sty (/home/chakwong/.TinyTeX/texmf-dist/tex/latex/tools/calc.sty) (/home/chakwong/.TinyTeX/texmf-dist/tex/latex/mathtools/mhsetup.sty)) (/home/chakwong/.TinyTeX/texmf-dist/tex/latex/microtype/microtype.sty (/home/chakwong/.TinyTeX/texmf-dist/tex/latex/etoolbox/etoolbox.sty) (/home/chakwong/.TinyTeX/texmf-dist/tex/latex/microtype/microtype-xetex.def) (/home/chakwong/.TinyTeX/texmf-dist/tex/latex/microtype/microtype.cfg)) (/home/chakwong/.TinyTeX/texmf-dist/tex/latex/booktabs/booktabs.sty) (/home/chakwong/.TinyTeX/texmf-dist/tex/latex/tools/longtable.sty) (/home/chakwong/.TinyTeX/texmf-dist/tex/latex/tools/tabularx.sty (/home/chakwong/.TinyTeX/texmf-dist/tex/latex/tools/array.sty)) (/home/chakwong/.TinyTeX/texmf-dist/tex/latex/graphics/graphicx.sty (/home/chakwong/.TinyTeX/texmf-dist/tex/latex/graphics/graphics.sty (/home/chakwong/.TinyTeX/texmf-dist/tex/latex/graphics/trig.sty) (/home/chakwong/.TinyTeX/texmf-dist/tex/latex/graphics-cfg/graphics.cfg) (/home/chakwong/.TinyTeX/texmf-dist/tex/latex/graphics-def/xetex.def))) (/home/chakwong/.TinyTeX/texmf-dist/tex/latex/xcolor/xcolor.sty (/home/chakwong/.TinyTeX/texmf-dist/tex/latex/graphics-cfg/color.cfg) (/home/chakwong/.TinyTeX/texmf-dist/tex/latex/graphics/mathcolor.ltx)) (/home/chakwong/.TinyTeX/texmf-dist/tex/latex/pgf/frontendlayer/tikz.sty (/home/chakwong/.TinyTeX/texmf-dist/tex/latex/pgf/basiclayer/pgf.sty (/home/chakwong/.TinyTeX/texmf-dist/tex/latex/pgf/utilities/pgfrcs.sty (/home/chakwong/.TinyTeX/texmf-dist/tex/generic/pgf/utilities/pgfutil-common.tex) (/home/chakwong/.TinyTeX/texmf-dist/tex/generic/pgf/utilities/pgfutil-latex.def) (/home/chakwong/.TinyTeX/texmf-dist/tex/generic/pgf/utilities/pgfrcs.code.tex (/home/chakwong/.TinyTeX/texmf-dist/tex/generic/pgf/pgf.revision.tex))) (/home/chakwong/.TinyTeX/texmf-dist/tex/latex/pgf/basiclayer/pgfcore.sty (/home/chakwong/.TinyTeX/texmf-dist/tex/latex/pgf/systemlayer/pgfsys.sty (/home/chakwong/.TinyTeX/texmf-dist/tex/generic/pgf/systemlayer/pgfsys.code.tex (/home/chakwong/.TinyTeX/texmf-dist/tex/generic/pgf/utilities/pgfkeys.code.tex (/home/chakwong/.TinyTeX/texmf-dist/tex/generic/pgf/utilities/pgfkeyslibraryfiltered.code.tex)) (/home/chakwong/.TinyTeX/texmf-dist/tex/generic/pgf/systemlayer/pgf.cfg) (/home/chakwong/.TinyTeX/texmf-dist/tex/generic/pgf/systemlayer/pgfsys-xetex.def (/home/chakwong/.TinyTeX/texmf-dist/tex/generic/pgf/systemlayer/pgfsys-dvipdfmx.def (/home/chakwong/.TinyTeX/texmf-dist/tex/generic/pgf/systemlayer/pgfsys-common-pdf.def)))) (/home/chakwong/.TinyTeX/texmf-dist/tex/generic/pgf/systemlayer/pgfsyssoftpath.code.tex) (/home/chakwong/.TinyTeX/texmf-dist/tex/generic/pgf/systemlayer/pgfsysprotocol.code.tex)) (/home/chakwong/.TinyTeX/texmf-dist/tex/generic/pgf/basiclayer/pgfcore.code.tex (/home/chakwong/.TinyTeX/texmf-dist/tex/generic/pgf/math/pgfmath.code.tex (/home/chakwong/.TinyTeX/texmf-dist/tex/generic/pgf/math/pgfmathutil.code.tex) (/home/chakwong/.TinyTeX/texmf-dist/tex/generic/pgf/math/pgfmathparser.code.tex) (/home/chakwong/.TinyTeX/texmf-dist/tex/generic/pgf/math/pgfmathfunctions.code.tex) (/home/chakwong/.TinyTeX/texmf-dist/tex/generic/pgf/math/pgfmathfunctions.basic.code.tex) (/home/chakwong/.TinyTeX/texmf-dist/tex/generic/pgf/math/pgfmathfunctions.trigonometric.code.tex) (/home/chakwong/.TinyTeX/texmf-dist/tex/generic/pgf/math/pgfmathfunctions.random.code.tex) (/home/chakwong/.TinyTeX/texmf-dist/tex/generic/pgf/math/pgfmathfunctions.comparison.code.tex) (/home/chakwong/.TinyTeX/texmf-dist/tex/generic/pgf/math/pgfmathfunctions.base.code.tex) (/home/chakwong/.TinyTeX/texmf-dist/tex/generic/pgf/math/pgfmathfunctions.round.code.tex) (/home/chakwong/.TinyTeX/texmf-dist/tex/generic/pgf/math/pgfmathfunctions.misc.code.tex) (/home/chakwong/.TinyTeX/texmf-dist/tex/generic/pgf/math/pgfmathfunctions.integerarithmetics.code.tex) (/home/chakwong/.TinyTeX/texmf-dist/tex/generic/pgf/math/pgfmathcalc.code.tex) (/home/chakwong/.TinyTeX/texmf-dist/tex/generic/pgf/math/pgfmathfloat.code.tex)) (/home/chakwong/.TinyTeX/texmf-dist/tex/generic/pgf/math/pgfint.code.tex) (/home/chakwong/.TinyTeX/texmf-dist/tex/generic/pgf/basiclayer/pgfcorepoints.code.tex) (/home/chakwong/.TinyTeX/texmf-dist/tex/generic/pgf/basiclayer/pgfcorepathconstruct.code.tex) (/home/chakwong/.TinyTeX/texmf-dist/tex/generic/pgf/basiclayer/pgfcorepathusage.code.tex) (/home/chakwong/.TinyTeX/texmf-dist/tex/generic/pgf/basiclayer/pgfcorescopes.code.tex) (/home/chakwong/.TinyTeX/texmf-dist/tex/generic/pgf/basiclayer/pgfcoregraphicstate.code.tex) (/home/chakwong/.TinyTeX/texmf-dist/tex/generic/pgf/basiclayer/pgfcoretransformations.code.tex) (/home/chakwong/.TinyTeX/texmf-dist/tex/generic/pgf/basiclayer/pgfcorequick.code.tex) (/home/chakwong/.TinyTeX/texmf-dist/tex/generic/pgf/basiclayer/pgfcoreobjects.code.tex) (/home/chakwong/.TinyTeX/texmf-dist/tex/generic/pgf/basiclayer/pgfcorepathprocessing.code.tex) (/home/chakwong/.TinyTeX/texmf-dist/tex/generic/pgf/basiclayer/pgfcorearrows.code.tex) (/home/chakwong/.TinyTeX/texmf-dist/tex/generic/pgf/basiclayer/pgfcoreshade.code.tex) (/home/chakwong/.TinyTeX/texmf-dist/tex/generic/pgf/basiclayer/pgfcoreimage.code.tex) (/home/chakwong/.TinyTeX/texmf-dist/tex/generic/pgf/basiclayer/pgfcoreexternal.code.tex) (/home/chakwong/.TinyTeX/texmf-dist/tex/generic/pgf/basiclayer/pgfcorelayers.code.tex) (/home/chakwong/.TinyTeX/texmf-dist/tex/generic/pgf/basiclayer/pgfcoretransparency.code.tex) (/home/chakwong/.TinyTeX/texmf-dist/tex/generic/pgf/basiclayer/pgfcorepatterns.code.tex) (/home/chakwong/.TinyTeX/texmf-dist/tex/generic/pgf/basiclayer/pgfcorerdf.code.tex))) (/home/chakwong/.TinyTeX/texmf-dist/tex/generic/pgf/modules/pgfmoduleshapes.code.tex) (/home/chakwong/.TinyTeX/texmf-dist/tex/generic/pgf/modules/pgfmoduleplot.code.tex) (/home/chakwong/.TinyTeX/texmf-dist/tex/latex/pgf/compatibility/pgfcomp-version-0-65.sty) (/home/chakwong/.TinyTeX/texmf-dist/tex/latex/pgf/compatibility/pgfcomp-version-1-18.sty)) (/home/chakwong/.TinyTeX/texmf-dist/tex/latex/pgf/utilities/pgffor.sty (/home/chakwong/.TinyTeX/texmf-dist/tex/latex/pgf/utilities/pgfkeys.sty (/home/chakwong/.TinyTeX/texmf-dist/tex/generic/pgf/utilities/pgfkeys.code.tex)) (/home/chakwong/.TinyTeX/texmf-dist/tex/latex/pgf/math/pgfmath.sty (/home/chakwong/.TinyTeX/texmf-dist/tex/generic/pgf/math/pgfmath.code.tex)) (/home/chakwong/.TinyTeX/texmf-dist/tex/generic/pgf/utilities/pgffor.code.tex)) (/home/chakwong/.TinyTeX/texmf-dist/tex/generic/pgf/frontendlayer/tikz/tikz.code.tex (/home/chakwong/.TinyTeX/texmf-dist/tex/generic/pgf/libraries/pgflibraryplothandlers.code.tex) (/home/chakwong/.TinyTeX/texmf-dist/tex/generic/pgf/modules/pgfmodulematrix.code.tex) (/home/chakwong/.TinyTeX/texmf-dist/tex/generic/pgf/frontendlayer/tikz/libraries/tikzlibrarytopaths.code.tex))) (/home/chakwong/.TinyTeX/texmf-dist/tex/generic/pgf/libraries/pgflibraryarrows.meta.code.tex) (/home/chakwong/.TinyTeX/texmf-dist/tex/generic/pgf/frontendlayer/tikz/libraries/tikzlibrarypositioning.code.tex) (/home/chakwong/.TinyTeX/texmf-dist/tex/generic/pgf/frontendlayer/tikz/libraries/tikzlibrarycalc.code.tex) (/home/chakwong/.TinyTeX/texmf-dist/tex/generic/pgf/frontendlayer/tikz/libraries/tikzlibraryshapes.geometric.code.tex (/home/chakwong/.TinyTeX/texmf-dist/tex/generic/pgf/libraries/shapes/pgflibraryshapes.geometric.code.tex)) (/home/chakwong/.TinyTeX/texmf-dist/tex/latex/enumitem/enumitem.sty) (/home/chakwong/.TinyTeX/texmf-dist/tex/latex/listings/listings.sty (/home/chakwong/.TinyTeX/texmf-dist/tex/latex/listings/lstpatch.sty) (/home/chakwong/.TinyTeX/texmf-dist/tex/latex/listings/lstmisc.sty) (/home/chakwong/.TinyTeX/texmf-dist/tex/latex/listings/listings.cfg))
==> First Aid for listings.sty no longer applied!
    Expected:
        2024/09/23 1.10c (Carsten Heinz)
    but found:
        2025/11/14 1.11b (Carsten Heinz)
    so I'm assuming it got fixed.
(/home/chakwong/.TinyTeX/texmf-dist/tex/latex/titlesec/titlesec.sty) (/home/chakwong/.TinyTeX/texmf-dist/tex/latex/natbib/natbib.sty) (/home/chakwong/.TinyTeX/texmf-dist/tex/latex/url/url.sty) (/home/chakwong/.TinyTeX/texmf-dist/tex/latex/hyperref/hyperref.sty (/home/chakwong/.TinyTeX/texmf-dist/tex/latex/kvsetkeys/kvsetkeys.sty) (/home/chakwong/.TinyTeX/texmf-dist/tex/generic/kvdefinekeys/kvdefinekeys.sty) (/home/chakwong/.TinyTeX/texmf-dist/tex/generic/pdfescape/pdfescape.sty (/home/chakwong/.TinyTeX/texmf-dist/tex/generic/ltxcmds/ltxcmds.sty) (/home/chakwong/.TinyTeX/texmf-dist/tex/generic/pdftexcmds/pdftexcmds.sty (/home/chakwong/.TinyTeX/texmf-dist/tex/generic/infwarerr/infwarerr.sty))) (/home/chakwong/.TinyTeX/texmf-dist/tex/latex/hycolor/hycolor.sty) (/home/chakwong/.TinyTeX/texmf-dist/tex/latex/hyperref/nameref.sty (/home/chakwong/.TinyTeX/texmf-dist/tex/latex/refcount/refcount.sty) (/home/chakwong/.TinyTeX/texmf-dist/tex/generic/gettitlestring/gettitlestring.sty (/home/chakwong/.TinyTeX/texmf-dist/tex/latex/kvoptions/kvoptions.sty))) (/home/chakwong/.TinyTeX/texmf-dist/tex/generic/stringenc/stringenc.sty) (/home/chakwong/.TinyTeX/texmf-dist/tex/latex/hyperref/pd1enc.def) (/home/chakwong/.TinyTeX/texmf-dist/tex/generic/intcalc/intcalc.sty) (/home/chakwong/.TinyTeX/texmf-dist/tex/latex/hyperref/puenc.def) (/home/chakwong/.TinyTeX/texmf-dist/tex/generic/bitset/bitset.sty (/home/chakwong/.TinyTeX/texmf-dist/tex/generic/bigintcalc/bigintcalc.sty))) (/home/chakwong/.TinyTeX/texmf-dist/tex/latex/hyperref/hxetex.def (/home/chakwong/.TinyTeX/texmf-dist/tex/latex/rerunfilecheck/rerunfilecheck.sty (/home/chakwong/.TinyTeX/texmf-dist/tex/generic/uniquecounter/uniquecounter.sty))) (./proposal.aux)
*geometry* driver: auto-detecting
*geometry* detected driver: xetex
(/home/chakwong/.TinyTeX/texmf-dist/tex/latex/microtype/mt-Palatino.cfg) (./proposal.out) (./proposal.out) (/home/chakwong/.TinyTeX/texmf-dist/tex/latex/amsfonts/umsa.fd) (/home/chakwong/.TinyTeX/texmf-dist/tex/latex/microtype/mt-msa.cfg) (/home/chakwong/.TinyTeX/texmf-dist/tex/latex/amsfonts/umsb.fd) (/home/chakwong/.TinyTeX/texmf-dist/tex/latex/microtype/mt-msb.cfg) (/home/chakwong/.TinyTeX/texmf-dist/tex/latex/microtype/mt-cmr.cfg) [1] [1] (./proposal.toc) [2] (./01-problem.tex [3] [4] [5] [6]) (./02-literature.tex [7] [8] (./02a-foundations.tex [9]) [10] [11] [12] (./02b-contract-evolution.tex) [13] [14] [15] [16] [17] [18]) (./03-product.tex [19] (./03a-rule-contract.tex [20] [21]) [22] [23] (./03b-event-contract.tex) [24] [25] [26] (./03c-storage-review.tex [27]) [28]) (./04-prototype.tex [29] [30] [31] [32] [33] [34]) (./05-evidence.tex [35] [36] [37]) [38] (./proposal.bbl [39] [40] [41] [42] [43]) [44] (./proposal.aux) )
Output written on proposal.xdv (45 pages, 1677996 bytes).
Transcript written on proposal.log.
Latexmk: Getting log file 'proposal.log'
Latexmk: Examining 'proposal.fls'
Latexmk: Examining 'proposal.log'
Latexmk: Found input bbl file 'proposal.bbl'
Latexmk: Log file says output to 'proposal.xdv'
Latexmk: Using bibtex to make bibliography file(s).
  ===Source file 'proposal.bbl' for 'xelatex'
Latexmk: Found bibliography file(s):
  ./papers.bib
  ./sources.bib
Latexmk: applying rule 'xdvipdfmx'...
Rule 'xdvipdfmx':  Reasons for rerun
Changed files or newly in use/created:
  proposal.xdv
Category 'changed_source_rules':
  xelatex

------------
Run number 1 of rule 'xdvipdfmx'
------------
------------
Running 'xdvipdfmx -E -o "proposal.pdf"  "proposal.xdv"'
------------
proposal.xdv -> proposal.pdf
[1][2][3][4][5][6][7][8][9][10][11][12][13][14][15][16][17][18][19][20][21][22][23][24][25][26][27][28][29][30][31][32][33][34][35][36][37][38][39][40][41][42][43][44][45]
258398 bytes written
Latexmk: All targets (proposal.xdv proposal.pdf) are up-to-date

