6:55:28 PM PIT >> INFO : Verbose logging is disabled. If you encounter a problem, please enable it before reporting an issue.
6:55:28 PM PIT >> INFO : Created 1 mutation test units in pre scan
Exception in thread "main" org.pitest.util.PitError: Operation not permitted

Please copy and paste the information and the complete stacktrace below when reporting an issue
VM : OpenJDK 64-Bit Server VM
Vendor : Eclipse Adoptium
Version : 17.0.20.1+1
Uptime : 454
Input -> 
BootClassPathSupported : false


Please copy and paste the information and the complete stacktrace below when reporting an issue
VM : OpenJDK 64-Bit Server VM
Vendor : Eclipse Adoptium
Version : 17.0.20.1+1
Uptime : 465
Input -> 
BootClassPathSupported : false

	at org.pitest.util.Unchecked.translateCheckedException(Unchecked.java:20)
	at org.pitest.coverage.execute.DefaultCoverageGenerator.calculateCoverage(DefaultCoverageGenerator.java:129)
	at org.pitest.coverage.execute.DefaultCoverageGenerator.calculateCoverage(DefaultCoverageGenerator.java:54)
	at org.pitest.mutationtest.tooling.MutationCoverage.runAnalysis(MutationCoverage.java:158)
	at org.pitest.mutationtest.tooling.MutationCoverage.runReport(MutationCoverage.java:145)
	at org.pitest.mutationtest.tooling.EntryPoint.execute(EntryPoint.java:139)
	at org.pitest.mutationtest.tooling.EntryPoint.execute(EntryPoint.java:65)
	at org.pitest.mutationtest.commandline.MutationCoverageReport.runReport(MutationCoverageReport.java:98)
	at org.pitest.mutationtest.commandline.MutationCoverageReport.main(MutationCoverageReport.java:45)
Caused by: org.pitest.util.PitError: Operation not permitted

Please copy and paste the information and the complete stacktrace below when reporting an issue
VM : OpenJDK 64-Bit Server VM
Vendor : Eclipse Adoptium
Version : 17.0.20.1+1
Uptime : 454
Input -> 
BootClassPathSupported : false

	at org.pitest.util.Unchecked.translateCheckedException(Unchecked.java:20)
	at org.pitest.util.SocketFinder.getNextAvailableServerSocket(SocketFinder.java:26)
	at org.pitest.coverage.execute.DefaultCoverageGenerator.gatherCoverageData(DefaultCoverageGenerator.java:147)
	at org.pitest.coverage.execute.DefaultCoverageGenerator.calculateCoverage(DefaultCoverageGenerator.java:108)
	... 7 more
Caused by: java.net.SocketException: Operation not permitted
	at java.base/java.net.ServerSocket.createImpl(ServerSocket.java:320)
	at java.base/java.net.ServerSocket.getImpl(ServerSocket.java:294)
	at java.base/java.net.ServerSocket.bind(ServerSocket.java:388)
	at java.base/java.net.ServerSocket.<init>(ServerSocket.java:274)
	at java.base/java.net.ServerSocket.<init>(ServerSocket.java:167)
	at org.pitest.util.SocketFinder.getNextAvailableServerSocket(SocketFinder.java:24)
	... 9 more
