{
  "schema_version": "interpretation.v1",
  "policy_id": "fixture-policy.v1",
  "use": "DETERMINISTIC_FIXTURE_ONLY",
  "max_initial_actions": 4,
  "max_resolution_rounds": 3,
  "max_actions_per_issue_root": 3,
  "max_actions_total": 12,
  "max_no_progress_rounds": 2,
  "action_timeout_seconds": 30,
  "run_deadline_seconds": 600,
  "max_candidates": 24,
  "max_argument_nodes": 200,
  "max_dependency_depth": 6,
  "token_cap": null,
  "cost_cap_minor_units": null,
  "billing_currency": null,
  "required_initial_roles": [
    "inventory",
    "normative",
    "controlled-language",
    "alternatives"
  ],
  "mandatory_checks": [
    "source-coverage",
    "dependencies",
    "candidate-validity",
    "argument-register",
    "reference-check",
    "java-check",
    "report-integrity"
  ],
  "unknown_materiality_blocks": true,
  "provider_retries": "DISABLED_OR_SEPARATELY_RESERVED",
  "production_default": false
}
