{
  "status": "OFFLINE_WALKTHROUGH_PASSED",
  "authority": "LOCAL_SYNTHETIC",
  "bundle_hash": "87e4416d72408979a341bdb80581201bbd7306be4bb1d81157693f641025ec4e",
  "release_hash": "f541b20f7489f93842e029472cca1b3b5d45498e70322bec72ec7d8f48a43ec4",
  "java": {
    "directory": "/home/chakwong/python/legalmath/artifacts/runs/mvp-accepted/java-release",
    "jar_sha256": "6b069b605a331480d618561b61e26c133f08f657813c779bc8c374a2aea62e51",
    "authority": "LOCAL_SYNTHETIC"
  },
  "decision_cases": 32,
  "event_cases": 8,
  "coverage_provisions": 51,
  "pilot_sources": 5,
  "original_decision": "f8d409133564f6d0d325f7226df4ea39f2185a72d3c1ffb8f2b3ef98e5b38525",
  "withdrawal_decision": "65263feb3da44255aad018215b2a83ce99c34bac29813d304fdc17a6f7c77c7e",
  "withdrawal_outcome": "FALSE",
  "amendment_bundle_hash": "857fcf227bc8ceac1699255bd2bcb36f3e27096ccbf7a06b0f108e68552ed8da",
  "history_archive": {
    "archive_hash": "4326737c2686954ca4af8ce2c3ecda0f1b9380376b6eb3d1cd00e242a31aca38",
    "manifest_hash": "877f5be15bb1a82c8bb5184440cd4cec6f9be735094ebf393b24e40a4defc39c"
  },
  "original_replay_equal": true,
  "amendment_release_hash": "7353f77b4f22795c5b072640d1dd074dc217aba829faf6c8d06a505b4e78fc94",
  "amendment_jar_sha256": "fb0d1c41a98e8f072834998fbd1c70447a9b54e15198c1d46f683524b5166df2",
  "human_usability": "PENDING",
  "bank_legal_approval": "PENDING",
  "production_bank_connection": false
}
