{"completed_tasks":1,"latest_status":"VALIDATED","slice_actions":1,"task_id":"task.df867095973c6d398b3de3b8da43cc23febcbba10df81c751d92107ef27f522a","tasks":2}
{"completed_tasks":2,"latest_status":"VALIDATED","slice_actions":2,"task_id":"task.5a3e91c4d8a310c853380368ed62004512ea81031d1efde753a6ae08d3d0397f","tasks":2}
{"completed_tasks":1,"latest_status":"VALIDATED","slice_actions":1,"task_id":"task.b8b07fe12ae3941ed8dee8b1ea97cdcc1e3f54830d9f9bda7ec82212f590d68c","tasks":4}
{"completed_tasks":2,"latest_status":"VALIDATED","slice_actions":2,"task_id":"task.2e48a158e565b97feccefdd70206e23a0aaaaa1fc7c3c534537b6dfedb2af486","tasks":4}
{"completed_tasks":3,"latest_status":"VALIDATED","slice_actions":3,"task_id":"task.90543a99c34d3ce8156cb3172fa7407db3ef5117ea58b7072bc4aee1afe6f093","tasks":4}
{"completed_tasks":4,"latest_status":"VALIDATED","slice_actions":4,"task_id":"task.88a8691d5b7ad6231ca86873dbe4d954b345f9ea0534608182533a58e36a1514","tasks":4}
Traceback (most recent call last):
  File "/home/chakwong/python/legalmath/scripts/run_issue_phase.py", line 181, in <module>
    parser.add_argument('--out',required=True);args=parser.parse_args();run(args.phase,args.out)
                                                                        ^^^^^^^^^^^^^^^^^^^^^^^^
  File "/home/chakwong/python/legalmath/scripts/run_issue_phase.py", line 108, in run
    study.finish({'status':'CHECKS_COMPLETED','candidates':len(merged['candidates']),
  File "/home/chakwong/python/legalmath/scripts/run_issue_phase.py", line 87, in finish
    save(self.directory/'summary.json',summary);save(self.directory/'allowance-after.json',after)
    ^^^^^^^^^^^^^^^^^^^^^^^^^^^^^^^^^^^^^^^^^^^
  File "/home/chakwong/python/legalmath/src/legalmath/interpretation/assurance/monitor.py", line 22, in save
    tmp = path.with_suffix('.tmp'); tmp.write_bytes(canonical(value)); tmp.replace(path)
                                                    ^^^^^^^^^^^^^^^^
  File "/home/chakwong/python/legalmath/src/legalmath/canonical.py", line 35, in canonical
    _check(value)
  File "/home/chakwong/python/legalmath/src/legalmath/canonical.py", line 29, in _check
    _check(item, depth + 1)
  File "/home/chakwong/python/legalmath/src/legalmath/canonical.py", line 31, in _check
    raise BoundaryError("E_SCHEMA")
legalmath.errors.BoundaryError: Input does not conform to the schema.
