[
  {
    "phase": "P0",
    "execution": "REUSED",
    "engineering": "PARTIAL"
  },
  {
    "phase": "P1",
    "execution": "REUSED",
    "engineering": "PARTIAL"
  },
  {
    "phase": "P2",
    "execution": "REUSED",
    "engineering": "PARTIAL"
  },
  {
    "phase": "P3",
    "execution": "REUSED",
    "engineering": "PARTIAL"
  },
  {
    "phase": "P4",
    "execution": "REUSED",
    "engineering": "PARTIAL"
  },
  {
    "phase": "P5",
    "execution": "REUSED",
    "engineering": "PARTIAL"
  },
  {
    "phase": "P6",
    "execution": "REUSED",
    "engineering": "PARTIAL"
  },
  {
    "phase": "P7",
    "execution": "REUSED",
    "engineering": "IMPLEMENTED_GUARD; EVALUATION_NOT_EXECUTED"
  },
  {
    "phase": "P8",
    "execution": "REUSED",
    "engineering": "IMPLEMENTED_GUARD; RELEASE_BLOCKED"
  }
]
