[
  {
    "phase": "P0",
    "execution": "REUSED",
    "engineering": "PARTIAL",
    "remaining": [
      "Assign independent reviewers and freeze unexposed groups",
      "Adjudicate question/instrument overlap after preserving all context-to-span and form-to-edition links"
    ],
    "release": "NOT_ACCEPTED"
  },
  {
    "phase": "P1",
    "execution": "REUSED",
    "engineering": "PARTIAL",
    "remaining": [
      "Review German margin reading order; source dates now recovered from supplement p1 and annual report p296",
      "Admit reviewed row/column order for seven retained documents; OCR raw geometry and corrected transcriptions retained separately"
    ],
    "release": "NOT_ACCEPTED"
  },
  {
    "phase": "P2",
    "execution": "REUSED",
    "engineering": "PARTIAL",
    "remaining": [
      "Resolve every retained bracket and marginal instruction",
      "Review continuous text and clause renumbering",
      "Resolve incorporated agreements and conflicting annual ranges",
      "Construct remaining Deutsche/BES and G13\u2013G17 agreements"
    ],
    "release": "NOT_ACCEPTED"
  },
  {
    "phase": "P3",
    "artifact_ready": true,
    "engineering": "PARTIAL",
    "evidence": "PENDING_INDEPENDENT_REVIEW",
    "remaining": [
      "Independent real-slice semantic review pending",
      "Automatic grammar is a bounded English development baseline; German meaning remains unresolved"
    ],
    "execution": "EXECUTED",
    "release": "NOT_ACCEPTED",
    "directory": "docs/implementation/prospectus-repair-2026-10-06/phases/P3/attempt-008"
  },
  {
    "phase": "P4",
    "artifact_ready": true,
    "engineering": "PARTIAL",
    "evidence": "PENDING_INDEPENDENT_REVIEW",
    "remaining": [
      "Review rule translations and effective law editions for the 25 retained hypothetical cases",
      "Supply actual forum, event, procedure and suspension facts"
    ],
    "execution": "EXECUTED",
    "release": "NOT_ACCEPTED",
    "directory": "docs/implementation/prospectus-repair-2026-10-06/phases/P4/attempt-007"
  },
  {
    "phase": "P5",
    "artifact_ready": true,
    "engineering": "PARTIAL",
    "evidence": "PENDING_INDEPENDENT_REVIEW",
    "remaining": [
      "Complete source-backed rounding, calendars, adjustments, accrued amounts and delivery",
      "Independent hand calculations and actual scenario facts pending"
    ],
    "execution": "EXECUTED",
    "release": "NOT_ACCEPTED",
    "directory": "docs/implementation/prospectus-repair-2026-10-06/phases/P5/attempt-007"
  },
  {
    "phase": "P6",
    "artifact_ready": true,
    "engineering": "INSTALLED_PRODUCT_CONSUMPTION_PASS",
    "evidence": "PENDING_INDEPENDENT_REVIEW",
    "remaining": [
      "Independent acceptance of assembled real contract pending",
      "Actual client/bank facts and product-to-regulatory interpretation unresolved"
    ],
    "execution": "EXECUTED",
    "release": "NOT_ACCEPTED",
    "directory": "docs/implementation/prospectus-repair-2026-10-06/phases/P6/attempt-007"
  },
  {
    "phase": "P7",
    "artifact_ready": true,
    "engineering": "IMPLEMENTED_GUARD; EVALUATION_NOT_EXECUTED",
    "evidence": "BLOCKED_INDEPENDENT_REVIEW",
    "remaining": [
      "Assign two independent first readers, adjudicator and curator",
      "Freeze unexposed cohorts and independent labels before paired A/B/D run"
    ],
    "execution": "EXECUTED",
    "release": "NOT_ACCEPTED",
    "directory": "docs/implementation/prospectus-repair-2026-10-06/phases/P7/attempt-004"
  },
  {
    "phase": "P8",
    "artifact_ready": true,
    "engineering": "IMPLEMENTED_GUARD; RELEASE_BLOCKED",
    "evidence": "BLOCKED_INDEPENDENT_REVIEW",
    "remaining": [
      "Independent evaluation missing",
      "No frozen supported scope",
      "No independently scored questions",
      "Evaluation report is unbound or changed",
      "Independent sign-offs bound to cohort, method, report and scope missing",
      "Rendered LaTeX review and human acceptance must accompany any release"
    ],
    "execution": "EXECUTED",
    "release": "NOT_ACCEPTED",
    "directory": "docs/implementation/prospectus-repair-2026-10-06/phases/P8/attempt-004"
  }
]
