Rc files read (in order):
  NONE
Latexmk: This is Latexmk, John Collins, 9 March 2026. Version 4.88.
Latexmk: applying rule 'pdflatex'...
Rule 'pdflatex':  Reasons for rerun
Changed files or newly in use/created:
  addendum.tex
Category 'changed_user':
  addendum.tex

------------
Run number 1 of rule 'pdflatex'
------------
------------
Running 'pdflatex  -interaction=nonstopmode -halt-on-error -recorder  "addendum.tex"'
------------
This is pdfTeX, Version 3.141592653-2.6-1.40.29 (TeX Live 2026) (preloaded format=pdflatex)
 restricted \write18 enabled.
entering extended mode
(./addendum.tex
LaTeX2e <2025-11-01>
L3 programming layer <2026-03-20>
(/home/chakwong/.TinyTeX/texmf-dist/tex/latex/base/article.cls
Document Class: article 2025/01/22 v1.4n Standard LaTeX document class
(/home/chakwong/.TinyTeX/texmf-dist/tex/latex/base/size11.clo)) (/home/chakwong/.TinyTeX/texmf-dist/tex/latex/base/fontenc.sty) (/home/chakwong/.TinyTeX/texmf-dist/tex/latex/base/inputenc.sty) (/home/chakwong/.TinyTeX/texmf-dist/tex/latex/geometry/geometry.sty (/home/chakwong/.TinyTeX/texmf-dist/tex/latex/graphics/keyval.sty) (/home/chakwong/.TinyTeX/texmf-dist/tex/generic/iftex/ifvtex.sty (/home/chakwong/.TinyTeX/texmf-dist/tex/generic/iftex/iftex.sty))) (/home/chakwong/.TinyTeX/texmf-dist/tex/latex/lm/lmodern.sty) (/home/chakwong/.TinyTeX/texmf-dist/tex/latex/microtype/microtype.sty (/home/chakwong/.TinyTeX/texmf-dist/tex/latex/etoolbox/etoolbox.sty) (/home/chakwong/.TinyTeX/texmf-dist/tex/latex/microtype/microtype-pdftex.def) (/home/chakwong/.TinyTeX/texmf-dist/tex/latex/microtype/microtype.cfg)) (/home/chakwong/.TinyTeX/texmf-dist/tex/latex/amsmath/amsmath.sty
For additional information on amsmath, use the `?' option.
(/home/chakwong/.TinyTeX/texmf-dist/tex/latex/amsmath/amstext.sty (/home/chakwong/.TinyTeX/texmf-dist/tex/latex/amsmath/amsgen.sty)) (/home/chakwong/.TinyTeX/texmf-dist/tex/latex/amsmath/amsbsy.sty) (/home/chakwong/.TinyTeX/texmf-dist/tex/latex/amsmath/amsopn.sty)) (/home/chakwong/.TinyTeX/texmf-dist/tex/latex/booktabs/booktabs.sty) (/home/chakwong/.TinyTeX/texmf-dist/tex/latex/tools/tabularx.sty (/home/chakwong/.TinyTeX/texmf-dist/tex/latex/tools/array.sty)) (/home/chakwong/.TinyTeX/texmf-dist/tex/latex/hyperref/hyperref.sty (/home/chakwong/.TinyTeX/texmf-dist/tex/latex/kvsetkeys/kvsetkeys.sty) (/home/chakwong/.TinyTeX/texmf-dist/tex/generic/kvdefinekeys/kvdefinekeys.sty) (/home/chakwong/.TinyTeX/texmf-dist/tex/generic/pdfescape/pdfescape.sty (/home/chakwong/.TinyTeX/texmf-dist/tex/generic/ltxcmds/ltxcmds.sty) (/home/chakwong/.TinyTeX/texmf-dist/tex/generic/pdftexcmds/pdftexcmds.sty (/home/chakwong/.TinyTeX/texmf-dist/tex/generic/infwarerr/infwarerr.sty))) (/home/chakwong/.TinyTeX/texmf-dist/tex/latex/hycolor/hycolor.sty) (/home/chakwong/.TinyTeX/texmf-dist/tex/latex/hyperref/nameref.sty (/home/chakwong/.TinyTeX/texmf-dist/tex/latex/refcount/refcount.sty) (/home/chakwong/.TinyTeX/texmf-dist/tex/generic/gettitlestring/gettitlestring.sty (/home/chakwong/.TinyTeX/texmf-dist/tex/latex/kvoptions/kvoptions.sty))) (/home/chakwong/.TinyTeX/texmf-dist/tex/generic/stringenc/stringenc.sty) (/home/chakwong/.TinyTeX/texmf-dist/tex/latex/hyperref/pd1enc.def) (/home/chakwong/.TinyTeX/texmf-dist/tex/generic/intcalc/intcalc.sty) (/home/chakwong/.TinyTeX/texmf-dist/tex/latex/hyperref/puenc.def) (/home/chakwong/.TinyTeX/texmf-dist/tex/latex/url/url.sty) (/home/chakwong/.TinyTeX/texmf-dist/tex/generic/bitset/bitset.sty (/home/chakwong/.TinyTeX/texmf-dist/tex/generic/bigintcalc/bigintcalc.sty))) (/home/chakwong/.TinyTeX/texmf-dist/tex/latex/hyperref/hpdftex.def (/home/chakwong/.TinyTeX/texmf-dist/tex/latex/rerunfilecheck/rerunfilecheck.sty (/home/chakwong/.TinyTeX/texmf-dist/tex/generic/uniquecounter/uniquecounter.sty))) (./results.tex) (/home/chakwong/.TinyTeX/texmf-dist/tex/latex/lm/t1lmr.fd) (/home/chakwong/.TinyTeX/texmf-dist/tex/latex/l3backend/l3backend-pdftex.def) (./addendum.aux)
*geometry* driver: auto-detecting
*geometry* detected driver: pdftex
(/home/chakwong/.TinyTeX/texmf-dist/tex/latex/microtype/mt-cmr.cfg) (./addendum.out) (./addendum.out) (/home/chakwong/.TinyTeX/texmf-dist/tex/latex/lm/ot1lmr.fd) (/home/chakwong/.TinyTeX/texmf-dist/tex/latex/lm/omllmm.fd) (/home/chakwong/.TinyTeX/texmf-dist/tex/latex/lm/omslmsy.fd) (/home/chakwong/.TinyTeX/texmf-dist/tex/latex/lm/omxlmex.fd) [1{/home/chakwong/.TinyTeX/texmf-var/fonts/map/pdftex/updmap/pdftex.map}{/home/chakwong/.TinyTeX/texmf-dist/fonts/enc/dvips/lm/lm-ec.enc}{/home/chakwong/.TinyTeX/texmf-dist/fonts/enc/dvips/lm/lm-mathit.enc}{/home/chakwong/.TinyTeX/texmf-dist/fonts/enc/dvips/lm/lm-rm.enc}{/home/chakwong/.TinyTeX/texmf-dist/fonts/enc/dvips/lm/lm-mathsy.enc}] [2] [3] [4] (./addendum.aux) )</home/chakwong/.TinyTeX/texmf-dist/fonts/type1/public/lm/lmbx12.pfb></home/chakwong/.TinyTeX/texmf-dist/fonts/type1/public/lm/lmmi10.pfb></home/chakwong/.TinyTeX/texmf-dist/fonts/type1/public/lm/lmr10.pfb></home/chakwong/.TinyTeX/texmf-dist/fonts/type1/public/lm/lmr12.pfb></home/chakwong/.TinyTeX/texmf-dist/fonts/type1/public/lm/lmr17.pfb></home/chakwong/.TinyTeX/texmf-dist/fonts/type1/public/lm/lmr6.pfb></home/chakwong/.TinyTeX/texmf-dist/fonts/type1/public/lm/lmr8.pfb></home/chakwong/.TinyTeX/texmf-dist/fonts/type1/public/lm/lmr9.pfb></home/chakwong/.TinyTeX/texmf-dist/fonts/type1/public/lm/lmri10.pfb></home/chakwong/.TinyTeX/texmf-dist/fonts/type1/public/lm/lmsy10.pfb>
Output written on addendum.pdf (4 pages, 221303 bytes).
Transcript written on addendum.log.
Latexmk: Getting log file 'addendum.log'
Latexmk: Examining 'addendum.fls'
Latexmk: Examining 'addendum.log'
Latexmk: Log file says output to 'addendum.pdf'
Latexmk: All targets (addendum.pdf) are up-to-date

