........................................................................ [  8%]
........................................................................ [ 17%]
........................................................................ [ 26%]
........................................................................ [ 35%]
........................................................................ [ 44%]
........................................................................ [ 53%]
........................................................................ [ 62%]
........................................................................ [ 71%]
........................................................................ [ 80%]
........................................................................ [ 89%]
........................................................................ [ 98%]
...............                                                          [100%]
=============================== warnings summary ===============================
.venv/lib/python3.11/site-packages/fastapi/testclient.py:1
  /home/chakwong/python/legalmath/.worktrees/catala/.venv/lib/python3.11/site-packages/fastapi/testclient.py:1: StarletteDeprecationWarning: Using `httpx` with `starlette.testclient` is deprecated; install `httpx2` instead.
    from starlette.testclient import TestClient as TestClient  # noqa

.venv/lib/python3.11/site-packages/starlette/testclient.py:53
  /home/chakwong/python/legalmath/.worktrees/catala/.venv/lib/python3.11/site-packages/starlette/testclient.py:53: DeprecationWarning: The anyio.abc.BlockingPortal alias is deprecated, use anyio.from_thread.BlockingPortal instead.
    _PortalFactoryType = Callable[[], AbstractContextManager[anyio.abc.BlockingPortal]]

-- Docs: https://docs.pytest.org/en/stable/how-to/capture-warnings.html
807 passed, 2 warnings in 1038.44s (0:17:18)
