Collecting docling==2.60.1
  Downloading docling-2.60.1-py3-none-any.whl.metadata (11 kB)
Collecting QuantLib==1.38
  Downloading quantlib-1.38-cp38-abi3-manylinux_2_17_x86_64.manylinux2014_x86_64.whl.metadata (1.1 kB)
Collecting dkpro-cassis==0.10.1
  Downloading dkpro_cassis-0.10.1-py3-none-any.whl.metadata (31 kB)
Collecting pydantic<3.0.0,>=2.0.0 (from docling==2.60.1)
  Downloading pydantic-2.13.5-py3-none-any.whl.metadata (110 kB)
     ━━━━━━━━━━━━━━━━━━━━━━━━━━━━━━━━━━━━━━━ 110.2/110.2 kB 1.1 MB/s eta 0:00:00
Collecting docling-core<3.0.0,>=2.48.2 (from docling-core[chunking]<3.0.0,>=2.48.2->docling==2.60.1)
  Downloading docling_core-2.100.0-py3-none-any.whl.metadata (8.5 kB)
Collecting docling-parse<5.0.0,>=4.7.0 (from docling==2.60.1)
  Downloading docling_parse-4.7.3-cp311-cp311-manylinux_2_27_x86_64.manylinux_2_28_x86_64.whl.metadata (10 kB)
Collecting docling-ibm-models<4,>=3.9.1 (from docling==2.60.1)
  Downloading docling_ibm_models-3.15.0-py3-none-any.whl.metadata (7.4 kB)
Collecting filetype<2.0.0,>=1.2.0 (from docling==2.60.1)
  Downloading filetype-1.2.0-py2.py3-none-any.whl.metadata (6.5 kB)
Collecting pypdfium2!=4.30.1,<5.0.0,>=4.30.0 (from docling==2.60.1)
  Downloading pypdfium2-4.30.0-py3-none-manylinux_2_17_x86_64.manylinux2014_x86_64.whl.metadata (48 kB)
     ━━━━━━━━━━━━━━━━━━━━━━━━━━━━━━━━━━━━━━━ 48.5/48.5 kB 468.0 MB/s eta 0:00:00
Collecting pydantic-settings<3.0.0,>=2.3.0 (from docling==2.60.1)
  Downloading pydantic_settings-2.15.0-py3-none-any.whl.metadata (3.9 kB)
Collecting huggingface_hub<1,>=0.23 (from docling==2.60.1)
  Downloading huggingface_hub-0.36.2-py3-none-any.whl.metadata (15 kB)
Collecting requests<3.0.0,>=2.32.2 (from docling==2.60.1)
  Downloading requests-2.34.2-py3-none-any.whl.metadata (4.8 kB)
Collecting rapidocr<4.0.0,>=3.3 (from docling==2.60.1)
  Downloading rapidocr-3.9.2-py3-none-any.whl.metadata (1.1 kB)
Collecting certifi>=2024.7.4 (from docling==2.60.1)
  Downloading certifi-2026.7.22-py3-none-any.whl.metadata (2.5 kB)
Collecting rtree<2.0.0,>=1.3.0 (from docling==2.60.1)
  Downloading rtree-1.4.1-py3-none-manylinux_2_24_x86_64.manylinux_2_28_x86_64.whl.metadata (2.1 kB)
Collecting typer<0.20.0,>=0.12.5 (from docling==2.60.1)
  Downloading typer-0.19.2-py3-none-any.whl.metadata (16 kB)
Collecting python-docx<2.0.0,>=1.1.2 (from docling==2.60.1)
  Downloading python_docx-1.2.0-py3-none-any.whl.metadata (2.0 kB)
Collecting python-pptx<2.0.0,>=1.0.2 (from docling==2.60.1)
  Downloading python_pptx-1.0.2-py3-none-any.whl.metadata (2.5 kB)
Collecting beautifulsoup4<5.0.0,>=4.12.3 (from docling==2.60.1)
  Downloading beautifulsoup4-4.15.0-py3-none-any.whl.metadata (3.8 kB)
Collecting pandas<3.0.0,>=2.1.4 (from docling==2.60.1)
  Downloading pandas-2.3.3-cp311-cp311-manylinux_2_24_x86_64.manylinux_2_28_x86_64.whl.metadata (91 kB)
     ━━━━━━━━━━━━━━━━━━━━━━━━━━━━━━━━━━━━━━━━ 91.2/91.2 kB 3.9 MB/s eta 0:00:00
Collecting marko<3.0.0,>=2.1.2 (from docling==2.60.1)
  Downloading marko-2.2.4-py3-none-any.whl.metadata (4.5 kB)
Collecting openpyxl<4.0.0,>=3.1.5 (from docling==2.60.1)
  Downloading openpyxl-3.1.5-py2.py3-none-any.whl.metadata (2.5 kB)
Collecting lxml<7.0.0,>=4.0.0 (from docling==2.60.1)
  Downloading lxml-6.1.3-cp311-cp311-manylinux_2_26_x86_64.manylinux_2_28_x86_64.whl.metadata (3.3 kB)
Collecting pillow<12.0.0,>=10.0.0 (from docling==2.60.1)
  Downloading pillow-11.3.0-cp311-cp311-manylinux_2_27_x86_64.manylinux_2_28_x86_64.whl.metadata (9.0 kB)
Collecting tqdm<5.0.0,>=4.65.0 (from docling==2.60.1)
  Downloading tqdm-4.70.1-py3-none-any.whl.metadata (57 kB)
     ━━━━━━━━━━━━━━━━━━━━━━━━━━━━━━━━━━━━━━━━ 57.4/57.4 kB 31.2 MB/s eta 0:00:00
Collecting pluggy<2.0.0,>=1.0.0 (from docling==2.60.1)
  Downloading pluggy-1.6.0-py3-none-any.whl.metadata (4.8 kB)
Collecting pylatexenc<3.0,>=2.10 (from docling==2.60.1)
  Downloading pylatexenc-2.11-py2.py3-none-any.whl.metadata (3.9 kB)
Collecting scipy<2.0.0,>=1.6.0 (from docling==2.60.1)
  Downloading scipy-1.17.1-cp311-cp311-manylinux_2_27_x86_64.manylinux_2_28_x86_64.whl.metadata (62 kB)
     ━━━━━━━━━━━━━━━━━━━━━━━━━━━━━━━━━━━━━━━ 62.1/62.1 kB 608.4 MB/s eta 0:00:00
Collecting accelerate<2,>=1.0.0 (from docling==2.60.1)
  Downloading accelerate-1.15.0-py3-none-any.whl.metadata (19 kB)
Collecting polyfactory>=2.22.2 (from docling==2.60.1)
  Downloading polyfactory-3.3.0-py3-none-any.whl.metadata (27 kB)
Collecting lxml<7.0.0,>=4.0.0 (from docling==2.60.1)
  Downloading lxml-5.3.2-cp311-cp311-manylinux_2_28_x86_64.whl.metadata (3.6 kB)
Collecting attrs<26,>=21.2 (from dkpro-cassis==0.10.1)
  Downloading attrs-25.4.0-py3-none-any.whl.metadata (10 kB)
Collecting sortedcontainers~=2.4 (from dkpro-cassis==0.10.1)
  Downloading sortedcontainers-2.4.0-py2.py3-none-any.whl.metadata (10 kB)
Collecting toposort~=1.10 (from dkpro-cassis==0.10.1)
  Downloading toposort-1.10-py3-none-any.whl.metadata (4.1 kB)
Collecting more-itertools~=10.6 (from dkpro-cassis==0.10.1)
  Downloading more_itertools-10.8.0-py3-none-any.whl.metadata (39 kB)
Collecting deprecation~=2.1 (from dkpro-cassis==0.10.1)
  Downloading deprecation-2.1.0-py2.py3-none-any.whl.metadata (4.6 kB)
Collecting importlib_resources~=6.5.2 (from dkpro-cassis==0.10.1)
  Downloading importlib_resources-6.5.2-py3-none-any.whl.metadata (3.9 kB)
Requirement already satisfied: numpy>=1.17 in /tmp/prospectus-adoption-tools/lib/python3.11/site-packages (from accelerate<2,>=1.0.0->docling==2.60.1) (2.4.6)
Collecting packaging>=20.0 (from accelerate<2,>=1.0.0->docling==2.60.1)
  Downloading packaging-26.3-py3-none-any.whl.metadata (3.5 kB)
Collecting psutil (from accelerate<2,>=1.0.0->docling==2.60.1)
  Downloading psutil-7.2.2-cp36-abi3-manylinux2010_x86_64.manylinux_2_12_x86_64.manylinux_2_28_x86_64.whl.metadata (22 kB)
Collecting pyyaml (from accelerate<2,>=1.0.0->docling==2.60.1)
  Downloading pyyaml-6.0.3-cp311-cp311-manylinux2014_x86_64.manylinux_2_17_x86_64.manylinux_2_28_x86_64.whl.metadata (2.4 kB)
Requirement already satisfied: torch>=2.0.0 in /tmp/prospectus-adoption-tools/lib/python3.11/site-packages (from accelerate<2,>=1.0.0->docling==2.60.1) (2.9.0+cpu)
Collecting safetensors>=0.4.3 (from accelerate<2,>=1.0.0->docling==2.60.1)
  Downloading safetensors-0.8.0-cp310-abi3-manylinux_2_17_x86_64.manylinux2014_x86_64.whl.metadata (4.2 kB)
Collecting soupsieve>=1.6.1 (from beautifulsoup4<5.0.0,>=4.12.3->docling==2.60.1)
  Downloading soupsieve-2.10-py3-none-any.whl.metadata (4.4 kB)
Requirement already satisfied: typing-extensions>=4.0.0 in /tmp/prospectus-adoption-tools/lib/python3.11/site-packages (from beautifulsoup4<5.0.0,>=4.12.3->docling==2.60.1) (4.16.0)
Collecting jsonschema<5.0.0,>=4.16.0 (from docling-core<3.0.0,>=2.48.2->docling-core[chunking]<3.0.0,>=2.48.2->docling==2.60.1)
  Downloading jsonschema-4.26.0-py3-none-any.whl.metadata (7.6 kB)
Collecting jsonref<2.0.0,>=1.1.0 (from docling-core<3.0.0,>=2.48.2->docling-core[chunking]<3.0.0,>=2.48.2->docling==2.60.1)
  Downloading jsonref-1.1.0-py3-none-any.whl.metadata (2.7 kB)
Collecting tabulate<0.11.0,>=0.9.0 (from docling-core<3.0.0,>=2.48.2->docling-core[chunking]<3.0.0,>=2.48.2->docling==2.60.1)
  Downloading tabulate-0.10.0-py3-none-any.whl.metadata (40 kB)
     ━━━━━━━━━━━━━━━━━━━━━━━━━━━━━━━━━━━━━━━━ 40.8/40.8 kB 8.0 MB/s eta 0:00:00
Collecting latex2mathml<4.0.0,>=3.77.0 (from docling-core<3.0.0,>=2.48.2->docling-core[chunking]<3.0.0,>=2.48.2->docling==2.60.1)
  Downloading latex2mathml-3.81.1-py3-none-any.whl.metadata (15 kB)
Collecting defusedxml<0.8.0,>=0.7.1 (from docling-core<3.0.0,>=2.48.2->docling-core[chunking]<3.0.0,>=2.48.2->docling==2.60.1)
  Downloading defusedxml-0.7.1-py2.py3-none-any.whl.metadata (32 kB)
Collecting doclang<0.8,>=0.7 (from docling-core<3.0.0,>=2.48.2->docling-core[chunking]<3.0.0,>=2.48.2->docling==2.60.1)
  Downloading doclang-0.7.3-py3-none-any.whl.metadata (4.6 kB)
Collecting semchunk<4.0.0,>=2.2.0 (from docling-core[chunking]<3.0.0,>=2.48.2->docling==2.60.1)
  Downloading semchunk-3.2.5-py3-none-any.whl.metadata (14 kB)
Collecting tree-sitter<0.27.0,>=0.25.0 (from docling-core[chunking]<3.0.0,>=2.48.2->docling==2.60.1)
  Downloading tree_sitter-0.26.0-cp311-cp311-manylinux2014_x86_64.manylinux_2_17_x86_64.manylinux_2_28_x86_64.whl.metadata (10 kB)
Collecting tree-sitter-python>=0.23.6 (from docling-core[chunking]<3.0.0,>=2.48.2->docling==2.60.1)
  Downloading tree_sitter_python-0.25.0-cp310-abi3-manylinux1_x86_64.manylinux_2_28_x86_64.manylinux_2_5_x86_64.whl.metadata (1.9 kB)
Collecting tree-sitter-c>=0.23.4 (from docling-core[chunking]<3.0.0,>=2.48.2->docling==2.60.1)
  Downloading tree_sitter_c-0.24.2-cp310-abi3-manylinux1_x86_64.manylinux_2_28_x86_64.manylinux_2_5_x86_64.whl.metadata (1.8 kB)
Collecting tree-sitter-javascript>=0.23.1 (from docling-core[chunking]<3.0.0,>=2.48.2->docling==2.60.1)
  Downloading tree_sitter_javascript-0.25.0-cp310-abi3-manylinux1_x86_64.manylinux_2_28_x86_64.manylinux_2_5_x86_64.whl.metadata (2.2 kB)
Collecting tree-sitter-typescript>=0.23.2 (from docling-core[chunking]<3.0.0,>=2.48.2->docling==2.60.1)
  Downloading tree_sitter_typescript-0.23.2-cp39-abi3-manylinux_2_5_x86_64.manylinux1_x86_64.manylinux_2_17_x86_64.manylinux2014_x86_64.whl.metadata (2.3 kB)
Collecting transformers<6.0.0,>=4.42.0 (from docling-core[chunking]<3.0.0,>=2.48.2->docling==2.60.1)
  Downloading transformers-5.19.0-py3-none-any.whl.metadata (32 kB)
Requirement already satisfied: torchvision<1,>=0 in /tmp/prospectus-adoption-tools/lib/python3.11/site-packages (from docling-ibm-models<4,>=3.9.1->docling==2.60.1) (0.24.0+cpu)
Collecting jsonlines<5.0.0,>=3.1.0 (from docling-ibm-models<4,>=3.9.1->docling==2.60.1)
  Downloading jsonlines-4.0.0-py3-none-any.whl.metadata (1.6 kB)
Requirement already satisfied: filelock in /tmp/prospectus-adoption-tools/lib/python3.11/site-packages (from huggingface_hub<1,>=0.23->docling==2.60.1) (3.32.3)
Requirement already satisfied: fsspec>=2023.5.0 in /tmp/prospectus-adoption-tools/lib/python3.11/site-packages (from huggingface_hub<1,>=0.23->docling==2.60.1) (2026.7.0)
Collecting hf-xet<2.0.0,>=1.1.3 (from huggingface_hub<1,>=0.23->docling==2.60.1)
  Downloading hf_xet-1.7.0-cp38-abi3-manylinux2014_x86_64.manylinux_2_17_x86_64.whl.metadata (4.9 kB)
Collecting et-xmlfile (from openpyxl<4.0.0,>=3.1.5->docling==2.60.1)
  Downloading et_xmlfile-2.0.0-py3-none-any.whl.metadata (2.7 kB)
Collecting python-dateutil>=2.8.2 (from pandas<3.0.0,>=2.1.4->docling==2.60.1)
  Downloading python_dateutil-2.9.0.post0-py2.py3-none-any.whl.metadata (8.4 kB)
Collecting pytz>=2020.1 (from pandas<3.0.0,>=2.1.4->docling==2.60.1)
  Downloading pytz-2026.5-py2.py3-none-any.whl.metadata (22 kB)
Collecting tzdata>=2022.7 (from pandas<3.0.0,>=2.1.4->docling==2.60.1)
  Downloading tzdata-2026.5-py2.py3-none-any.whl.metadata (1.4 kB)
Collecting faker>=5.0.0 (from polyfactory>=2.22.2->docling==2.60.1)
  Downloading faker-40.41.0-py3-none-any.whl.metadata (16 kB)
Collecting annotated-types>=0.6.0 (from pydantic<3.0.0,>=2.0.0->docling==2.60.1)
  Downloading annotated_types-0.8.0-py3-none-any.whl.metadata (15 kB)
Collecting pydantic-core==2.46.5 (from pydantic<3.0.0,>=2.0.0->docling==2.60.1)
  Downloading pydantic_core-2.46.5-cp311-cp311-manylinux_2_17_x86_64.manylinux2014_x86_64.whl.metadata (6.6 kB)
Collecting typing-inspection>=0.4.2 (from pydantic<3.0.0,>=2.0.0->docling==2.60.1)
  Downloading typing_inspection-0.4.4-py3-none-any.whl.metadata (2.6 kB)
Collecting python-dotenv>=0.21.0 (from pydantic-settings<3.0.0,>=2.3.0->docling==2.60.1)
  Downloading python_dotenv-1.2.4-py3-none-any.whl.metadata (29 kB)
Collecting XlsxWriter>=0.5.7 (from python-pptx<2.0.0,>=1.0.2->docling==2.60.1)
  Downloading xlsxwriter-3.2.9-py3-none-any.whl.metadata (2.7 kB)
Collecting pyclipper>=1.2.0 (from rapidocr<4.0.0,>=3.3->docling==2.60.1)
  Downloading pyclipper-1.4.0-cp311-cp311-manylinux2014_x86_64.manylinux_2_17_x86_64.whl.metadata (8.6 kB)
Collecting opencv_python>=4.5.1.48 (from rapidocr<4.0.0,>=3.3->docling==2.60.1)
  Downloading opencv_python-5.0.0.93-cp37-abi3-manylinux_2_28_x86_64.whl.metadata (19 kB)
Collecting six>=1.15.0 (from rapidocr<4.0.0,>=3.3->docling==2.60.1)
  Downloading six-1.17.0-py2.py3-none-any.whl.metadata (1.7 kB)
Collecting Shapely!=2.0.4,>=1.7.1 (from rapidocr<4.0.0,>=3.3->docling==2.60.1)
  Downloading shapely-2.1.2-cp311-cp311-manylinux2014_x86_64.manylinux_2_17_x86_64.whl.metadata (6.8 kB)
Collecting omegaconf!=2.2.1 (from rapidocr<4.0.0,>=3.3->docling==2.60.1)
  Downloading omegaconf-2.3.1-py3-none-any.whl.metadata (4.5 kB)
Collecting colorlog (from rapidocr<4.0.0,>=3.3->docling==2.60.1)
  Downloading colorlog-6.12.0-py3-none-any.whl.metadata (11 kB)
Collecting charset_normalizer<4,>=2 (from requests<3.0.0,>=2.32.2->docling==2.60.1)
  Downloading charset_normalizer-3.5.2-cp311-cp311-manylinux2014_x86_64.manylinux_2_17_x86_64.manylinux_2_28_x86_64.whl.metadata (46 kB)
     ━━━━━━━━━━━━━━━━━━━━━━━━━━━━━━━━━━━━━━━━ 46.4/46.4 kB 5.5 MB/s eta 0:00:00
Collecting idna<4,>=2.5 (from requests<3.0.0,>=2.32.2->docling==2.60.1)
  Downloading idna-3.20-py3-none-any.whl.metadata (7.2 kB)
Collecting urllib3<3,>=1.26 (from requests<3.0.0,>=2.32.2->docling==2.60.1)
  Downloading urllib3-2.8.0-py3-none-any.whl.metadata (7.4 kB)
Collecting click>=8.0.0 (from typer<0.20.0,>=0.12.5->docling==2.60.1)
  Downloading click-8.5.0-py3-none-any.whl.metadata (2.6 kB)
Collecting shellingham>=1.3.0 (from typer<0.20.0,>=0.12.5->docling==2.60.1)
  Downloading shellingham-1.5.4-py2.py3-none-any.whl.metadata (3.5 kB)
Collecting rich>=10.11.0 (from typer<0.20.0,>=0.12.5->docling==2.60.1)
  Downloading rich-15.0.0-py3-none-any.whl.metadata (18 kB)
Collecting jsonschema-specifications>=2023.03.6 (from jsonschema<5.0.0,>=4.16.0->docling-core<3.0.0,>=2.48.2->docling-core[chunking]<3.0.0,>=2.48.2->docling==2.60.1)
  Downloading jsonschema_specifications-2025.9.1-py3-none-any.whl.metadata (2.9 kB)
Collecting referencing>=0.28.4 (from jsonschema<5.0.0,>=4.16.0->docling-core<3.0.0,>=2.48.2->docling-core[chunking]<3.0.0,>=2.48.2->docling==2.60.1)
  Downloading referencing-0.37.0-py3-none-any.whl.metadata (2.8 kB)
Collecting rpds-py>=0.25.0 (from jsonschema<5.0.0,>=4.16.0->docling-core<3.0.0,>=2.48.2->docling-core[chunking]<3.0.0,>=2.48.2->docling==2.60.1)
  Downloading rpds_py-2026.9.1-cp311-cp311-manylinux_2_17_x86_64.manylinux2014_x86_64.whl.metadata (4.1 kB)
Collecting antlr4-python3-runtime==4.9.* (from omegaconf!=2.2.1->rapidocr<4.0.0,>=3.3->docling==2.60.1)
  Downloading antlr4-python3-runtime-4.9.3.tar.gz (117 kB)
     ━━━━━━━━━━━━━━━━━━━━━━━━━━━━━━━━━━━━━━━ 117.0/117.0 kB 3.4 MB/s eta 0:00:00
  Installing build dependencies: started
  Installing build dependencies: finished with status 'done'
  Getting requirements to build wheel: started
  Getting requirements to build wheel: finished with status 'done'
  Preparing metadata (pyproject.toml): started
  Preparing metadata (pyproject.toml): finished with status 'done'
Collecting markdown-it-py>=2.2.0 (from rich>=10.11.0->typer<0.20.0,>=0.12.5->docling==2.60.1)
  Downloading markdown_it_py-4.2.0-py3-none-any.whl.metadata (7.4 kB)
Collecting pygments<3.0.0,>=2.13.0 (from rich>=10.11.0->typer<0.20.0,>=0.12.5->docling==2.60.1)
  Downloading pygments-2.21.0-py3-none-any.whl.metadata (2.5 kB)
Collecting mpire[dill] (from semchunk<4.0.0,>=2.2.0->docling-core[chunking]<3.0.0,>=2.48.2->docling==2.60.1)
  Downloading mpire-2.10.2-py3-none-any.whl.metadata (14 kB)
Requirement already satisfied: sympy>=1.13.3 in /tmp/prospectus-adoption-tools/lib/python3.11/site-packages (from torch>=2.0.0->accelerate<2,>=1.0.0->docling==2.60.1) (1.14.0)
Requirement already satisfied: networkx>=2.5.1 in /tmp/prospectus-adoption-tools/lib/python3.11/site-packages (from torch>=2.0.0->accelerate<2,>=1.0.0->docling==2.60.1) (3.6.1)
Requirement already satisfied: jinja2 in /tmp/prospectus-adoption-tools/lib/python3.11/site-packages (from torch>=2.0.0->accelerate<2,>=1.0.0->docling==2.60.1) (3.1.6)
INFO: pip is looking at multiple versions of transformers to determine which version is compatible with other requirements. This could take a while.
Collecting transformers<6.0.0,>=4.42.0 (from docling-core[chunking]<3.0.0,>=2.48.2->docling==2.60.1)
  Downloading transformers-5.18.0-py3-none-any.whl.metadata (32 kB)
  Downloading transformers-5.17.0-py3-none-any.whl.metadata (32 kB)
  Downloading transformers-5.16.1-py3-none-any.whl.metadata (32 kB)
  Downloading transformers-5.16.0-py3-none-any.whl.metadata (32 kB)
  Downloading transformers-5.15.1-py3-none-any.whl.metadata (32 kB)
  Downloading transformers-5.15.0-py3-none-any.whl.metadata (32 kB)
  Downloading transformers-5.14.1-py3-none-any.whl.metadata (32 kB)
INFO: pip is still looking at multiple versions of transformers to determine which version is compatible with other requirements. This could take a while.
  Downloading transformers-5.14.0-py3-none-any.whl.metadata (32 kB)
  Downloading transformers-5.13.1-py3-none-any.whl.metadata (32 kB)
  Downloading transformers-5.12.1-py3-none-any.whl.metadata (33 kB)
  Downloading transformers-5.12.0-py3-none-any.whl.metadata (33 kB)
  Downloading transformers-5.11.0-py3-none-any.whl.metadata (33 kB)
INFO: This is taking longer than usual. You might need to provide the dependency resolver with stricter constraints to reduce runtime. See https://pip.pypa.io/warnings/backtracking for guidance. If you want to abort this run, press Ctrl + C.
  Downloading transformers-5.10.4-py3-none-any.whl.metadata (33 kB)
  Downloading transformers-5.10.2-py3-none-any.whl.metadata (33 kB)
  Downloading transformers-5.10.1-py3-none-any.whl.metadata (33 kB)
  Downloading transformers-5.9.0-py3-none-any.whl.metadata (33 kB)
  Downloading transformers-5.8.1-py3-none-any.whl.metadata (33 kB)
  Downloading transformers-5.8.0-py3-none-any.whl.metadata (33 kB)
  Downloading transformers-5.7.0-py3-none-any.whl.metadata (33 kB)
  Downloading transformers-5.6.2-py3-none-any.whl.metadata (33 kB)
  Downloading transformers-5.6.1-py3-none-any.whl.metadata (33 kB)
  Downloading transformers-5.6.0-py3-none-any.whl.metadata (33 kB)
  Downloading transformers-5.5.4-py3-none-any.whl.metadata (32 kB)
  Downloading transformers-5.5.3-py3-none-any.whl.metadata (32 kB)
  Downloading transformers-5.5.2-py3-none-any.whl.metadata (32 kB)
  Downloading transformers-5.5.1-py3-none-any.whl.metadata (32 kB)
  Downloading transformers-5.5.0-py3-none-any.whl.metadata (32 kB)
  Downloading transformers-5.4.0-py3-none-any.whl.metadata (32 kB)
  Downloading transformers-4.57.6-py3-none-any.whl.metadata (43 kB)
     ━━━━━━━━━━━━━━━━━━━━━━━━━━━━━━━━━━━━━━━ 44.0/44.0 kB 382.9 MB/s eta 0:00:00
Collecting regex!=2019.12.17 (from transformers<6.0.0,>=4.42.0->docling-core[chunking]<3.0.0,>=2.48.2->docling==2.60.1)
  Downloading regex-2026.9.29-cp311-cp311-manylinux2014_x86_64.manylinux_2_17_x86_64.manylinux_2_28_x86_64.whl.metadata (40 kB)
     ━━━━━━━━━━━━━━━━━━━━━━━━━━━━━━━━━━━━━━━━ 40.6/40.6 kB 32.0 MB/s eta 0:00:00
Collecting tokenizers<=0.23.0,>=0.22.0 (from transformers<6.0.0,>=4.42.0->docling-core[chunking]<3.0.0,>=2.48.2->docling==2.60.1)
  Downloading tokenizers-0.22.2-cp39-abi3-manylinux_2_17_x86_64.manylinux2014_x86_64.whl.metadata (7.3 kB)
Collecting mdurl~=0.1 (from markdown-it-py>=2.2.0->rich>=10.11.0->typer<0.20.0,>=0.12.5->docling==2.60.1)
  Downloading mdurl-0.1.2-py3-none-any.whl.metadata (1.6 kB)
Requirement already satisfied: mpmath<1.4,>=1.1.0 in /tmp/prospectus-adoption-tools/lib/python3.11/site-packages (from sympy>=1.13.3->torch>=2.0.0->accelerate<2,>=1.0.0->docling==2.60.1) (1.3.0)
Requirement already satisfied: MarkupSafe>=2.0 in /tmp/prospectus-adoption-tools/lib/python3.11/site-packages (from jinja2->torch>=2.0.0->accelerate<2,>=1.0.0->docling==2.60.1) (3.0.3)
Collecting multiprocess>=0.70.15 (from mpire[dill]->semchunk<4.0.0,>=2.2.0->docling-core[chunking]<3.0.0,>=2.48.2->docling==2.60.1)
  Downloading multiprocess-0.70.19-py311-none-any.whl.metadata (7.5 kB)
Collecting dill>=0.4.1 (from multiprocess>=0.70.15->mpire[dill]->semchunk<4.0.0,>=2.2.0->docling-core[chunking]<3.0.0,>=2.48.2->docling==2.60.1)
  Downloading dill-0.4.1-py3-none-any.whl.metadata (10 kB)
Downloading docling-2.60.1-py3-none-any.whl (253 kB)
   ━━━━━━━━━━━━━━━━━━━━━━━━━━━━━━━━━━━━━━━━ 253.1/253.1 kB 7.4 MB/s eta 0:00:00
Downloading quantlib-1.38-cp38-abi3-manylinux_2_17_x86_64.manylinux2014_x86_64.whl (20.0 MB)
   ━━━━━━━━━━━━━━━━━━━━━━━━━━━━━━━━━━━━━━━━ 20.0/20.0 MB 17.1 MB/s eta 0:00:00
Downloading dkpro_cassis-0.10.1-py3-none-any.whl (62 kB)
   ━━━━━━━━━━━━━━━━━━━━━━━━━━━━━━━━━━━━━━━━ 62.3/62.3 kB 4.8 MB/s eta 0:00:00
Downloading accelerate-1.15.0-py3-none-any.whl (394 kB)
   ━━━━━━━━━━━━━━━━━━━━━━━━━━━━━━━━━━━━━━━━ 394.3/394.3 kB 13.2 MB/s eta 0:00:00
Downloading attrs-25.4.0-py3-none-any.whl (67 kB)
   ━━━━━━━━━━━━━━━━━━━━━━━━━━━━━━━━━━━━━━━━ 67.6/67.6 kB 12.1 MB/s eta 0:00:00
Downloading beautifulsoup4-4.15.0-py3-none-any.whl (109 kB)
   ━━━━━━━━━━━━━━━━━━━━━━━━━━━━━━━━━━━━━━━━ 109.9/109.9 kB 5.1 MB/s eta 0:00:00
Downloading certifi-2026.7.22-py3-none-any.whl (136 kB)
   ━━━━━━━━━━━━━━━━━━━━━━━━━━━━━━━━━━━━━━━━ 137.0/137.0 kB 4.0 MB/s eta 0:00:00
Downloading deprecation-2.1.0-py2.py3-none-any.whl (11 kB)
Downloading docling_core-2.100.0-py3-none-any.whl (316 kB)
   ━━━━━━━━━━━━━━━━━━━━━━━━━━━━━━━━━━━━━━━━ 316.0/316.0 kB 8.7 MB/s eta 0:00:00
Downloading docling_ibm_models-3.15.0-py3-none-any.whl (95 kB)
   ━━━━━━━━━━━━━━━━━━━━━━━━━━━━━━━━━━━━━━━━ 95.7/95.7 kB 78.5 MB/s eta 0:00:00
Downloading docling_parse-4.7.3-cp311-cp311-manylinux_2_27_x86_64.manylinux_2_28_x86_64.whl (15.1 MB)
   ━━━━━━━━━━━━━━━━━━━━━━━━━━━━━━━━━━━━━━━━ 15.1/15.1 MB 11.1 MB/s eta 0:00:00
Downloading filetype-1.2.0-py2.py3-none-any.whl (19 kB)
Downloading huggingface_hub-0.36.2-py3-none-any.whl (566 kB)
   ━━━━━━━━━━━━━━━━━━━━━━━━━━━━━━━━━━━━━━━━ 566.4/566.4 kB 5.1 MB/s eta 0:00:00
Downloading importlib_resources-6.5.2-py3-none-any.whl (37 kB)
Downloading lxml-5.3.2-cp311-cp311-manylinux_2_28_x86_64.whl (5.0 MB)
   ━━━━━━━━━━━━━━━━━━━━━━━━━━━━━━━━━━━━━━━━ 5.0/5.0 MB 13.4 MB/s eta 0:00:00
Downloading marko-2.2.4-py3-none-any.whl (46 kB)
   ━━━━━━━━━━━━━━━━━━━━━━━━━━━━━━━━━━━━━━━━ 46.8/46.8 kB 506.8 MB/s eta 0:00:00
Downloading more_itertools-10.8.0-py3-none-any.whl (69 kB)
   ━━━━━━━━━━━━━━━━━━━━━━━━━━━━━━━━━━━━━━━━ 69.7/69.7 kB 1.9 MB/s eta 0:00:00
Downloading openpyxl-3.1.5-py2.py3-none-any.whl (250 kB)
   ━━━━━━━━━━━━━━━━━━━━━━━━━━━━━━━━━━━━━━━━ 250.9/250.9 kB 8.6 MB/s eta 0:00:00
Downloading pandas-2.3.3-cp311-cp311-manylinux_2_24_x86_64.manylinux_2_28_x86_64.whl (12.8 MB)
   ━━━━━━━━━━━━━━━━━━━━━━━━━━━━━━━━━━━━━━━━ 12.8/12.8 MB 10.5 MB/s eta 0:00:00
Downloading pillow-11.3.0-cp311-cp311-manylinux_2_27_x86_64.manylinux_2_28_x86_64.whl (6.6 MB)
   ━━━━━━━━━━━━━━━━━━━━━━━━━━━━━━━━━━━━━━━━ 6.6/6.6 MB 11.3 MB/s eta 0:00:00
Downloading pluggy-1.6.0-py3-none-any.whl (20 kB)
Downloading polyfactory-3.3.0-py3-none-any.whl (62 kB)
   ━━━━━━━━━━━━━━━━━━━━━━━━━━━━━━━━━━━━━━━━ 62.7/62.7 kB 3.4 MB/s eta 0:00:00
Downloading pydantic-2.13.5-py3-none-any.whl (472 kB)
   ━━━━━━━━━━━━━━━━━━━━━━━━━━━━━━━━━━━━━━━━ 472.6/472.6 kB 10.2 MB/s eta 0:00:00
Downloading pydantic_core-2.46.5-cp311-cp311-manylinux_2_17_x86_64.manylinux2014_x86_64.whl (2.1 MB)
   ━━━━━━━━━━━━━━━━━━━━━━━━━━━━━━━━━━━━━━━━ 2.1/2.1 MB 10.2 MB/s eta 0:00:00
Downloading pydantic_settings-2.15.0-py3-none-any.whl (69 kB)
   ━━━━━━━━━━━━━━━━━━━━━━━━━━━━━━━━━━━━━━━━ 69.4/69.4 kB 12.7 MB/s eta 0:00:00
Downloading pylatexenc-2.11-py2.py3-none-any.whl (137 kB)
   ━━━━━━━━━━━━━━━━━━━━━━━━━━━━━━━━━━━━━━━━ 137.5/137.5 kB 3.5 MB/s eta 0:00:00
Downloading pypdfium2-4.30.0-py3-none-manylinux_2_17_x86_64.manylinux2014_x86_64.whl (2.8 MB)
   ━━━━━━━━━━━━━━━━━━━━━━━━━━━━━━━━━━━━━━━━ 2.8/2.8 MB 10.4 MB/s eta 0:00:00
Downloading python_docx-1.2.0-py3-none-any.whl (252 kB)
   ━━━━━━━━━━━━━━━━━━━━━━━━━━━━━━━━━━━━━━━━ 253.0/253.0 kB 6.7 MB/s eta 0:00:00
Downloading python_pptx-1.0.2-py3-none-any.whl (472 kB)
   ━━━━━━━━━━━━━━━━━━━━━━━━━━━━━━━━━━━━━━━━ 472.8/472.8 kB 6.1 MB/s eta 0:00:00
Downloading rapidocr-3.9.2-py3-none-any.whl (27.3 MB)
   ━━━━━━━━━━━━━━━━━━━━━━━━━━━━━━━━━━━━━━━━ 27.3/27.3 MB 6.6 MB/s eta 0:00:00
Downloading requests-2.34.2-py3-none-any.whl (73 kB)
   ━━━━━━━━━━━━━━━━━━━━━━━━━━━━━━━━━━━━━━━━ 73.1/73.1 kB 68.7 MB/s eta 0:00:00
Downloading rtree-1.4.1-py3-none-manylinux_2_24_x86_64.manylinux_2_28_x86_64.whl (507 kB)
   ━━━━━━━━━━━━━━━━━━━━━━━━━━━━━━━━━━━━━━━━ 507.6/507.6 kB 24.8 MB/s eta 0:00:00
Downloading scipy-1.17.1-cp311-cp311-manylinux_2_27_x86_64.manylinux_2_28_x86_64.whl (35.3 MB)
   ━━━━━━━━━━━━━━━━━━━━━━━━━━━━━━━━━━━━━━━━ 35.3/35.3 MB 13.1 MB/s eta 0:00:00
Downloading sortedcontainers-2.4.0-py2.py3-none-any.whl (29 kB)
Downloading toposort-1.10-py3-none-any.whl (8.5 kB)
Downloading tqdm-4.70.1-py3-none-any.whl (80 kB)
   ━━━━━━━━━━━━━━━━━━━━━━━━━━━━━━━━━━━━━━━━ 80.2/80.2 kB 496.0 kB/s eta 0:00:00
Downloading typer-0.19.2-py3-none-any.whl (46 kB)
   ━━━━━━━━━━━━━━━━━━━━━━━━━━━━━━━━━━━━━━━━ 46.7/46.7 kB 511.5 MB/s eta 0:00:00
Downloading annotated_types-0.8.0-py3-none-any.whl (13 kB)
Downloading charset_normalizer-3.5.2-cp311-cp311-manylinux2014_x86_64.manylinux_2_17_x86_64.manylinux_2_28_x86_64.whl (269 kB)
   ━━━━━━━━━━━━━━━━━━━━━━━━━━━━━━━━━━━━━━━━ 270.0/270.0 kB 7.5 MB/s eta 0:00:00
Downloading click-8.5.0-py3-none-any.whl (125 kB)
   ━━━━━━━━━━━━━━━━━━━━━━━━━━━━━━━━━━━━━━━ 125.3/125.3 kB 112.2 MB/s eta 0:00:00
Downloading defusedxml-0.7.1-py2.py3-none-any.whl (25 kB)
Downloading doclang-0.7.3-py3-none-any.whl (32 kB)
Downloading faker-40.41.0-py3-none-any.whl (2.1 MB)
   ━━━━━━━━━━━━━━━━━━━━━━━━━━━━━━━━━━━━━━━━ 2.1/2.1 MB 10.7 MB/s eta 0:00:00
Downloading hf_xet-1.7.0-cp38-abi3-manylinux2014_x86_64.manylinux_2_17_x86_64.whl (4.2 MB)
   ━━━━━━━━━━━━━━━━━━━━━━━━━━━━━━━━━━━━━━━━ 4.2/4.2 MB 11.7 MB/s eta 0:00:00
Downloading idna-3.20-py3-none-any.whl (69 kB)
   ━━━━━━━━━━━━━━━━━━━━━━━━━━━━━━━━━━━━━━━━ 69.6/69.6 kB 625.0 MB/s eta 0:00:00
Downloading jsonlines-4.0.0-py3-none-any.whl (8.7 kB)
Downloading jsonref-1.1.0-py3-none-any.whl (9.4 kB)
Downloading jsonschema-4.26.0-py3-none-any.whl (90 kB)
   ━━━━━━━━━━━━━━━━━━━━━━━━━━━━━━━━━━━━━━━━ 90.6/90.6 kB 186.3 MB/s eta 0:00:00
Downloading latex2mathml-3.81.1-py3-none-any.whl (79 kB)
   ━━━━━━━━━━━━━━━━━━━━━━━━━━━━━━━━━━━━━━━━ 79.2/79.2 kB 10.5 MB/s eta 0:00:00
Downloading omegaconf-2.3.1-py3-none-any.whl (79 kB)
   ━━━━━━━━━━━━━━━━━━━━━━━━━━━━━━━━━━━━━━━━ 79.5/79.5 kB 71.1 MB/s eta 0:00:00
Downloading opencv_python-5.0.0.93-cp37-abi3-manylinux_2_28_x86_64.whl (73.8 MB)
   ━━━━━━━━━━━━━━━━━━━━━━━━━━━━━━━━━━━━━━━━ 73.8/73.8 MB 2.5 MB/s eta 0:00:00
Downloading packaging-26.3-py3-none-any.whl (129 kB)
   ━━━━━━━━━━━━━━━━━━━━━━━━━━━━━━━━━━━━━━━━ 130.0/130.0 kB 4.3 MB/s eta 0:00:00
Downloading pyclipper-1.4.0-cp311-cp311-manylinux2014_x86_64.manylinux_2_17_x86_64.whl (989 kB)
   ━━━━━━━━━━━━━━━━━━━━━━━━━━━━━━━━━━━━━━━━ 989.6/989.6 kB 3.5 MB/s eta 0:00:00
Downloading python_dateutil-2.9.0.post0-py2.py3-none-any.whl (229 kB)
   ━━━━━━━━━━━━━━━━━━━━━━━━━━━━━━━━━━━━━━━━ 229.9/229.9 kB 5.6 MB/s eta 0:00:00
Downloading python_dotenv-1.2.4-py3-none-any.whl (23 kB)
Downloading pytz-2026.5-py2.py3-none-any.whl (506 kB)
   ━━━━━━━━━━━━━━━━━━━━━━━━━━━━━━━━━━━━━━━━ 506.3/506.3 kB 3.8 MB/s eta 0:00:00
Downloading pyyaml-6.0.3-cp311-cp311-manylinux2014_x86_64.manylinux_2_17_x86_64.manylinux_2_28_x86_64.whl (806 kB)
   ━━━━━━━━━━━━━━━━━━━━━━━━━━━━━━━━━━━━━━━━ 806.6/806.6 kB 3.7 MB/s eta 0:00:00
Downloading rich-15.0.0-py3-none-any.whl (310 kB)
   ━━━━━━━━━━━━━━━━━━━━━━━━━━━━━━━━━━━━━━━━ 310.7/310.7 kB 5.1 MB/s eta 0:00:00
Downloading safetensors-0.8.0-cp310-abi3-manylinux_2_17_x86_64.manylinux2014_x86_64.whl (516 kB)
   ━━━━━━━━━━━━━━━━━━━━━━━━━━━━━━━━━━━━━━━━ 516.0/516.0 kB 2.6 MB/s eta 0:00:00
Downloading semchunk-3.2.5-py3-none-any.whl (13 kB)
Downloading shapely-2.1.2-cp311-cp311-manylinux2014_x86_64.manylinux_2_17_x86_64.whl (3.1 MB)
   ━━━━━━━━━━━━━━━━━━━━━━━━━━━━━━━━━━━━━━━━ 3.1/3.1 MB 2.5 MB/s eta 0:00:00
Downloading shellingham-1.5.4-py2.py3-none-any.whl (9.8 kB)
Downloading six-1.17.0-py2.py3-none-any.whl (11 kB)
Downloading soupsieve-2.10-py3-none-any.whl (38 kB)
Downloading tabulate-0.10.0-py3-none-any.whl (39 kB)
Downloading transformers-4.57.6-py3-none-any.whl (12.0 MB)
   ━━━━━━━━━━━━━━━━━━━━━━━━━━━━━━━━━━━━━━━━ 12.0/12.0 MB 3.8 MB/s eta 0:00:00
Downloading tree_sitter-0.26.0-cp311-cp311-manylinux2014_x86_64.manylinux_2_17_x86_64.manylinux_2_28_x86_64.whl (664 kB)
   ━━━━━━━━━━━━━━━━━━━━━━━━━━━━━━━━━━━━━━━━ 664.8/664.8 kB 6.7 MB/s eta 0:00:00
Downloading tree_sitter_c-0.24.2-cp310-abi3-manylinux1_x86_64.manylinux_2_28_x86_64.manylinux_2_5_x86_64.whl (94 kB)
   ━━━━━━━━━━━━━━━━━━━━━━━━━━━━━━━━━━━━━━━━ 94.3/94.3 kB 4.5 MB/s eta 0:00:00
Downloading tree_sitter_javascript-0.25.0-cp310-abi3-manylinux1_x86_64.manylinux_2_28_x86_64.manylinux_2_5_x86_64.whl (99 kB)
   ━━━━━━━━━━━━━━━━━━━━━━━━━━━━━━━━━━━━━━━━ 99.7/99.7 kB 34.2 MB/s eta 0:00:00
Downloading tree_sitter_python-0.25.0-cp310-abi3-manylinux1_x86_64.manylinux_2_28_x86_64.manylinux_2_5_x86_64.whl (108 kB)
   ━━━━━━━━━━━━━━━━━━━━━━━━━━━━━━━━━━━━━━━━ 108.1/108.1 kB 24.2 MB/s eta 0:00:00
Downloading tree_sitter_typescript-0.23.2-cp39-abi3-manylinux_2_5_x86_64.manylinux1_x86_64.manylinux_2_17_x86_64.manylinux2014_x86_64.whl (344 kB)
   ━━━━━━━━━━━━━━━━━━━━━━━━━━━━━━━━━━━━━━━━ 345.0/345.0 kB 3.5 MB/s eta 0:00:00
Downloading typing_inspection-0.4.4-py3-none-any.whl (14 kB)
Downloading tzdata-2026.5-py2.py3-none-any.whl (347 kB)
   ━━━━━━━━━━━━━━━━━━━━━━━━━━━━━━━━━━━━━━━━ 348.0/348.0 kB 6.8 MB/s eta 0:00:00
Downloading urllib3-2.8.0-py3-none-any.whl (135 kB)
   ━━━━━━━━━━━━━━━━━━━━━━━━━━━━━━━━━━━━━━━━ 135.7/135.7 kB 9.2 MB/s eta 0:00:00
Downloading xlsxwriter-3.2.9-py3-none-any.whl (175 kB)
   ━━━━━━━━━━━━━━━━━━━━━━━━━━━━━━━━━━━━━━━━ 175.3/175.3 kB 14.4 MB/s eta 0:00:00
Downloading colorlog-6.12.0-py3-none-any.whl (12 kB)
Downloading et_xmlfile-2.0.0-py3-none-any.whl (18 kB)
Downloading psutil-7.2.2-cp36-abi3-manylinux2010_x86_64.manylinux_2_12_x86_64.manylinux_2_28_x86_64.whl (155 kB)
   ━━━━━━━━━━━━━━━━━━━━━━━━━━━━━━━━━━━━━━━━ 155.6/155.6 kB 4.6 MB/s eta 0:00:00
Downloading jsonschema_specifications-2025.9.1-py3-none-any.whl (18 kB)
Downloading markdown_it_py-4.2.0-py3-none-any.whl (91 kB)
   ━━━━━━━━━━━━━━━━━━━━━━━━━━━━━━━━━━━━━━━━ 91.7/91.7 kB 196.0 MB/s eta 0:00:00
Downloading pygments-2.21.0-py3-none-any.whl (1.3 MB)
   ━━━━━━━━━━━━━━━━━━━━━━━━━━━━━━━━━━━━━━━━ 1.3/1.3 MB 4.0 MB/s eta 0:00:00
Downloading referencing-0.37.0-py3-none-any.whl (26 kB)
Downloading regex-2026.9.29-cp311-cp311-manylinux2014_x86_64.manylinux_2_17_x86_64.manylinux_2_28_x86_64.whl (804 kB)
   ━━━━━━━━━━━━━━━━━━━━━━━━━━━━━━━━━━━━━━━━ 805.0/805.0 kB 6.5 MB/s eta 0:00:00
Downloading rpds_py-2026.9.1-cp311-cp311-manylinux_2_17_x86_64.manylinux2014_x86_64.whl (375 kB)
   ━━━━━━━━━━━━━━━━━━━━━━━━━━━━━━━━━━━━━━━━ 375.4/375.4 kB 20.6 MB/s eta 0:00:00
Downloading tokenizers-0.22.2-cp39-abi3-manylinux_2_17_x86_64.manylinux2014_x86_64.whl (3.3 MB)
   ━━━━━━━━━━━━━━━━━━━━━━━━━━━━━━━━━━━━━━━━ 3.3/3.3 MB 5.4 MB/s eta 0:00:00
Downloading mdurl-0.1.2-py3-none-any.whl (10.0 kB)
Downloading multiprocess-0.70.19-py311-none-any.whl (144 kB)
   ━━━━━━━━━━━━━━━━━━━━━━━━━━━━━━━━━━━━━━━━ 144.5/144.5 kB 21.5 MB/s eta 0:00:00
Downloading mpire-2.10.2-py3-none-any.whl (272 kB)
   ━━━━━━━━━━━━━━━━━━━━━━━━━━━━━━━━━━━━━━━━ 272.8/272.8 kB 25.7 MB/s eta 0:00:00
Downloading dill-0.4.1-py3-none-any.whl (120 kB)
   ━━━━━━━━━━━━━━━━━━━━━━━━━━━━━━━━━━━━━━━━ 120.0/120.0 kB 4.2 MB/s eta 0:00:00
Building wheels for collected packages: antlr4-python3-runtime
  Building wheel for antlr4-python3-runtime (pyproject.toml): started
  Building wheel for antlr4-python3-runtime (pyproject.toml): finished with status 'done'
  Created wheel for antlr4-python3-runtime: filename=antlr4_python3_runtime-4.9.3-py3-none-any.whl size=144590 sha256=10a4f829883450902596cc6f24fa98fd9175d8718b6a7ed2bff81f9aa9e37e50
  Stored in directory: /tmp/pip-ephem-wheel-cache-si_br0ew/wheels/1a/97/32/461f837398029ad76911109f07047fde1d7b661a147c7c56d1
Successfully built antlr4-python3-runtime
Installing collected packages: toposort, sortedcontainers, QuantLib, pytz, pylatexenc, filetype, antlr4-python3-runtime, XlsxWriter, urllib3, tzdata, typing-inspection, tree-sitter-typescript, tree-sitter-python, tree-sitter-javascript, tree-sitter-c, tree-sitter, tqdm, tabulate, soupsieve, six, shellingham, Shapely, scipy, safetensors, rtree, rpds-py, regex, pyyaml, python-dotenv, pypdfium2, pygments, pydantic-core, pyclipper, psutil, pluggy, pillow, packaging, opencv_python, more-itertools, mdurl, marko, lxml, latex2mathml, jsonref, importlib_resources, idna, hf-xet, faker, et-xmlfile, dill, defusedxml, colorlog, click, charset_normalizer, certifi, attrs, annotated-types, requests, referencing, python-pptx, python-docx, python-dateutil, pydantic, polyfactory, openpyxl, omegaconf, multiprocess, mpire, markdown-it-py, jsonlines, deprecation, beautifulsoup4, rich, rapidocr, pydantic-settings, pandas, jsonschema-specifications, huggingface_hub, dkpro-cassis, typer, tokenizers, semchunk, jsonschema, accelerate, transformers, doclang, docling-core, docling-parse, docling-ibm-models, docling
  Attempting uninstall: pillow
    Found existing installation: pillow 12.3.0
    Uninstalling pillow-12.3.0:
      Successfully uninstalled pillow-12.3.0
Successfully installed QuantLib-1.38 Shapely-2.1.2 XlsxWriter-3.2.9 accelerate-1.15.0 annotated-types-0.8.0 antlr4-python3-runtime-4.9.3 attrs-25.4.0 beautifulsoup4-4.15.0 certifi-2026.7.22 charset_normalizer-3.5.2 click-8.5.0 colorlog-6.12.0 defusedxml-0.7.1 deprecation-2.1.0 dill-0.4.1 dkpro-cassis-0.10.1 doclang-0.7.3 docling-2.60.1 docling-core-2.100.0 docling-ibm-models-3.15.0 docling-parse-4.7.3 et-xmlfile-2.0.0 faker-40.41.0 filetype-1.2.0 hf-xet-1.7.0 huggingface_hub-0.36.2 idna-3.20 importlib_resources-6.5.2 jsonlines-4.0.0 jsonref-1.1.0 jsonschema-4.26.0 jsonschema-specifications-2025.9.1 latex2mathml-3.81.1 lxml-5.3.2 markdown-it-py-4.2.0 marko-2.2.4 mdurl-0.1.2 more-itertools-10.8.0 mpire-2.10.2 multiprocess-0.70.19 omegaconf-2.3.1 opencv_python-5.0.0.93 openpyxl-3.1.5 packaging-26.3 pandas-2.3.3 pillow-11.3.0 pluggy-1.6.0 polyfactory-3.3.0 psutil-7.2.2 pyclipper-1.4.0 pydantic-2.13.5 pydantic-core-2.46.5 pydantic-settings-2.15.0 pygments-2.21.0 pylatexenc-2.11 pypdfium2-4.30.0 python-dateutil-2.9.0.post0 python-docx-1.2.0 python-dotenv-1.2.4 python-pptx-1.0.2 pytz-2026.5 pyyaml-6.0.3 rapidocr-3.9.2 referencing-0.37.0 regex-2026.9.29 requests-2.34.2 rich-15.0.0 rpds-py-2026.9.1 rtree-1.4.1 safetensors-0.8.0 scipy-1.17.1 semchunk-3.2.5 shellingham-1.5.4 six-1.17.0 sortedcontainers-2.4.0 soupsieve-2.10 tabulate-0.10.0 tokenizers-0.22.2 toposort-1.10 tqdm-4.70.1 transformers-4.57.6 tree-sitter-0.26.0 tree-sitter-c-0.24.2 tree-sitter-javascript-0.25.0 tree-sitter-python-0.25.0 tree-sitter-typescript-0.23.2 typer-0.19.2 typing-inspection-0.4.4 tzdata-2026.5 urllib3-2.8.0
