accelerate==1.15.0
annotated-types==0.8.0
antlr4-python3-runtime==4.9.3
attrs==25.4.0
beautifulsoup4==4.15.0
certifi==2026.7.22
charset-normalizer==3.5.2
click==8.5.0
colorlog==6.12.0
defusedxml==0.7.1
deprecation==2.1.0
dill==0.4.1
dkpro-cassis==0.10.1
doclang==0.7.3
docling==2.60.1
docling-core==2.100.0
docling-ibm-models==3.15.0
docling-parse==4.7.3
et_xmlfile==2.0.0
Faker==40.41.0
filelock==3.32.3
filetype==1.2.0
fsspec==2026.7.0
hf-xet==1.7.0
huggingface_hub==0.36.2
idna==3.20
importlib_resources==6.5.2
Jinja2==3.1.6
jsonlines==4.0.0
jsonref==1.1.0
jsonschema==4.26.0
jsonschema-specifications==2025.9.1
latex2mathml==3.81.1
lxml==5.3.2
markdown-it-py==4.2.0
marko==2.2.4
MarkupSafe==3.0.3
mdurl==0.1.2
more-itertools==10.8.0
mpire==2.10.2
mpmath==1.3.0
multiprocess==0.70.19
networkx==3.6.1
numpy==2.4.6
omegaconf==2.3.1
opencv-python==5.0.0.93
openpyxl==3.1.5
packaging==26.3
pandas==2.3.3
pillow==11.3.0
pluggy==1.6.0
polyfactory==3.3.0
psutil==7.2.2
pyclipper==1.4.0
pydantic==2.13.5
pydantic-settings==2.15.0
pydantic_core==2.46.5
Pygments==2.21.0
pylatexenc==2.11
pypdfium2==4.30.0
python-dateutil==2.9.0.post0
python-docx==1.2.0
python-dotenv==1.2.4
python-pptx==1.0.2
pytz==2026.5
PyYAML==6.0.3
QuantLib==1.38
rapidocr==3.9.2
referencing==0.37.0
regex==2026.9.29
requests==2.34.2
rich==15.0.0
rpds-py==2026.9.1
rtree==1.4.1
safetensors==0.8.0
scipy==1.17.1
semchunk==3.2.5
shapely==2.1.2
shellingham==1.5.4
six==1.17.0
sortedcontainers==2.4.0
soupsieve==2.10
sympy==1.14.0
tabulate==0.10.0
tokenizers==0.22.2
toposort==1.10
torch==2.9.0+cpu
torchvision==0.24.0+cpu
tqdm==4.70.1
transformers==4.57.6
tree-sitter==0.26.0
tree-sitter-c==0.24.2
tree-sitter-javascript==0.25.0
tree-sitter-python==0.25.0
tree-sitter-typescript==0.23.2
typer==0.19.2
typing-inspection==0.4.4
typing_extensions==4.16.0
tzdata==2026.5
urllib3==2.8.0
xlsxwriter==3.2.9
