Rc files read (in order):
  NONE
Latexmk: This is Latexmk, John Collins, 9 March 2026. Version 4.88.
No existing .aux file, so I'll make a simple one, and require run of *latex.
Latexmk: applying rule 'pdflatex'...
Rule 'pdflatex':  Reasons for rerun
Category 'other':
  Rerun of 'pdflatex' forced or previously required:
    Reason or flag: 'Initial setup'

------------
Run number 1 of rule 'pdflatex'
------------
------------
Running 'pdflatex  -interaction=nonstopmode -halt-on-error -recorder -output-directory="docs/implementation/prospectus-closure-refresh-2026-10-05/phases/014-document"  "/home/chakwong/python/legalmath/.worktrees/bond-gap-closure/docs/implementation/prospectus-closure-refresh-2026-10-05/phases/014-document/addendum.tex"'
------------
This is pdfTeX, Version 3.141592653-2.6-1.40.29 (TeX Live 2026) (preloaded format=pdflatex)
 restricted \write18 enabled.
entering extended mode
(/home/chakwong/python/legalmath/.worktrees/bond-gap-closure/docs/implementation/prospectus-closure-refresh-2026-10-05/phases/014-document/addendum.tex
LaTeX2e <2025-11-01>
L3 programming layer <2026-03-20>
(/home/chakwong/.TinyTeX/texmf-dist/tex/latex/base/article.cls
Document Class: article 2025/01/22 v1.4n Standard LaTeX document class
(/home/chakwong/.TinyTeX/texmf-dist/tex/latex/base/size11.clo)) (/home/chakwong/.TinyTeX/texmf-dist/tex/latex/base/fontenc.sty) (/home/chakwong/.TinyTeX/texmf-dist/tex/latex/base/inputenc.sty) (/home/chakwong/.TinyTeX/texmf-dist/tex/latex/geometry/geometry.sty (/home/chakwong/.TinyTeX/texmf-dist/tex/latex/graphics/keyval.sty) (/home/chakwong/.TinyTeX/texmf-dist/tex/generic/iftex/ifvtex.sty (/home/chakwong/.TinyTeX/texmf-dist/tex/generic/iftex/iftex.sty))) (/home/chakwong/.TinyTeX/texmf-dist/tex/latex/lm/lmodern.sty) (/home/chakwong/.TinyTeX/texmf-dist/tex/latex/microtype/microtype.sty (/home/chakwong/.TinyTeX/texmf-dist/tex/latex/etoolbox/etoolbox.sty) (/home/chakwong/.TinyTeX/texmf-dist/tex/latex/microtype/microtype-pdftex.def) (/home/chakwong/.TinyTeX/texmf-dist/tex/latex/microtype/microtype.cfg)) (/home/chakwong/.TinyTeX/texmf-dist/tex/latex/hyperref/hyperref.sty (/home/chakwong/.TinyTeX/texmf-dist/tex/latex/kvsetkeys/kvsetkeys.sty) (/home/chakwong/.TinyTeX/texmf-dist/tex/generic/kvdefinekeys/kvdefinekeys.sty) (/home/chakwong/.TinyTeX/texmf-dist/tex/generic/pdfescape/pdfescape.sty (/home/chakwong/.TinyTeX/texmf-dist/tex/generic/ltxcmds/ltxcmds.sty) (/home/chakwong/.TinyTeX/texmf-dist/tex/generic/pdftexcmds/pdftexcmds.sty (/home/chakwong/.TinyTeX/texmf-dist/tex/generic/infwarerr/infwarerr.sty))) (/home/chakwong/.TinyTeX/texmf-dist/tex/latex/hycolor/hycolor.sty) (/home/chakwong/.TinyTeX/texmf-dist/tex/latex/hyperref/nameref.sty (/home/chakwong/.TinyTeX/texmf-dist/tex/latex/refcount/refcount.sty) (/home/chakwong/.TinyTeX/texmf-dist/tex/generic/gettitlestring/gettitlestring.sty (/home/chakwong/.TinyTeX/texmf-dist/tex/latex/kvoptions/kvoptions.sty))) (/home/chakwong/.TinyTeX/texmf-dist/tex/generic/stringenc/stringenc.sty) (/home/chakwong/.TinyTeX/texmf-dist/tex/latex/hyperref/pd1enc.def) (/home/chakwong/.TinyTeX/texmf-dist/tex/generic/intcalc/intcalc.sty) (/home/chakwong/.TinyTeX/texmf-dist/tex/latex/hyperref/puenc.def) (/home/chakwong/.TinyTeX/texmf-dist/tex/latex/url/url.sty) (/home/chakwong/.TinyTeX/texmf-dist/tex/generic/bitset/bitset.sty (/home/chakwong/.TinyTeX/texmf-dist/tex/generic/bigintcalc/bigintcalc.sty))) (/home/chakwong/.TinyTeX/texmf-dist/tex/latex/hyperref/hpdftex.def (/home/chakwong/.TinyTeX/texmf-dist/tex/latex/rerunfilecheck/rerunfilecheck.sty (/home/chakwong/.TinyTeX/texmf-dist/tex/generic/uniquecounter/uniquecounter.sty))) (/home/chakwong/.TinyTeX/texmf-dist/tex/latex/lm/t1lmr.fd) (/home/chakwong/.TinyTeX/texmf-dist/tex/latex/l3backend/l3backend-pdftex.def) (docs/implementation/prospectus-closure-refresh-2026-10-05/phases/014-document/addendum.aux)
*geometry* driver: auto-detecting
*geometry* detected driver: pdftex
(/home/chakwong/.TinyTeX/texmf-dist/tex/latex/microtype/mt-cmr.cfg) (/home/chakwong/.TinyTeX/texmf-dist/tex/latex/graphics/color.sty (/home/chakwong/.TinyTeX/texmf-dist/tex/latex/graphics-cfg/color.cfg) (/home/chakwong/.TinyTeX/texmf-dist/tex/latex/graphics-def/pdftex.def) (/home/chakwong/.TinyTeX/texmf-dist/tex/latex/graphics/mathcolor.ltx)) (/home/chakwong/.TinyTeX/texmf-dist/tex/latex/lm/ot1lmr.fd) (/home/chakwong/.TinyTeX/texmf-dist/tex/latex/lm/omllmm.fd) (/home/chakwong/.TinyTeX/texmf-dist/tex/latex/lm/omslmsy.fd) (/home/chakwong/.TinyTeX/texmf-dist/tex/latex/lm/omxlmex.fd) [1{/home/chakwong/.TinyTeX/texmf-var/fonts/map/pdftex/updmap/pdftex.map}{/home/chakwong/.TinyTeX/texmf-dist/fonts/enc/dvips/lm/lm-ec.enc}] [2] (docs/implementation/prospectus-closure-refresh-2026-10-05/phases/014-document/addendum.aux)

Package rerunfilecheck Warning: File `addendum.out' has changed.
(rerunfilecheck)                Rerun to get outlines right
(rerunfilecheck)                or use package `bookmark'.

 )</home/chakwong/.TinyTeX/texmf-dist/fonts/type1/public/lm/lmr10.pfb></home/chakwong/.TinyTeX/texmf-dist/fonts/type1/public/lm/lmr12.pfb></home/chakwong/.TinyTeX/texmf-dist/fonts/type1/public/lm/lmr17.pfb></home/chakwong/.TinyTeX/texmf-dist/fonts/type1/public/lm/lmr6.pfb></home/chakwong/.TinyTeX/texmf-dist/fonts/type1/public/lm/lmr8.pfb></home/chakwong/.TinyTeX/texmf-dist/fonts/type1/public/lm/lmr9.pfb>
Output written on docs/implementation/prospectus-closure-refresh-2026-10-05/phases/014-document/addendum.pdf (2 pages, 159958 bytes).
Transcript written on docs/implementation/prospectus-closure-refresh-2026-10-05/phases/014-document/addendum.log.
Latexmk: Getting log file 'docs/implementation/prospectus-closure-refresh-2026-10-05/phases/014-document/addendum.log'
Latexmk: Examining 'docs/implementation/prospectus-closure-refresh-2026-10-05/phases/014-document/addendum.fls'
Latexmk: Examining 'docs/implementation/prospectus-closure-refresh-2026-10-05/phases/014-document/addendum.log'
Latexmk: References changed.
Latexmk: Log file says output to 'docs/implementation/prospectus-closure-refresh-2026-10-05/phases/014-document/addendum.pdf'
Latexmk: applying rule 'pdflatex'...
Rule 'pdflatex':  Reasons for rerun
Changed files or newly in use/created:
  docs/implementation/prospectus-closure-refresh-2026-10-05/phases/014-document/addendum.aux
  docs/implementation/prospectus-closure-refresh-2026-10-05/phases/014-document/addendum.out

------------
Run number 2 of rule 'pdflatex'
------------
------------
Running 'pdflatex  -interaction=nonstopmode -halt-on-error -recorder -output-directory="docs/implementation/prospectus-closure-refresh-2026-10-05/phases/014-document"  "/home/chakwong/python/legalmath/.worktrees/bond-gap-closure/docs/implementation/prospectus-closure-refresh-2026-10-05/phases/014-document/addendum.tex"'
------------
This is pdfTeX, Version 3.141592653-2.6-1.40.29 (TeX Live 2026) (preloaded format=pdflatex)
 restricted \write18 enabled.
entering extended mode
(/home/chakwong/python/legalmath/.worktrees/bond-gap-closure/docs/implementation/prospectus-closure-refresh-2026-10-05/phases/014-document/addendum.tex
LaTeX2e <2025-11-01>
L3 programming layer <2026-03-20>
(/home/chakwong/.TinyTeX/texmf-dist/tex/latex/base/article.cls
Document Class: article 2025/01/22 v1.4n Standard LaTeX document class
(/home/chakwong/.TinyTeX/texmf-dist/tex/latex/base/size11.clo)) (/home/chakwong/.TinyTeX/texmf-dist/tex/latex/base/fontenc.sty) (/home/chakwong/.TinyTeX/texmf-dist/tex/latex/base/inputenc.sty) (/home/chakwong/.TinyTeX/texmf-dist/tex/latex/geometry/geometry.sty (/home/chakwong/.TinyTeX/texmf-dist/tex/latex/graphics/keyval.sty) (/home/chakwong/.TinyTeX/texmf-dist/tex/generic/iftex/ifvtex.sty (/home/chakwong/.TinyTeX/texmf-dist/tex/generic/iftex/iftex.sty))) (/home/chakwong/.TinyTeX/texmf-dist/tex/latex/lm/lmodern.sty) (/home/chakwong/.TinyTeX/texmf-dist/tex/latex/microtype/microtype.sty (/home/chakwong/.TinyTeX/texmf-dist/tex/latex/etoolbox/etoolbox.sty) (/home/chakwong/.TinyTeX/texmf-dist/tex/latex/microtype/microtype-pdftex.def) (/home/chakwong/.TinyTeX/texmf-dist/tex/latex/microtype/microtype.cfg)) (/home/chakwong/.TinyTeX/texmf-dist/tex/latex/hyperref/hyperref.sty (/home/chakwong/.TinyTeX/texmf-dist/tex/latex/kvsetkeys/kvsetkeys.sty) (/home/chakwong/.TinyTeX/texmf-dist/tex/generic/kvdefinekeys/kvdefinekeys.sty) (/home/chakwong/.TinyTeX/texmf-dist/tex/generic/pdfescape/pdfescape.sty (/home/chakwong/.TinyTeX/texmf-dist/tex/generic/ltxcmds/ltxcmds.sty) (/home/chakwong/.TinyTeX/texmf-dist/tex/generic/pdftexcmds/pdftexcmds.sty (/home/chakwong/.TinyTeX/texmf-dist/tex/generic/infwarerr/infwarerr.sty))) (/home/chakwong/.TinyTeX/texmf-dist/tex/latex/hycolor/hycolor.sty) (/home/chakwong/.TinyTeX/texmf-dist/tex/latex/hyperref/nameref.sty (/home/chakwong/.TinyTeX/texmf-dist/tex/latex/refcount/refcount.sty) (/home/chakwong/.TinyTeX/texmf-dist/tex/generic/gettitlestring/gettitlestring.sty (/home/chakwong/.TinyTeX/texmf-dist/tex/latex/kvoptions/kvoptions.sty))) (/home/chakwong/.TinyTeX/texmf-dist/tex/generic/stringenc/stringenc.sty) (/home/chakwong/.TinyTeX/texmf-dist/tex/latex/hyperref/pd1enc.def) (/home/chakwong/.TinyTeX/texmf-dist/tex/generic/intcalc/intcalc.sty) (/home/chakwong/.TinyTeX/texmf-dist/tex/latex/hyperref/puenc.def) (/home/chakwong/.TinyTeX/texmf-dist/tex/latex/url/url.sty) (/home/chakwong/.TinyTeX/texmf-dist/tex/generic/bitset/bitset.sty (/home/chakwong/.TinyTeX/texmf-dist/tex/generic/bigintcalc/bigintcalc.sty))) (/home/chakwong/.TinyTeX/texmf-dist/tex/latex/hyperref/hpdftex.def (/home/chakwong/.TinyTeX/texmf-dist/tex/latex/rerunfilecheck/rerunfilecheck.sty (/home/chakwong/.TinyTeX/texmf-dist/tex/generic/uniquecounter/uniquecounter.sty))) (/home/chakwong/.TinyTeX/texmf-dist/tex/latex/lm/t1lmr.fd) (/home/chakwong/.TinyTeX/texmf-dist/tex/latex/l3backend/l3backend-pdftex.def) (docs/implementation/prospectus-closure-refresh-2026-10-05/phases/014-document/addendum.aux)
*geometry* driver: auto-detecting
*geometry* detected driver: pdftex
(/home/chakwong/.TinyTeX/texmf-dist/tex/latex/microtype/mt-cmr.cfg) (/home/chakwong/.TinyTeX/texmf-dist/tex/latex/graphics/color.sty (/home/chakwong/.TinyTeX/texmf-dist/tex/latex/graphics-cfg/color.cfg) (/home/chakwong/.TinyTeX/texmf-dist/tex/latex/graphics-def/pdftex.def) (/home/chakwong/.TinyTeX/texmf-dist/tex/latex/graphics/mathcolor.ltx)) (docs/implementation/prospectus-closure-refresh-2026-10-05/phases/014-document/addendum.out) (docs/implementation/prospectus-closure-refresh-2026-10-05/phases/014-document/addendum.out) (/home/chakwong/.TinyTeX/texmf-dist/tex/latex/lm/ot1lmr.fd) (/home/chakwong/.TinyTeX/texmf-dist/tex/latex/lm/omllmm.fd) (/home/chakwong/.TinyTeX/texmf-dist/tex/latex/lm/omslmsy.fd) (/home/chakwong/.TinyTeX/texmf-dist/tex/latex/lm/omxlmex.fd) [1{/home/chakwong/.TinyTeX/texmf-var/fonts/map/pdftex/updmap/pdftex.map}{/home/chakwong/.TinyTeX/texmf-dist/fonts/enc/dvips/lm/lm-ec.enc}] [2] (docs/implementation/prospectus-closure-refresh-2026-10-05/phases/014-document/addendum.aux) )</home/chakwong/.TinyTeX/texmf-dist/fonts/type1/public/lm/lmr10.pfb></home/chakwong/.TinyTeX/texmf-dist/fonts/type1/public/lm/lmr12.pfb></home/chakwong/.TinyTeX/texmf-dist/fonts/type1/public/lm/lmr17.pfb></home/chakwong/.TinyTeX/texmf-dist/fonts/type1/public/lm/lmr6.pfb></home/chakwong/.TinyTeX/texmf-dist/fonts/type1/public/lm/lmr8.pfb></home/chakwong/.TinyTeX/texmf-dist/fonts/type1/public/lm/lmr9.pfb>
Output written on docs/implementation/prospectus-closure-refresh-2026-10-05/phases/014-document/addendum.pdf (2 pages, 159958 bytes).
Transcript written on docs/implementation/prospectus-closure-refresh-2026-10-05/phases/014-document/addendum.log.
Latexmk: Getting log file 'docs/implementation/prospectus-closure-refresh-2026-10-05/phases/014-document/addendum.log'
Latexmk: Examining 'docs/implementation/prospectus-closure-refresh-2026-10-05/phases/014-document/addendum.fls'
Latexmk: Examining 'docs/implementation/prospectus-closure-refresh-2026-10-05/phases/014-document/addendum.log'
Latexmk: Log file says output to 'docs/implementation/prospectus-closure-refresh-2026-10-05/phases/014-document/addendum.pdf'
Latexmk: All targets (docs/implementation/prospectus-closure-refresh-2026-10-05/phases/014-document/addendum.pdf) are up-to-date

