Rc files read (in order):
  NONE
Latexmk: This is Latexmk, John Collins, 9 March 2026. Version 4.88.
Latexmk: Changing directory to '/home/chakwong/python/legalmath/docs/monograph/'
Latexmk: applying rule 'bibtex monograph'...
Rule 'bibtex monograph':  Reasons for rerun
Changed files or newly in use/created:
  ./references.bib
Category 'changed_user':
  ./references.bib

------------
Run number 1 of rule 'bibtex monograph'
------------
------------
Running 'bibtex  "monograph.aux"'
------------
This is BibTeX, Version 0.99e (TeX Live 2026)
The top-level auxiliary file: monograph.aux
The style file: plainnat.bst
Database file #1: references.bib
Latexmk: applying rule 'xelatex'...
Rule 'xelatex':  Reasons for rerun
Changed files or newly in use/created:
  chapters/06-ensemble.tex
Category 'changed_user':
  chapters/06-ensemble.tex

------------
Run number 1 of rule 'xelatex'
------------
------------
Running 'xelatex -no-pdf -interaction=nonstopmode -halt-on-error -recorder  "monograph.tex"'
------------
This is XeTeX, Version 3.141592653-2.6-0.999998 (TeX Live 2026) (preloaded format=xelatex)
 restricted \write18 enabled.
entering extended mode
(./monograph.tex
LaTeX2e <2025-11-01>
L3 programming layer <2026-03-20>
(/home/chakwong/.TinyTeX/texmf-dist/tex/latex/base/book.cls
Document Class: book 2025/01/22 v1.4n Standard LaTeX document class
(/home/chakwong/.TinyTeX/texmf-dist/tex/latex/base/bk12.clo)) (/home/chakwong/.TinyTeX/texmf-dist/tex/latex/geometry/geometry.sty (/home/chakwong/.TinyTeX/texmf-dist/tex/latex/graphics/keyval.sty) (/home/chakwong/.TinyTeX/texmf-dist/tex/generic/iftex/ifvtex.sty (/home/chakwong/.TinyTeX/texmf-dist/tex/generic/iftex/iftex.sty))) (/home/chakwong/.TinyTeX/texmf-dist/tex/latex/fontspec/fontspec.sty (/home/chakwong/.TinyTeX/texmf-dist/tex/latex/l3packages/xparse/xparse.sty (/home/chakwong/.TinyTeX/texmf-dist/tex/latex/l3kernel/expl3.sty (/home/chakwong/.TinyTeX/texmf-dist/tex/latex/l3backend/l3backend-xetex.def))) (/home/chakwong/.TinyTeX/texmf-dist/tex/latex/fontspec/fontspec-xetex.sty (/home/chakwong/.TinyTeX/texmf-dist/tex/latex/base/fontenc.sty) (/home/chakwong/.TinyTeX/texmf-dist/tex/latex/fontspec/fontspec.cfg))) (/home/chakwong/.TinyTeX/texmf-dist/tex/latex/amsmath/amsmath.sty
For additional information on amsmath, use the `?' option.
(/home/chakwong/.TinyTeX/texmf-dist/tex/latex/amsmath/amstext.sty (/home/chakwong/.TinyTeX/texmf-dist/tex/latex/amsmath/amsgen.sty)) (/home/chakwong/.TinyTeX/texmf-dist/tex/latex/amsmath/amsbsy.sty) (/home/chakwong/.TinyTeX/texmf-dist/tex/latex/amsmath/amsopn.sty)) (/home/chakwong/.TinyTeX/texmf-dist/tex/latex/amsfonts/amssymb.sty (/home/chakwong/.TinyTeX/texmf-dist/tex/latex/amsfonts/amsfonts.sty)) (/home/chakwong/.TinyTeX/texmf-dist/tex/latex/mathtools/mathtools.sty (/home/chakwong/.TinyTeX/texmf-dist/tex/latex/tools/calc.sty) (/home/chakwong/.TinyTeX/texmf-dist/tex/latex/mathtools/mhsetup.sty)) (/home/chakwong/.TinyTeX/texmf-dist/tex/latex/amscls/amsthm.sty) (/home/chakwong/.TinyTeX/texmf-dist/tex/latex/microtype/microtype.sty (/home/chakwong/.TinyTeX/texmf-dist/tex/latex/etoolbox/etoolbox.sty) (/home/chakwong/.TinyTeX/texmf-dist/tex/latex/microtype/microtype-xetex.def) (/home/chakwong/.TinyTeX/texmf-dist/tex/latex/microtype/microtype.cfg)) (/home/chakwong/.TinyTeX/texmf-dist/tex/latex/setspace/setspace.sty) (/home/chakwong/.TinyTeX/texmf-dist/tex/latex/booktabs/booktabs.sty) (/home/chakwong/.TinyTeX/texmf-dist/tex/latex/tools/longtable.sty) (/home/chakwong/.TinyTeX/texmf-dist/tex/latex/tools/tabularx.sty (/home/chakwong/.TinyTeX/texmf-dist/tex/latex/tools/array.sty)) (/home/chakwong/.TinyTeX/texmf-dist/tex/latex/graphics/graphicx.sty (/home/chakwong/.TinyTeX/texmf-dist/tex/latex/graphics/graphics.sty (/home/chakwong/.TinyTeX/texmf-dist/tex/latex/graphics/trig.sty) (/home/chakwong/.TinyTeX/texmf-dist/tex/latex/graphics-cfg/graphics.cfg) (/home/chakwong/.TinyTeX/texmf-dist/tex/latex/graphics-def/xetex.def))) (/home/chakwong/.TinyTeX/texmf-dist/tex/latex/xcolor/xcolor.sty (/home/chakwong/.TinyTeX/texmf-dist/tex/latex/graphics-cfg/color.cfg) (/home/chakwong/.TinyTeX/texmf-dist/tex/latex/graphics/mathcolor.ltx)) (/home/chakwong/.TinyTeX/texmf-dist/tex/latex/pgf/frontendlayer/tikz.sty (/home/chakwong/.TinyTeX/texmf-dist/tex/latex/pgf/basiclayer/pgf.sty (/home/chakwong/.TinyTeX/texmf-dist/tex/latex/pgf/utilities/pgfrcs.sty (/home/chakwong/.TinyTeX/texmf-dist/tex/generic/pgf/utilities/pgfutil-common.tex) (/home/chakwong/.TinyTeX/texmf-dist/tex/generic/pgf/utilities/pgfutil-latex.def) (/home/chakwong/.TinyTeX/texmf-dist/tex/generic/pgf/utilities/pgfrcs.code.tex (/home/chakwong/.TinyTeX/texmf-dist/tex/generic/pgf/pgf.revision.tex))) (/home/chakwong/.TinyTeX/texmf-dist/tex/latex/pgf/basiclayer/pgfcore.sty (/home/chakwong/.TinyTeX/texmf-dist/tex/latex/pgf/systemlayer/pgfsys.sty (/home/chakwong/.TinyTeX/texmf-dist/tex/generic/pgf/systemlayer/pgfsys.code.tex (/home/chakwong/.TinyTeX/texmf-dist/tex/generic/pgf/utilities/pgfkeys.code.tex (/home/chakwong/.TinyTeX/texmf-dist/tex/generic/pgf/utilities/pgfkeyslibraryfiltered.code.tex)) (/home/chakwong/.TinyTeX/texmf-dist/tex/generic/pgf/systemlayer/pgf.cfg) (/home/chakwong/.TinyTeX/texmf-dist/tex/generic/pgf/systemlayer/pgfsys-xetex.def (/home/chakwong/.TinyTeX/texmf-dist/tex/generic/pgf/systemlayer/pgfsys-dvipdfmx.def (/home/chakwong/.TinyTeX/texmf-dist/tex/generic/pgf/systemlayer/pgfsys-common-pdf.def)))) (/home/chakwong/.TinyTeX/texmf-dist/tex/generic/pgf/systemlayer/pgfsyssoftpath.code.tex) (/home/chakwong/.TinyTeX/texmf-dist/tex/generic/pgf/systemlayer/pgfsysprotocol.code.tex)) (/home/chakwong/.TinyTeX/texmf-dist/tex/generic/pgf/basiclayer/pgfcore.code.tex (/home/chakwong/.TinyTeX/texmf-dist/tex/generic/pgf/math/pgfmath.code.tex (/home/chakwong/.TinyTeX/texmf-dist/tex/generic/pgf/math/pgfmathutil.code.tex) (/home/chakwong/.TinyTeX/texmf-dist/tex/generic/pgf/math/pgfmathparser.code.tex) (/home/chakwong/.TinyTeX/texmf-dist/tex/generic/pgf/math/pgfmathfunctions.code.tex) (/home/chakwong/.TinyTeX/texmf-dist/tex/generic/pgf/math/pgfmathfunctions.basic.code.tex) (/home/chakwong/.TinyTeX/texmf-dist/tex/generic/pgf/math/pgfmathfunctions.trigonometric.code.tex) (/home/chakwong/.TinyTeX/texmf-dist/tex/generic/pgf/math/pgfmathfunctions.random.code.tex) (/home/chakwong/.TinyTeX/texmf-dist/tex/generic/pgf/math/pgfmathfunctions.comparison.code.tex) (/home/chakwong/.TinyTeX/texmf-dist/tex/generic/pgf/math/pgfmathfunctions.base.code.tex) (/home/chakwong/.TinyTeX/texmf-dist/tex/generic/pgf/math/pgfmathfunctions.round.code.tex) (/home/chakwong/.TinyTeX/texmf-dist/tex/generic/pgf/math/pgfmathfunctions.misc.code.tex) (/home/chakwong/.TinyTeX/texmf-dist/tex/generic/pgf/math/pgfmathfunctions.integerarithmetics.code.tex) (/home/chakwong/.TinyTeX/texmf-dist/tex/generic/pgf/math/pgfmathcalc.code.tex) (/home/chakwong/.TinyTeX/texmf-dist/tex/generic/pgf/math/pgfmathfloat.code.tex)) (/home/chakwong/.TinyTeX/texmf-dist/tex/generic/pgf/math/pgfint.code.tex) (/home/chakwong/.TinyTeX/texmf-dist/tex/generic/pgf/basiclayer/pgfcorepoints.code.tex) (/home/chakwong/.TinyTeX/texmf-dist/tex/generic/pgf/basiclayer/pgfcorepathconstruct.code.tex) (/home/chakwong/.TinyTeX/texmf-dist/tex/generic/pgf/basiclayer/pgfcorepathusage.code.tex) (/home/chakwong/.TinyTeX/texmf-dist/tex/generic/pgf/basiclayer/pgfcorescopes.code.tex) (/home/chakwong/.TinyTeX/texmf-dist/tex/generic/pgf/basiclayer/pgfcoregraphicstate.code.tex) (/home/chakwong/.TinyTeX/texmf-dist/tex/generic/pgf/basiclayer/pgfcoretransformations.code.tex) (/home/chakwong/.TinyTeX/texmf-dist/tex/generic/pgf/basiclayer/pgfcorequick.code.tex) (/home/chakwong/.TinyTeX/texmf-dist/tex/generic/pgf/basiclayer/pgfcoreobjects.code.tex) (/home/chakwong/.TinyTeX/texmf-dist/tex/generic/pgf/basiclayer/pgfcorepathprocessing.code.tex) (/home/chakwong/.TinyTeX/texmf-dist/tex/generic/pgf/basiclayer/pgfcorearrows.code.tex) (/home/chakwong/.TinyTeX/texmf-dist/tex/generic/pgf/basiclayer/pgfcoreshade.code.tex) (/home/chakwong/.TinyTeX/texmf-dist/tex/generic/pgf/basiclayer/pgfcoreimage.code.tex) (/home/chakwong/.TinyTeX/texmf-dist/tex/generic/pgf/basiclayer/pgfcoreexternal.code.tex) (/home/chakwong/.TinyTeX/texmf-dist/tex/generic/pgf/basiclayer/pgfcorelayers.code.tex) (/home/chakwong/.TinyTeX/texmf-dist/tex/generic/pgf/basiclayer/pgfcoretransparency.code.tex) (/home/chakwong/.TinyTeX/texmf-dist/tex/generic/pgf/basiclayer/pgfcorepatterns.code.tex) (/home/chakwong/.TinyTeX/texmf-dist/tex/generic/pgf/basiclayer/pgfcorerdf.code.tex))) (/home/chakwong/.TinyTeX/texmf-dist/tex/generic/pgf/modules/pgfmoduleshapes.code.tex) (/home/chakwong/.TinyTeX/texmf-dist/tex/generic/pgf/modules/pgfmoduleplot.code.tex) (/home/chakwong/.TinyTeX/texmf-dist/tex/latex/pgf/compatibility/pgfcomp-version-0-65.sty) (/home/chakwong/.TinyTeX/texmf-dist/tex/latex/pgf/compatibility/pgfcomp-version-1-18.sty)) (/home/chakwong/.TinyTeX/texmf-dist/tex/latex/pgf/utilities/pgffor.sty (/home/chakwong/.TinyTeX/texmf-dist/tex/latex/pgf/utilities/pgfkeys.sty (/home/chakwong/.TinyTeX/texmf-dist/tex/generic/pgf/utilities/pgfkeys.code.tex)) (/home/chakwong/.TinyTeX/texmf-dist/tex/latex/pgf/math/pgfmath.sty (/home/chakwong/.TinyTeX/texmf-dist/tex/generic/pgf/math/pgfmath.code.tex)) (/home/chakwong/.TinyTeX/texmf-dist/tex/generic/pgf/utilities/pgffor.code.tex)) (/home/chakwong/.TinyTeX/texmf-dist/tex/generic/pgf/frontendlayer/tikz/tikz.code.tex (/home/chakwong/.TinyTeX/texmf-dist/tex/generic/pgf/libraries/pgflibraryplothandlers.code.tex) (/home/chakwong/.TinyTeX/texmf-dist/tex/generic/pgf/modules/pgfmodulematrix.code.tex) (/home/chakwong/.TinyTeX/texmf-dist/tex/generic/pgf/frontendlayer/tikz/libraries/tikzlibrarytopaths.code.tex))) (/home/chakwong/.TinyTeX/texmf-dist/tex/latex/float/float.sty) (/home/chakwong/.TinyTeX/texmf-dist/tex/generic/pgf/libraries/pgflibraryarrows.meta.code.tex) (/home/chakwong/.TinyTeX/texmf-dist/tex/generic/pgf/frontendlayer/tikz/libraries/tikzlibrarypositioning.code.tex) (/home/chakwong/.TinyTeX/texmf-dist/tex/generic/pgf/frontendlayer/tikz/libraries/tikzlibrarycalc.code.tex) (/home/chakwong/.TinyTeX/texmf-dist/tex/generic/pgf/frontendlayer/tikz/libraries/tikzlibraryshapes.geometric.code.tex (/home/chakwong/.TinyTeX/texmf-dist/tex/generic/pgf/libraries/shapes/pgflibraryshapes.geometric.code.tex)) (/home/chakwong/.TinyTeX/texmf-dist/tex/latex/enumitem/enumitem.sty) (/home/chakwong/.TinyTeX/texmf-dist/tex/latex/listings/listings.sty (/home/chakwong/.TinyTeX/texmf-dist/tex/latex/listings/lstpatch.sty) (/home/chakwong/.TinyTeX/texmf-dist/tex/latex/listings/lstmisc.sty) (/home/chakwong/.TinyTeX/texmf-dist/tex/latex/listings/listings.cfg))
==> First Aid for listings.sty no longer applied!
    Expected:
        2024/09/23 1.10c (Carsten Heinz)
    but found:
        2025/11/14 1.11b (Carsten Heinz)
    so I'm assuming it got fixed.
(/home/chakwong/.TinyTeX/texmf-dist/tex/latex/titlesec/titlesec.sty) (/home/chakwong/.TinyTeX/texmf-dist/tex/latex/natbib/natbib.sty) (/home/chakwong/.TinyTeX/texmf-dist/tex/latex/url/url.sty) (/home/chakwong/.TinyTeX/texmf-dist/tex/latex/hyperref/xr-hyper.sty) (/home/chakwong/.TinyTeX/texmf-dist/tex/latex/hyperref/hyperref.sty (/home/chakwong/.TinyTeX/texmf-dist/tex/latex/kvsetkeys/kvsetkeys.sty) (/home/chakwong/.TinyTeX/texmf-dist/tex/generic/kvdefinekeys/kvdefinekeys.sty) (/home/chakwong/.TinyTeX/texmf-dist/tex/generic/pdfescape/pdfescape.sty (/home/chakwong/.TinyTeX/texmf-dist/tex/generic/ltxcmds/ltxcmds.sty) (/home/chakwong/.TinyTeX/texmf-dist/tex/generic/pdftexcmds/pdftexcmds.sty (/home/chakwong/.TinyTeX/texmf-dist/tex/generic/infwarerr/infwarerr.sty))) (/home/chakwong/.TinyTeX/texmf-dist/tex/latex/hycolor/hycolor.sty) (/home/chakwong/.TinyTeX/texmf-dist/tex/latex/hyperref/nameref.sty (/home/chakwong/.TinyTeX/texmf-dist/tex/latex/refcount/refcount.sty) (/home/chakwong/.TinyTeX/texmf-dist/tex/generic/gettitlestring/gettitlestring.sty (/home/chakwong/.TinyTeX/texmf-dist/tex/latex/kvoptions/kvoptions.sty))) (/home/chakwong/.TinyTeX/texmf-dist/tex/generic/stringenc/stringenc.sty) (/home/chakwong/.TinyTeX/texmf-dist/tex/latex/hyperref/pd1enc.def) (/home/chakwong/.TinyTeX/texmf-dist/tex/generic/intcalc/intcalc.sty) (/home/chakwong/.TinyTeX/texmf-dist/tex/latex/hyperref/puenc.def) (/home/chakwong/.TinyTeX/texmf-dist/tex/generic/bitset/bitset.sty (/home/chakwong/.TinyTeX/texmf-dist/tex/generic/bigintcalc/bigintcalc.sty))) (/home/chakwong/.TinyTeX/texmf-dist/tex/latex/hyperref/hxetex.def (/home/chakwong/.TinyTeX/texmf-dist/tex/latex/rerunfilecheck/rerunfilecheck.sty (/home/chakwong/.TinyTeX/texmf-dist/tex/generic/uniquecounter/uniquecounter.sty))) (./teaching/styles.tex) (./monograph.aux)
*geometry* driver: auto-detecting
*geometry* detected driver: xetex
(/home/chakwong/.TinyTeX/texmf-dist/tex/latex/microtype/mt-Palatino.cfg) (./monograph.out) (./monograph.out) (/home/chakwong/.TinyTeX/texmf-dist/tex/latex/amsfonts/umsa.fd) (/home/chakwong/.TinyTeX/texmf-dist/tex/latex/microtype/mt-msa.cfg) (/home/chakwong/.TinyTeX/texmf-dist/tex/latex/amsfonts/umsb.fd) (/home/chakwong/.TinyTeX/texmf-dist/tex/latex/microtype/mt-msb.cfg) (/home/chakwong/.TinyTeX/texmf-dist/tex/latex/microtype/mt-cmr.cfg) [1] [1] (./frontmatter/process-map.tex [2] [3] [4] [5] [6] [7] [8] [9]) (./monograph.toc [10] [11] [12] [13]) [14] [15] (./chapters/01-problem.tex
Chapter 1.
[1] (./teaching/teach-M01-00.tex) (./teaching/teach-P-01-problem-00.tex) [2]
Underfull \hbox (badness 4416) in paragraph at lines 116--126
[]\TU/TeXGyrePagella(0)/m/n/12 The supplied Hong Kong Securities and Futures Commission (SFC) product-
(./teaching/teach-P-01-problem-01.tex) [3] (./teaching/teach-M01-01.tex [4]) [5] (./teaching/teach-M01-02.tex) [6] (./teaching/teach-P-01-problem-05.tex) [7] (./teaching/teach-M01-03.tex [8]) [9] (./teaching/teach-M01-04.tex) [10] (./teaching/teach-M01-05.tex) [11] (./teaching/teach-M01-06.tex) [12] (./teaching/teach-M01-07.tex)) (./chapters/02-circular.tex [13] [14]
Chapter 2.
(./teaching/gap-spi-financial.tex) [15]
Underfull \hbox (badness 2529) in paragraph at lines 77--86
\TU/TeXGyrePagella(0)/m/n/12 Paragraph 1 combines professional-investor status, the financial criteria, knowl-
[16] (./teaching/teach-P-01-problem-02.tex) [17] (./teaching/gap-spi-consent.tex)
Underfull \hbox (badness 1412) in paragraph at lines 146--154
[]\TU/TeXGyrePagella(0)/m/n/12 The streamlined approach also retains specific information and conduct require-
[18] (./teaching/teach-P-01b-complete-dry-run-01.tex) [19] [20] (./teaching/teach-P-01b-complete-dry-run-02.tex) [21] (./teaching/teach-P-01b-complete-dry-run-03.tex) [22] [23] (./teaching/teach-P-01b-complete-dry-run-04.tex) [24] [25] (./teaching/teach-P-01b-complete-dry-run-05.tex) (./teaching/teach-P-01b-complete-dry-run-06.tex) [26]
Underfull \hbox (badness 1221) in paragraph at lines 537--544
\TU/TeXGyrePagella(0)/m/n/12 retained experiment selected its paragraph-10 gift restriction. The circular as a
(./teaching/teach-M02-00.tex) [27] (./teaching/teach-M02-01.tex) [28] [29] (./teaching/teach-M02-02.tex) [30] [31] (./teaching/teach-M02-03.tex) [32] [33] (./teaching/teach-M02-04.tex) [34] (./teaching/teach-M02-05.tex) [35] (./teaching/teach-M02-06.tex [36]) [37] [38] (./teaching/teach-M02-07.tex) [39] (./teaching/teach-M02-08.tex)) (./chapters/03-proof.tex [40]
Chapter 3.
(./teaching/teach-M03-00.tex) [41] [42] (./teaching/teach-P-03-product-05.tex) [43] (./teaching/teach-M03-01.tex [44]) [45] (./teaching/teach-M03-02.tex) [46] (./teaching/teach-M03-03.tex) [47] (./teaching/teach-P-01a-language-lesson-01.tex) [48] (./teaching/teach-M03-04.tex) [49] (./teaching/teach-P-03-product-03.tex [50]) [51] (./teaching/teach-M03-05.tex) [52] [53] (./teaching/teach-M03-06.tex) [54] (./teaching/teach-M03-07.tex) [55] (./teaching/teach-M03-08.tex) [56] [57] (./teaching/teach-M03-09.tex) [58] (./teaching/teach-P-03-product-06.tex) [59] (./teaching/teach-P-01a-language-lesson-05.tex) [60] (./teaching/teach-M03-10.tex) [61] (./teaching/teach-M03-11.tex) [62] (./teaching/teach-M03-12.tex)) (./chapters/04-languages.tex [63]
Chapter 4.
(./teaching/teach-M04-00.tex) [64]
Underfull \hbox (badness 1152) in paragraph at lines 50--59
\TU/TeXGyrePagella(0)/m/n/12 through time. Recent language-model research attempts to cross the remaining
(./teaching/teach-P-02-literature-01.tex) [65] (./teaching/teach-M04-01.tex) [66] (./teaching/teach-P-02a-foundations-00.tex) [67] [68] (./teaching/teach-M04-02.tex) [69] (./teaching/teach-P-02-literature-02.tex) [70] (./teaching/teach-M04-03.tex) [71] [72] (./teaching/teach-P-01a-language-lesson-02.tex) [73] (./teaching/teach-M04-04.tex) [74] (./teaching/teach-M04-05.tex) [75] [76] (./teaching/teach-P-01a-language-lesson-03.tex) [77] [78] (./teaching/teach-M04-06.tex [79]) [80] (./teaching/teach-M04-07.tex) [81]
Underfull \hbox (badness 1960) in paragraph at lines 852--859
[]\TU/TeXGyrePagella(0)/m/n/12 General verification cannot be promised for every expressive contract language.

Underfull \hbox (badness 1590) in paragraph at lines 852--859
[][]\TU/TeXGyrePagella(0)/m/n/12 Delzanno et al.[][] ([][]2026[][]) establish undecidability results for clause reachability in
[82] (./teaching/teach-P-01a-language-lesson-04.tex) [83] (./teaching/teach-P-02-literature-05.tex) [84] (./teaching/teach-P-02b-contract-evolution-00.tex) [85] (./teaching/teach-M04-08.tex) [86] [87] (./teaching/teach-P-02-literature-04.tex)
Underfull \hbox (badness 3098) in paragraph at lines 1157--1167
\TU/TeXGyrePagella(0)/m/n/12 system interface: declarations establish institutional concepts, events change a

Underfull \hbox (badness 1067) in paragraph at lines 1157--1167
\TU/TeXGyrePagella(0)/m/n/12 sharing/KYC exploration with ABN AMRO and ING, using separate policy and
[88] (./teaching/teach-M04-09.tex [89]) [90] (./teaching/teach-P-02-literature-08.tex) [91] (./teaching/teach-M04-10.tex) [92] (./teaching/gap-nli-evidence.tex [93]) [94] (./teaching/teach-P-02-literature-07.tex) [95] [96] (./teaching/teach-M04-11.tex) [97] (./teaching/teach-M04-12.tex) [98] (./teaching/teach-M04-13.tex) [99] (./teaching/teach-P-02-literature-03.tex) [100] (./teaching/teach-P-02-literature-06.tex) [101] (./chapters/04a-citation-and-coverage.tex [102] [103]) [104] (./teaching/teach-M04-14.tex)) (./chapters/05-search.tex [105]
Chapter 5.
(./teaching/teach-M05-00.tex) [106]
Underfull \hbox (badness 3049) in paragraph at lines 58--64
\TU/TeXGyrePagella(0)/m/n/12 The drafting service should propose clause segments, roles, definitions, cross-
(./teaching/teach-P-03-product-08.tex) [107] (./teaching/teach-M05-01.tex) [108] (./teaching/teach-M05-02.tex) [109] (./teaching/teach-M05-03.tex) [110] [111] (./teaching/teach-M05-04.tex) [112] (./teaching/teach-M05-05.tex) [113] (./teaching/teach-M05-06.tex) [114] (./teaching/teach-M05-07.tex) [115] (./teaching/teach-M05-08.tex) [116] [117] (./teaching/teach-M05-09.tex) [118]) (./chapters/06-ensemble.tex [119]
Chapter 6.
(./teaching/teach-M06-00.tex) [120] (./teaching/teach-M06-01.tex [121]) [122] (./teaching/teach-M06-02.tex) [123] [124] (./teaching/teach-M06-03.tex) (./teaching/teach-M06-04.tex [125]) [126] (./teaching/teach-M06-05.tex) [127] (./teaching/teach-M06-06.tex) [128] (./teaching/teach-M06-07.tex) [129] (./teaching/teach-M06-08.tex) [130] (./teaching/teach-M06-09.tex) [131] (./teaching/teach-M06-10.tex) [132] (./teaching/teach-M06-11.tex) [133] [134] (./teaching/teach-M06-12.tex) [135] (./teaching/teach-M06-13.tex) [136] [137] (./teaching/teach-M06-14.tex) [138] (./teaching/teach-M06-15.tex) [139] [140] (./teaching/teach-M06-16.tex) [141] (./teaching/teach-M06-17.tex) [142] (./teaching/teach-M06-18.tex) [143] (./teaching/teach-M06-19.tex) [144] (./teaching/teach-M06-20.tex) [145] (./teaching/teach-M06-21.tex) [146] (./teaching/teach-M06-22.tex) [147]
Underfull \hbox (badness 1005) in paragraph at lines 1344--1351
\TU/TeXGyrePagella(0)/m/n/12 into reproducible evidence. Its human readability matters because a technically
[148] (./teaching/teach-M06-23.tex) [149] (./teaching/teach-M06-24.tex) [150] (./teaching/teach-M06-25.tex) (./chapters/06a-diverse-assurance.tex [151]

Package natbib Warning: Citation `knight1986diversity' on page 152 undefined on input line 39.

[152]

Package natbib Warning: Citation `littlewood2001diversity' on page 153 undefined on input line 45.


Package natbib Warning: Citation `kim2025correlated' on page 153 undefined on input line 65.


Package natbib Warning: Citation `doclingsoftware' on page 153 undefined on input line 96.

[153]

Package natbib Warning: Citation `tesseractsoftware' on page 154 undefined on input line 105.

[154]

Package natbib Warning: Citation `cvc5software' on page 155 undefined on input line 150.


Package natbib Warning: Citation `clingosoftware' on page 155 undefined on input line 168.


Package natbib Warning: Citation `inspectsoftware' on page 155 undefined on input line 197.

[155]

Package natbib Warning: Citation `pitsoftware' on page 156 undefined on input line 205.

[156] [157])) (./chapters/07-verification.tex [158]
Chapter 7.
(./teaching/teach-M07-00.tex) [159] (./teaching/teach-P-03-product-02.tex) [160]
Underfull \hbox (badness 2951) in paragraph at lines 106--115
\TU/DejaVuSansMono(0)/m/n/12 not\TU/TeXGyrePagella(0)/m/n/12 , equality/inclusive/strict comparison, addition, subtraction, rational scaling,
(./teaching/teach-P-03a-rule-contract-00.tex) [161] [162] (./teaching/teach-M07-01.tex) [163] (./teaching/teach-P-03a-rule-contract-01.tex) [164] (./teaching/teach-M07-02.tex) [165] (./teaching/teach-M07-03.tex) [166] (./teaching/teach-P-03a-rule-contract-02.tex) [167] (./teaching/teach-M07-04.tex) [168] (./teaching/teach-M07-05.tex) [169] (./teaching/teach-P-03c-storage-review-01.tex) (./teaching/teach-M07-06.tex) [170] (./teaching/teach-P-04-prototype-05.tex) [171] (./teaching/teach-M07-07.tex) [172]
Underfull \hbox (badness 1466) in paragraph at lines 663--669
[]\TU/TeXGyrePagella(0)/m/n/12 The current comparison fragment supports documented Boolean and exact inte-
(./teaching/teach-M07-08.tex) [173] [174] (./teaching/teach-M07-10.tex) [175] [176] (./teaching/teach-M07-11.tex) [177] (./teaching/teach-P-03-product-04.tex) [178] (./teaching/teach-P-03b-event-contract-00.tex) [179] (./teaching/teach-M07-12.tex) [180] (./teaching/teach-M07-13.tex) [181] (./teaching/teach-P-03d-java-delivery-05.tex)
Underfull \hbox (badness 1062) in paragraph at lines 1118--1125
\TU/TeXGyrePagella(0)/m/n/12 supplies domain-qualified results and replayed witnesses. Differential execution
[182] (./teaching/teach-M07-14.tex)) (./chapters/08-implementation.tex [183]
Chapter 8.
[184] [185]) (./chapters/09-evaluation.tex [186]
Chapter 9.
(./teaching/teach-M09-00.tex) [187] (./teaching/teach-P-04-prototype-00.tex) (./teaching/teach-M09-01.tex) [188] [189] (./teaching/teach-M09-02.tex) [190] (./teaching/teach-M09-03.tex) [191] (./teaching/teach-P-05-evidence-00.tex) [192] [193] (./teaching/teach-M09-04.tex) [194] (./teaching/teach-P-04-prototype-04.tex) [195] (./teaching/gap-evaluation-quality.tex) [196] (./teaching/teach-M09-05.tex [197]) [198] (./teaching/teach-M09-06.tex) [199] (./teaching/teach-M09-07.tex) [200] [201] (./teaching/teach-M09-08.tex) [202] (./teaching/teach-M09-09.tex [203]) [204] (./teaching/teach-M09-10.tex) (./teaching/teach-M09-11.tex [205]) [206] (./teaching/teach-P-04-prototype-06.tex) (./teaching/teach-M09-12.tex) [207]) (./chapters/10-operation.tex [208]
Chapter 10.
(./teaching/teach-M10-00.tex) [209] (./chapters/10a-legal-robustness.tex [210] [211] [212]
Underfull \hbox (badness 1019) in paragraph at lines 145--152
\TU/TeXGyrePagella(0)/m/n/12 provider needs a narrow task interface and cannot inherit approval, network or
) [213] (./teaching/teach-M10-01.tex) [214] (./teaching/teach-P-04-prototype-01.tex) (./teaching/teach-M10-02.tex) [215] (./teaching/teach-M10-03.tex) [216] (./teaching/teach-M10-04.tex) [217] (./teaching/teach-P-01-problem-03.tex) [218] (./teaching/teach-P-03-product-09.tex) [219] (./teaching/teach-M10-05.tex) [220] (./teaching/teach-M10-06.tex) [221] (./teaching/teach-M10-07.tex) [222] (./teaching/teach-P-04-prototype-07.tex) [223] (./teaching/teach-M10-08.tex) [224] (./teaching/teach-M10-09.tex) [225] (./teaching/teach-M10-10.tex) [226] (./teaching/teach-M10-11.tex) [227] (./teaching/teach-M10-12.tex) [228] (./teaching/teach-M10-13.tex) [229] (./teaching/teach-P-02-literature-09.tex) [230] (./teaching/teach-M10-14.tex [231]) (./teaching/teach-M10-15.tex) [232]) [233] (./monograph.bbl [234] [235] [236] [237] [238] [239] [240] [241])

Package natbib Warning: There were undefined citations.

[242] (./monograph.aux)

LaTeX Warning: Label(s) may have changed. Rerun to get cross-references right.


Package rerunfilecheck Warning: File `monograph.out' has changed.
(rerunfilecheck)                Rerun to get outlines right
(rerunfilecheck)                or use package `bookmark'.

 )
(see the transcript file for additional information)
Output written on monograph.xdv (258 pages, 7902848 bytes).
Transcript written on monograph.log.
Latexmk: Getting log file 'monograph.log'
Latexmk: Examining 'monograph.fls'
Latexmk: Examining 'monograph.log'
Latexmk: Found input bbl file 'monograph.bbl'
Latexmk: References changed.
Latexmk: References changed.
Latexmk: Log file says output to 'monograph.xdv'
Latexmk: Using bibtex to make bibliography file(s).
  ===Source file 'monograph.bbl' for 'xelatex'
Latexmk: Found bibliography file(s):
  ./references.bib
Latexmk: applying rule 'bibtex monograph'...
Rule 'bibtex monograph':  Reasons for rerun
Changed files or newly in use/created:
  monograph.aux

------------
Run number 2 of rule 'bibtex monograph'
------------
------------
Running 'bibtex  "monograph.aux"'
------------
This is BibTeX, Version 0.99e (TeX Live 2026)
The top-level auxiliary file: monograph.aux
The style file: plainnat.bst
Database file #1: references.bib
Latexmk: applying rule 'xelatex'...
Rule 'xelatex':  Reasons for rerun
Changed files or newly in use/created:
  monograph.aux
  monograph.bbl
  monograph.out
  monograph.toc

------------
Run number 2 of rule 'xelatex'
------------
------------
Running 'xelatex -no-pdf -interaction=nonstopmode -halt-on-error -recorder  "monograph.tex"'
------------
This is XeTeX, Version 3.141592653-2.6-0.999998 (TeX Live 2026) (preloaded format=xelatex)
 restricted \write18 enabled.
entering extended mode
(./monograph.tex
LaTeX2e <2025-11-01>
L3 programming layer <2026-03-20>
(/home/chakwong/.TinyTeX/texmf-dist/tex/latex/base/book.cls
Document Class: book 2025/01/22 v1.4n Standard LaTeX document class
(/home/chakwong/.TinyTeX/texmf-dist/tex/latex/base/bk12.clo)) (/home/chakwong/.TinyTeX/texmf-dist/tex/latex/geometry/geometry.sty (/home/chakwong/.TinyTeX/texmf-dist/tex/latex/graphics/keyval.sty) (/home/chakwong/.TinyTeX/texmf-dist/tex/generic/iftex/ifvtex.sty (/home/chakwong/.TinyTeX/texmf-dist/tex/generic/iftex/iftex.sty))) (/home/chakwong/.TinyTeX/texmf-dist/tex/latex/fontspec/fontspec.sty (/home/chakwong/.TinyTeX/texmf-dist/tex/latex/l3packages/xparse/xparse.sty (/home/chakwong/.TinyTeX/texmf-dist/tex/latex/l3kernel/expl3.sty (/home/chakwong/.TinyTeX/texmf-dist/tex/latex/l3backend/l3backend-xetex.def))) (/home/chakwong/.TinyTeX/texmf-dist/tex/latex/fontspec/fontspec-xetex.sty (/home/chakwong/.TinyTeX/texmf-dist/tex/latex/base/fontenc.sty) (/home/chakwong/.TinyTeX/texmf-dist/tex/latex/fontspec/fontspec.cfg))) (/home/chakwong/.TinyTeX/texmf-dist/tex/latex/amsmath/amsmath.sty
For additional information on amsmath, use the `?' option.
(/home/chakwong/.TinyTeX/texmf-dist/tex/latex/amsmath/amstext.sty (/home/chakwong/.TinyTeX/texmf-dist/tex/latex/amsmath/amsgen.sty)) (/home/chakwong/.TinyTeX/texmf-dist/tex/latex/amsmath/amsbsy.sty) (/home/chakwong/.TinyTeX/texmf-dist/tex/latex/amsmath/amsopn.sty)) (/home/chakwong/.TinyTeX/texmf-dist/tex/latex/amsfonts/amssymb.sty (/home/chakwong/.TinyTeX/texmf-dist/tex/latex/amsfonts/amsfonts.sty)) (/home/chakwong/.TinyTeX/texmf-dist/tex/latex/mathtools/mathtools.sty (/home/chakwong/.TinyTeX/texmf-dist/tex/latex/tools/calc.sty) (/home/chakwong/.TinyTeX/texmf-dist/tex/latex/mathtools/mhsetup.sty)) (/home/chakwong/.TinyTeX/texmf-dist/tex/latex/amscls/amsthm.sty) (/home/chakwong/.TinyTeX/texmf-dist/tex/latex/microtype/microtype.sty (/home/chakwong/.TinyTeX/texmf-dist/tex/latex/etoolbox/etoolbox.sty) (/home/chakwong/.TinyTeX/texmf-dist/tex/latex/microtype/microtype-xetex.def) (/home/chakwong/.TinyTeX/texmf-dist/tex/latex/microtype/microtype.cfg)) (/home/chakwong/.TinyTeX/texmf-dist/tex/latex/setspace/setspace.sty) (/home/chakwong/.TinyTeX/texmf-dist/tex/latex/booktabs/booktabs.sty) (/home/chakwong/.TinyTeX/texmf-dist/tex/latex/tools/longtable.sty) (/home/chakwong/.TinyTeX/texmf-dist/tex/latex/tools/tabularx.sty (/home/chakwong/.TinyTeX/texmf-dist/tex/latex/tools/array.sty)) (/home/chakwong/.TinyTeX/texmf-dist/tex/latex/graphics/graphicx.sty (/home/chakwong/.TinyTeX/texmf-dist/tex/latex/graphics/graphics.sty (/home/chakwong/.TinyTeX/texmf-dist/tex/latex/graphics/trig.sty) (/home/chakwong/.TinyTeX/texmf-dist/tex/latex/graphics-cfg/graphics.cfg) (/home/chakwong/.TinyTeX/texmf-dist/tex/latex/graphics-def/xetex.def))) (/home/chakwong/.TinyTeX/texmf-dist/tex/latex/xcolor/xcolor.sty (/home/chakwong/.TinyTeX/texmf-dist/tex/latex/graphics-cfg/color.cfg) (/home/chakwong/.TinyTeX/texmf-dist/tex/latex/graphics/mathcolor.ltx)) (/home/chakwong/.TinyTeX/texmf-dist/tex/latex/pgf/frontendlayer/tikz.sty (/home/chakwong/.TinyTeX/texmf-dist/tex/latex/pgf/basiclayer/pgf.sty (/home/chakwong/.TinyTeX/texmf-dist/tex/latex/pgf/utilities/pgfrcs.sty (/home/chakwong/.TinyTeX/texmf-dist/tex/generic/pgf/utilities/pgfutil-common.tex) (/home/chakwong/.TinyTeX/texmf-dist/tex/generic/pgf/utilities/pgfutil-latex.def) (/home/chakwong/.TinyTeX/texmf-dist/tex/generic/pgf/utilities/pgfrcs.code.tex (/home/chakwong/.TinyTeX/texmf-dist/tex/generic/pgf/pgf.revision.tex))) (/home/chakwong/.TinyTeX/texmf-dist/tex/latex/pgf/basiclayer/pgfcore.sty (/home/chakwong/.TinyTeX/texmf-dist/tex/latex/pgf/systemlayer/pgfsys.sty (/home/chakwong/.TinyTeX/texmf-dist/tex/generic/pgf/systemlayer/pgfsys.code.tex (/home/chakwong/.TinyTeX/texmf-dist/tex/generic/pgf/utilities/pgfkeys.code.tex (/home/chakwong/.TinyTeX/texmf-dist/tex/generic/pgf/utilities/pgfkeyslibraryfiltered.code.tex)) (/home/chakwong/.TinyTeX/texmf-dist/tex/generic/pgf/systemlayer/pgf.cfg) (/home/chakwong/.TinyTeX/texmf-dist/tex/generic/pgf/systemlayer/pgfsys-xetex.def (/home/chakwong/.TinyTeX/texmf-dist/tex/generic/pgf/systemlayer/pgfsys-dvipdfmx.def (/home/chakwong/.TinyTeX/texmf-dist/tex/generic/pgf/systemlayer/pgfsys-common-pdf.def)))) (/home/chakwong/.TinyTeX/texmf-dist/tex/generic/pgf/systemlayer/pgfsyssoftpath.code.tex) (/home/chakwong/.TinyTeX/texmf-dist/tex/generic/pgf/systemlayer/pgfsysprotocol.code.tex)) (/home/chakwong/.TinyTeX/texmf-dist/tex/generic/pgf/basiclayer/pgfcore.code.tex (/home/chakwong/.TinyTeX/texmf-dist/tex/generic/pgf/math/pgfmath.code.tex (/home/chakwong/.TinyTeX/texmf-dist/tex/generic/pgf/math/pgfmathutil.code.tex) (/home/chakwong/.TinyTeX/texmf-dist/tex/generic/pgf/math/pgfmathparser.code.tex) (/home/chakwong/.TinyTeX/texmf-dist/tex/generic/pgf/math/pgfmathfunctions.code.tex) (/home/chakwong/.TinyTeX/texmf-dist/tex/generic/pgf/math/pgfmathfunctions.basic.code.tex) (/home/chakwong/.TinyTeX/texmf-dist/tex/generic/pgf/math/pgfmathfunctions.trigonometric.code.tex) (/home/chakwong/.TinyTeX/texmf-dist/tex/generic/pgf/math/pgfmathfunctions.random.code.tex) (/home/chakwong/.TinyTeX/texmf-dist/tex/generic/pgf/math/pgfmathfunctions.comparison.code.tex) (/home/chakwong/.TinyTeX/texmf-dist/tex/generic/pgf/math/pgfmathfunctions.base.code.tex) (/home/chakwong/.TinyTeX/texmf-dist/tex/generic/pgf/math/pgfmathfunctions.round.code.tex) (/home/chakwong/.TinyTeX/texmf-dist/tex/generic/pgf/math/pgfmathfunctions.misc.code.tex) (/home/chakwong/.TinyTeX/texmf-dist/tex/generic/pgf/math/pgfmathfunctions.integerarithmetics.code.tex) (/home/chakwong/.TinyTeX/texmf-dist/tex/generic/pgf/math/pgfmathcalc.code.tex) (/home/chakwong/.TinyTeX/texmf-dist/tex/generic/pgf/math/pgfmathfloat.code.tex)) (/home/chakwong/.TinyTeX/texmf-dist/tex/generic/pgf/math/pgfint.code.tex) (/home/chakwong/.TinyTeX/texmf-dist/tex/generic/pgf/basiclayer/pgfcorepoints.code.tex) (/home/chakwong/.TinyTeX/texmf-dist/tex/generic/pgf/basiclayer/pgfcorepathconstruct.code.tex) (/home/chakwong/.TinyTeX/texmf-dist/tex/generic/pgf/basiclayer/pgfcorepathusage.code.tex) (/home/chakwong/.TinyTeX/texmf-dist/tex/generic/pgf/basiclayer/pgfcorescopes.code.tex) (/home/chakwong/.TinyTeX/texmf-dist/tex/generic/pgf/basiclayer/pgfcoregraphicstate.code.tex) (/home/chakwong/.TinyTeX/texmf-dist/tex/generic/pgf/basiclayer/pgfcoretransformations.code.tex) (/home/chakwong/.TinyTeX/texmf-dist/tex/generic/pgf/basiclayer/pgfcorequick.code.tex) (/home/chakwong/.TinyTeX/texmf-dist/tex/generic/pgf/basiclayer/pgfcoreobjects.code.tex) (/home/chakwong/.TinyTeX/texmf-dist/tex/generic/pgf/basiclayer/pgfcorepathprocessing.code.tex) (/home/chakwong/.TinyTeX/texmf-dist/tex/generic/pgf/basiclayer/pgfcorearrows.code.tex) (/home/chakwong/.TinyTeX/texmf-dist/tex/generic/pgf/basiclayer/pgfcoreshade.code.tex) (/home/chakwong/.TinyTeX/texmf-dist/tex/generic/pgf/basiclayer/pgfcoreimage.code.tex) (/home/chakwong/.TinyTeX/texmf-dist/tex/generic/pgf/basiclayer/pgfcoreexternal.code.tex) (/home/chakwong/.TinyTeX/texmf-dist/tex/generic/pgf/basiclayer/pgfcorelayers.code.tex) (/home/chakwong/.TinyTeX/texmf-dist/tex/generic/pgf/basiclayer/pgfcoretransparency.code.tex) (/home/chakwong/.TinyTeX/texmf-dist/tex/generic/pgf/basiclayer/pgfcorepatterns.code.tex) (/home/chakwong/.TinyTeX/texmf-dist/tex/generic/pgf/basiclayer/pgfcorerdf.code.tex))) (/home/chakwong/.TinyTeX/texmf-dist/tex/generic/pgf/modules/pgfmoduleshapes.code.tex) (/home/chakwong/.TinyTeX/texmf-dist/tex/generic/pgf/modules/pgfmoduleplot.code.tex) (/home/chakwong/.TinyTeX/texmf-dist/tex/latex/pgf/compatibility/pgfcomp-version-0-65.sty) (/home/chakwong/.TinyTeX/texmf-dist/tex/latex/pgf/compatibility/pgfcomp-version-1-18.sty)) (/home/chakwong/.TinyTeX/texmf-dist/tex/latex/pgf/utilities/pgffor.sty (/home/chakwong/.TinyTeX/texmf-dist/tex/latex/pgf/utilities/pgfkeys.sty (/home/chakwong/.TinyTeX/texmf-dist/tex/generic/pgf/utilities/pgfkeys.code.tex)) (/home/chakwong/.TinyTeX/texmf-dist/tex/latex/pgf/math/pgfmath.sty (/home/chakwong/.TinyTeX/texmf-dist/tex/generic/pgf/math/pgfmath.code.tex)) (/home/chakwong/.TinyTeX/texmf-dist/tex/generic/pgf/utilities/pgffor.code.tex)) (/home/chakwong/.TinyTeX/texmf-dist/tex/generic/pgf/frontendlayer/tikz/tikz.code.tex (/home/chakwong/.TinyTeX/texmf-dist/tex/generic/pgf/libraries/pgflibraryplothandlers.code.tex) (/home/chakwong/.TinyTeX/texmf-dist/tex/generic/pgf/modules/pgfmodulematrix.code.tex) (/home/chakwong/.TinyTeX/texmf-dist/tex/generic/pgf/frontendlayer/tikz/libraries/tikzlibrarytopaths.code.tex))) (/home/chakwong/.TinyTeX/texmf-dist/tex/latex/float/float.sty) (/home/chakwong/.TinyTeX/texmf-dist/tex/generic/pgf/libraries/pgflibraryarrows.meta.code.tex) (/home/chakwong/.TinyTeX/texmf-dist/tex/generic/pgf/frontendlayer/tikz/libraries/tikzlibrarypositioning.code.tex) (/home/chakwong/.TinyTeX/texmf-dist/tex/generic/pgf/frontendlayer/tikz/libraries/tikzlibrarycalc.code.tex) (/home/chakwong/.TinyTeX/texmf-dist/tex/generic/pgf/frontendlayer/tikz/libraries/tikzlibraryshapes.geometric.code.tex (/home/chakwong/.TinyTeX/texmf-dist/tex/generic/pgf/libraries/shapes/pgflibraryshapes.geometric.code.tex)) (/home/chakwong/.TinyTeX/texmf-dist/tex/latex/enumitem/enumitem.sty) (/home/chakwong/.TinyTeX/texmf-dist/tex/latex/listings/listings.sty (/home/chakwong/.TinyTeX/texmf-dist/tex/latex/listings/lstpatch.sty) (/home/chakwong/.TinyTeX/texmf-dist/tex/latex/listings/lstmisc.sty) (/home/chakwong/.TinyTeX/texmf-dist/tex/latex/listings/listings.cfg))
==> First Aid for listings.sty no longer applied!
    Expected:
        2024/09/23 1.10c (Carsten Heinz)
    but found:
        2025/11/14 1.11b (Carsten Heinz)
    so I'm assuming it got fixed.
(/home/chakwong/.TinyTeX/texmf-dist/tex/latex/titlesec/titlesec.sty) (/home/chakwong/.TinyTeX/texmf-dist/tex/latex/natbib/natbib.sty) (/home/chakwong/.TinyTeX/texmf-dist/tex/latex/url/url.sty) (/home/chakwong/.TinyTeX/texmf-dist/tex/latex/hyperref/xr-hyper.sty) (/home/chakwong/.TinyTeX/texmf-dist/tex/latex/hyperref/hyperref.sty (/home/chakwong/.TinyTeX/texmf-dist/tex/latex/kvsetkeys/kvsetkeys.sty) (/home/chakwong/.TinyTeX/texmf-dist/tex/generic/kvdefinekeys/kvdefinekeys.sty) (/home/chakwong/.TinyTeX/texmf-dist/tex/generic/pdfescape/pdfescape.sty (/home/chakwong/.TinyTeX/texmf-dist/tex/generic/ltxcmds/ltxcmds.sty) (/home/chakwong/.TinyTeX/texmf-dist/tex/generic/pdftexcmds/pdftexcmds.sty (/home/chakwong/.TinyTeX/texmf-dist/tex/generic/infwarerr/infwarerr.sty))) (/home/chakwong/.TinyTeX/texmf-dist/tex/latex/hycolor/hycolor.sty) (/home/chakwong/.TinyTeX/texmf-dist/tex/latex/hyperref/nameref.sty (/home/chakwong/.TinyTeX/texmf-dist/tex/latex/refcount/refcount.sty) (/home/chakwong/.TinyTeX/texmf-dist/tex/generic/gettitlestring/gettitlestring.sty (/home/chakwong/.TinyTeX/texmf-dist/tex/latex/kvoptions/kvoptions.sty))) (/home/chakwong/.TinyTeX/texmf-dist/tex/generic/stringenc/stringenc.sty) (/home/chakwong/.TinyTeX/texmf-dist/tex/latex/hyperref/pd1enc.def) (/home/chakwong/.TinyTeX/texmf-dist/tex/generic/intcalc/intcalc.sty) (/home/chakwong/.TinyTeX/texmf-dist/tex/latex/hyperref/puenc.def) (/home/chakwong/.TinyTeX/texmf-dist/tex/generic/bitset/bitset.sty (/home/chakwong/.TinyTeX/texmf-dist/tex/generic/bigintcalc/bigintcalc.sty))) (/home/chakwong/.TinyTeX/texmf-dist/tex/latex/hyperref/hxetex.def (/home/chakwong/.TinyTeX/texmf-dist/tex/latex/rerunfilecheck/rerunfilecheck.sty (/home/chakwong/.TinyTeX/texmf-dist/tex/generic/uniquecounter/uniquecounter.sty))) (./teaching/styles.tex) (./monograph.aux)
*geometry* driver: auto-detecting
*geometry* detected driver: xetex
(/home/chakwong/.TinyTeX/texmf-dist/tex/latex/microtype/mt-Palatino.cfg) (./monograph.out) (./monograph.out) (/home/chakwong/.TinyTeX/texmf-dist/tex/latex/amsfonts/umsa.fd) (/home/chakwong/.TinyTeX/texmf-dist/tex/latex/microtype/mt-msa.cfg) (/home/chakwong/.TinyTeX/texmf-dist/tex/latex/amsfonts/umsb.fd) (/home/chakwong/.TinyTeX/texmf-dist/tex/latex/microtype/mt-msb.cfg) (/home/chakwong/.TinyTeX/texmf-dist/tex/latex/microtype/mt-cmr.cfg) [1] [1] (./frontmatter/process-map.tex [2] [3] [4] [5] [6] [7] [8] [9]) (./monograph.toc [10] [11] [12] [13] [14]) [15] (./chapters/01-problem.tex
Chapter 1.
[1] (./teaching/teach-M01-00.tex) (./teaching/teach-P-01-problem-00.tex) [2]
Underfull \hbox (badness 4416) in paragraph at lines 116--126
[]\TU/TeXGyrePagella(0)/m/n/12 The supplied Hong Kong Securities and Futures Commission (SFC) product-
(./teaching/teach-P-01-problem-01.tex) [3] (./teaching/teach-M01-01.tex [4]) [5] (./teaching/teach-M01-02.tex) [6] (./teaching/teach-P-01-problem-05.tex) [7] (./teaching/teach-M01-03.tex [8]) [9] (./teaching/teach-M01-04.tex) [10] (./teaching/teach-M01-05.tex) [11] (./teaching/teach-M01-06.tex) [12] (./teaching/teach-M01-07.tex)) (./chapters/02-circular.tex [13] [14]
Chapter 2.
(./teaching/gap-spi-financial.tex) [15]
Underfull \hbox (badness 2529) in paragraph at lines 77--86
\TU/TeXGyrePagella(0)/m/n/12 Paragraph 1 combines professional-investor status, the financial criteria, knowl-
[16] (./teaching/teach-P-01-problem-02.tex) [17] (./teaching/gap-spi-consent.tex)
Underfull \hbox (badness 1412) in paragraph at lines 146--154
[]\TU/TeXGyrePagella(0)/m/n/12 The streamlined approach also retains specific information and conduct require-
[18] (./teaching/teach-P-01b-complete-dry-run-01.tex) [19] [20] (./teaching/teach-P-01b-complete-dry-run-02.tex) [21] (./teaching/teach-P-01b-complete-dry-run-03.tex) [22] [23] (./teaching/teach-P-01b-complete-dry-run-04.tex) [24] [25] (./teaching/teach-P-01b-complete-dry-run-05.tex) (./teaching/teach-P-01b-complete-dry-run-06.tex) [26]
Underfull \hbox (badness 1221) in paragraph at lines 537--544
\TU/TeXGyrePagella(0)/m/n/12 retained experiment selected its paragraph-10 gift restriction. The circular as a
(./teaching/teach-M02-00.tex) [27] (./teaching/teach-M02-01.tex) [28] [29] (./teaching/teach-M02-02.tex) [30] [31] (./teaching/teach-M02-03.tex) [32] [33] (./teaching/teach-M02-04.tex) [34] (./teaching/teach-M02-05.tex) [35] (./teaching/teach-M02-06.tex [36]) [37] [38] (./teaching/teach-M02-07.tex) [39] (./teaching/teach-M02-08.tex)) (./chapters/03-proof.tex [40]
Chapter 3.
(./teaching/teach-M03-00.tex) [41] [42] (./teaching/teach-P-03-product-05.tex) [43] (./teaching/teach-M03-01.tex [44]) [45] (./teaching/teach-M03-02.tex) [46] (./teaching/teach-M03-03.tex) [47] (./teaching/teach-P-01a-language-lesson-01.tex) [48] (./teaching/teach-M03-04.tex) [49] (./teaching/teach-P-03-product-03.tex [50]) [51] (./teaching/teach-M03-05.tex) [52] [53] (./teaching/teach-M03-06.tex) [54] (./teaching/teach-M03-07.tex) [55] (./teaching/teach-M03-08.tex) [56] [57] (./teaching/teach-M03-09.tex) [58] (./teaching/teach-P-03-product-06.tex) [59] (./teaching/teach-P-01a-language-lesson-05.tex) [60] (./teaching/teach-M03-10.tex) [61] (./teaching/teach-M03-11.tex) [62] (./teaching/teach-M03-12.tex)) (./chapters/04-languages.tex [63]
Chapter 4.
(./teaching/teach-M04-00.tex) [64]
Underfull \hbox (badness 1152) in paragraph at lines 50--59
\TU/TeXGyrePagella(0)/m/n/12 through time. Recent language-model research attempts to cross the remaining
(./teaching/teach-P-02-literature-01.tex) [65] (./teaching/teach-M04-01.tex) [66] (./teaching/teach-P-02a-foundations-00.tex) [67] [68] (./teaching/teach-M04-02.tex) [69] (./teaching/teach-P-02-literature-02.tex) [70] (./teaching/teach-M04-03.tex) [71] [72] (./teaching/teach-P-01a-language-lesson-02.tex) [73] (./teaching/teach-M04-04.tex) [74] (./teaching/teach-M04-05.tex) [75] [76] (./teaching/teach-P-01a-language-lesson-03.tex) [77] [78] (./teaching/teach-M04-06.tex [79]) [80] (./teaching/teach-M04-07.tex) [81]
Underfull \hbox (badness 1960) in paragraph at lines 852--859
[]\TU/TeXGyrePagella(0)/m/n/12 General verification cannot be promised for every expressive contract language.

Underfull \hbox (badness 1590) in paragraph at lines 852--859
[][]\TU/TeXGyrePagella(0)/m/n/12 Delzanno et al.[][] ([][]2026[][]) establish undecidability results for clause reachability in
[82] (./teaching/teach-P-01a-language-lesson-04.tex) [83] (./teaching/teach-P-02-literature-05.tex) [84] (./teaching/teach-P-02b-contract-evolution-00.tex) [85] (./teaching/teach-M04-08.tex) [86] [87] (./teaching/teach-P-02-literature-04.tex)
Underfull \hbox (badness 3098) in paragraph at lines 1157--1167
\TU/TeXGyrePagella(0)/m/n/12 system interface: declarations establish institutional concepts, events change a

Underfull \hbox (badness 1067) in paragraph at lines 1157--1167
\TU/TeXGyrePagella(0)/m/n/12 sharing/KYC exploration with ABN AMRO and ING, using separate policy and
[88] (./teaching/teach-M04-09.tex [89]) [90] (./teaching/teach-P-02-literature-08.tex) [91] (./teaching/teach-M04-10.tex) [92] (./teaching/gap-nli-evidence.tex [93]) [94] (./teaching/teach-P-02-literature-07.tex) [95] [96] (./teaching/teach-M04-11.tex) [97] (./teaching/teach-M04-12.tex) [98] (./teaching/teach-M04-13.tex) [99] (./teaching/teach-P-02-literature-03.tex) [100] (./teaching/teach-P-02-literature-06.tex) [101] (./chapters/04a-citation-and-coverage.tex [102] [103]) [104] (./teaching/teach-M04-14.tex)) (./chapters/05-search.tex [105]
Chapter 5.
(./teaching/teach-M05-00.tex) [106]
Underfull \hbox (badness 3049) in paragraph at lines 58--64
\TU/TeXGyrePagella(0)/m/n/12 The drafting service should propose clause segments, roles, definitions, cross-
(./teaching/teach-P-03-product-08.tex) [107] (./teaching/teach-M05-01.tex) [108] (./teaching/teach-M05-02.tex) [109] (./teaching/teach-M05-03.tex) [110] [111] (./teaching/teach-M05-04.tex) [112] (./teaching/teach-M05-05.tex) [113] (./teaching/teach-M05-06.tex) [114] (./teaching/teach-M05-07.tex) [115] (./teaching/teach-M05-08.tex) [116] [117] (./teaching/teach-M05-09.tex) [118]) (./chapters/06-ensemble.tex [119]
Chapter 6.
(./teaching/teach-M06-00.tex) [120] (./teaching/teach-M06-01.tex [121]) [122] (./teaching/teach-M06-02.tex) [123] [124] (./teaching/teach-M06-03.tex) (./teaching/teach-M06-04.tex [125]) [126] (./teaching/teach-M06-05.tex) [127] (./teaching/teach-M06-06.tex) [128] (./teaching/teach-M06-07.tex) [129] (./teaching/teach-M06-08.tex) [130] (./teaching/teach-M06-09.tex) [131] (./teaching/teach-M06-10.tex) [132] (./teaching/teach-M06-11.tex) [133] [134] (./teaching/teach-M06-12.tex) [135] (./teaching/teach-M06-13.tex) [136] [137] (./teaching/teach-M06-14.tex) [138] (./teaching/teach-M06-15.tex) [139] [140] (./teaching/teach-M06-16.tex) [141] (./teaching/teach-M06-17.tex) [142] (./teaching/teach-M06-18.tex) [143] (./teaching/teach-M06-19.tex) [144] (./teaching/teach-M06-20.tex) [145] (./teaching/teach-M06-21.tex) [146] (./teaching/teach-M06-22.tex) [147]
Underfull \hbox (badness 1005) in paragraph at lines 1344--1351
\TU/TeXGyrePagella(0)/m/n/12 into reproducible evidence. Its human readability matters because a technically
[148] (./teaching/teach-M06-23.tex) [149] (./teaching/teach-M06-24.tex) [150] (./teaching/teach-M06-25.tex) (./chapters/06a-diverse-assurance.tex [151]

Package natbib Warning: Citation `knight1986diversity' on page 152 undefined on input line 39.

[152]

Package natbib Warning: Citation `littlewood2001diversity' on page 153 undefined on input line 45.


Package natbib Warning: Citation `kim2025correlated' on page 153 undefined on input line 65.


Package natbib Warning: Citation `doclingsoftware' on page 153 undefined on input line 96.

[153]

Package natbib Warning: Citation `tesseractsoftware' on page 154 undefined on input line 105.

[154]

Package natbib Warning: Citation `cvc5software' on page 155 undefined on input line 150.


Package natbib Warning: Citation `clingosoftware' on page 155 undefined on input line 168.


Package natbib Warning: Citation `inspectsoftware' on page 155 undefined on input line 197.

[155]

Package natbib Warning: Citation `pitsoftware' on page 156 undefined on input line 205.

[156] [157])) (./chapters/07-verification.tex [158]
Chapter 7.
(./teaching/teach-M07-00.tex) [159] (./teaching/teach-P-03-product-02.tex) [160]
Underfull \hbox (badness 2951) in paragraph at lines 106--115
\TU/DejaVuSansMono(0)/m/n/12 not\TU/TeXGyrePagella(0)/m/n/12 , equality/inclusive/strict comparison, addition, subtraction, rational scaling,
(./teaching/teach-P-03a-rule-contract-00.tex) [161] [162] (./teaching/teach-M07-01.tex) [163] (./teaching/teach-P-03a-rule-contract-01.tex) [164] (./teaching/teach-M07-02.tex) [165] (./teaching/teach-M07-03.tex) [166] (./teaching/teach-P-03a-rule-contract-02.tex) [167] (./teaching/teach-M07-04.tex) [168] (./teaching/teach-M07-05.tex) [169] (./teaching/teach-P-03c-storage-review-01.tex) (./teaching/teach-M07-06.tex) [170] (./teaching/teach-P-04-prototype-05.tex) [171] (./teaching/teach-M07-07.tex) [172]
Underfull \hbox (badness 1466) in paragraph at lines 663--669
[]\TU/TeXGyrePagella(0)/m/n/12 The current comparison fragment supports documented Boolean and exact inte-
(./teaching/teach-M07-08.tex) [173] [174] (./teaching/teach-M07-10.tex) [175] [176] (./teaching/teach-M07-11.tex) [177] (./teaching/teach-P-03-product-04.tex) [178] (./teaching/teach-P-03b-event-contract-00.tex) [179] (./teaching/teach-M07-12.tex) [180] (./teaching/teach-M07-13.tex) [181] (./teaching/teach-P-03d-java-delivery-05.tex)
Underfull \hbox (badness 1062) in paragraph at lines 1118--1125
\TU/TeXGyrePagella(0)/m/n/12 supplies domain-qualified results and replayed witnesses. Differential execution
[182] (./teaching/teach-M07-14.tex)) (./chapters/08-implementation.tex [183]
Chapter 8.
[184] [185]) (./chapters/09-evaluation.tex [186]
Chapter 9.
(./teaching/teach-M09-00.tex) [187] (./teaching/teach-P-04-prototype-00.tex) (./teaching/teach-M09-01.tex) [188] [189] (./teaching/teach-M09-02.tex) [190] (./teaching/teach-M09-03.tex) [191] (./teaching/teach-P-05-evidence-00.tex) [192] [193] (./teaching/teach-M09-04.tex) [194] (./teaching/teach-P-04-prototype-04.tex) [195] (./teaching/gap-evaluation-quality.tex) [196] (./teaching/teach-M09-05.tex [197]) [198] (./teaching/teach-M09-06.tex) [199] (./teaching/teach-M09-07.tex) [200] [201] (./teaching/teach-M09-08.tex) [202] (./teaching/teach-M09-09.tex [203]) [204] (./teaching/teach-M09-10.tex) (./teaching/teach-M09-11.tex [205]) [206] (./teaching/teach-P-04-prototype-06.tex) (./teaching/teach-M09-12.tex) [207]) (./chapters/10-operation.tex [208]
Chapter 10.
(./teaching/teach-M10-00.tex) [209] (./chapters/10a-legal-robustness.tex [210] [211] [212]
Underfull \hbox (badness 1019) in paragraph at lines 145--152
\TU/TeXGyrePagella(0)/m/n/12 provider needs a narrow task interface and cannot inherit approval, network or
) [213] (./teaching/teach-M10-01.tex) [214] (./teaching/teach-P-04-prototype-01.tex) (./teaching/teach-M10-02.tex) [215] (./teaching/teach-M10-03.tex) [216] (./teaching/teach-M10-04.tex) [217] (./teaching/teach-P-01-problem-03.tex) [218] (./teaching/teach-P-03-product-09.tex) [219] (./teaching/teach-M10-05.tex) [220] (./teaching/teach-M10-06.tex) [221] (./teaching/teach-M10-07.tex) [222] (./teaching/teach-P-04-prototype-07.tex) [223] (./teaching/teach-M10-08.tex) [224] (./teaching/teach-M10-09.tex) [225] (./teaching/teach-M10-10.tex) [226] (./teaching/teach-M10-11.tex) [227] (./teaching/teach-M10-12.tex) [228] (./teaching/teach-M10-13.tex) [229] (./teaching/teach-P-02-literature-09.tex) [230] (./teaching/teach-M10-14.tex [231]) (./teaching/teach-M10-15.tex) [232]) [233] (./monograph.bbl [234] [235] [236] [237] [238] [239] [240] [241] [242])

Package natbib Warning: There were undefined citations.

[243] (./monograph.aux

Package natbib Warning: Citation(s) may have changed.
(natbib)                Rerun to get citations correct.

) )
(see the transcript file for additional information)
Output written on monograph.xdv (259 pages, 7932564 bytes).
Transcript written on monograph.log.
Latexmk: Getting log file 'monograph.log'
Latexmk: Examining 'monograph.fls'
Latexmk: Examining 'monograph.log'
Latexmk: Found input bbl file 'monograph.bbl'
Latexmk: References changed.
Latexmk: Log file says output to 'monograph.xdv'
Latexmk: Using bibtex to make bibliography file(s).
  ===Source file 'monograph.bbl' for 'xelatex'
Latexmk: Found bibliography file(s):
  ./references.bib
Latexmk: applying rule 'bibtex monograph'...
Rule 'bibtex monograph':  Reasons for rerun
Changed files or newly in use/created:
  monograph.aux

------------
Run number 3 of rule 'bibtex monograph'
------------
------------
Running 'bibtex  "monograph.aux"'
------------
This is BibTeX, Version 0.99e (TeX Live 2026)
The top-level auxiliary file: monograph.aux
The style file: plainnat.bst
Database file #1: references.bib
Latexmk: applying rule 'xelatex'...
Rule 'xelatex':  Reasons for rerun
Changed files or newly in use/created:
  monograph.aux

------------
Run number 3 of rule 'xelatex'
------------
------------
Running 'xelatex -no-pdf -interaction=nonstopmode -halt-on-error -recorder  "monograph.tex"'
------------
This is XeTeX, Version 3.141592653-2.6-0.999998 (TeX Live 2026) (preloaded format=xelatex)
 restricted \write18 enabled.
entering extended mode
(./monograph.tex
LaTeX2e <2025-11-01>
L3 programming layer <2026-03-20>
(/home/chakwong/.TinyTeX/texmf-dist/tex/latex/base/book.cls
Document Class: book 2025/01/22 v1.4n Standard LaTeX document class
(/home/chakwong/.TinyTeX/texmf-dist/tex/latex/base/bk12.clo)) (/home/chakwong/.TinyTeX/texmf-dist/tex/latex/geometry/geometry.sty (/home/chakwong/.TinyTeX/texmf-dist/tex/latex/graphics/keyval.sty) (/home/chakwong/.TinyTeX/texmf-dist/tex/generic/iftex/ifvtex.sty (/home/chakwong/.TinyTeX/texmf-dist/tex/generic/iftex/iftex.sty))) (/home/chakwong/.TinyTeX/texmf-dist/tex/latex/fontspec/fontspec.sty (/home/chakwong/.TinyTeX/texmf-dist/tex/latex/l3packages/xparse/xparse.sty (/home/chakwong/.TinyTeX/texmf-dist/tex/latex/l3kernel/expl3.sty (/home/chakwong/.TinyTeX/texmf-dist/tex/latex/l3backend/l3backend-xetex.def))) (/home/chakwong/.TinyTeX/texmf-dist/tex/latex/fontspec/fontspec-xetex.sty (/home/chakwong/.TinyTeX/texmf-dist/tex/latex/base/fontenc.sty) (/home/chakwong/.TinyTeX/texmf-dist/tex/latex/fontspec/fontspec.cfg))) (/home/chakwong/.TinyTeX/texmf-dist/tex/latex/amsmath/amsmath.sty
For additional information on amsmath, use the `?' option.
(/home/chakwong/.TinyTeX/texmf-dist/tex/latex/amsmath/amstext.sty (/home/chakwong/.TinyTeX/texmf-dist/tex/latex/amsmath/amsgen.sty)) (/home/chakwong/.TinyTeX/texmf-dist/tex/latex/amsmath/amsbsy.sty) (/home/chakwong/.TinyTeX/texmf-dist/tex/latex/amsmath/amsopn.sty)) (/home/chakwong/.TinyTeX/texmf-dist/tex/latex/amsfonts/amssymb.sty (/home/chakwong/.TinyTeX/texmf-dist/tex/latex/amsfonts/amsfonts.sty)) (/home/chakwong/.TinyTeX/texmf-dist/tex/latex/mathtools/mathtools.sty (/home/chakwong/.TinyTeX/texmf-dist/tex/latex/tools/calc.sty) (/home/chakwong/.TinyTeX/texmf-dist/tex/latex/mathtools/mhsetup.sty)) (/home/chakwong/.TinyTeX/texmf-dist/tex/latex/amscls/amsthm.sty) (/home/chakwong/.TinyTeX/texmf-dist/tex/latex/microtype/microtype.sty (/home/chakwong/.TinyTeX/texmf-dist/tex/latex/etoolbox/etoolbox.sty) (/home/chakwong/.TinyTeX/texmf-dist/tex/latex/microtype/microtype-xetex.def) (/home/chakwong/.TinyTeX/texmf-dist/tex/latex/microtype/microtype.cfg)) (/home/chakwong/.TinyTeX/texmf-dist/tex/latex/setspace/setspace.sty) (/home/chakwong/.TinyTeX/texmf-dist/tex/latex/booktabs/booktabs.sty) (/home/chakwong/.TinyTeX/texmf-dist/tex/latex/tools/longtable.sty) (/home/chakwong/.TinyTeX/texmf-dist/tex/latex/tools/tabularx.sty (/home/chakwong/.TinyTeX/texmf-dist/tex/latex/tools/array.sty)) (/home/chakwong/.TinyTeX/texmf-dist/tex/latex/graphics/graphicx.sty (/home/chakwong/.TinyTeX/texmf-dist/tex/latex/graphics/graphics.sty (/home/chakwong/.TinyTeX/texmf-dist/tex/latex/graphics/trig.sty) (/home/chakwong/.TinyTeX/texmf-dist/tex/latex/graphics-cfg/graphics.cfg) (/home/chakwong/.TinyTeX/texmf-dist/tex/latex/graphics-def/xetex.def))) (/home/chakwong/.TinyTeX/texmf-dist/tex/latex/xcolor/xcolor.sty (/home/chakwong/.TinyTeX/texmf-dist/tex/latex/graphics-cfg/color.cfg) (/home/chakwong/.TinyTeX/texmf-dist/tex/latex/graphics/mathcolor.ltx)) (/home/chakwong/.TinyTeX/texmf-dist/tex/latex/pgf/frontendlayer/tikz.sty (/home/chakwong/.TinyTeX/texmf-dist/tex/latex/pgf/basiclayer/pgf.sty (/home/chakwong/.TinyTeX/texmf-dist/tex/latex/pgf/utilities/pgfrcs.sty (/home/chakwong/.TinyTeX/texmf-dist/tex/generic/pgf/utilities/pgfutil-common.tex) (/home/chakwong/.TinyTeX/texmf-dist/tex/generic/pgf/utilities/pgfutil-latex.def) (/home/chakwong/.TinyTeX/texmf-dist/tex/generic/pgf/utilities/pgfrcs.code.tex (/home/chakwong/.TinyTeX/texmf-dist/tex/generic/pgf/pgf.revision.tex))) (/home/chakwong/.TinyTeX/texmf-dist/tex/latex/pgf/basiclayer/pgfcore.sty (/home/chakwong/.TinyTeX/texmf-dist/tex/latex/pgf/systemlayer/pgfsys.sty (/home/chakwong/.TinyTeX/texmf-dist/tex/generic/pgf/systemlayer/pgfsys.code.tex (/home/chakwong/.TinyTeX/texmf-dist/tex/generic/pgf/utilities/pgfkeys.code.tex (/home/chakwong/.TinyTeX/texmf-dist/tex/generic/pgf/utilities/pgfkeyslibraryfiltered.code.tex)) (/home/chakwong/.TinyTeX/texmf-dist/tex/generic/pgf/systemlayer/pgf.cfg) (/home/chakwong/.TinyTeX/texmf-dist/tex/generic/pgf/systemlayer/pgfsys-xetex.def (/home/chakwong/.TinyTeX/texmf-dist/tex/generic/pgf/systemlayer/pgfsys-dvipdfmx.def (/home/chakwong/.TinyTeX/texmf-dist/tex/generic/pgf/systemlayer/pgfsys-common-pdf.def)))) (/home/chakwong/.TinyTeX/texmf-dist/tex/generic/pgf/systemlayer/pgfsyssoftpath.code.tex) (/home/chakwong/.TinyTeX/texmf-dist/tex/generic/pgf/systemlayer/pgfsysprotocol.code.tex)) (/home/chakwong/.TinyTeX/texmf-dist/tex/generic/pgf/basiclayer/pgfcore.code.tex (/home/chakwong/.TinyTeX/texmf-dist/tex/generic/pgf/math/pgfmath.code.tex (/home/chakwong/.TinyTeX/texmf-dist/tex/generic/pgf/math/pgfmathutil.code.tex) (/home/chakwong/.TinyTeX/texmf-dist/tex/generic/pgf/math/pgfmathparser.code.tex) (/home/chakwong/.TinyTeX/texmf-dist/tex/generic/pgf/math/pgfmathfunctions.code.tex) (/home/chakwong/.TinyTeX/texmf-dist/tex/generic/pgf/math/pgfmathfunctions.basic.code.tex) (/home/chakwong/.TinyTeX/texmf-dist/tex/generic/pgf/math/pgfmathfunctions.trigonometric.code.tex) (/home/chakwong/.TinyTeX/texmf-dist/tex/generic/pgf/math/pgfmathfunctions.random.code.tex) (/home/chakwong/.TinyTeX/texmf-dist/tex/generic/pgf/math/pgfmathfunctions.comparison.code.tex) (/home/chakwong/.TinyTeX/texmf-dist/tex/generic/pgf/math/pgfmathfunctions.base.code.tex) (/home/chakwong/.TinyTeX/texmf-dist/tex/generic/pgf/math/pgfmathfunctions.round.code.tex) (/home/chakwong/.TinyTeX/texmf-dist/tex/generic/pgf/math/pgfmathfunctions.misc.code.tex) (/home/chakwong/.TinyTeX/texmf-dist/tex/generic/pgf/math/pgfmathfunctions.integerarithmetics.code.tex) (/home/chakwong/.TinyTeX/texmf-dist/tex/generic/pgf/math/pgfmathcalc.code.tex) (/home/chakwong/.TinyTeX/texmf-dist/tex/generic/pgf/math/pgfmathfloat.code.tex)) (/home/chakwong/.TinyTeX/texmf-dist/tex/generic/pgf/math/pgfint.code.tex) (/home/chakwong/.TinyTeX/texmf-dist/tex/generic/pgf/basiclayer/pgfcorepoints.code.tex) (/home/chakwong/.TinyTeX/texmf-dist/tex/generic/pgf/basiclayer/pgfcorepathconstruct.code.tex) (/home/chakwong/.TinyTeX/texmf-dist/tex/generic/pgf/basiclayer/pgfcorepathusage.code.tex) (/home/chakwong/.TinyTeX/texmf-dist/tex/generic/pgf/basiclayer/pgfcorescopes.code.tex) (/home/chakwong/.TinyTeX/texmf-dist/tex/generic/pgf/basiclayer/pgfcoregraphicstate.code.tex) (/home/chakwong/.TinyTeX/texmf-dist/tex/generic/pgf/basiclayer/pgfcoretransformations.code.tex) (/home/chakwong/.TinyTeX/texmf-dist/tex/generic/pgf/basiclayer/pgfcorequick.code.tex) (/home/chakwong/.TinyTeX/texmf-dist/tex/generic/pgf/basiclayer/pgfcoreobjects.code.tex) (/home/chakwong/.TinyTeX/texmf-dist/tex/generic/pgf/basiclayer/pgfcorepathprocessing.code.tex) (/home/chakwong/.TinyTeX/texmf-dist/tex/generic/pgf/basiclayer/pgfcorearrows.code.tex) (/home/chakwong/.TinyTeX/texmf-dist/tex/generic/pgf/basiclayer/pgfcoreshade.code.tex) (/home/chakwong/.TinyTeX/texmf-dist/tex/generic/pgf/basiclayer/pgfcoreimage.code.tex) (/home/chakwong/.TinyTeX/texmf-dist/tex/generic/pgf/basiclayer/pgfcoreexternal.code.tex) (/home/chakwong/.TinyTeX/texmf-dist/tex/generic/pgf/basiclayer/pgfcorelayers.code.tex) (/home/chakwong/.TinyTeX/texmf-dist/tex/generic/pgf/basiclayer/pgfcoretransparency.code.tex) (/home/chakwong/.TinyTeX/texmf-dist/tex/generic/pgf/basiclayer/pgfcorepatterns.code.tex) (/home/chakwong/.TinyTeX/texmf-dist/tex/generic/pgf/basiclayer/pgfcorerdf.code.tex))) (/home/chakwong/.TinyTeX/texmf-dist/tex/generic/pgf/modules/pgfmoduleshapes.code.tex) (/home/chakwong/.TinyTeX/texmf-dist/tex/generic/pgf/modules/pgfmoduleplot.code.tex) (/home/chakwong/.TinyTeX/texmf-dist/tex/latex/pgf/compatibility/pgfcomp-version-0-65.sty) (/home/chakwong/.TinyTeX/texmf-dist/tex/latex/pgf/compatibility/pgfcomp-version-1-18.sty)) (/home/chakwong/.TinyTeX/texmf-dist/tex/latex/pgf/utilities/pgffor.sty (/home/chakwong/.TinyTeX/texmf-dist/tex/latex/pgf/utilities/pgfkeys.sty (/home/chakwong/.TinyTeX/texmf-dist/tex/generic/pgf/utilities/pgfkeys.code.tex)) (/home/chakwong/.TinyTeX/texmf-dist/tex/latex/pgf/math/pgfmath.sty (/home/chakwong/.TinyTeX/texmf-dist/tex/generic/pgf/math/pgfmath.code.tex)) (/home/chakwong/.TinyTeX/texmf-dist/tex/generic/pgf/utilities/pgffor.code.tex)) (/home/chakwong/.TinyTeX/texmf-dist/tex/generic/pgf/frontendlayer/tikz/tikz.code.tex (/home/chakwong/.TinyTeX/texmf-dist/tex/generic/pgf/libraries/pgflibraryplothandlers.code.tex) (/home/chakwong/.TinyTeX/texmf-dist/tex/generic/pgf/modules/pgfmodulematrix.code.tex) (/home/chakwong/.TinyTeX/texmf-dist/tex/generic/pgf/frontendlayer/tikz/libraries/tikzlibrarytopaths.code.tex))) (/home/chakwong/.TinyTeX/texmf-dist/tex/latex/float/float.sty) (/home/chakwong/.TinyTeX/texmf-dist/tex/generic/pgf/libraries/pgflibraryarrows.meta.code.tex) (/home/chakwong/.TinyTeX/texmf-dist/tex/generic/pgf/frontendlayer/tikz/libraries/tikzlibrarypositioning.code.tex) (/home/chakwong/.TinyTeX/texmf-dist/tex/generic/pgf/frontendlayer/tikz/libraries/tikzlibrarycalc.code.tex) (/home/chakwong/.TinyTeX/texmf-dist/tex/generic/pgf/frontendlayer/tikz/libraries/tikzlibraryshapes.geometric.code.tex (/home/chakwong/.TinyTeX/texmf-dist/tex/generic/pgf/libraries/shapes/pgflibraryshapes.geometric.code.tex)) (/home/chakwong/.TinyTeX/texmf-dist/tex/latex/enumitem/enumitem.sty) (/home/chakwong/.TinyTeX/texmf-dist/tex/latex/listings/listings.sty (/home/chakwong/.TinyTeX/texmf-dist/tex/latex/listings/lstpatch.sty) (/home/chakwong/.TinyTeX/texmf-dist/tex/latex/listings/lstmisc.sty) (/home/chakwong/.TinyTeX/texmf-dist/tex/latex/listings/listings.cfg))
==> First Aid for listings.sty no longer applied!
    Expected:
        2024/09/23 1.10c (Carsten Heinz)
    but found:
        2025/11/14 1.11b (Carsten Heinz)
    so I'm assuming it got fixed.
(/home/chakwong/.TinyTeX/texmf-dist/tex/latex/titlesec/titlesec.sty) (/home/chakwong/.TinyTeX/texmf-dist/tex/latex/natbib/natbib.sty) (/home/chakwong/.TinyTeX/texmf-dist/tex/latex/url/url.sty) (/home/chakwong/.TinyTeX/texmf-dist/tex/latex/hyperref/xr-hyper.sty) (/home/chakwong/.TinyTeX/texmf-dist/tex/latex/hyperref/hyperref.sty (/home/chakwong/.TinyTeX/texmf-dist/tex/latex/kvsetkeys/kvsetkeys.sty) (/home/chakwong/.TinyTeX/texmf-dist/tex/generic/kvdefinekeys/kvdefinekeys.sty) (/home/chakwong/.TinyTeX/texmf-dist/tex/generic/pdfescape/pdfescape.sty (/home/chakwong/.TinyTeX/texmf-dist/tex/generic/ltxcmds/ltxcmds.sty) (/home/chakwong/.TinyTeX/texmf-dist/tex/generic/pdftexcmds/pdftexcmds.sty (/home/chakwong/.TinyTeX/texmf-dist/tex/generic/infwarerr/infwarerr.sty))) (/home/chakwong/.TinyTeX/texmf-dist/tex/latex/hycolor/hycolor.sty) (/home/chakwong/.TinyTeX/texmf-dist/tex/latex/hyperref/nameref.sty (/home/chakwong/.TinyTeX/texmf-dist/tex/latex/refcount/refcount.sty) (/home/chakwong/.TinyTeX/texmf-dist/tex/generic/gettitlestring/gettitlestring.sty (/home/chakwong/.TinyTeX/texmf-dist/tex/latex/kvoptions/kvoptions.sty))) (/home/chakwong/.TinyTeX/texmf-dist/tex/generic/stringenc/stringenc.sty) (/home/chakwong/.TinyTeX/texmf-dist/tex/latex/hyperref/pd1enc.def) (/home/chakwong/.TinyTeX/texmf-dist/tex/generic/intcalc/intcalc.sty) (/home/chakwong/.TinyTeX/texmf-dist/tex/latex/hyperref/puenc.def) (/home/chakwong/.TinyTeX/texmf-dist/tex/generic/bitset/bitset.sty (/home/chakwong/.TinyTeX/texmf-dist/tex/generic/bigintcalc/bigintcalc.sty))) (/home/chakwong/.TinyTeX/texmf-dist/tex/latex/hyperref/hxetex.def (/home/chakwong/.TinyTeX/texmf-dist/tex/latex/rerunfilecheck/rerunfilecheck.sty (/home/chakwong/.TinyTeX/texmf-dist/tex/generic/uniquecounter/uniquecounter.sty))) (./teaching/styles.tex) (./monograph.aux)
*geometry* driver: auto-detecting
*geometry* detected driver: xetex
(/home/chakwong/.TinyTeX/texmf-dist/tex/latex/microtype/mt-Palatino.cfg) (./monograph.out) (./monograph.out) (/home/chakwong/.TinyTeX/texmf-dist/tex/latex/amsfonts/umsa.fd) (/home/chakwong/.TinyTeX/texmf-dist/tex/latex/microtype/mt-msa.cfg) (/home/chakwong/.TinyTeX/texmf-dist/tex/latex/amsfonts/umsb.fd) (/home/chakwong/.TinyTeX/texmf-dist/tex/latex/microtype/mt-msb.cfg) (/home/chakwong/.TinyTeX/texmf-dist/tex/latex/microtype/mt-cmr.cfg) [1] [1] (./frontmatter/process-map.tex [2] [3] [4] [5] [6] [7] [8] [9]) (./monograph.toc [10] [11] [12] [13] [14]) [15] (./chapters/01-problem.tex
Chapter 1.
[1] (./teaching/teach-M01-00.tex) (./teaching/teach-P-01-problem-00.tex) [2]
Underfull \hbox (badness 4416) in paragraph at lines 116--126
[]\TU/TeXGyrePagella(0)/m/n/12 The supplied Hong Kong Securities and Futures Commission (SFC) product-
(./teaching/teach-P-01-problem-01.tex) [3] (./teaching/teach-M01-01.tex [4]) [5] (./teaching/teach-M01-02.tex) [6] (./teaching/teach-P-01-problem-05.tex) [7] (./teaching/teach-M01-03.tex [8]) [9] (./teaching/teach-M01-04.tex) [10] (./teaching/teach-M01-05.tex) [11] (./teaching/teach-M01-06.tex) [12] (./teaching/teach-M01-07.tex)) (./chapters/02-circular.tex [13] [14]
Chapter 2.
(./teaching/gap-spi-financial.tex) [15]
Underfull \hbox (badness 2529) in paragraph at lines 77--86
\TU/TeXGyrePagella(0)/m/n/12 Paragraph 1 combines professional-investor status, the financial criteria, knowl-
[16] (./teaching/teach-P-01-problem-02.tex) [17] (./teaching/gap-spi-consent.tex)
Underfull \hbox (badness 1412) in paragraph at lines 146--154
[]\TU/TeXGyrePagella(0)/m/n/12 The streamlined approach also retains specific information and conduct require-
[18] (./teaching/teach-P-01b-complete-dry-run-01.tex) [19] [20] (./teaching/teach-P-01b-complete-dry-run-02.tex) [21] (./teaching/teach-P-01b-complete-dry-run-03.tex) [22] [23] (./teaching/teach-P-01b-complete-dry-run-04.tex) [24] [25] (./teaching/teach-P-01b-complete-dry-run-05.tex) (./teaching/teach-P-01b-complete-dry-run-06.tex) [26]
Underfull \hbox (badness 1221) in paragraph at lines 537--544
\TU/TeXGyrePagella(0)/m/n/12 retained experiment selected its paragraph-10 gift restriction. The circular as a
(./teaching/teach-M02-00.tex) [27] (./teaching/teach-M02-01.tex) [28] [29] (./teaching/teach-M02-02.tex) [30] [31] (./teaching/teach-M02-03.tex) [32] [33] (./teaching/teach-M02-04.tex) [34] (./teaching/teach-M02-05.tex) [35] (./teaching/teach-M02-06.tex [36]) [37] [38] (./teaching/teach-M02-07.tex) [39] (./teaching/teach-M02-08.tex)) (./chapters/03-proof.tex [40]
Chapter 3.
(./teaching/teach-M03-00.tex) [41] [42] (./teaching/teach-P-03-product-05.tex) [43] (./teaching/teach-M03-01.tex [44]) [45] (./teaching/teach-M03-02.tex) [46] (./teaching/teach-M03-03.tex) [47] (./teaching/teach-P-01a-language-lesson-01.tex) [48] (./teaching/teach-M03-04.tex) [49] (./teaching/teach-P-03-product-03.tex [50]) [51] (./teaching/teach-M03-05.tex) [52] [53] (./teaching/teach-M03-06.tex) [54] (./teaching/teach-M03-07.tex) [55] (./teaching/teach-M03-08.tex) [56] [57] (./teaching/teach-M03-09.tex) [58] (./teaching/teach-P-03-product-06.tex) [59] (./teaching/teach-P-01a-language-lesson-05.tex) [60] (./teaching/teach-M03-10.tex) [61] (./teaching/teach-M03-11.tex) [62] (./teaching/teach-M03-12.tex)) (./chapters/04-languages.tex [63]
Chapter 4.
(./teaching/teach-M04-00.tex) [64]
Underfull \hbox (badness 1152) in paragraph at lines 50--59
\TU/TeXGyrePagella(0)/m/n/12 through time. Recent language-model research attempts to cross the remaining
(./teaching/teach-P-02-literature-01.tex) [65] (./teaching/teach-M04-01.tex) [66] (./teaching/teach-P-02a-foundations-00.tex) [67] [68] (./teaching/teach-M04-02.tex) [69] (./teaching/teach-P-02-literature-02.tex) [70] (./teaching/teach-M04-03.tex) [71] [72] (./teaching/teach-P-01a-language-lesson-02.tex) [73] (./teaching/teach-M04-04.tex) [74] (./teaching/teach-M04-05.tex) [75] [76] (./teaching/teach-P-01a-language-lesson-03.tex) [77] [78] (./teaching/teach-M04-06.tex [79]) [80] (./teaching/teach-M04-07.tex) [81]
Underfull \hbox (badness 1960) in paragraph at lines 852--859
[]\TU/TeXGyrePagella(0)/m/n/12 General verification cannot be promised for every expressive contract language.

Underfull \hbox (badness 1590) in paragraph at lines 852--859
[][]\TU/TeXGyrePagella(0)/m/n/12 Delzanno et al.[][] ([][]2026[][]) establish undecidability results for clause reachability in
[82] (./teaching/teach-P-01a-language-lesson-04.tex) [83] (./teaching/teach-P-02-literature-05.tex) [84] (./teaching/teach-P-02b-contract-evolution-00.tex) [85] (./teaching/teach-M04-08.tex) [86] [87] (./teaching/teach-P-02-literature-04.tex)
Underfull \hbox (badness 3098) in paragraph at lines 1157--1167
\TU/TeXGyrePagella(0)/m/n/12 system interface: declarations establish institutional concepts, events change a

Underfull \hbox (badness 1067) in paragraph at lines 1157--1167
\TU/TeXGyrePagella(0)/m/n/12 sharing/KYC exploration with ABN AMRO and ING, using separate policy and
[88] (./teaching/teach-M04-09.tex [89]) [90] (./teaching/teach-P-02-literature-08.tex) [91] (./teaching/teach-M04-10.tex) [92] (./teaching/gap-nli-evidence.tex [93]) [94] (./teaching/teach-P-02-literature-07.tex) [95] [96] (./teaching/teach-M04-11.tex) [97] (./teaching/teach-M04-12.tex) [98] (./teaching/teach-M04-13.tex) [99] (./teaching/teach-P-02-literature-03.tex) [100] (./teaching/teach-P-02-literature-06.tex) [101] (./chapters/04a-citation-and-coverage.tex [102] [103]) [104] (./teaching/teach-M04-14.tex)) (./chapters/05-search.tex [105]
Chapter 5.
(./teaching/teach-M05-00.tex) [106]
Underfull \hbox (badness 3049) in paragraph at lines 58--64
\TU/TeXGyrePagella(0)/m/n/12 The drafting service should propose clause segments, roles, definitions, cross-
(./teaching/teach-P-03-product-08.tex) [107] (./teaching/teach-M05-01.tex) [108] (./teaching/teach-M05-02.tex) [109] (./teaching/teach-M05-03.tex) [110] [111] (./teaching/teach-M05-04.tex) [112] (./teaching/teach-M05-05.tex) [113] (./teaching/teach-M05-06.tex) [114] (./teaching/teach-M05-07.tex) [115] (./teaching/teach-M05-08.tex) [116] [117] (./teaching/teach-M05-09.tex) [118]) (./chapters/06-ensemble.tex [119]
Chapter 6.
(./teaching/teach-M06-00.tex) [120] (./teaching/teach-M06-01.tex [121]) [122] (./teaching/teach-M06-02.tex) [123] [124] (./teaching/teach-M06-03.tex) (./teaching/teach-M06-04.tex [125]) [126] (./teaching/teach-M06-05.tex) [127] (./teaching/teach-M06-06.tex) [128] (./teaching/teach-M06-07.tex) [129] (./teaching/teach-M06-08.tex) [130] (./teaching/teach-M06-09.tex) [131] (./teaching/teach-M06-10.tex) [132] (./teaching/teach-M06-11.tex) [133] [134] (./teaching/teach-M06-12.tex) [135] (./teaching/teach-M06-13.tex) [136] [137] (./teaching/teach-M06-14.tex) [138] (./teaching/teach-M06-15.tex) [139] [140] (./teaching/teach-M06-16.tex) [141] (./teaching/teach-M06-17.tex) [142] (./teaching/teach-M06-18.tex) [143] (./teaching/teach-M06-19.tex) [144] (./teaching/teach-M06-20.tex) [145] (./teaching/teach-M06-21.tex) [146] (./teaching/teach-M06-22.tex) [147]
Underfull \hbox (badness 1005) in paragraph at lines 1344--1351
\TU/TeXGyrePagella(0)/m/n/12 into reproducible evidence. Its human readability matters because a technically
[148] (./teaching/teach-M06-23.tex) [149] (./teaching/teach-M06-24.tex) [150] (./teaching/teach-M06-25.tex) (./chapters/06a-diverse-assurance.tex [151] [152] [153] [154] [155] [156] [157])) (./chapters/07-verification.tex [158]
Chapter 7.
(./teaching/teach-M07-00.tex) [159] (./teaching/teach-P-03-product-02.tex) [160]
Underfull \hbox (badness 2951) in paragraph at lines 106--115
\TU/DejaVuSansMono(0)/m/n/12 not\TU/TeXGyrePagella(0)/m/n/12 , equality/inclusive/strict comparison, addition, subtraction, rational scaling,
(./teaching/teach-P-03a-rule-contract-00.tex) [161] [162] (./teaching/teach-M07-01.tex) [163] (./teaching/teach-P-03a-rule-contract-01.tex) [164] (./teaching/teach-M07-02.tex) [165] (./teaching/teach-M07-03.tex) [166] (./teaching/teach-P-03a-rule-contract-02.tex) [167] (./teaching/teach-M07-04.tex) [168] (./teaching/teach-M07-05.tex) [169] (./teaching/teach-P-03c-storage-review-01.tex) (./teaching/teach-M07-06.tex) [170] (./teaching/teach-P-04-prototype-05.tex) [171] (./teaching/teach-M07-07.tex) [172]
Underfull \hbox (badness 1466) in paragraph at lines 663--669
[]\TU/TeXGyrePagella(0)/m/n/12 The current comparison fragment supports documented Boolean and exact inte-
(./teaching/teach-M07-08.tex) [173] [174] (./teaching/teach-M07-10.tex) [175] [176] (./teaching/teach-M07-11.tex) [177] (./teaching/teach-P-03-product-04.tex) [178] (./teaching/teach-P-03b-event-contract-00.tex) [179] (./teaching/teach-M07-12.tex) [180] (./teaching/teach-M07-13.tex) [181] (./teaching/teach-P-03d-java-delivery-05.tex)
Underfull \hbox (badness 1062) in paragraph at lines 1118--1125
\TU/TeXGyrePagella(0)/m/n/12 supplies domain-qualified results and replayed witnesses. Differential execution
[182] (./teaching/teach-M07-14.tex)) (./chapters/08-implementation.tex [183]
Chapter 8.
[184] [185]) (./chapters/09-evaluation.tex [186]
Chapter 9.
(./teaching/teach-M09-00.tex) [187] (./teaching/teach-P-04-prototype-00.tex) (./teaching/teach-M09-01.tex) [188] [189] (./teaching/teach-M09-02.tex) [190] (./teaching/teach-M09-03.tex) [191] (./teaching/teach-P-05-evidence-00.tex) [192] [193] (./teaching/teach-M09-04.tex) [194] (./teaching/teach-P-04-prototype-04.tex) [195] (./teaching/gap-evaluation-quality.tex) [196] (./teaching/teach-M09-05.tex [197]) [198] (./teaching/teach-M09-06.tex) [199] (./teaching/teach-M09-07.tex) [200] [201] (./teaching/teach-M09-08.tex) [202] (./teaching/teach-M09-09.tex [203]) [204] (./teaching/teach-M09-10.tex) (./teaching/teach-M09-11.tex [205]) [206] (./teaching/teach-P-04-prototype-06.tex) (./teaching/teach-M09-12.tex) [207]) (./chapters/10-operation.tex [208]
Chapter 10.
(./teaching/teach-M10-00.tex) [209] (./chapters/10a-legal-robustness.tex [210] [211] [212]
Underfull \hbox (badness 1019) in paragraph at lines 145--152
\TU/TeXGyrePagella(0)/m/n/12 provider needs a narrow task interface and cannot inherit approval, network or
) [213] (./teaching/teach-M10-01.tex) [214] (./teaching/teach-P-04-prototype-01.tex) (./teaching/teach-M10-02.tex) [215] (./teaching/teach-M10-03.tex) [216] (./teaching/teach-M10-04.tex) [217] (./teaching/teach-P-01-problem-03.tex) [218] (./teaching/teach-P-03-product-09.tex) [219] (./teaching/teach-M10-05.tex) [220] (./teaching/teach-M10-06.tex) [221] (./teaching/teach-M10-07.tex) [222] (./teaching/teach-P-04-prototype-07.tex) [223] (./teaching/teach-M10-08.tex) [224] (./teaching/teach-M10-09.tex) [225] (./teaching/teach-M10-10.tex) [226] (./teaching/teach-M10-11.tex) [227] (./teaching/teach-M10-12.tex) [228] (./teaching/teach-M10-13.tex) [229] (./teaching/teach-P-02-literature-09.tex) [230] (./teaching/teach-M10-14.tex [231]) (./teaching/teach-M10-15.tex) [232]) [233] (./monograph.bbl [234] [235] [236] [237] [238] [239] [240] [241] [242]) [243] (./monograph.aux) )
(see the transcript file for additional information)
Output written on monograph.xdv (259 pages, 7937540 bytes).
Transcript written on monograph.log.
Latexmk: Getting log file 'monograph.log'
Latexmk: Examining 'monograph.fls'
Latexmk: Examining 'monograph.log'
Latexmk: Found input bbl file 'monograph.bbl'
Latexmk: Log file says output to 'monograph.xdv'
Latexmk: Using bibtex to make bibliography file(s).
  ===Source file 'monograph.bbl' for 'xelatex'
Latexmk: Found bibliography file(s):
  ./references.bib
Latexmk: applying rule 'xdvipdfmx'...
Rule 'xdvipdfmx':  Reasons for rerun
Changed files or newly in use/created:
  monograph.xdv
Category 'changed_source_rules':
  xelatex

------------
Run number 1 of rule 'xdvipdfmx'
------------
------------
Running 'xdvipdfmx -E -o "monograph.pdf"  "monograph.xdv"'
------------
monograph.xdv -> monograph.pdf
[1][2][3][4][5][6][7][8][9][10][11][12][13][14][15][16][17][18][19][20][21][22][23][24][25][26][27][28][29][30][31][32][33][34][35][36][37][38][39][40][41][42][43][44][45][46][47][48][49][50][51][52][53][54][55][56][57][58][59][60][61][62][63][64][65][66][67][68][69][70][71][72][73][74][75][76][77][78][79][80][81][82][83][84][85][86][87][88][89][90][91][92][93][94][95][96][97][98][99][100][101][102][103][104][105][106][107][108][109][110][111][112][113][114][115][116][117][118][119][120][121][122][123][124][125][126][127][128][129][130][131][132][133][134][135][136][137][138][139][140][141][142][143][144][145][146][147][148][149][150][151][152][153][154][155][156][157][158][159][160][161][162][163][164][165][166][167][168][169][170][171][172][173][174][175][176][177][178][179][180][181][182][183][184][185][186][187][188][189][190][191][192][193][194][195][196][197][198][199][200][201][202][203][204][205][206][207][208][209][210][211][212][213][214][215][216][217][218][219][220][221][222][223][224][225][226][227][228][229][230][231][232][233][234][235][236][237][238][239][240][241][242][243][244][245][246][247][248][249][250][251][252][253][254][255][256][257][258][259]
1078348 bytes written
Latexmk: All targets (monograph.xdv monograph.pdf) are up-to-date
Latexmk: Undoing directory change

{
  "status": "PASS",
  "errors": [],
  "citation_documents": 94,
  "citation_occurrences": 225,
  "source_unit_labels_retained": 207
}
Pages: {'monograph': 259, 'technical-companion': 76}
{"route": "document", "status": "PASS", "release_eligible": false}
