{"install_argv": ["/home/chakwong/python/legalmath/.localresources/assurance-tools/venv/bin/python", "-m", "pip", "install", "--requirement", "/home/chakwong/python/legalmath/.localresources/assurance-tools/requirements.lock", "--extra-index-url", "https://download.pytorch.org/whl/cpu"], "cwd": "/home/chakwong/python/legalmath"}
Looking in indexes: https://pypi.org/simple, https://download.pytorch.org/whl/cpu
Requirement already satisfied: accelerate==1.15.0 in ./.localresources/assurance-tools/venv/lib/python3.11/site-packages (from -r /home/chakwong/python/legalmath/.localresources/assurance-tools/requirements.lock (line 1)) (1.15.0)
Requirement already satisfied: agent-client-protocol==0.12.1 in ./.localresources/assurance-tools/venv/lib/python3.11/site-packages (from -r /home/chakwong/python/legalmath/.localresources/assurance-tools/requirements.lock (line 2)) (0.12.1)
Requirement already satisfied: aiobotocore==3.9.1 in ./.localresources/assurance-tools/venv/lib/python3.11/site-packages (from -r /home/chakwong/python/legalmath/.localresources/assurance-tools/requirements.lock (line 3)) (3.9.1)
Requirement already satisfied: aiohappyeyeballs==2.7.1 in ./.localresources/assurance-tools/venv/lib/python3.11/site-packages (from -r /home/chakwong/python/legalmath/.localresources/assurance-tools/requirements.lock (line 4)) (2.7.1)
Requirement already satisfied: aiohttp==3.14.3 in ./.localresources/assurance-tools/venv/lib/python3.11/site-packages (from -r /home/chakwong/python/legalmath/.localresources/assurance-tools/requirements.lock (line 5)) (3.14.3)
Requirement already satisfied: aioitertools==0.13.0 in ./.localresources/assurance-tools/venv/lib/python3.11/site-packages (from -r /home/chakwong/python/legalmath/.localresources/assurance-tools/requirements.lock (line 6)) (0.13.0)
Requirement already satisfied: aiosignal==1.4.0 in ./.localresources/assurance-tools/venv/lib/python3.11/site-packages (from -r /home/chakwong/python/legalmath/.localresources/assurance-tools/requirements.lock (line 7)) (1.4.0)
Requirement already satisfied: annotated-doc==0.0.5 in ./.localresources/assurance-tools/venv/lib/python3.11/site-packages (from -r /home/chakwong/python/legalmath/.localresources/assurance-tools/requirements.lock (line 8)) (0.0.5)
Requirement already satisfied: annotated-types==0.8.0 in ./.localresources/assurance-tools/venv/lib/python3.11/site-packages (from -r /home/chakwong/python/legalmath/.localresources/assurance-tools/requirements.lock (line 9)) (0.8.0)
Requirement already satisfied: antlr4-python3-runtime==4.9.3 in ./.localresources/assurance-tools/venv/lib/python3.11/site-packages (from -r /home/chakwong/python/legalmath/.localresources/assurance-tools/requirements.lock (line 10)) (4.9.3)
Requirement already satisfied: anyio==4.15.1 in ./.localresources/assurance-tools/venv/lib/python3.11/site-packages (from -r /home/chakwong/python/legalmath/.localresources/assurance-tools/requirements.lock (line 11)) (4.15.1)
Requirement already satisfied: attrs==26.1.0 in ./.localresources/assurance-tools/venv/lib/python3.11/site-packages (from -r /home/chakwong/python/legalmath/.localresources/assurance-tools/requirements.lock (line 12)) (26.1.0)
Requirement already satisfied: beautifulsoup4==4.15.0 in ./.localresources/assurance-tools/venv/lib/python3.11/site-packages (from -r /home/chakwong/python/legalmath/.localresources/assurance-tools/requirements.lock (line 13)) (4.15.0)
Requirement already satisfied: boto3==1.43.75 in ./.localresources/assurance-tools/venv/lib/python3.11/site-packages (from -r /home/chakwong/python/legalmath/.localresources/assurance-tools/requirements.lock (line 14)) (1.43.75)
Requirement already satisfied: botocore==1.43.75 in ./.localresources/assurance-tools/venv/lib/python3.11/site-packages (from -r /home/chakwong/python/legalmath/.localresources/assurance-tools/requirements.lock (line 15)) (1.43.75)
Requirement already satisfied: certifi==2026.7.22 in ./.localresources/assurance-tools/venv/lib/python3.11/site-packages (from -r /home/chakwong/python/legalmath/.localresources/assurance-tools/requirements.lock (line 16)) (2026.7.22)
Requirement already satisfied: cffi==2.1.1 in ./.localresources/assurance-tools/venv/lib/python3.11/site-packages (from -r /home/chakwong/python/legalmath/.localresources/assurance-tools/requirements.lock (line 17)) (2.1.1)
Requirement already satisfied: charset-normalizer==3.5.1 in ./.localresources/assurance-tools/venv/lib/python3.11/site-packages (from -r /home/chakwong/python/legalmath/.localresources/assurance-tools/requirements.lock (line 18)) (3.5.1)
Requirement already satisfied: click==8.5.0 in ./.localresources/assurance-tools/venv/lib/python3.11/site-packages (from -r /home/chakwong/python/legalmath/.localresources/assurance-tools/requirements.lock (line 19)) (8.5.0)
Requirement already satisfied: clingo==5.8.2 in ./.localresources/assurance-tools/venv/lib/python3.11/site-packages (from -r /home/chakwong/python/legalmath/.localresources/assurance-tools/requirements.lock (line 20)) (5.8.2)
Requirement already satisfied: colorlog==6.12.0 in ./.localresources/assurance-tools/venv/lib/python3.11/site-packages (from -r /home/chakwong/python/legalmath/.localresources/assurance-tools/requirements.lock (line 21)) (6.12.0)
Requirement already satisfied: cryptography==50.0.1 in ./.localresources/assurance-tools/venv/lib/python3.11/site-packages (from -r /home/chakwong/python/legalmath/.localresources/assurance-tools/requirements.lock (line 22)) (50.0.1)
Requirement already satisfied: cvc5==1.4.0 in ./.localresources/assurance-tools/venv/lib/python3.11/site-packages (from -r /home/chakwong/python/legalmath/.localresources/assurance-tools/requirements.lock (line 23)) (1.4.0)
Requirement already satisfied: debugpy==1.8.22 in ./.localresources/assurance-tools/venv/lib/python3.11/site-packages (from -r /home/chakwong/python/legalmath/.localresources/assurance-tools/requirements.lock (line 24)) (1.8.22)
Requirement already satisfied: defusedxml==0.7.1 in ./.localresources/assurance-tools/venv/lib/python3.11/site-packages (from -r /home/chakwong/python/legalmath/.localresources/assurance-tools/requirements.lock (line 25)) (0.7.1)
Requirement already satisfied: dill==0.4.1 in ./.localresources/assurance-tools/venv/lib/python3.11/site-packages (from -r /home/chakwong/python/legalmath/.localresources/assurance-tools/requirements.lock (line 26)) (0.4.1)
Requirement already satisfied: doclang==0.7.3 in ./.localresources/assurance-tools/venv/lib/python3.11/site-packages (from -r /home/chakwong/python/legalmath/.localresources/assurance-tools/requirements.lock (line 27)) (0.7.3)
Requirement already satisfied: docling==2.130.0 in ./.localresources/assurance-tools/venv/lib/python3.11/site-packages (from -r /home/chakwong/python/legalmath/.localresources/assurance-tools/requirements.lock (line 28)) (2.130.0)
Requirement already satisfied: docling-core==2.98.0 in ./.localresources/assurance-tools/venv/lib/python3.11/site-packages (from -r /home/chakwong/python/legalmath/.localresources/assurance-tools/requirements.lock (line 29)) (2.98.0)
Requirement already satisfied: docling-ibm-models==4.0.3 in ./.localresources/assurance-tools/venv/lib/python3.11/site-packages (from -r /home/chakwong/python/legalmath/.localresources/assurance-tools/requirements.lock (line 30)) (4.0.3)
Requirement already satisfied: docling-parse==7.21.0 in ./.localresources/assurance-tools/venv/lib/python3.11/site-packages (from -r /home/chakwong/python/legalmath/.localresources/assurance-tools/requirements.lock (line 31)) (7.21.0)
Requirement already satisfied: docling-slim==2.130.0 in ./.localresources/assurance-tools/venv/lib/python3.11/site-packages (from -r /home/chakwong/python/legalmath/.localresources/assurance-tools/requirements.lock (line 32)) (2.130.0)
Requirement already satisfied: docstring_parser==0.18.0 in ./.localresources/assurance-tools/venv/lib/python3.11/site-packages (from -r /home/chakwong/python/legalmath/.localresources/assurance-tools/requirements.lock (line 33)) (0.18.0)
Requirement already satisfied: et_xmlfile==2.0.0 in ./.localresources/assurance-tools/venv/lib/python3.11/site-packages (from -r /home/chakwong/python/legalmath/.localresources/assurance-tools/requirements.lock (line 34)) (2.0.0)
Requirement already satisfied: Faker==40.39.0 in ./.localresources/assurance-tools/venv/lib/python3.11/site-packages (from -r /home/chakwong/python/legalmath/.localresources/assurance-tools/requirements.lock (line 35)) (40.39.0)
Requirement already satisfied: fastapi==0.141.1 in ./.localresources/assurance-tools/venv/lib/python3.11/site-packages (from -r /home/chakwong/python/legalmath/.localresources/assurance-tools/requirements.lock (line 36)) (0.141.1)
Requirement already satisfied: filelock==3.32.3 in ./.localresources/assurance-tools/venv/lib/python3.11/site-packages (from -r /home/chakwong/python/legalmath/.localresources/assurance-tools/requirements.lock (line 37)) (3.32.3)
Requirement already satisfied: filetype==1.2.0 in ./.localresources/assurance-tools/venv/lib/python3.11/site-packages (from -r /home/chakwong/python/legalmath/.localresources/assurance-tools/requirements.lock (line 38)) (1.2.0)
Requirement already satisfied: frozenlist==1.8.0 in ./.localresources/assurance-tools/venv/lib/python3.11/site-packages (from -r /home/chakwong/python/legalmath/.localresources/assurance-tools/requirements.lock (line 39)) (1.8.0)
Requirement already satisfied: fsspec==2026.6.0 in ./.localresources/assurance-tools/venv/lib/python3.11/site-packages (from -r /home/chakwong/python/legalmath/.localresources/assurance-tools/requirements.lock (line 40)) (2026.6.0)
Requirement already satisfied: h11==0.16.0 in ./.localresources/assurance-tools/venv/lib/python3.11/site-packages (from -r /home/chakwong/python/legalmath/.localresources/assurance-tools/requirements.lock (line 41)) (0.16.0)
Requirement already satisfied: hf-xet==1.6.0 in ./.localresources/assurance-tools/venv/lib/python3.11/site-packages (from -r /home/chakwong/python/legalmath/.localresources/assurance-tools/requirements.lock (line 42)) (1.6.0)
Requirement already satisfied: httpcore==1.0.9 in ./.localresources/assurance-tools/venv/lib/python3.11/site-packages (from -r /home/chakwong/python/legalmath/.localresources/assurance-tools/requirements.lock (line 43)) (1.0.9)
Requirement already satisfied: httpx==0.28.1 in ./.localresources/assurance-tools/venv/lib/python3.11/site-packages (from -r /home/chakwong/python/legalmath/.localresources/assurance-tools/requirements.lock (line 44)) (0.28.1)
Requirement already satisfied: huggingface_hub==1.33.0 in ./.localresources/assurance-tools/venv/lib/python3.11/site-packages (from -r /home/chakwong/python/legalmath/.localresources/assurance-tools/requirements.lock (line 45)) (1.33.0)
Requirement already satisfied: idna==3.20 in ./.localresources/assurance-tools/venv/lib/python3.11/site-packages (from -r /home/chakwong/python/legalmath/.localresources/assurance-tools/requirements.lock (line 46)) (3.20)
Requirement already satisfied: ijson==3.5.1 in ./.localresources/assurance-tools/venv/lib/python3.11/site-packages (from -r /home/chakwong/python/legalmath/.localresources/assurance-tools/requirements.lock (line 47)) (3.5.1)
Requirement already satisfied: inspect_ai==0.3.268 in ./.localresources/assurance-tools/venv/lib/python3.11/site-packages (from -r /home/chakwong/python/legalmath/.localresources/assurance-tools/requirements.lock (line 48)) (0.3.268)
Requirement already satisfied: Jinja2==3.1.6 in ./.localresources/assurance-tools/venv/lib/python3.11/site-packages (from -r /home/chakwong/python/legalmath/.localresources/assurance-tools/requirements.lock (line 49)) (3.1.6)
Requirement already satisfied: jmespath==1.1.0 in ./.localresources/assurance-tools/venv/lib/python3.11/site-packages (from -r /home/chakwong/python/legalmath/.localresources/assurance-tools/requirements.lock (line 50)) (1.1.0)
Requirement already satisfied: jsonlines==4.0.0 in ./.localresources/assurance-tools/venv/lib/python3.11/site-packages (from -r /home/chakwong/python/legalmath/.localresources/assurance-tools/requirements.lock (line 51)) (4.0.0)
Requirement already satisfied: jsonpatch==1.33 in ./.localresources/assurance-tools/venv/lib/python3.11/site-packages (from -r /home/chakwong/python/legalmath/.localresources/assurance-tools/requirements.lock (line 52)) (1.33)
Requirement already satisfied: jsonpath-ng==1.8.0 in ./.localresources/assurance-tools/venv/lib/python3.11/site-packages (from -r /home/chakwong/python/legalmath/.localresources/assurance-tools/requirements.lock (line 53)) (1.8.0)
Requirement already satisfied: jsonpointer==3.1.1 in ./.localresources/assurance-tools/venv/lib/python3.11/site-packages (from -r /home/chakwong/python/legalmath/.localresources/assurance-tools/requirements.lock (line 54)) (3.1.1)
Requirement already satisfied: jsonref==1.1.0 in ./.localresources/assurance-tools/venv/lib/python3.11/site-packages (from -r /home/chakwong/python/legalmath/.localresources/assurance-tools/requirements.lock (line 55)) (1.1.0)
Requirement already satisfied: jsonschema==4.26.0 in ./.localresources/assurance-tools/venv/lib/python3.11/site-packages (from -r /home/chakwong/python/legalmath/.localresources/assurance-tools/requirements.lock (line 56)) (4.26.0)
Requirement already satisfied: jsonschema-specifications==2025.9.1 in ./.localresources/assurance-tools/venv/lib/python3.11/site-packages (from -r /home/chakwong/python/legalmath/.localresources/assurance-tools/requirements.lock (line 57)) (2025.9.1)
Requirement already satisfied: langcodes==3.5.1 in ./.localresources/assurance-tools/venv/lib/python3.11/site-packages (from -r /home/chakwong/python/legalmath/.localresources/assurance-tools/requirements.lock (line 58)) (3.5.1)
Requirement already satisfied: latex2mathml==3.81.1 in ./.localresources/assurance-tools/venv/lib/python3.11/site-packages (from -r /home/chakwong/python/legalmath/.localresources/assurance-tools/requirements.lock (line 59)) (3.81.1)
Requirement already satisfied: linkify-it-py==2.2.0 in ./.localresources/assurance-tools/venv/lib/python3.11/site-packages (from -r /home/chakwong/python/legalmath/.localresources/assurance-tools/requirements.lock (line 60)) (2.2.0)
Requirement already satisfied: lxml==6.1.3 in ./.localresources/assurance-tools/venv/lib/python3.11/site-packages (from -r /home/chakwong/python/legalmath/.localresources/assurance-tools/requirements.lock (line 61)) (6.1.3)
Requirement already satisfied: mail-parser==4.6.5 in ./.localresources/assurance-tools/venv/lib/python3.11/site-packages (from -r /home/chakwong/python/legalmath/.localresources/assurance-tools/requirements.lock (line 62)) (4.6.5)
Requirement already satisfied: markdown-it-py==4.2.0 in ./.localresources/assurance-tools/venv/lib/python3.11/site-packages (from -r /home/chakwong/python/legalmath/.localresources/assurance-tools/requirements.lock (line 63)) (4.2.0)
Requirement already satisfied: marko==2.2.4 in ./.localresources/assurance-tools/venv/lib/python3.11/site-packages (from -r /home/chakwong/python/legalmath/.localresources/assurance-tools/requirements.lock (line 64)) (2.2.4)
Requirement already satisfied: MarkupSafe==3.0.3 in ./.localresources/assurance-tools/venv/lib/python3.11/site-packages (from -r /home/chakwong/python/legalmath/.localresources/assurance-tools/requirements.lock (line 65)) (3.0.3)
Requirement already satisfied: mdit-py-plugins==0.6.1 in ./.localresources/assurance-tools/venv/lib/python3.11/site-packages (from -r /home/chakwong/python/legalmath/.localresources/assurance-tools/requirements.lock (line 66)) (0.6.1)
Requirement already satisfied: mdurl==0.1.2 in ./.localresources/assurance-tools/venv/lib/python3.11/site-packages (from -r /home/chakwong/python/legalmath/.localresources/assurance-tools/requirements.lock (line 67)) (0.1.2)
Requirement already satisfied: mmh3==5.3.0 in ./.localresources/assurance-tools/venv/lib/python3.11/site-packages (from -r /home/chakwong/python/legalmath/.localresources/assurance-tools/requirements.lock (line 68)) (5.3.0)
Requirement already satisfied: mpire==2.10.2 in ./.localresources/assurance-tools/venv/lib/python3.11/site-packages (from -r /home/chakwong/python/legalmath/.localresources/assurance-tools/requirements.lock (line 69)) (2.10.2)
Requirement already satisfied: mpmath==1.3.0 in ./.localresources/assurance-tools/venv/lib/python3.11/site-packages (from -r /home/chakwong/python/legalmath/.localresources/assurance-tools/requirements.lock (line 70)) (1.3.0)
Requirement already satisfied: multidict==6.9.1 in ./.localresources/assurance-tools/venv/lib/python3.11/site-packages (from -r /home/chakwong/python/legalmath/.localresources/assurance-tools/requirements.lock (line 71)) (6.9.1)
Requirement already satisfied: multiprocess==0.70.19 in ./.localresources/assurance-tools/venv/lib/python3.11/site-packages (from -r /home/chakwong/python/legalmath/.localresources/assurance-tools/requirements.lock (line 72)) (0.70.19)
Requirement already satisfied: nest-asyncio2==1.7.3 in ./.localresources/assurance-tools/venv/lib/python3.11/site-packages (from -r /home/chakwong/python/legalmath/.localresources/assurance-tools/requirements.lock (line 73)) (1.7.3)
Requirement already satisfied: networkx==3.6.1 in ./.localresources/assurance-tools/venv/lib/python3.11/site-packages (from -r /home/chakwong/python/legalmath/.localresources/assurance-tools/requirements.lock (line 74)) (3.6.1)
Requirement already satisfied: numpy==2.4.6 in ./.localresources/assurance-tools/venv/lib/python3.11/site-packages (from -r /home/chakwong/python/legalmath/.localresources/assurance-tools/requirements.lock (line 75)) (2.4.6)
Requirement already satisfied: olefile==0.47 in ./.localresources/assurance-tools/venv/lib/python3.11/site-packages (from -r /home/chakwong/python/legalmath/.localresources/assurance-tools/requirements.lock (line 76)) (0.47)
Requirement already satisfied: omegaconf==2.3.1 in ./.localresources/assurance-tools/venv/lib/python3.11/site-packages (from -r /home/chakwong/python/legalmath/.localresources/assurance-tools/requirements.lock (line 77)) (2.3.1)
Requirement already satisfied: opencv-python==5.0.0.93 in ./.localresources/assurance-tools/venv/lib/python3.11/site-packages (from -r /home/chakwong/python/legalmath/.localresources/assurance-tools/requirements.lock (line 78)) (5.0.0.93)
Requirement already satisfied: openpyxl==3.1.5 in ./.localresources/assurance-tools/venv/lib/python3.11/site-packages (from -r /home/chakwong/python/legalmath/.localresources/assurance-tools/requirements.lock (line 79)) (3.1.5)
Requirement already satisfied: packaging==26.3 in ./.localresources/assurance-tools/venv/lib/python3.11/site-packages (from -r /home/chakwong/python/legalmath/.localresources/assurance-tools/requirements.lock (line 80)) (26.3)
Requirement already satisfied: pandas==3.0.6 in ./.localresources/assurance-tools/venv/lib/python3.11/site-packages (from -r /home/chakwong/python/legalmath/.localresources/assurance-tools/requirements.lock (line 81)) (3.0.6)
Requirement already satisfied: pathlib_abc==0.5.2 in ./.localresources/assurance-tools/venv/lib/python3.11/site-packages (from -r /home/chakwong/python/legalmath/.localresources/assurance-tools/requirements.lock (line 82)) (0.5.2)
Requirement already satisfied: pdfminer.six==20260107 in ./.localresources/assurance-tools/venv/lib/python3.11/site-packages (from -r /home/chakwong/python/legalmath/.localresources/assurance-tools/requirements.lock (line 83)) (20260107)
Requirement already satisfied: pdfplumber==0.11.10 in ./.localresources/assurance-tools/venv/lib/python3.11/site-packages (from -r /home/chakwong/python/legalmath/.localresources/assurance-tools/requirements.lock (line 84)) (0.11.10)
Requirement already satisfied: pillow==12.3.0 in ./.localresources/assurance-tools/venv/lib/python3.11/site-packages (from -r /home/chakwong/python/legalmath/.localresources/assurance-tools/requirements.lock (line 85)) (12.3.0)
Requirement already satisfied: platformdirs==4.11.12 in ./.localresources/assurance-tools/venv/lib/python3.11/site-packages (from -r /home/chakwong/python/legalmath/.localresources/assurance-tools/requirements.lock (line 86)) (4.11.12)
Requirement already satisfied: pluggy==1.6.0 in ./.localresources/assurance-tools/venv/lib/python3.11/site-packages (from -r /home/chakwong/python/legalmath/.localresources/assurance-tools/requirements.lock (line 87)) (1.6.0)
Requirement already satisfied: polyfactory==3.3.0 in ./.localresources/assurance-tools/venv/lib/python3.11/site-packages (from -r /home/chakwong/python/legalmath/.localresources/assurance-tools/requirements.lock (line 88)) (3.3.0)
Requirement already satisfied: propcache==0.5.4 in ./.localresources/assurance-tools/venv/lib/python3.11/site-packages (from -r /home/chakwong/python/legalmath/.localresources/assurance-tools/requirements.lock (line 89)) (0.5.4)
Requirement already satisfied: psutil==7.2.2 in ./.localresources/assurance-tools/venv/lib/python3.11/site-packages (from -r /home/chakwong/python/legalmath/.localresources/assurance-tools/requirements.lock (line 90)) (7.2.2)
Requirement already satisfied: pyclipper==1.4.0 in ./.localresources/assurance-tools/venv/lib/python3.11/site-packages (from -r /home/chakwong/python/legalmath/.localresources/assurance-tools/requirements.lock (line 91)) (1.4.0)
Requirement already satisfied: pycparser==3.0 in ./.localresources/assurance-tools/venv/lib/python3.11/site-packages (from -r /home/chakwong/python/legalmath/.localresources/assurance-tools/requirements.lock (line 92)) (3.0)
Requirement already satisfied: pydantic==2.13.5 in ./.localresources/assurance-tools/venv/lib/python3.11/site-packages (from -r /home/chakwong/python/legalmath/.localresources/assurance-tools/requirements.lock (line 93)) (2.13.5)
Requirement already satisfied: pydantic-settings==2.15.0 in ./.localresources/assurance-tools/venv/lib/python3.11/site-packages (from -r /home/chakwong/python/legalmath/.localresources/assurance-tools/requirements.lock (line 94)) (2.15.0)
Requirement already satisfied: pydantic_core==2.46.5 in ./.localresources/assurance-tools/venv/lib/python3.11/site-packages (from -r /home/chakwong/python/legalmath/.localresources/assurance-tools/requirements.lock (line 95)) (2.46.5)
Requirement already satisfied: Pygments==2.21.0 in ./.localresources/assurance-tools/venv/lib/python3.11/site-packages (from -r /home/chakwong/python/legalmath/.localresources/assurance-tools/requirements.lock (line 96)) (2.21.0)
Requirement already satisfied: pylatexenc==2.11 in ./.localresources/assurance-tools/venv/lib/python3.11/site-packages (from -r /home/chakwong/python/legalmath/.localresources/assurance-tools/requirements.lock (line 97)) (2.11)
Requirement already satisfied: pypdf==6.8.0 in ./.localresources/assurance-tools/venv/lib/python3.11/site-packages (from -r /home/chakwong/python/legalmath/.localresources/assurance-tools/requirements.lock (line 98)) (6.8.0)
Requirement already satisfied: pypdfium2==5.13.0 in ./.localresources/assurance-tools/venv/lib/python3.11/site-packages (from -r /home/chakwong/python/legalmath/.localresources/assurance-tools/requirements.lock (line 99)) (5.13.0)
Requirement already satisfied: pytesseract==0.3.13 in ./.localresources/assurance-tools/venv/lib/python3.11/site-packages (from -r /home/chakwong/python/legalmath/.localresources/assurance-tools/requirements.lock (line 100)) (0.3.13)
Requirement already satisfied: python-dateutil==2.9.0.post0 in ./.localresources/assurance-tools/venv/lib/python3.11/site-packages (from -r /home/chakwong/python/legalmath/.localresources/assurance-tools/requirements.lock (line 101)) (2.9.0.post0)
Requirement already satisfied: python-docx==1.2.0 in ./.localresources/assurance-tools/venv/lib/python3.11/site-packages (from -r /home/chakwong/python/legalmath/.localresources/assurance-tools/requirements.lock (line 102)) (1.2.0)
Requirement already satisfied: python-dotenv==1.2.3 in ./.localresources/assurance-tools/venv/lib/python3.11/site-packages (from -r /home/chakwong/python/legalmath/.localresources/assurance-tools/requirements.lock (line 103)) (1.2.3)
Requirement already satisfied: python-oxmsg==0.0.2 in ./.localresources/assurance-tools/venv/lib/python3.11/site-packages (from -r /home/chakwong/python/legalmath/.localresources/assurance-tools/requirements.lock (line 104)) (0.0.2)
Requirement already satisfied: python-pptx==1.0.2 in ./.localresources/assurance-tools/venv/lib/python3.11/site-packages (from -r /home/chakwong/python/legalmath/.localresources/assurance-tools/requirements.lock (line 105)) (1.0.2)
Requirement already satisfied: PyYAML==6.0.3 in ./.localresources/assurance-tools/venv/lib/python3.11/site-packages (from -r /home/chakwong/python/legalmath/.localresources/assurance-tools/requirements.lock (line 106)) (6.0.3)
Requirement already satisfied: rapidocr==3.9.2 in ./.localresources/assurance-tools/venv/lib/python3.11/site-packages (from -r /home/chakwong/python/legalmath/.localresources/assurance-tools/requirements.lock (line 107)) (3.9.2)
Requirement already satisfied: referencing==0.37.0 in ./.localresources/assurance-tools/venv/lib/python3.11/site-packages (from -r /home/chakwong/python/legalmath/.localresources/assurance-tools/requirements.lock (line 108)) (0.37.0)
Requirement already satisfied: regex==2026.9.10 in ./.localresources/assurance-tools/venv/lib/python3.11/site-packages (from -r /home/chakwong/python/legalmath/.localresources/assurance-tools/requirements.lock (line 109)) (2026.9.10)
Requirement already satisfied: reportlab==4.5.1 in ./.localresources/assurance-tools/venv/lib/python3.11/site-packages (from -r /home/chakwong/python/legalmath/.localresources/assurance-tools/requirements.lock (line 110)) (4.5.1)
Requirement already satisfied: requests==2.34.2 in ./.localresources/assurance-tools/venv/lib/python3.11/site-packages (from -r /home/chakwong/python/legalmath/.localresources/assurance-tools/requirements.lock (line 111)) (2.34.2)
Requirement already satisfied: rich==15.0.0 in ./.localresources/assurance-tools/venv/lib/python3.11/site-packages (from -r /home/chakwong/python/legalmath/.localresources/assurance-tools/requirements.lock (line 112)) (15.0.0)
Requirement already satisfied: rpds-py==2026.6.3 in ./.localresources/assurance-tools/venv/lib/python3.11/site-packages (from -r /home/chakwong/python/legalmath/.localresources/assurance-tools/requirements.lock (line 113)) (2026.6.3)
Requirement already satisfied: rtree==1.4.1 in ./.localresources/assurance-tools/venv/lib/python3.11/site-packages (from -r /home/chakwong/python/legalmath/.localresources/assurance-tools/requirements.lock (line 114)) (1.4.1)
Requirement already satisfied: s3fs==2026.6.0 in ./.localresources/assurance-tools/venv/lib/python3.11/site-packages (from -r /home/chakwong/python/legalmath/.localresources/assurance-tools/requirements.lock (line 115)) (2026.6.0)
Requirement already satisfied: s3transfer==0.19.2 in ./.localresources/assurance-tools/venv/lib/python3.11/site-packages (from -r /home/chakwong/python/legalmath/.localresources/assurance-tools/requirements.lock (line 116)) (0.19.2)
Requirement already satisfied: safetensors==0.8.0 in ./.localresources/assurance-tools/venv/lib/python3.11/site-packages (from -r /home/chakwong/python/legalmath/.localresources/assurance-tools/requirements.lock (line 117)) (0.8.0)
Requirement already satisfied: scipy==1.17.1 in ./.localresources/assurance-tools/venv/lib/python3.11/site-packages (from -r /home/chakwong/python/legalmath/.localresources/assurance-tools/requirements.lock (line 118)) (1.17.1)
Requirement already satisfied: semchunk==3.2.5 in ./.localresources/assurance-tools/venv/lib/python3.11/site-packages (from -r /home/chakwong/python/legalmath/.localresources/assurance-tools/requirements.lock (line 119)) (3.2.5)
Requirement already satisfied: semver==3.1.0 in ./.localresources/assurance-tools/venv/lib/python3.11/site-packages (from -r /home/chakwong/python/legalmath/.localresources/assurance-tools/requirements.lock (line 120)) (3.1.0)
Requirement already satisfied: shapely==2.1.2 in ./.localresources/assurance-tools/venv/lib/python3.11/site-packages (from -r /home/chakwong/python/legalmath/.localresources/assurance-tools/requirements.lock (line 121)) (2.1.2)
Requirement already satisfied: shellingham==1.5.4 in ./.localresources/assurance-tools/venv/lib/python3.11/site-packages (from -r /home/chakwong/python/legalmath/.localresources/assurance-tools/requirements.lock (line 122)) (1.5.4)
Requirement already satisfied: shortuuid==1.0.13 in ./.localresources/assurance-tools/venv/lib/python3.11/site-packages (from -r /home/chakwong/python/legalmath/.localresources/assurance-tools/requirements.lock (line 123)) (1.0.13)
Requirement already satisfied: six==1.17.0 in ./.localresources/assurance-tools/venv/lib/python3.11/site-packages (from -r /home/chakwong/python/legalmath/.localresources/assurance-tools/requirements.lock (line 124)) (1.17.0)
Requirement already satisfied: sniffio==1.3.1 in ./.localresources/assurance-tools/venv/lib/python3.11/site-packages (from -r /home/chakwong/python/legalmath/.localresources/assurance-tools/requirements.lock (line 125)) (1.3.1)
Requirement already satisfied: soupsieve==2.10 in ./.localresources/assurance-tools/venv/lib/python3.11/site-packages (from -r /home/chakwong/python/legalmath/.localresources/assurance-tools/requirements.lock (line 126)) (2.10)
Requirement already satisfied: starlette==1.7.0 in ./.localresources/assurance-tools/venv/lib/python3.11/site-packages (from -r /home/chakwong/python/legalmath/.localresources/assurance-tools/requirements.lock (line 127)) (1.7.0)
Requirement already satisfied: sympy==1.14.0 in ./.localresources/assurance-tools/venv/lib/python3.11/site-packages (from -r /home/chakwong/python/legalmath/.localresources/assurance-tools/requirements.lock (line 128)) (1.14.0)
Requirement already satisfied: tabulate==0.10.0 in ./.localresources/assurance-tools/venv/lib/python3.11/site-packages (from -r /home/chakwong/python/legalmath/.localresources/assurance-tools/requirements.lock (line 129)) (0.10.0)
Requirement already satisfied: tenacity==9.1.4 in ./.localresources/assurance-tools/venv/lib/python3.11/site-packages (from -r /home/chakwong/python/legalmath/.localresources/assurance-tools/requirements.lock (line 130)) (9.1.4)
Requirement already satisfied: textual==8.2.8 in ./.localresources/assurance-tools/venv/lib/python3.11/site-packages (from -r /home/chakwong/python/legalmath/.localresources/assurance-tools/requirements.lock (line 131)) (8.2.8)
Requirement already satisfied: tiktoken==0.14.0 in ./.localresources/assurance-tools/venv/lib/python3.11/site-packages (from -r /home/chakwong/python/legalmath/.localresources/assurance-tools/requirements.lock (line 132)) (0.14.0)
Requirement already satisfied: tokenizers==0.23.2 in ./.localresources/assurance-tools/venv/lib/python3.11/site-packages (from -r /home/chakwong/python/legalmath/.localresources/assurance-tools/requirements.lock (line 133)) (0.23.2)
Requirement already satisfied: torch==2.8.0+cpu in ./.localresources/assurance-tools/venv/lib/python3.11/site-packages (from -r /home/chakwong/python/legalmath/.localresources/assurance-tools/requirements.lock (line 134)) (2.8.0+cpu)
Requirement already satisfied: torchvision==0.23.0+cpu in ./.localresources/assurance-tools/venv/lib/python3.11/site-packages (from -r /home/chakwong/python/legalmath/.localresources/assurance-tools/requirements.lock (line 135)) (0.23.0+cpu)
Requirement already satisfied: tqdm==4.70.1 in ./.localresources/assurance-tools/venv/lib/python3.11/site-packages (from -r /home/chakwong/python/legalmath/.localresources/assurance-tools/requirements.lock (line 136)) (4.70.1)
Requirement already satisfied: transformers==5.17.0 in ./.localresources/assurance-tools/venv/lib/python3.11/site-packages (from -r /home/chakwong/python/legalmath/.localresources/assurance-tools/requirements.lock (line 137)) (5.17.0)
Requirement already satisfied: tree-sitter==0.26.0 in ./.localresources/assurance-tools/venv/lib/python3.11/site-packages (from -r /home/chakwong/python/legalmath/.localresources/assurance-tools/requirements.lock (line 138)) (0.26.0)
Requirement already satisfied: tree-sitter-c==0.24.2 in ./.localresources/assurance-tools/venv/lib/python3.11/site-packages (from -r /home/chakwong/python/legalmath/.localresources/assurance-tools/requirements.lock (line 139)) (0.24.2)
Requirement already satisfied: tree-sitter-javascript==0.25.0 in ./.localresources/assurance-tools/venv/lib/python3.11/site-packages (from -r /home/chakwong/python/legalmath/.localresources/assurance-tools/requirements.lock (line 140)) (0.25.0)
Requirement already satisfied: tree-sitter-python==0.25.0 in ./.localresources/assurance-tools/venv/lib/python3.11/site-packages (from -r /home/chakwong/python/legalmath/.localresources/assurance-tools/requirements.lock (line 141)) (0.25.0)
Requirement already satisfied: tree-sitter-typescript==0.23.2 in ./.localresources/assurance-tools/venv/lib/python3.11/site-packages (from -r /home/chakwong/python/legalmath/.localresources/assurance-tools/requirements.lock (line 142)) (0.23.2)
Requirement already satisfied: typer==0.26.8 in ./.localresources/assurance-tools/venv/lib/python3.11/site-packages (from -r /home/chakwong/python/legalmath/.localresources/assurance-tools/requirements.lock (line 143)) (0.26.8)
Requirement already satisfied: typing-inspection==0.4.4 in ./.localresources/assurance-tools/venv/lib/python3.11/site-packages (from -r /home/chakwong/python/legalmath/.localresources/assurance-tools/requirements.lock (line 144)) (0.4.4)
Requirement already satisfied: typing_extensions==4.16.0 in ./.localresources/assurance-tools/venv/lib/python3.11/site-packages (from -r /home/chakwong/python/legalmath/.localresources/assurance-tools/requirements.lock (line 145)) (4.16.0)
Requirement already satisfied: universal_pathlib==0.3.10 in ./.localresources/assurance-tools/venv/lib/python3.11/site-packages (from -r /home/chakwong/python/legalmath/.localresources/assurance-tools/requirements.lock (line 146)) (0.3.10)
Requirement already satisfied: urllib3==2.8.0 in ./.localresources/assurance-tools/venv/lib/python3.11/site-packages (from -r /home/chakwong/python/legalmath/.localresources/assurance-tools/requirements.lock (line 147)) (2.8.0)
Requirement already satisfied: uvicorn==0.53.0 in ./.localresources/assurance-tools/venv/lib/python3.11/site-packages (from -r /home/chakwong/python/legalmath/.localresources/assurance-tools/requirements.lock (line 148)) (0.53.0)
Requirement already satisfied: websockets==16.1.1 in ./.localresources/assurance-tools/venv/lib/python3.11/site-packages (from -r /home/chakwong/python/legalmath/.localresources/assurance-tools/requirements.lock (line 149)) (16.1.1)
Requirement already satisfied: wrapt==2.4.1 in ./.localresources/assurance-tools/venv/lib/python3.11/site-packages (from -r /home/chakwong/python/legalmath/.localresources/assurance-tools/requirements.lock (line 150)) (2.4.1)
Requirement already satisfied: xlsxwriter==3.2.9 in ./.localresources/assurance-tools/venv/lib/python3.11/site-packages (from -r /home/chakwong/python/legalmath/.localresources/assurance-tools/requirements.lock (line 151)) (3.2.9)
Requirement already satisfied: yarl==1.25.1 in ./.localresources/assurance-tools/venv/lib/python3.11/site-packages (from -r /home/chakwong/python/legalmath/.localresources/assurance-tools/requirements.lock (line 152)) (1.25.1)
Requirement already satisfied: z3-solver==4.16.0.0 in ./.localresources/assurance-tools/venv/lib/python3.11/site-packages (from -r /home/chakwong/python/legalmath/.localresources/assurance-tools/requirements.lock (line 153)) (4.16.0.0)
Requirement already satisfied: zipfile-zstd==0.0.4 in ./.localresources/assurance-tools/venv/lib/python3.11/site-packages (from -r /home/chakwong/python/legalmath/.localresources/assurance-tools/requirements.lock (line 154)) (0.0.4)
Requirement already satisfied: zipp==4.1.0 in ./.localresources/assurance-tools/venv/lib/python3.11/site-packages (from -r /home/chakwong/python/legalmath/.localresources/assurance-tools/requirements.lock (line 155)) (4.1.0)
Requirement already satisfied: zstandard==0.25.0 in ./.localresources/assurance-tools/venv/lib/python3.11/site-packages (from -r /home/chakwong/python/legalmath/.localresources/assurance-tools/requirements.lock (line 156)) (0.25.0)
{"install_argv": ["/home/chakwong/python/legalmath/.localresources/assurance-tools/venv/bin/python", "-m", "pip", "check"], "cwd": "/home/chakwong/python/legalmath"}
No broken requirements found.
{"install_argv": ["apt-get", "download", "tesseract-ocr", "tesseract-ocr-eng", "tesseract-ocr-osd", "libtesseract4", "liblept5"], "cwd": "/home/chakwong/python/legalmath/.localresources/assurance-tools/debs"}
Get:1 http://archive.ubuntu.com/ubuntu jammy/universe amd64 liblept5 amd64 1.82.0-3build1 [1107 kB]
Get:2 http://archive.ubuntu.com/ubuntu jammy/universe amd64 libtesseract4 amd64 4.1.1-2.1build1 [1308 kB]
Get:3 http://archive.ubuntu.com/ubuntu jammy/universe amd64 tesseract-ocr amd64 4.1.1-2.1build1 [236 kB]
Get:4 http://archive.ubuntu.com/ubuntu jammy/universe amd64 tesseract-ocr-eng all 1:4.00~git30-7274cfa-1.1 [1591 kB]
Get:5 http://archive.ubuntu.com/ubuntu jammy/universe amd64 tesseract-ocr-osd all 1:4.00~git30-7274cfa-1.1 [2990 kB]
Fetched 7231 kB in 16s (462 kB/s)
{"install_argv": ["dpkg-deb", "--extract", "/home/chakwong/python/legalmath/.localresources/assurance-tools/debs/liblept5_1.82.0-3build1_amd64.deb", "/home/chakwong/python/legalmath/.localresources/assurance-tools/ocr"], "cwd": "/home/chakwong/python/legalmath"}
{"install_argv": ["dpkg-deb", "--extract", "/home/chakwong/python/legalmath/.localresources/assurance-tools/debs/libtesseract4_4.1.1-2.1build1_amd64.deb", "/home/chakwong/python/legalmath/.localresources/assurance-tools/ocr"], "cwd": "/home/chakwong/python/legalmath"}
{"install_argv": ["dpkg-deb", "--extract", "/home/chakwong/python/legalmath/.localresources/assurance-tools/debs/tesseract-ocr-eng_1%3a4.00~git30-7274cfa-1.1_all.deb", "/home/chakwong/python/legalmath/.localresources/assurance-tools/ocr"], "cwd": "/home/chakwong/python/legalmath"}
{"install_argv": ["dpkg-deb", "--extract", "/home/chakwong/python/legalmath/.localresources/assurance-tools/debs/tesseract-ocr-osd_1%3a4.00~git30-7274cfa-1.1_all.deb", "/home/chakwong/python/legalmath/.localresources/assurance-tools/ocr"], "cwd": "/home/chakwong/python/legalmath"}
{"install_argv": ["dpkg-deb", "--extract", "/home/chakwong/python/legalmath/.localresources/assurance-tools/debs/tesseract-ocr_4.1.1-2.1build1_amd64.deb", "/home/chakwong/python/legalmath/.localresources/assurance-tools/ocr"], "cwd": "/home/chakwong/python/legalmath"}
Download https://repo.maven.apache.org/maven2/org/pitest/pitest/1.20.3/pitest-1.20.3.jar
Download https://repo.maven.apache.org/maven2/org/pitest/pitest-entry/1.20.3/pitest-entry-1.20.3.jar
Download https://repo.maven.apache.org/maven2/org/pitest/pitest-command-line/1.20.3/pitest-command-line-1.20.3.jar
Download https://repo.maven.apache.org/maven2/junit/junit/4.13.2/junit-4.13.2.jar
Download https://repo.maven.apache.org/maven2/org/hamcrest/hamcrest-core/1.3/hamcrest-core-1.3.jar
