
  _____    __  ___   __     __________  ___    __ 
  \_   \/\ \ \/ __\ /__\ __/__   \_   \/___\/\ \ \
   / /\/  \/ / /   /_\| '_ \ / /\// /\//  //  \/ /
/\/ /_/ /\  / /___//__| |_) / //\/ /_/ \_// /\  / 
\____/\_\ \/\____/\__/| .__/\/ \____/\___/\_\ \/  
                      |_|                         
38.0 (2025-09-16 08:00:15, build 694dbc8e)

2026-10-07 18:55:46 INFO [SYSTEM] boot - Settings: /home/chakwong/python/legalmath/.worktrees/bond-gap-closure/.localresources/prospectus-inception/probe-001/settings.properties (file exists)
2026-10-07 18:55:46 DEBUG [SYSTEM] ApplicationServletEnvironment - Activating profile 'auth-mode-builtin'
2026-10-07 18:55:46 INFO [SYSTEM] boot - Authentication: database
2026-10-07 18:55:46 INFO [SYSTEM] boot - Max. application memory: 2048MB
2026-10-07 18:55:46 INFO [SYSTEM] INCEpTION - Starting INCEpTION using Java 17.0.20.1 with PID 440449 (/home/chakwong/python/legalmath/.worktrees/bond-gap-closure/.localresources/prospectus-inception/inception-app-webapp-38.0-standalone.jar started by chakwong in /home/chakwong/python/legalmath/.worktrees/bond-gap-closure/.localresources/prospectus-inception/probe-001)
2026-10-07 18:55:46 INFO [SYSTEM] INCEpTION - The following 4 profiles are active: "embedded-server", "app", "production", "auth-mode-builtin"
2026-10-07 18:55:46 DEBUG [SYSTEM] SpringApplication - Loading source class de.tudarmstadt.ukp.inception.INCEpTION
2026-10-07 18:55:46 DEBUG [SYSTEM] AnnotationConfigServletWebServerApplicationContext - Refreshing org.springframework.boot.web.servlet.context.AnnotationConfigServletWebServerApplicationContext@19569ebd
2026-10-07 18:55:49 DEBUG [SYSTEM] AutoConfigurationPackages - @EnableAutoConfiguration was declared on a class in the package 'de.tudarmstadt.ukp.inception,de.tudarmstadt.ukp.clarin.webanno'. Automatic @Repository and @Entity scanning is enabled.
2026-10-07 18:55:50 INFO [SYSTEM] TomcatWebServer - Tomcat initialized with port 41687 (http)
2026-10-07 18:55:50 DEBUG [SYSTEM] ServletWebServerApplicationContext - Published root WebApplicationContext as ServletContext attribute with name [org.springframework.web.context.WebApplicationContext.ROOT]
2026-10-07 18:55:50 INFO [SYSTEM] ServletWebServerApplicationContext - Root WebApplicationContext: initialization completed in 4255 ms
2026-10-07 18:55:51 INFO [SYSTEM] boot - Initializing curation sidebar
2026-10-07 18:55:51 INFO [SYSTEM] boot - Initializing cas storage service
2026-10-07 18:55:51 DEBUG [SYSTEM] ServletContextInitializerBeans - Mapping filters: webMvcObservationFilter urls=[/*] order=-2147483647, springSecurityFilterChain urls=[/*] order=-100, opensessioninview urls=[/*] order=0, logging urls=[/*] order=0, coep urls=[/*] order=0, openCasStorageSessionForRequestFilter urls=[/*] order=0, wicket-filter urls=[/*] order=2147483647, characterEncodingFilter urls=[/*] order=-2147483648, formContentFilter urls=[/*] order=-9900, requestContextFilter urls=[/*] order=-105
2026-10-07 18:55:51 DEBUG [SYSTEM] ServletContextInitializerBeans - Mapping servlets: dispatcherServlet urls=[/]
2026-10-07 18:55:51 DEBUG [SYSTEM] OrderedRequestContextFilter - Filter 'requestContextFilter' configured for use
2026-10-07 18:55:51 DEBUG [SYSTEM] ServerHttpObservationFilter - Filter 'webMvcObservationFilter' configured for use
2026-10-07 18:55:51 DEBUG [SYSTEM] OrderedCharacterEncodingFilter - Filter 'characterEncodingFilter' configured for use
2026-10-07 18:55:51 DEBUG [SYSTEM] DelegatingFilterProxyRegistrationBean$1 - Filter 'springSecurityFilterChain' configured for use
2026-10-07 18:55:51 DEBUG [SYSTEM] OrderedFormContentFilter - Filter 'formContentFilter' configured for use
2026-10-07 18:55:51 INFO [SYSTEM] TomcatWebServer - Tomcat started on port 41687 (http) with context path '/'
2026-10-07 18:55:54 WARN [SYSTEM] JdbcExecutor - no data
2026-10-07 18:55:54 WARN [SYSTEM] JdbcExecutor - no data
2026-10-07 18:55:54 WARN [SYSTEM] JdbcExecutor - no data
2026-10-07 18:55:54 WARN [SYSTEM] JdbcExecutor - no data
2026-10-07 18:55:54 WARN [SYSTEM] JdbcExecutor - no data
2026-10-07 18:55:54 WARN [SYSTEM] PreconditionContainer - Executing de/tudarmstadt/ukp/clarin/webanno/model/db-changelog.xml::20181101-1::WebAnno Team despite precondition failure due to onFail='WARN':\n      1 preconditions failed\n     db/changelog/db.changelog-master.xml : Changeset 'db/changelog/db.changelog-master.xml::1512223050574-3::WebAnno Team' has not been run\n
2026-10-07 18:55:54 WARN [SYSTEM] JdbcExecutor - no data
2026-10-07 18:55:54 WARN [SYSTEM] JdbcExecutor - no data
2026-10-07 18:55:54 WARN [SYSTEM] JdbcExecutor - no data
2026-10-07 18:55:54 WARN [SYSTEM] JdbcExecutor - no data
2026-10-07 18:55:54 WARN [SYSTEM] JdbcExecutor - no data
2026-10-07 18:55:54 WARN [SYSTEM] JdbcExecutor - no data
2026-10-07 18:55:54 WARN [SYSTEM] PreconditionContainer - Executing de/tudarmstadt/ukp/clarin/webanno/model/db-changelog.xml::20210109-1::WebAnno Team despite precondition failure due to onFail='WARN':\n      1 preconditions failed\n     db/changelog/db.changelog-master.xml : Changeset 'db/changelog/db.changelog-master.xml::1512223050574-2::WebAnno Team' has not been run\n
2026-10-07 18:55:54 WARN [SYSTEM] PreconditionContainer - Executing de/tudarmstadt/ukp/clarin/webanno/model/db-changelog.xml::20210112-1::WebAnno Team despite precondition failure due to onFail='WARN':\n      1 preconditions failed\n     db/changelog/db.changelog-master.xml : Changeset 'db/changelog/db.changelog-master.xml::1512223050574-3::WebAnno Team' has not been run\n
2026-10-07 18:55:54 WARN [SYSTEM] PreconditionContainer - Executing de/tudarmstadt/ukp/clarin/webanno/model/db-changelog.xml::20210218-1::INCEpTION Team despite precondition failure due to onFail='WARN':\n      1 preconditions failed\n     db/changelog/db.changelog-master.xml : Changeset 'db/changelog/db.changelog-master.xml::1512223050574-11::WebAnno Team' has not been run\n
2026-10-07 18:55:54 WARN [SYSTEM] PreconditionContainer - Executing de/tudarmstadt/ukp/clarin/webanno/model/db-changelog.xml::20210716-01::INCEpTION Team despite precondition failure due to onFail='WARN':\n      1 preconditions failed\n     db/changelog/db.changelog-master.xml : Changeset 'db/changelog/db.changelog-master.xml::1512223050574-11::WebAnno Team' has not been run\n
2026-10-07 18:55:54 WARN [SYSTEM] JdbcExecutor - no data
2026-10-07 18:55:54 WARN [SYSTEM] JdbcExecutor - no data
2026-10-07 18:55:54 WARN [SYSTEM] JdbcExecutor - no data
2026-10-07 18:55:54 WARN [SYSTEM] JdbcExecutor - no data
2026-10-07 18:55:54 WARN [SYSTEM] JdbcExecutor - no data
2026-10-07 18:55:54 WARN [SYSTEM] JdbcExecutor - no data
2026-10-07 18:55:54 WARN [SYSTEM] JdbcExecutor - no data
2026-10-07 18:55:54 WARN [SYSTEM] PreconditionContainer - Executing de/tudarmstadt/ukp/inception/sharing/model/db-changelog.xml::20210409-1::INCEpTION Team despite precondition failure due to onFail='WARN':\n      1 preconditions failed\n     db/changelog/db.changelog-master.xml : Changeset 'db/changelog/db.changelog-master.xml::20210128-1::INCEpTION Team' has not been run\n
2026-10-07 18:55:54 WARN [SYSTEM] PreconditionContainer - Executing de/tudarmstadt/ukp/inception/sharing/model/db-changelog.xml::20210416-1::INCEpTION Team despite precondition failure due to onFail='WARN':\n      1 preconditions failed\n     db/changelog/db.changelog-master.xml : Changeset 'db/changelog/db.changelog-master.xml::20210409-1::INCEpTION Team' has not been run\n
2026-10-07 18:55:54 WARN [SYSTEM] PreconditionContainer - Executing de/tudarmstadt/ukp/inception/sharing/model/db-changelog.xml::20210427-1::INCEpTION Team despite precondition failure due to onFail='WARN':\n      1 preconditions failed\n     db/changelog/db.changelog-master.xml : Changeset 'db/changelog/db.changelog-master.xml::20210416-1::INCEpTION Team' has not been run\n
2026-10-07 18:55:54 WARN [SYSTEM] PreconditionContainer - Executing de/tudarmstadt/ukp/inception/sharing/model/db-changelog.xml::20210427-2::INCEpTION Team despite precondition failure due to onFail='WARN':\n      1 preconditions failed\n     db/changelog/db.changelog-master.xml : Changeset 'db/changelog/db.changelog-master.xml::20210427-1::INCEpTION Team' has not been run\n
2026-10-07 18:55:54 WARN [SYSTEM] JdbcExecutor - no data
2026-10-07 18:55:54 WARN [SYSTEM] JdbcExecutor - no data
2026-10-07 18:55:54 WARN [SYSTEM] JdbcExecutor - no data
2026-10-07 18:55:54 WARN [SYSTEM] JdbcExecutor - no data
2026-10-07 18:55:57 INFO [SYSTEM] boot - Initializing websocket
2026-10-07 18:55:57 INFO [SYSTEM] boot - Initializing security
2026-10-07 18:55:57 INFO [SYSTEM] boot - Initializing document service
2026-10-07 18:55:57 INFO [SYSTEM] boot - CAS backups enabled - interval: 86400sec  max-backups: 2  max-age: 0sec
2026-10-07 18:55:57 INFO [SYSTEM] boot - Initializing cas doctor
2026-10-07 18:55:57 INFO [SYSTEM] boot - Initializing annotation schema service
2026-10-07 18:55:58 INFO [SYSTEM] boot - CAS cache size: 1500 instances
2026-10-07 18:55:58 INFO [SYSTEM] boot - Initializing document import export service
2026-10-07 18:55:58 INFO [SYSTEM] boot - Initializing uima formats
2026-10-07 18:55:58 INFO [SYSTEM] boot - Initializing project service
2026-10-07 18:55:58 INFO [SYSTEM] boot - Document repository path: /home/chakwong/python/legalmath/.worktrees/bond-gap-closure/.localresources/prospectus-inception/probe-001/repository
2026-10-07 18:55:58 INFO [SYSTEM] boot - Initializing annotation
2026-10-07 18:55:58 INFO [SYSTEM] boot - Initializing constraints service
2026-10-07 18:55:58 INFO [SYSTEM] boot - Initializing scheduling service
2026-10-07 18:55:58 INFO [SYSTEM] boot - Initializing event logging
2026-10-07 18:55:58 INFO [SYSTEM] boot - Initializing curation document service
2026-10-07 18:55:58 INFO [SYSTEM] boot - Initializing annotation ui
2026-10-07 18:55:58 INFO [SYSTEM] boot - Initializing curation ui
2026-10-07 18:55:58 INFO [SYSTEM] boot - Initializing legacy curation ui
2026-10-07 18:55:58 INFO [SYSTEM] boot - Initializing workload management
2026-10-07 18:55:58 INFO [SYSTEM] boot - Initializing recommender service
2026-10-07 18:55:58 INFO [SYSTEM] boot - Initializing guidelines service
2026-10-07 18:55:58 INFO [SYSTEM] boot - Initializing project export service
2026-10-07 18:55:58 INFO [SYSTEM] boot - Initializing annotation editor
2026-10-07 18:55:58 INFO [SYSTEM] boot - Initializing external editor
2026-10-07 18:55:58 INFO [SYSTEM] boot - Initializing tool library
2026-10-07 18:55:58 INFO [SYSTEM] boot - Initializing pub med services
2026-10-07 18:55:58 INFO [SYSTEM] boot - Database URL     : [jdbc:hsqldb:file:/home/chakwong/python/legalmath/.worktrees/bond-gap-closure/.localresources/prospectus-inception/probe-001/db/inception;hsqldb.default_table_type=cached;hsqldb.tx=mvcc] 
2026-10-07 18:55:58 INFO [SYSTEM] boot - Database username: [sa] 
2026-10-07 18:55:58 INFO [SYSTEM] boot - Database driver  : [HSQL Database Engine Driver  2.7.4] (auto-detected)
2026-10-07 18:55:58 INFO [SYSTEM] boot - Database dialect : [de.tudarmstadt.ukp.inception.support.db.InceptionHSQLDialect] 
2026-10-07 18:55:58 INFO [SYSTEM] boot - Initializing universal dependencies project initializers
2026-10-07 18:55:58 DEBUG [SYSTEM] WebSocketHandlerMapping - Patterns [/ws] in 'stompWebSocketHandlerMapping'
2026-10-07 18:55:58 DEBUG [SYSTEM] WebSocketAnnotationMethodMessageHandler - \n	d.t.u.i.d.s.DiamWebsocketController:\n	{[SUBSCRIBE],[/project/{project}/document/{document}/user/{user}/from/{from}/to/{to}/format/{format}]}: onSubscribeToAnnotationDocument(SimpMessageHeaderAccessor,Principal,long,long,String,int,int,String)
2026-10-07 18:55:58 DEBUG [SYSTEM] WebSocketAnnotationMethodMessageHandler - \n	d.t.u.i.u.s.c.SchedulerControllerImpl:\n	
2026-10-07 18:55:58 DEBUG [SYSTEM] WebSocketAnnotationMethodMessageHandler - \n	d.t.u.i.u.s.c.SchedulerWebsocketControllerImpl:\n	{[SUBSCRIBE],[/scheduler/user]}: onSubscribeToUserTaskUpdates(Principal)\n	{[SUBSCRIBE],[/scheduler/project/{project}]}: onSubscribeToProjectTaskUpdates(SimpMessageHeaderAccessor,Principal,long)
2026-10-07 18:55:58 DEBUG [SYSTEM] WebSocketAnnotationMethodMessageHandler - \n	d.t.u.i.u.c.d.a.ActivitiesDashletControllerImpl:\n	
2026-10-07 18:55:58 DEBUG [SYSTEM] WebSocketAnnotationMethodMessageHandler - \n	d.t.u.i.r.f.RecommendationEventWebsocketControllerImpl:\n	
2026-10-07 18:55:58 DEBUG [SYSTEM] WebSocketAnnotationMethodMessageHandler - \n	d.t.u.i.p.e.c.ExportServiceControllerImpl:\n	{[SUBSCRIBE],[/p/{projectId}/exports]}: getCurrentExportStates(long)\n	{[MESSAGE],[/export/{runId}/cancel]}: cancelDownload(String)
2026-10-07 18:55:58 DEBUG [SYSTEM] WebSocketAnnotationMethodMessageHandler - \n	d.t.u.i.e.x.XHtmlXmlDocumentViewControllerImpl:\n	
2026-10-07 18:55:58 DEBUG [SYSTEM] WebSocketAnnotationMethodMessageHandler - \n	d.t.u.i.e.x.XmlDocumentViewControllerImpl:\n	
2026-10-07 18:55:58 DEBUG [SYSTEM] WebSocketAnnotationMethodMessageHandler - \n	d.t.u.c.w.w.r.a.AeroProjectController:\n	
2026-10-07 18:55:58 DEBUG [SYSTEM] WebSocketAnnotationMethodMessageHandler - \n	d.t.u.i.r.n.PermissionController:\n	
2026-10-07 18:55:58 DEBUG [SYSTEM] WebSocketAnnotationMethodMessageHandler - \n	d.t.u.c.w.w.r.a.AeroDocumentController:\n	
2026-10-07 18:55:58 DEBUG [SYSTEM] WebSocketAnnotationMethodMessageHandler - \n	d.t.u.i.r.n.AnnotationController:\n	
2026-10-07 18:55:58 DEBUG [SYSTEM] WebSocketAnnotationMethodMessageHandler - \n	d.t.u.c.w.w.r.a.AeroAnnotationController:\n	
2026-10-07 18:55:58 DEBUG [SYSTEM] WebSocketAnnotationMethodMessageHandler - \n	d.t.u.c.w.w.r.a.AeroCurationController:\n	
2026-10-07 18:55:58 DEBUG [SYSTEM] WebSocketAnnotationMethodMessageHandler - \n	d.t.u.c.w.w.r.l.LegacyRemoteApiController:\n	
2026-10-07 18:55:58 DEBUG [SYSTEM] WebSocketAnnotationMethodMessageHandler - \n	d.t.u.c.w.w.r.a.AeroKnowledgeBaseController:\n	
2026-10-07 18:55:58 DEBUG [SYSTEM] WebSocketAnnotationMethodMessageHandler - \n	d.t.u.i.r.n.UserController:\n	
2026-10-07 18:55:58 DEBUG [SYSTEM] WebSocketAnnotationMethodMessageHandler - \n	o.s.w.a.MultipleOpenApiWebMvcResource:\n	
2026-10-07 18:55:58 DEBUG [SYSTEM] WebSocketAnnotationMethodMessageHandler - \n	o.s.w.a.OpenApiWebMvcResource:\n	
2026-10-07 18:55:58 DEBUG [SYSTEM] WebSocketAnnotationMethodMessageHandler - \n	o.s.w.u.SwaggerWelcomeWebMvc:\n	
2026-10-07 18:55:58 DEBUG [SYSTEM] WebSocketAnnotationMethodMessageHandler - \n	o.s.w.u.SwaggerConfigResource:\n	
2026-10-07 18:55:59 DEBUG [SYSTEM] RequestMappingHandlerMapping - 53 mappings in 'requestMappingHandlerMapping'
2026-10-07 18:55:59 DEBUG [SYSTEM] SimpleUrlHandlerMapping - Patterns [/webjars/**, /**, /ui/view/pdfeditor2/**, /resources/pdfanno/**, /swagger-ui*/*swagger-initializer.js, /swagger-ui*/**] in 'resourceHandlerMapping'
2026-10-07 18:55:59 DEBUG [SYSTEM] RequestMappingHandlerAdapter - ControllerAdvice beans: 0 @ModelAttribute, 0 @InitBinder, 1 RequestBodyAdvice, 1 ResponseBodyAdvice
2026-10-07 18:55:59 DEBUG [SYSTEM] ExceptionHandlerExceptionResolver - ControllerAdvice beans: 1 @ExceptionHandler, 1 ResponseBodyAdvice
2026-10-07 18:55:59 INFO [SYSTEM] boot - Initializing agreement
2026-10-07 18:55:59 INFO [SYSTEM] boot - Initializing cas diff
2026-10-07 18:55:59 INFO [SYSTEM] boot - Initializing brat annotation editor
2026-10-07 18:55:59 INFO [SYSTEM] boot - Initializing conll formats
2026-10-07 18:55:59 INFO [SYSTEM] boot - Initializing project initializers
2026-10-07 18:55:59 INFO [SYSTEM] boot - Initializing inception security
2026-10-07 18:55:59 INFO [SYSTEM] EndpointLinksResolver - Exposing 1 endpoint beneath base path '/actuator'
2026-10-07 18:55:59 INFO [SYSTEM] boot - Initializing inception security remote api
2026-10-07 18:55:59 INFO [SYSTEM] boot - Initializing inception security web ui built in
2026-10-07 18:55:59 INFO [SYSTEM] boot - Initializing inception security web ui pre authenticated
2026-10-07 18:55:59 WARN [SYSTEM] InitializeUserDetailsBeanManagerConfigurer$InitializeUserDetailsManagerConfigurer - Global AuthenticationManager configured with an AuthenticationProvider bean. UserDetailsService beans will not be used by Spring Security for automatically configuring username/password login. Consider removing the AuthenticationProvider bean. Alternatively, consider using the UserDetailsService in a manually instantiated DaoAuthenticationProvider. If the current configuration is intentional, to turn off this warning, increase the logging level of 'org.springframework.security.config.annotation.authentication.configuration.InitializeUserDetailsBeanManagerConfigurer' to ERROR
2026-10-07 18:55:59 INFO [SYSTEM] boot - Initializing inception security actuator
2026-10-07 18:55:59 INFO [SYSTEM] boot - Initializing inception security web ui api
2026-10-07 18:56:00 INFO [SYSTEM] boot - Initializing tcf formats
2026-10-07 18:56:00 INFO [SYSTEM] boot - Initializing text formats
2026-10-07 18:56:00 INFO [SYSTEM] boot - Initializing web anno formats
2026-10-07 18:56:00 INFO [SYSTEM] boot - Initializing undo
2026-10-07 18:56:00 INFO [SYSTEM] boot - Initializing project ui
2026-10-07 18:56:00 INFO [SYSTEM] boot - Initializing tag sets ui
2026-10-07 18:56:00 INFO [SYSTEM] boot - Initializing remote api
2026-10-07 18:56:00 INFO [SYSTEM] boot - Initializing knowledge base service
2026-10-07 18:56:00 WARN [SYSTEM] AnnotationConfigServletWebServerApplicationContext - Exception encountered during context initialization - cancelling refresh attempt: org.springframework.beans.factory.UnsatisfiedDependencyException: Error creating bean with name 'aeroKnowledgeBaseController': Unsatisfied dependency expressed through field 'knowledgeBaseService': Error creating bean with name 'knowledgeBaseService' defined in class path resource [de/tudarmstadt/ukp/inception/kb/config/KnowledgeBaseServiceAutoConfiguration.class]: Failed to instantiate [de.tudarmstadt.ukp.inception.kb.KnowledgeBaseService]: Factory method 'knowledgeBaseService' threw exception with message: null
2026-10-07 18:56:00 INFO [SYSTEM] SchedulingServiceImpl - Shutting down scheduling service!
