[
  {
    "phase": "P0",
    "artifact_ready": true,
    "engineering": "PARTIAL",
    "evidence": "PENDING_INDEPENDENT_REVIEW",
    "remaining": [
      "Assign independent reviewers and freeze unexposed groups",
      "Adjudicate question/instrument overlap after preserving all context-to-span and form-to-edition links"
    ],
    "execution": "EXECUTED",
    "release": "NOT_ACCEPTED",
    "directory": "docs/implementation/prospectus-repair-2026-10-06/phases/P0/attempt-009"
  },
  {
    "phase": "P1",
    "artifact_ready": true,
    "engineering": "PARTIAL",
    "evidence": "PENDING_INDEPENDENT_REVIEW",
    "remaining": [
      "Review German margin reading order; source dates now recovered from supplement p1 and annual report p296",
      "Admit reviewed row/column order for seven retained documents; OCR raw geometry and corrected transcriptions retained separately"
    ],
    "execution": "EXECUTED",
    "release": "NOT_ACCEPTED",
    "directory": "docs/implementation/prospectus-repair-2026-10-06/phases/P1/attempt-009"
  },
  {
    "phase": "P2",
    "artifact_ready": true,
    "engineering": "PARTIAL",
    "evidence": "PENDING_INDEPENDENT_REVIEW",
    "remaining": [
      "Resolve every retained bracket and marginal instruction",
      "Review continuous text and clause renumbering",
      "Resolve incorporated agreements and conflicting annual ranges",
      "Construct remaining Deutsche/BES and G13\u2013G17 agreements"
    ],
    "execution": "EXECUTED",
    "release": "NOT_ACCEPTED",
    "directory": "docs/implementation/prospectus-repair-2026-10-06/phases/P2/attempt-008"
  },
  {
    "phase": "P3",
    "execution": "FAILED",
    "engineering": "REPAIR_REQUIRED",
    "evidence": "PENDING",
    "artifact_ready": false,
    "remaining": [
      "Engineering checks failed; see tests.log"
    ],
    "directory": "docs/implementation/prospectus-repair-2026-10-06/phases/P3/attempt-007"
  },
  {
    "phase": "P4",
    "execution": "DEPENDENCY_NOT_CURRENT"
  },
  {
    "phase": "P5",
    "execution": "DEPENDENCY_NOT_CURRENT"
  },
  {
    "phase": "P6",
    "execution": "DEPENDENCY_NOT_CURRENT"
  },
  {
    "phase": "P7",
    "execution": "DEPENDENCY_NOT_CURRENT"
  },
  {
    "phase": "P8",
    "execution": "DEPENDENCY_NOT_CURRENT"
  }
]
