Built technical-companion.pdf
Built monograph.pdf
Built technical-companion.pdf
Built monograph.pdf
{
  "status": "PASS",
  "errors": [],
  "citation_documents": 94,
  "citation_occurrences": 225,
  "source_unit_labels_retained": 207
}
Pages: {'monograph': 261, 'technical-companion': 76}
Exported process-guide.pdf: 7 pages
{"status": "PASSED", "pdf_pages": 261, "cited_entries": 87, "paper_editions": 50, "errors": []}
{
  "status": "PASS",
  "errors": [],
  "documents": 81,
  "occurrences": 211,
  "limits": "Validates recorded judgments and exact text/page identity, not independent source entailment or legal authority."
}
[
  {
    "id": "common-error-example",
    "status": "equivalent",
    "expected_difference": false
  },
  {
    "id": "marginal-error",
    "status": "equivalent",
    "expected_difference": false
  },
  {
    "id": "fair-independent-comparator",
    "status": "equivalent",
    "expected_difference": false
  },
  {
    "id": "old-comparator-is-different",
    "status": "mismatch",
    "expected_difference": true
  },
  {
    "id": "equicorrelation-variance",
    "status": "equivalent",
    "expected_difference": false
  },
  {
    "id": "cost-equality",
    "status": "equivalent",
    "expected_difference": false
  },
  {
    "id": "cost-example",
    "status": "equivalent",
    "expected_difference": false
  },
  {
    "id": "ternary-domain-size",
    "status": "equivalent",
    "expected_difference": false
  },
  {
    "id": "exact-scale-example",
    "status": "equivalent",
    "expected_difference": false
  },
  {
    "id": "exposure-race",
    "status": "equivalent",
    "expected_difference": false
  },
  {
    "id": "wealth-example",
    "status": "equivalent",
    "expected_difference": false
  },
  {
    "id": "ownership-example",
    "status": "equivalent",
    "expected_difference": false
  },
  {
    "id": "asset-conservation",
    "status": "equivalent",
    "expected_difference": false
  },
  {
    "id": "escrow-conservation",
    "status": "equivalent",
    "expected_difference": false
  },
  {
    "id": "uniform-entropy",
    "status": "equivalent",
    "expected_difference": false
  },
  {
    "id": "binomial-log-inversion",
    "status": "equivalent",
    "expected_difference": false
  },
  {
    "id": "MonographLogic",
    "status": "verified",
    "expected_difference": false
  }
]
{"route": "document", "status": "PASS", "release_eligible": false}
