Rc files read (in order):
  NONE
Latexmk: This is Latexmk, John Collins, 9 March 2026. Version 4.88.
Latexmk: Changing directory to 'docs/monograph/'
Latexmk: applying rule 'xelatex'...
Rule 'xelatex':  Reasons for rerun
Changed files or newly in use/created:
  chapters/05-search.tex
  chapters/06-ensemble.tex
Category 'changed_user':
  chapters/05-search.tex
  chapters/06-ensemble.tex

------------
Run number 1 of rule 'xelatex'
------------
------------
Running 'xelatex -no-pdf -interaction=nonstopmode -halt-on-error -recorder  "monograph.tex"'
------------
This is XeTeX, Version 3.141592653-2.6-0.999998 (TeX Live 2026) (preloaded format=xelatex)
 restricted \write18 enabled.
entering extended mode
(./monograph.tex
LaTeX2e <2025-11-01>
L3 programming layer <2026-03-20>
(/home/chakwong/.TinyTeX/texmf-dist/tex/latex/base/book.cls
Document Class: book 2025/01/22 v1.4n Standard LaTeX document class
(/home/chakwong/.TinyTeX/texmf-dist/tex/latex/base/bk12.clo)) (/home/chakwong/.TinyTeX/texmf-dist/tex/latex/geometry/geometry.sty (/home/chakwong/.TinyTeX/texmf-dist/tex/latex/graphics/keyval.sty) (/home/chakwong/.TinyTeX/texmf-dist/tex/generic/iftex/ifvtex.sty (/home/chakwong/.TinyTeX/texmf-dist/tex/generic/iftex/iftex.sty))) (/home/chakwong/.TinyTeX/texmf-dist/tex/latex/fontspec/fontspec.sty (/home/chakwong/.TinyTeX/texmf-dist/tex/latex/l3packages/xparse/xparse.sty (/home/chakwong/.TinyTeX/texmf-dist/tex/latex/l3kernel/expl3.sty (/home/chakwong/.TinyTeX/texmf-dist/tex/latex/l3backend/l3backend-xetex.def))) (/home/chakwong/.TinyTeX/texmf-dist/tex/latex/fontspec/fontspec-xetex.sty (/home/chakwong/.TinyTeX/texmf-dist/tex/latex/base/fontenc.sty) (/home/chakwong/.TinyTeX/texmf-dist/tex/latex/fontspec/fontspec.cfg))) (/home/chakwong/.TinyTeX/texmf-dist/tex/latex/amsmath/amsmath.sty
For additional information on amsmath, use the `?' option.
(/home/chakwong/.TinyTeX/texmf-dist/tex/latex/amsmath/amstext.sty (/home/chakwong/.TinyTeX/texmf-dist/tex/latex/amsmath/amsgen.sty)) (/home/chakwong/.TinyTeX/texmf-dist/tex/latex/amsmath/amsbsy.sty) (/home/chakwong/.TinyTeX/texmf-dist/tex/latex/amsmath/amsopn.sty)) (/home/chakwong/.TinyTeX/texmf-dist/tex/latex/amsfonts/amssymb.sty (/home/chakwong/.TinyTeX/texmf-dist/tex/latex/amsfonts/amsfonts.sty)) (/home/chakwong/.TinyTeX/texmf-dist/tex/latex/mathtools/mathtools.sty (/home/chakwong/.TinyTeX/texmf-dist/tex/latex/tools/calc.sty) (/home/chakwong/.TinyTeX/texmf-dist/tex/latex/mathtools/mhsetup.sty)) (/home/chakwong/.TinyTeX/texmf-dist/tex/latex/amscls/amsthm.sty) (/home/chakwong/.TinyTeX/texmf-dist/tex/latex/microtype/microtype.sty (/home/chakwong/.TinyTeX/texmf-dist/tex/latex/etoolbox/etoolbox.sty) (/home/chakwong/.TinyTeX/texmf-dist/tex/latex/microtype/microtype-xetex.def) (/home/chakwong/.TinyTeX/texmf-dist/tex/latex/microtype/microtype.cfg)) (/home/chakwong/.TinyTeX/texmf-dist/tex/latex/setspace/setspace.sty) (/home/chakwong/.TinyTeX/texmf-dist/tex/latex/booktabs/booktabs.sty) (/home/chakwong/.TinyTeX/texmf-dist/tex/latex/tools/longtable.sty) (/home/chakwong/.TinyTeX/texmf-dist/tex/latex/tools/tabularx.sty (/home/chakwong/.TinyTeX/texmf-dist/tex/latex/tools/array.sty)) (/home/chakwong/.TinyTeX/texmf-dist/tex/latex/graphics/graphicx.sty (/home/chakwong/.TinyTeX/texmf-dist/tex/latex/graphics/graphics.sty (/home/chakwong/.TinyTeX/texmf-dist/tex/latex/graphics/trig.sty) (/home/chakwong/.TinyTeX/texmf-dist/tex/latex/graphics-cfg/graphics.cfg) (/home/chakwong/.TinyTeX/texmf-dist/tex/latex/graphics-def/xetex.def))) (/home/chakwong/.TinyTeX/texmf-dist/tex/latex/xcolor/xcolor.sty (/home/chakwong/.TinyTeX/texmf-dist/tex/latex/graphics-cfg/color.cfg) (/home/chakwong/.TinyTeX/texmf-dist/tex/latex/graphics/mathcolor.ltx)) (/home/chakwong/.TinyTeX/texmf-dist/tex/latex/pgf/frontendlayer/tikz.sty (/home/chakwong/.TinyTeX/texmf-dist/tex/latex/pgf/basiclayer/pgf.sty (/home/chakwong/.TinyTeX/texmf-dist/tex/latex/pgf/utilities/pgfrcs.sty (/home/chakwong/.TinyTeX/texmf-dist/tex/generic/pgf/utilities/pgfutil-common.tex) (/home/chakwong/.TinyTeX/texmf-dist/tex/generic/pgf/utilities/pgfutil-latex.def) (/home/chakwong/.TinyTeX/texmf-dist/tex/generic/pgf/utilities/pgfrcs.code.tex (/home/chakwong/.TinyTeX/texmf-dist/tex/generic/pgf/pgf.revision.tex))) (/home/chakwong/.TinyTeX/texmf-dist/tex/latex/pgf/basiclayer/pgfcore.sty (/home/chakwong/.TinyTeX/texmf-dist/tex/latex/pgf/systemlayer/pgfsys.sty (/home/chakwong/.TinyTeX/texmf-dist/tex/generic/pgf/systemlayer/pgfsys.code.tex (/home/chakwong/.TinyTeX/texmf-dist/tex/generic/pgf/utilities/pgfkeys.code.tex (/home/chakwong/.TinyTeX/texmf-dist/tex/generic/pgf/utilities/pgfkeyslibraryfiltered.code.tex)) (/home/chakwong/.TinyTeX/texmf-dist/tex/generic/pgf/systemlayer/pgf.cfg) (/home/chakwong/.TinyTeX/texmf-dist/tex/generic/pgf/systemlayer/pgfsys-xetex.def (/home/chakwong/.TinyTeX/texmf-dist/tex/generic/pgf/systemlayer/pgfsys-dvipdfmx.def (/home/chakwong/.TinyTeX/texmf-dist/tex/generic/pgf/systemlayer/pgfsys-common-pdf.def)))) (/home/chakwong/.TinyTeX/texmf-dist/tex/generic/pgf/systemlayer/pgfsyssoftpath.code.tex) (/home/chakwong/.TinyTeX/texmf-dist/tex/generic/pgf/systemlayer/pgfsysprotocol.code.tex)) (/home/chakwong/.TinyTeX/texmf-dist/tex/generic/pgf/basiclayer/pgfcore.code.tex (/home/chakwong/.TinyTeX/texmf-dist/tex/generic/pgf/math/pgfmath.code.tex (/home/chakwong/.TinyTeX/texmf-dist/tex/generic/pgf/math/pgfmathutil.code.tex) (/home/chakwong/.TinyTeX/texmf-dist/tex/generic/pgf/math/pgfmathparser.code.tex) (/home/chakwong/.TinyTeX/texmf-dist/tex/generic/pgf/math/pgfmathfunctions.code.tex) (/home/chakwong/.TinyTeX/texmf-dist/tex/generic/pgf/math/pgfmathfunctions.basic.code.tex) (/home/chakwong/.TinyTeX/texmf-dist/tex/generic/pgf/math/pgfmathfunctions.trigonometric.code.tex) (/home/chakwong/.TinyTeX/texmf-dist/tex/generic/pgf/math/pgfmathfunctions.random.code.tex) (/home/chakwong/.TinyTeX/texmf-dist/tex/generic/pgf/math/pgfmathfunctions.comparison.code.tex) (/home/chakwong/.TinyTeX/texmf-dist/tex/generic/pgf/math/pgfmathfunctions.base.code.tex) (/home/chakwong/.TinyTeX/texmf-dist/tex/generic/pgf/math/pgfmathfunctions.round.code.tex) (/home/chakwong/.TinyTeX/texmf-dist/tex/generic/pgf/math/pgfmathfunctions.misc.code.tex) (/home/chakwong/.TinyTeX/texmf-dist/tex/generic/pgf/math/pgfmathfunctions.integerarithmetics.code.tex) (/home/chakwong/.TinyTeX/texmf-dist/tex/generic/pgf/math/pgfmathcalc.code.tex) (/home/chakwong/.TinyTeX/texmf-dist/tex/generic/pgf/math/pgfmathfloat.code.tex)) (/home/chakwong/.TinyTeX/texmf-dist/tex/generic/pgf/math/pgfint.code.tex) (/home/chakwong/.TinyTeX/texmf-dist/tex/generic/pgf/basiclayer/pgfcorepoints.code.tex) (/home/chakwong/.TinyTeX/texmf-dist/tex/generic/pgf/basiclayer/pgfcorepathconstruct.code.tex) (/home/chakwong/.TinyTeX/texmf-dist/tex/generic/pgf/basiclayer/pgfcorepathusage.code.tex) (/home/chakwong/.TinyTeX/texmf-dist/tex/generic/pgf/basiclayer/pgfcorescopes.code.tex) (/home/chakwong/.TinyTeX/texmf-dist/tex/generic/pgf/basiclayer/pgfcoregraphicstate.code.tex) (/home/chakwong/.TinyTeX/texmf-dist/tex/generic/pgf/basiclayer/pgfcoretransformations.code.tex) (/home/chakwong/.TinyTeX/texmf-dist/tex/generic/pgf/basiclayer/pgfcorequick.code.tex) (/home/chakwong/.TinyTeX/texmf-dist/tex/generic/pgf/basiclayer/pgfcoreobjects.code.tex) (/home/chakwong/.TinyTeX/texmf-dist/tex/generic/pgf/basiclayer/pgfcorepathprocessing.code.tex) (/home/chakwong/.TinyTeX/texmf-dist/tex/generic/pgf/basiclayer/pgfcorearrows.code.tex) (/home/chakwong/.TinyTeX/texmf-dist/tex/generic/pgf/basiclayer/pgfcoreshade.code.tex) (/home/chakwong/.TinyTeX/texmf-dist/tex/generic/pgf/basiclayer/pgfcoreimage.code.tex) (/home/chakwong/.TinyTeX/texmf-dist/tex/generic/pgf/basiclayer/pgfcoreexternal.code.tex) (/home/chakwong/.TinyTeX/texmf-dist/tex/generic/pgf/basiclayer/pgfcorelayers.code.tex) (/home/chakwong/.TinyTeX/texmf-dist/tex/generic/pgf/basiclayer/pgfcoretransparency.code.tex) (/home/chakwong/.TinyTeX/texmf-dist/tex/generic/pgf/basiclayer/pgfcorepatterns.code.tex) (/home/chakwong/.TinyTeX/texmf-dist/tex/generic/pgf/basiclayer/pgfcorerdf.code.tex))) (/home/chakwong/.TinyTeX/texmf-dist/tex/generic/pgf/modules/pgfmoduleshapes.code.tex) (/home/chakwong/.TinyTeX/texmf-dist/tex/generic/pgf/modules/pgfmoduleplot.code.tex) (/home/chakwong/.TinyTeX/texmf-dist/tex/latex/pgf/compatibility/pgfcomp-version-0-65.sty) (/home/chakwong/.TinyTeX/texmf-dist/tex/latex/pgf/compatibility/pgfcomp-version-1-18.sty)) (/home/chakwong/.TinyTeX/texmf-dist/tex/latex/pgf/utilities/pgffor.sty (/home/chakwong/.TinyTeX/texmf-dist/tex/latex/pgf/utilities/pgfkeys.sty (/home/chakwong/.TinyTeX/texmf-dist/tex/generic/pgf/utilities/pgfkeys.code.tex)) (/home/chakwong/.TinyTeX/texmf-dist/tex/latex/pgf/math/pgfmath.sty (/home/chakwong/.TinyTeX/texmf-dist/tex/generic/pgf/math/pgfmath.code.tex)) (/home/chakwong/.TinyTeX/texmf-dist/tex/generic/pgf/utilities/pgffor.code.tex)) (/home/chakwong/.TinyTeX/texmf-dist/tex/generic/pgf/frontendlayer/tikz/tikz.code.tex (/home/chakwong/.TinyTeX/texmf-dist/tex/generic/pgf/libraries/pgflibraryplothandlers.code.tex) (/home/chakwong/.TinyTeX/texmf-dist/tex/generic/pgf/modules/pgfmodulematrix.code.tex) (/home/chakwong/.TinyTeX/texmf-dist/tex/generic/pgf/frontendlayer/tikz/libraries/tikzlibrarytopaths.code.tex))) (/home/chakwong/.TinyTeX/texmf-dist/tex/generic/pgf/libraries/pgflibraryarrows.meta.code.tex) (/home/chakwong/.TinyTeX/texmf-dist/tex/generic/pgf/frontendlayer/tikz/libraries/tikzlibrarypositioning.code.tex) (/home/chakwong/.TinyTeX/texmf-dist/tex/generic/pgf/frontendlayer/tikz/libraries/tikzlibrarycalc.code.tex) (/home/chakwong/.TinyTeX/texmf-dist/tex/generic/pgf/frontendlayer/tikz/libraries/tikzlibraryshapes.geometric.code.tex (/home/chakwong/.TinyTeX/texmf-dist/tex/generic/pgf/libraries/shapes/pgflibraryshapes.geometric.code.tex)) (/home/chakwong/.TinyTeX/texmf-dist/tex/latex/enumitem/enumitem.sty) (/home/chakwong/.TinyTeX/texmf-dist/tex/latex/listings/listings.sty (/home/chakwong/.TinyTeX/texmf-dist/tex/latex/listings/lstpatch.sty) (/home/chakwong/.TinyTeX/texmf-dist/tex/latex/listings/lstmisc.sty) (/home/chakwong/.TinyTeX/texmf-dist/tex/latex/listings/listings.cfg))
==> First Aid for listings.sty no longer applied!
    Expected:
        2024/09/23 1.10c (Carsten Heinz)
    but found:
        2025/11/14 1.11b (Carsten Heinz)
    so I'm assuming it got fixed.
(/home/chakwong/.TinyTeX/texmf-dist/tex/latex/titlesec/titlesec.sty) (/home/chakwong/.TinyTeX/texmf-dist/tex/latex/natbib/natbib.sty) (/home/chakwong/.TinyTeX/texmf-dist/tex/latex/url/url.sty) (/home/chakwong/.TinyTeX/texmf-dist/tex/latex/hyperref/hyperref.sty (/home/chakwong/.TinyTeX/texmf-dist/tex/latex/kvsetkeys/kvsetkeys.sty) (/home/chakwong/.TinyTeX/texmf-dist/tex/generic/kvdefinekeys/kvdefinekeys.sty) (/home/chakwong/.TinyTeX/texmf-dist/tex/generic/pdfescape/pdfescape.sty (/home/chakwong/.TinyTeX/texmf-dist/tex/generic/ltxcmds/ltxcmds.sty) (/home/chakwong/.TinyTeX/texmf-dist/tex/generic/pdftexcmds/pdftexcmds.sty (/home/chakwong/.TinyTeX/texmf-dist/tex/generic/infwarerr/infwarerr.sty))) (/home/chakwong/.TinyTeX/texmf-dist/tex/latex/hycolor/hycolor.sty) (/home/chakwong/.TinyTeX/texmf-dist/tex/latex/hyperref/nameref.sty (/home/chakwong/.TinyTeX/texmf-dist/tex/latex/refcount/refcount.sty) (/home/chakwong/.TinyTeX/texmf-dist/tex/generic/gettitlestring/gettitlestring.sty (/home/chakwong/.TinyTeX/texmf-dist/tex/latex/kvoptions/kvoptions.sty))) (/home/chakwong/.TinyTeX/texmf-dist/tex/generic/stringenc/stringenc.sty) (/home/chakwong/.TinyTeX/texmf-dist/tex/latex/hyperref/pd1enc.def) (/home/chakwong/.TinyTeX/texmf-dist/tex/generic/intcalc/intcalc.sty) (/home/chakwong/.TinyTeX/texmf-dist/tex/latex/hyperref/puenc.def) (/home/chakwong/.TinyTeX/texmf-dist/tex/generic/bitset/bitset.sty (/home/chakwong/.TinyTeX/texmf-dist/tex/generic/bigintcalc/bigintcalc.sty))) (/home/chakwong/.TinyTeX/texmf-dist/tex/latex/hyperref/hxetex.def (/home/chakwong/.TinyTeX/texmf-dist/tex/latex/rerunfilecheck/rerunfilecheck.sty (/home/chakwong/.TinyTeX/texmf-dist/tex/generic/uniquecounter/uniquecounter.sty))) (./monograph.aux (./chapters/01-problem.aux) (./chapters/02-circular.aux) (./chapters/03-proof.aux) (./chapters/04-languages.aux) (./chapters/05-search.aux) (./chapters/06-ensemble.aux) (./chapters/07-verification.aux) (./chapters/08-implementation.aux) (./chapters/09-evaluation.aux) (./chapters/10-operation.aux))
*geometry* driver: auto-detecting
*geometry* detected driver: xetex
(/home/chakwong/.TinyTeX/texmf-dist/tex/latex/microtype/mt-Palatino.cfg) (./monograph.out) (./monograph.out) (/home/chakwong/.TinyTeX/texmf-dist/tex/latex/amsfonts/umsa.fd) (/home/chakwong/.TinyTeX/texmf-dist/tex/latex/microtype/mt-msa.cfg) (/home/chakwong/.TinyTeX/texmf-dist/tex/latex/amsfonts/umsb.fd) (/home/chakwong/.TinyTeX/texmf-dist/tex/latex/microtype/mt-msb.cfg) (/home/chakwong/.TinyTeX/texmf-dist/tex/latex/microtype/mt-cmr.cfg) [1] [1] [2] (./monograph.toc [3]) [4] (./chapters/01-problem.tex
Chapter 1.

Underfull \hbox (badness 2057) in paragraph at lines 1--1
|\TU/TeXGyreHeros(0)/b/n/24.88 A correct program can enforce the
[1] [2] [3] [4] [5]

LaTeX Warning: Reference `ch:ensemble' on page 6 undefined on input line 274.

[6] [7] [8]) [9] (./chapters/02-circular.tex
Chapter 2.

Underfull \hbox (badness 1221) in paragraph at lines 6--13
\TU/TeXGyrePagella(0)/m/n/12 retained experiment selected its paragraph-10 gift restriction. The circular as a
[10] [11] [12] [13] [14] [15]

LaTeX Warning: Reference `ch:verification' on page 16 undefined on input line 333.

[16] [17] [18] [19]) [20] (./chapters/03-proof.tex
Chapter 3.

LaTeX Warning: Reference `ch:verification' on page 21 undefined on input line 46.

[21] [22] [23] [24] [25] [26] [27] [28]

LaTeX Warning: Reference `ch:ensemble' on page 29 undefined on input line 439.

[29]) [30] [31] (./chapters/04-languages.tex
Chapter 4.
[32]
Underfull \hbox (badness 1968) in paragraph at lines 85--85
|[]\TU/TeXGyreHeros(0)/b/n/17.28 Controlled English: readable structure with re-
[33] [34] [35] [36] [37] [38]
Underfull \hbox (badness 1960) in paragraph at lines 344--351
[]\TU/TeXGyrePagella(0)/m/n/12 General verification cannot be promised for every expressive contract language.

Underfull \hbox (badness 1590) in paragraph at lines 344--351
[][]\TU/TeXGyrePagella(0)/m/n/12 Delzanno et al.[][] ([][]2026[][]) establish undecidability results for clause reachability in
[39] [40] [41]

LaTeX Warning: Reference `ch:evaluation' on page 42 undefined on input line 504.

[42] [43] [44]) [45] (./chapters/05-search.tex
Chapter 5.

Package natbib Warning: Citation `theories2003' on page 46 undefined on input line 43.

[46]

Package natbib Warning: Citation `hypolegacy2017' on page 47 undefined on input line 82.

[47]

Package natbib Warning: Citation `agatha2005' on page 48 undefined on input line 132.

[48]

Package natbib Warning: Citation `aspic2010' on page 49 undefined on input line 174.

[49]

Package natbib Warning: Citation `carneades2007' on page 50 undefined on input line 220.

[50] [51]

Package natbib Warning: Citation `treeofthoughts2023' on page 52 undefined on input line 301.


Package natbib Warning: Citation `lats2024' on page 52 undefined on input line 307.


LaTeX Warning: Reference `ch:evaluation' on page 52 undefined on input line 340.

[52]

Package natbib Warning: Citation `gbs2011' on page 53 undefined on input line 351.


Package natbib Warning: Citation `selfconsistency2023' on page 53 undefined on input line 390.

[53]

Package natbib Warning: Citation `semantic2023' on page 54 undefined on input line 398.


LaTeX Warning: Reference `ch:evaluation' on page 54 undefined on input line 425.

[54]) [55] (./chapters/06-ensemble.tex
Chapter 6.

Overfull \hbox (11.23944pt too wide) in paragraph at lines 1--1
|\TU/TeXGyreHeros(0)/b/n/24.88 An accountable ensemble with bounded

LaTeX Warning: Reference `ch:evaluation' on page 56 undefined on input line 43.

[56] [57] [58] [59] [60] [61] [62] [63] [64] [65] [66] [67]
Underfull \hbox (badness 1742) in paragraph at lines 644--650
\TU/TeXGyrePagella(0)/m/n/12 An action moves through \TU/DejaVuSansMono(0)/m/n/12 RESERVED\TU/TeXGyrePagella(0)/m/n/12 , \TU/DejaVuSansMono(0)/m/n/12 DISPATCHED\TU/TeXGyrePagella(0)/m/n/12 , and one of \TU/DejaVuSansMono(0)/m/n/12 SUCCEEDED\TU/TeXGyrePagella(0)/m/n/12 , \TU/DejaVuSansMono(0)/m/n/12 FAILED\TU/TeXGyrePagella(0)/m/n/12 ,
[68] [69] [70] [71] [72] [73]

LaTeX Warning: Reference `ch:implementation' on page 74 undefined on input line 905.

[74]
Underfull \hbox (badness 1005) in paragraph at lines 932--938
\TU/TeXGyrePagella(0)/m/n/12 into reproducible evidence. Its human readability matters because a technically
[75] [76]) [77]
No file chapters/07-verification.tex.
No file chapters/08-implementation.tex.
No file chapters/09-evaluation.tex.
No file chapters/10-operation.tex.
(./monograph.bbl [78] [79] [80])

Package natbib Warning: There were undefined citations.

[81] (./monograph.aux (./chapters/01-problem.aux) (./chapters/02-circular.aux) (./chapters/03-proof.aux) (./chapters/04-languages.aux) (./chapters/05-search.aux) (./chapters/06-ensemble.aux) (./chapters/07-verification.aux) (./chapters/08-implementation.aux) (./chapters/09-evaluation.aux) (./chapters/10-operation.aux))

LaTeX Warning: There were undefined references.


LaTeX Warning: Label(s) may have changed. Rerun to get cross-references right.


Package rerunfilecheck Warning: File `monograph.out' has changed.
(rerunfilecheck)                Rerun to get outlines right
(rerunfilecheck)                or use package `bookmark'.

 )
(see the transcript file for additional information)
Output written on monograph.xdv (86 pages, 2487940 bytes).
Transcript written on monograph.log.
Latexmk: Getting log file 'monograph.log'
Latexmk: Examining 'monograph.fls'
Latexmk: Examining 'monograph.log'
Latexmk: Missing input file 'chapters/07-verification.tex' message in .log file:
  No file chapters/07-verification.tex.
Latexmk: Missing input file 'chapters/08-implementation.tex' message in .log file:
  No file chapters/08-implementation.tex.
Latexmk: Missing input file 'chapters/09-evaluation.tex' message in .log file:
  No file chapters/09-evaluation.tex.
Latexmk: Missing input file 'chapters/10-operation.tex' message in .log file:
  No file chapters/10-operation.tex.
Latexmk: Found input bbl file 'monograph.bbl'
Latexmk: References changed.
Latexmk: References changed.
Latexmk: Log file says output to 'monograph.xdv'
Latexmk: Using bibtex to make bibliography file(s).
  ===Source file 'monograph.bbl' for 'xelatex'
Latexmk: Found bibliography file(s):
  ./references.bib
Latexmk: applying rule 'bibtex monograph'...
Rule 'bibtex monograph':  Reasons for rerun
Changed files or newly in use/created:
  chapters/05-search.aux
  chapters/06-ensemble.aux
  chapters/07-verification.aux
  chapters/08-implementation.aux
  chapters/09-evaluation.aux
  chapters/10-operation.aux
  monograph.aux

------------
Run number 1 of rule 'bibtex monograph'
------------
------------
Running 'bibtex  "monograph.aux"'
------------
This is BibTeX, Version 0.99e (TeX Live 2026)
The top-level auxiliary file: monograph.aux
The style file: plainnat.bst
Database file #1: references.bib
Latexmk: applying rule 'xelatex'...
Rule 'xelatex':  Reasons for rerun
Changed files or newly in use/created:
  chapters/05-search.aux
  chapters/06-ensemble.aux
  chapters/07-verification.aux
  chapters/08-implementation.aux
  chapters/09-evaluation.aux
  chapters/10-operation.aux
  monograph.aux
  monograph.bbl
  monograph.out
  monograph.toc

------------
Run number 2 of rule 'xelatex'
------------
------------
Running 'xelatex -no-pdf -interaction=nonstopmode -halt-on-error -recorder  "monograph.tex"'
------------
This is XeTeX, Version 3.141592653-2.6-0.999998 (TeX Live 2026) (preloaded format=xelatex)
 restricted \write18 enabled.
entering extended mode
(./monograph.tex
LaTeX2e <2025-11-01>
L3 programming layer <2026-03-20>
(/home/chakwong/.TinyTeX/texmf-dist/tex/latex/base/book.cls
Document Class: book 2025/01/22 v1.4n Standard LaTeX document class
(/home/chakwong/.TinyTeX/texmf-dist/tex/latex/base/bk12.clo)) (/home/chakwong/.TinyTeX/texmf-dist/tex/latex/geometry/geometry.sty (/home/chakwong/.TinyTeX/texmf-dist/tex/latex/graphics/keyval.sty) (/home/chakwong/.TinyTeX/texmf-dist/tex/generic/iftex/ifvtex.sty (/home/chakwong/.TinyTeX/texmf-dist/tex/generic/iftex/iftex.sty))) (/home/chakwong/.TinyTeX/texmf-dist/tex/latex/fontspec/fontspec.sty (/home/chakwong/.TinyTeX/texmf-dist/tex/latex/l3packages/xparse/xparse.sty (/home/chakwong/.TinyTeX/texmf-dist/tex/latex/l3kernel/expl3.sty (/home/chakwong/.TinyTeX/texmf-dist/tex/latex/l3backend/l3backend-xetex.def))) (/home/chakwong/.TinyTeX/texmf-dist/tex/latex/fontspec/fontspec-xetex.sty (/home/chakwong/.TinyTeX/texmf-dist/tex/latex/base/fontenc.sty) (/home/chakwong/.TinyTeX/texmf-dist/tex/latex/fontspec/fontspec.cfg))) (/home/chakwong/.TinyTeX/texmf-dist/tex/latex/amsmath/amsmath.sty
For additional information on amsmath, use the `?' option.
(/home/chakwong/.TinyTeX/texmf-dist/tex/latex/amsmath/amstext.sty (/home/chakwong/.TinyTeX/texmf-dist/tex/latex/amsmath/amsgen.sty)) (/home/chakwong/.TinyTeX/texmf-dist/tex/latex/amsmath/amsbsy.sty) (/home/chakwong/.TinyTeX/texmf-dist/tex/latex/amsmath/amsopn.sty)) (/home/chakwong/.TinyTeX/texmf-dist/tex/latex/amsfonts/amssymb.sty (/home/chakwong/.TinyTeX/texmf-dist/tex/latex/amsfonts/amsfonts.sty)) (/home/chakwong/.TinyTeX/texmf-dist/tex/latex/mathtools/mathtools.sty (/home/chakwong/.TinyTeX/texmf-dist/tex/latex/tools/calc.sty) (/home/chakwong/.TinyTeX/texmf-dist/tex/latex/mathtools/mhsetup.sty)) (/home/chakwong/.TinyTeX/texmf-dist/tex/latex/amscls/amsthm.sty) (/home/chakwong/.TinyTeX/texmf-dist/tex/latex/microtype/microtype.sty (/home/chakwong/.TinyTeX/texmf-dist/tex/latex/etoolbox/etoolbox.sty) (/home/chakwong/.TinyTeX/texmf-dist/tex/latex/microtype/microtype-xetex.def) (/home/chakwong/.TinyTeX/texmf-dist/tex/latex/microtype/microtype.cfg)) (/home/chakwong/.TinyTeX/texmf-dist/tex/latex/setspace/setspace.sty) (/home/chakwong/.TinyTeX/texmf-dist/tex/latex/booktabs/booktabs.sty) (/home/chakwong/.TinyTeX/texmf-dist/tex/latex/tools/longtable.sty) (/home/chakwong/.TinyTeX/texmf-dist/tex/latex/tools/tabularx.sty (/home/chakwong/.TinyTeX/texmf-dist/tex/latex/tools/array.sty)) (/home/chakwong/.TinyTeX/texmf-dist/tex/latex/graphics/graphicx.sty (/home/chakwong/.TinyTeX/texmf-dist/tex/latex/graphics/graphics.sty (/home/chakwong/.TinyTeX/texmf-dist/tex/latex/graphics/trig.sty) (/home/chakwong/.TinyTeX/texmf-dist/tex/latex/graphics-cfg/graphics.cfg) (/home/chakwong/.TinyTeX/texmf-dist/tex/latex/graphics-def/xetex.def))) (/home/chakwong/.TinyTeX/texmf-dist/tex/latex/xcolor/xcolor.sty (/home/chakwong/.TinyTeX/texmf-dist/tex/latex/graphics-cfg/color.cfg) (/home/chakwong/.TinyTeX/texmf-dist/tex/latex/graphics/mathcolor.ltx)) (/home/chakwong/.TinyTeX/texmf-dist/tex/latex/pgf/frontendlayer/tikz.sty (/home/chakwong/.TinyTeX/texmf-dist/tex/latex/pgf/basiclayer/pgf.sty (/home/chakwong/.TinyTeX/texmf-dist/tex/latex/pgf/utilities/pgfrcs.sty (/home/chakwong/.TinyTeX/texmf-dist/tex/generic/pgf/utilities/pgfutil-common.tex) (/home/chakwong/.TinyTeX/texmf-dist/tex/generic/pgf/utilities/pgfutil-latex.def) (/home/chakwong/.TinyTeX/texmf-dist/tex/generic/pgf/utilities/pgfrcs.code.tex (/home/chakwong/.TinyTeX/texmf-dist/tex/generic/pgf/pgf.revision.tex))) (/home/chakwong/.TinyTeX/texmf-dist/tex/latex/pgf/basiclayer/pgfcore.sty (/home/chakwong/.TinyTeX/texmf-dist/tex/latex/pgf/systemlayer/pgfsys.sty (/home/chakwong/.TinyTeX/texmf-dist/tex/generic/pgf/systemlayer/pgfsys.code.tex (/home/chakwong/.TinyTeX/texmf-dist/tex/generic/pgf/utilities/pgfkeys.code.tex (/home/chakwong/.TinyTeX/texmf-dist/tex/generic/pgf/utilities/pgfkeyslibraryfiltered.code.tex)) (/home/chakwong/.TinyTeX/texmf-dist/tex/generic/pgf/systemlayer/pgf.cfg) (/home/chakwong/.TinyTeX/texmf-dist/tex/generic/pgf/systemlayer/pgfsys-xetex.def (/home/chakwong/.TinyTeX/texmf-dist/tex/generic/pgf/systemlayer/pgfsys-dvipdfmx.def (/home/chakwong/.TinyTeX/texmf-dist/tex/generic/pgf/systemlayer/pgfsys-common-pdf.def)))) (/home/chakwong/.TinyTeX/texmf-dist/tex/generic/pgf/systemlayer/pgfsyssoftpath.code.tex) (/home/chakwong/.TinyTeX/texmf-dist/tex/generic/pgf/systemlayer/pgfsysprotocol.code.tex)) (/home/chakwong/.TinyTeX/texmf-dist/tex/generic/pgf/basiclayer/pgfcore.code.tex (/home/chakwong/.TinyTeX/texmf-dist/tex/generic/pgf/math/pgfmath.code.tex (/home/chakwong/.TinyTeX/texmf-dist/tex/generic/pgf/math/pgfmathutil.code.tex) (/home/chakwong/.TinyTeX/texmf-dist/tex/generic/pgf/math/pgfmathparser.code.tex) (/home/chakwong/.TinyTeX/texmf-dist/tex/generic/pgf/math/pgfmathfunctions.code.tex) (/home/chakwong/.TinyTeX/texmf-dist/tex/generic/pgf/math/pgfmathfunctions.basic.code.tex) (/home/chakwong/.TinyTeX/texmf-dist/tex/generic/pgf/math/pgfmathfunctions.trigonometric.code.tex) (/home/chakwong/.TinyTeX/texmf-dist/tex/generic/pgf/math/pgfmathfunctions.random.code.tex) (/home/chakwong/.TinyTeX/texmf-dist/tex/generic/pgf/math/pgfmathfunctions.comparison.code.tex) (/home/chakwong/.TinyTeX/texmf-dist/tex/generic/pgf/math/pgfmathfunctions.base.code.tex) (/home/chakwong/.TinyTeX/texmf-dist/tex/generic/pgf/math/pgfmathfunctions.round.code.tex) (/home/chakwong/.TinyTeX/texmf-dist/tex/generic/pgf/math/pgfmathfunctions.misc.code.tex) (/home/chakwong/.TinyTeX/texmf-dist/tex/generic/pgf/math/pgfmathfunctions.integerarithmetics.code.tex) (/home/chakwong/.TinyTeX/texmf-dist/tex/generic/pgf/math/pgfmathcalc.code.tex) (/home/chakwong/.TinyTeX/texmf-dist/tex/generic/pgf/math/pgfmathfloat.code.tex)) (/home/chakwong/.TinyTeX/texmf-dist/tex/generic/pgf/math/pgfint.code.tex) (/home/chakwong/.TinyTeX/texmf-dist/tex/generic/pgf/basiclayer/pgfcorepoints.code.tex) (/home/chakwong/.TinyTeX/texmf-dist/tex/generic/pgf/basiclayer/pgfcorepathconstruct.code.tex) (/home/chakwong/.TinyTeX/texmf-dist/tex/generic/pgf/basiclayer/pgfcorepathusage.code.tex) (/home/chakwong/.TinyTeX/texmf-dist/tex/generic/pgf/basiclayer/pgfcorescopes.code.tex) (/home/chakwong/.TinyTeX/texmf-dist/tex/generic/pgf/basiclayer/pgfcoregraphicstate.code.tex) (/home/chakwong/.TinyTeX/texmf-dist/tex/generic/pgf/basiclayer/pgfcoretransformations.code.tex) (/home/chakwong/.TinyTeX/texmf-dist/tex/generic/pgf/basiclayer/pgfcorequick.code.tex) (/home/chakwong/.TinyTeX/texmf-dist/tex/generic/pgf/basiclayer/pgfcoreobjects.code.tex) (/home/chakwong/.TinyTeX/texmf-dist/tex/generic/pgf/basiclayer/pgfcorepathprocessing.code.tex) (/home/chakwong/.TinyTeX/texmf-dist/tex/generic/pgf/basiclayer/pgfcorearrows.code.tex) (/home/chakwong/.TinyTeX/texmf-dist/tex/generic/pgf/basiclayer/pgfcoreshade.code.tex) (/home/chakwong/.TinyTeX/texmf-dist/tex/generic/pgf/basiclayer/pgfcoreimage.code.tex) (/home/chakwong/.TinyTeX/texmf-dist/tex/generic/pgf/basiclayer/pgfcoreexternal.code.tex) (/home/chakwong/.TinyTeX/texmf-dist/tex/generic/pgf/basiclayer/pgfcorelayers.code.tex) (/home/chakwong/.TinyTeX/texmf-dist/tex/generic/pgf/basiclayer/pgfcoretransparency.code.tex) (/home/chakwong/.TinyTeX/texmf-dist/tex/generic/pgf/basiclayer/pgfcorepatterns.code.tex) (/home/chakwong/.TinyTeX/texmf-dist/tex/generic/pgf/basiclayer/pgfcorerdf.code.tex))) (/home/chakwong/.TinyTeX/texmf-dist/tex/generic/pgf/modules/pgfmoduleshapes.code.tex) (/home/chakwong/.TinyTeX/texmf-dist/tex/generic/pgf/modules/pgfmoduleplot.code.tex) (/home/chakwong/.TinyTeX/texmf-dist/tex/latex/pgf/compatibility/pgfcomp-version-0-65.sty) (/home/chakwong/.TinyTeX/texmf-dist/tex/latex/pgf/compatibility/pgfcomp-version-1-18.sty)) (/home/chakwong/.TinyTeX/texmf-dist/tex/latex/pgf/utilities/pgffor.sty (/home/chakwong/.TinyTeX/texmf-dist/tex/latex/pgf/utilities/pgfkeys.sty (/home/chakwong/.TinyTeX/texmf-dist/tex/generic/pgf/utilities/pgfkeys.code.tex)) (/home/chakwong/.TinyTeX/texmf-dist/tex/latex/pgf/math/pgfmath.sty (/home/chakwong/.TinyTeX/texmf-dist/tex/generic/pgf/math/pgfmath.code.tex)) (/home/chakwong/.TinyTeX/texmf-dist/tex/generic/pgf/utilities/pgffor.code.tex)) (/home/chakwong/.TinyTeX/texmf-dist/tex/generic/pgf/frontendlayer/tikz/tikz.code.tex (/home/chakwong/.TinyTeX/texmf-dist/tex/generic/pgf/libraries/pgflibraryplothandlers.code.tex) (/home/chakwong/.TinyTeX/texmf-dist/tex/generic/pgf/modules/pgfmodulematrix.code.tex) (/home/chakwong/.TinyTeX/texmf-dist/tex/generic/pgf/frontendlayer/tikz/libraries/tikzlibrarytopaths.code.tex))) (/home/chakwong/.TinyTeX/texmf-dist/tex/generic/pgf/libraries/pgflibraryarrows.meta.code.tex) (/home/chakwong/.TinyTeX/texmf-dist/tex/generic/pgf/frontendlayer/tikz/libraries/tikzlibrarypositioning.code.tex) (/home/chakwong/.TinyTeX/texmf-dist/tex/generic/pgf/frontendlayer/tikz/libraries/tikzlibrarycalc.code.tex) (/home/chakwong/.TinyTeX/texmf-dist/tex/generic/pgf/frontendlayer/tikz/libraries/tikzlibraryshapes.geometric.code.tex (/home/chakwong/.TinyTeX/texmf-dist/tex/generic/pgf/libraries/shapes/pgflibraryshapes.geometric.code.tex)) (/home/chakwong/.TinyTeX/texmf-dist/tex/latex/enumitem/enumitem.sty) (/home/chakwong/.TinyTeX/texmf-dist/tex/latex/listings/listings.sty (/home/chakwong/.TinyTeX/texmf-dist/tex/latex/listings/lstpatch.sty) (/home/chakwong/.TinyTeX/texmf-dist/tex/latex/listings/lstmisc.sty) (/home/chakwong/.TinyTeX/texmf-dist/tex/latex/listings/listings.cfg))
==> First Aid for listings.sty no longer applied!
    Expected:
        2024/09/23 1.10c (Carsten Heinz)
    but found:
        2025/11/14 1.11b (Carsten Heinz)
    so I'm assuming it got fixed.
(/home/chakwong/.TinyTeX/texmf-dist/tex/latex/titlesec/titlesec.sty) (/home/chakwong/.TinyTeX/texmf-dist/tex/latex/natbib/natbib.sty) (/home/chakwong/.TinyTeX/texmf-dist/tex/latex/url/url.sty) (/home/chakwong/.TinyTeX/texmf-dist/tex/latex/hyperref/hyperref.sty (/home/chakwong/.TinyTeX/texmf-dist/tex/latex/kvsetkeys/kvsetkeys.sty) (/home/chakwong/.TinyTeX/texmf-dist/tex/generic/kvdefinekeys/kvdefinekeys.sty) (/home/chakwong/.TinyTeX/texmf-dist/tex/generic/pdfescape/pdfescape.sty (/home/chakwong/.TinyTeX/texmf-dist/tex/generic/ltxcmds/ltxcmds.sty) (/home/chakwong/.TinyTeX/texmf-dist/tex/generic/pdftexcmds/pdftexcmds.sty (/home/chakwong/.TinyTeX/texmf-dist/tex/generic/infwarerr/infwarerr.sty))) (/home/chakwong/.TinyTeX/texmf-dist/tex/latex/hycolor/hycolor.sty) (/home/chakwong/.TinyTeX/texmf-dist/tex/latex/hyperref/nameref.sty (/home/chakwong/.TinyTeX/texmf-dist/tex/latex/refcount/refcount.sty) (/home/chakwong/.TinyTeX/texmf-dist/tex/generic/gettitlestring/gettitlestring.sty (/home/chakwong/.TinyTeX/texmf-dist/tex/latex/kvoptions/kvoptions.sty))) (/home/chakwong/.TinyTeX/texmf-dist/tex/generic/stringenc/stringenc.sty) (/home/chakwong/.TinyTeX/texmf-dist/tex/latex/hyperref/pd1enc.def) (/home/chakwong/.TinyTeX/texmf-dist/tex/generic/intcalc/intcalc.sty) (/home/chakwong/.TinyTeX/texmf-dist/tex/latex/hyperref/puenc.def) (/home/chakwong/.TinyTeX/texmf-dist/tex/generic/bitset/bitset.sty (/home/chakwong/.TinyTeX/texmf-dist/tex/generic/bigintcalc/bigintcalc.sty))) (/home/chakwong/.TinyTeX/texmf-dist/tex/latex/hyperref/hxetex.def (/home/chakwong/.TinyTeX/texmf-dist/tex/latex/rerunfilecheck/rerunfilecheck.sty (/home/chakwong/.TinyTeX/texmf-dist/tex/generic/uniquecounter/uniquecounter.sty))) (./monograph.aux (./chapters/01-problem.aux) (./chapters/02-circular.aux) (./chapters/03-proof.aux) (./chapters/04-languages.aux) (./chapters/05-search.aux) (./chapters/06-ensemble.aux) (./chapters/07-verification.aux) (./chapters/08-implementation.aux) (./chapters/09-evaluation.aux) (./chapters/10-operation.aux))
*geometry* driver: auto-detecting
*geometry* detected driver: xetex
(/home/chakwong/.TinyTeX/texmf-dist/tex/latex/microtype/mt-Palatino.cfg) (./monograph.out) (./monograph.out) (/home/chakwong/.TinyTeX/texmf-dist/tex/latex/amsfonts/umsa.fd) (/home/chakwong/.TinyTeX/texmf-dist/tex/latex/microtype/mt-msa.cfg) (/home/chakwong/.TinyTeX/texmf-dist/tex/latex/amsfonts/umsb.fd) (/home/chakwong/.TinyTeX/texmf-dist/tex/latex/microtype/mt-msb.cfg) (/home/chakwong/.TinyTeX/texmf-dist/tex/latex/microtype/mt-cmr.cfg) [1] [1] [2] (./monograph.toc [3] [4]) [5] (./chapters/01-problem.tex
Chapter 1.

Underfull \hbox (badness 2057) in paragraph at lines 1--1
|\TU/TeXGyreHeros(0)/b/n/24.88 A correct program can enforce the
[1] [2] [3] [4] [5] [6] [7] [8]) [9] (./chapters/02-circular.tex
Chapter 2.

Underfull \hbox (badness 1221) in paragraph at lines 6--13
\TU/TeXGyrePagella(0)/m/n/12 retained experiment selected its paragraph-10 gift restriction. The circular as a
[10] [11] [12] [13] [14] [15]

LaTeX Warning: Reference `ch:verification' on page 16 undefined on input line 333.

[16] [17] [18] [19]) [20] (./chapters/03-proof.tex
Chapter 3.

LaTeX Warning: Reference `ch:verification' on page 21 undefined on input line 46.

[21] [22] [23] [24] [25] [26] [27] [28] [29]) [30] [31] (./chapters/04-languages.tex
Chapter 4.
[32]
Underfull \hbox (badness 1968) in paragraph at lines 85--85
|[]\TU/TeXGyreHeros(0)/b/n/17.28 Controlled English: readable structure with re-
[33] [34] [35] [36] [37] [38]
Underfull \hbox (badness 1960) in paragraph at lines 344--351
[]\TU/TeXGyrePagella(0)/m/n/12 General verification cannot be promised for every expressive contract language.

Underfull \hbox (badness 1590) in paragraph at lines 344--351
[][]\TU/TeXGyrePagella(0)/m/n/12 Delzanno et al.[][] ([][]2026[][]) establish undecidability results for clause reachability in
[39] [40] [41]

LaTeX Warning: Reference `ch:evaluation' on page 42 undefined on input line 504.

[42] [43] [44]) [45] (./chapters/05-search.tex
Chapter 5.

Package natbib Warning: Citation `theories2003' on page 46 undefined on input line 43.

[46]

Package natbib Warning: Citation `hypolegacy2017' on page 47 undefined on input line 82.

[47]

Package natbib Warning: Citation `agatha2005' on page 48 undefined on input line 132.

[48]

Package natbib Warning: Citation `aspic2010' on page 49 undefined on input line 174.

[49]

Package natbib Warning: Citation `carneades2007' on page 50 undefined on input line 220.

[50] [51]

Package natbib Warning: Citation `treeofthoughts2023' on page 52 undefined on input line 301.


Package natbib Warning: Citation `lats2024' on page 52 undefined on input line 307.


LaTeX Warning: Reference `ch:evaluation' on page 52 undefined on input line 340.

[52]

Package natbib Warning: Citation `gbs2011' on page 53 undefined on input line 351.


Package natbib Warning: Citation `selfconsistency2023' on page 53 undefined on input line 390.

[53]

Package natbib Warning: Citation `semantic2023' on page 54 undefined on input line 398.


LaTeX Warning: Reference `ch:evaluation' on page 54 undefined on input line 425.

[54]) [55] (./chapters/06-ensemble.tex
Chapter 6.

Overfull \hbox (11.23944pt too wide) in paragraph at lines 1--1
|\TU/TeXGyreHeros(0)/b/n/24.88 An accountable ensemble with bounded

LaTeX Warning: Reference `ch:evaluation' on page 56 undefined on input line 43.

[56] [57] [58] [59] [60] [61] [62] [63] [64] [65] [66] [67]
Underfull \hbox (badness 1742) in paragraph at lines 644--650
\TU/TeXGyrePagella(0)/m/n/12 An action moves through \TU/DejaVuSansMono(0)/m/n/12 RESERVED\TU/TeXGyrePagella(0)/m/n/12 , \TU/DejaVuSansMono(0)/m/n/12 DISPATCHED\TU/TeXGyrePagella(0)/m/n/12 , and one of \TU/DejaVuSansMono(0)/m/n/12 SUCCEEDED\TU/TeXGyrePagella(0)/m/n/12 , \TU/DejaVuSansMono(0)/m/n/12 FAILED\TU/TeXGyrePagella(0)/m/n/12 ,
[68] [69] [70] [71] [72] [73]

LaTeX Warning: Reference `ch:implementation' on page 74 undefined on input line 905.

[74]
Underfull \hbox (badness 1005) in paragraph at lines 932--938
\TU/TeXGyrePagella(0)/m/n/12 into reproducible evidence. Its human readability matters because a technically
[75] [76]) [77]
No file chapters/07-verification.tex.
No file chapters/08-implementation.tex.
No file chapters/09-evaluation.tex.
No file chapters/10-operation.tex.
(./monograph.bbl [78] [79] [80] [81])

Package natbib Warning: There were undefined citations.

[82] (./monograph.aux (./chapters/01-problem.aux) (./chapters/02-circular.aux) (./chapters/03-proof.aux) (./chapters/04-languages.aux) (./chapters/05-search.aux) (./chapters/06-ensemble.aux) (./chapters/07-verification.aux) (./chapters/08-implementation.aux) (./chapters/09-evaluation.aux) (./chapters/10-operation.aux)

Package natbib Warning: Citation(s) may have changed.
(natbib)                Rerun to get citations correct.

)

LaTeX Warning: There were undefined references.

 )
(see the transcript file for additional information)
Output written on monograph.xdv (88 pages, 2576640 bytes).
Transcript written on monograph.log.
Latexmk: Getting log file 'monograph.log'
Latexmk: Examining 'monograph.fls'
Latexmk: Examining 'monograph.log'
Latexmk: Missing input file 'chapters/07-verification.tex' message in .log file:
  No file chapters/07-verification.tex.
Latexmk: Missing input file 'chapters/08-implementation.tex' message in .log file:
  No file chapters/08-implementation.tex.
Latexmk: Missing input file 'chapters/09-evaluation.tex' message in .log file:
  No file chapters/09-evaluation.tex.
Latexmk: Missing input file 'chapters/10-operation.tex' message in .log file:
  No file chapters/10-operation.tex.
Latexmk: Found input bbl file 'monograph.bbl'
Latexmk: References changed.
Latexmk: Log file says output to 'monograph.xdv'
Latexmk: Using bibtex to make bibliography file(s).
  ===Source file 'monograph.bbl' for 'xelatex'
Latexmk: Found bibliography file(s):
  ./references.bib
Latexmk: applying rule 'bibtex monograph'...
Rule 'bibtex monograph':  Reasons for rerun
Changed files or newly in use/created:
  monograph.aux

------------
Run number 2 of rule 'bibtex monograph'
------------
------------
Running 'bibtex  "monograph.aux"'
------------
This is BibTeX, Version 0.99e (TeX Live 2026)
The top-level auxiliary file: monograph.aux
The style file: plainnat.bst
Database file #1: references.bib
Latexmk: applying rule 'xelatex'...
Rule 'xelatex':  Reasons for rerun
Changed files or newly in use/created:
  monograph.aux

------------
Run number 3 of rule 'xelatex'
------------
------------
Running 'xelatex -no-pdf -interaction=nonstopmode -halt-on-error -recorder  "monograph.tex"'
------------
This is XeTeX, Version 3.141592653-2.6-0.999998 (TeX Live 2026) (preloaded format=xelatex)
 restricted \write18 enabled.
entering extended mode
(./monograph.tex
LaTeX2e <2025-11-01>
L3 programming layer <2026-03-20>
(/home/chakwong/.TinyTeX/texmf-dist/tex/latex/base/book.cls
Document Class: book 2025/01/22 v1.4n Standard LaTeX document class
(/home/chakwong/.TinyTeX/texmf-dist/tex/latex/base/bk12.clo)) (/home/chakwong/.TinyTeX/texmf-dist/tex/latex/geometry/geometry.sty (/home/chakwong/.TinyTeX/texmf-dist/tex/latex/graphics/keyval.sty) (/home/chakwong/.TinyTeX/texmf-dist/tex/generic/iftex/ifvtex.sty (/home/chakwong/.TinyTeX/texmf-dist/tex/generic/iftex/iftex.sty))) (/home/chakwong/.TinyTeX/texmf-dist/tex/latex/fontspec/fontspec.sty (/home/chakwong/.TinyTeX/texmf-dist/tex/latex/l3packages/xparse/xparse.sty (/home/chakwong/.TinyTeX/texmf-dist/tex/latex/l3kernel/expl3.sty (/home/chakwong/.TinyTeX/texmf-dist/tex/latex/l3backend/l3backend-xetex.def))) (/home/chakwong/.TinyTeX/texmf-dist/tex/latex/fontspec/fontspec-xetex.sty (/home/chakwong/.TinyTeX/texmf-dist/tex/latex/base/fontenc.sty) (/home/chakwong/.TinyTeX/texmf-dist/tex/latex/fontspec/fontspec.cfg))) (/home/chakwong/.TinyTeX/texmf-dist/tex/latex/amsmath/amsmath.sty
For additional information on amsmath, use the `?' option.
(/home/chakwong/.TinyTeX/texmf-dist/tex/latex/amsmath/amstext.sty (/home/chakwong/.TinyTeX/texmf-dist/tex/latex/amsmath/amsgen.sty)) (/home/chakwong/.TinyTeX/texmf-dist/tex/latex/amsmath/amsbsy.sty) (/home/chakwong/.TinyTeX/texmf-dist/tex/latex/amsmath/amsopn.sty)) (/home/chakwong/.TinyTeX/texmf-dist/tex/latex/amsfonts/amssymb.sty (/home/chakwong/.TinyTeX/texmf-dist/tex/latex/amsfonts/amsfonts.sty)) (/home/chakwong/.TinyTeX/texmf-dist/tex/latex/mathtools/mathtools.sty (/home/chakwong/.TinyTeX/texmf-dist/tex/latex/tools/calc.sty) (/home/chakwong/.TinyTeX/texmf-dist/tex/latex/mathtools/mhsetup.sty)) (/home/chakwong/.TinyTeX/texmf-dist/tex/latex/amscls/amsthm.sty) (/home/chakwong/.TinyTeX/texmf-dist/tex/latex/microtype/microtype.sty (/home/chakwong/.TinyTeX/texmf-dist/tex/latex/etoolbox/etoolbox.sty) (/home/chakwong/.TinyTeX/texmf-dist/tex/latex/microtype/microtype-xetex.def) (/home/chakwong/.TinyTeX/texmf-dist/tex/latex/microtype/microtype.cfg)) (/home/chakwong/.TinyTeX/texmf-dist/tex/latex/setspace/setspace.sty) (/home/chakwong/.TinyTeX/texmf-dist/tex/latex/booktabs/booktabs.sty) (/home/chakwong/.TinyTeX/texmf-dist/tex/latex/tools/longtable.sty) (/home/chakwong/.TinyTeX/texmf-dist/tex/latex/tools/tabularx.sty (/home/chakwong/.TinyTeX/texmf-dist/tex/latex/tools/array.sty)) (/home/chakwong/.TinyTeX/texmf-dist/tex/latex/graphics/graphicx.sty (/home/chakwong/.TinyTeX/texmf-dist/tex/latex/graphics/graphics.sty (/home/chakwong/.TinyTeX/texmf-dist/tex/latex/graphics/trig.sty) (/home/chakwong/.TinyTeX/texmf-dist/tex/latex/graphics-cfg/graphics.cfg) (/home/chakwong/.TinyTeX/texmf-dist/tex/latex/graphics-def/xetex.def))) (/home/chakwong/.TinyTeX/texmf-dist/tex/latex/xcolor/xcolor.sty (/home/chakwong/.TinyTeX/texmf-dist/tex/latex/graphics-cfg/color.cfg) (/home/chakwong/.TinyTeX/texmf-dist/tex/latex/graphics/mathcolor.ltx)) (/home/chakwong/.TinyTeX/texmf-dist/tex/latex/pgf/frontendlayer/tikz.sty (/home/chakwong/.TinyTeX/texmf-dist/tex/latex/pgf/basiclayer/pgf.sty (/home/chakwong/.TinyTeX/texmf-dist/tex/latex/pgf/utilities/pgfrcs.sty (/home/chakwong/.TinyTeX/texmf-dist/tex/generic/pgf/utilities/pgfutil-common.tex) (/home/chakwong/.TinyTeX/texmf-dist/tex/generic/pgf/utilities/pgfutil-latex.def) (/home/chakwong/.TinyTeX/texmf-dist/tex/generic/pgf/utilities/pgfrcs.code.tex (/home/chakwong/.TinyTeX/texmf-dist/tex/generic/pgf/pgf.revision.tex))) (/home/chakwong/.TinyTeX/texmf-dist/tex/latex/pgf/basiclayer/pgfcore.sty (/home/chakwong/.TinyTeX/texmf-dist/tex/latex/pgf/systemlayer/pgfsys.sty (/home/chakwong/.TinyTeX/texmf-dist/tex/generic/pgf/systemlayer/pgfsys.code.tex (/home/chakwong/.TinyTeX/texmf-dist/tex/generic/pgf/utilities/pgfkeys.code.tex (/home/chakwong/.TinyTeX/texmf-dist/tex/generic/pgf/utilities/pgfkeyslibraryfiltered.code.tex)) (/home/chakwong/.TinyTeX/texmf-dist/tex/generic/pgf/systemlayer/pgf.cfg) (/home/chakwong/.TinyTeX/texmf-dist/tex/generic/pgf/systemlayer/pgfsys-xetex.def (/home/chakwong/.TinyTeX/texmf-dist/tex/generic/pgf/systemlayer/pgfsys-dvipdfmx.def (/home/chakwong/.TinyTeX/texmf-dist/tex/generic/pgf/systemlayer/pgfsys-common-pdf.def)))) (/home/chakwong/.TinyTeX/texmf-dist/tex/generic/pgf/systemlayer/pgfsyssoftpath.code.tex) (/home/chakwong/.TinyTeX/texmf-dist/tex/generic/pgf/systemlayer/pgfsysprotocol.code.tex)) (/home/chakwong/.TinyTeX/texmf-dist/tex/generic/pgf/basiclayer/pgfcore.code.tex (/home/chakwong/.TinyTeX/texmf-dist/tex/generic/pgf/math/pgfmath.code.tex (/home/chakwong/.TinyTeX/texmf-dist/tex/generic/pgf/math/pgfmathutil.code.tex) (/home/chakwong/.TinyTeX/texmf-dist/tex/generic/pgf/math/pgfmathparser.code.tex) (/home/chakwong/.TinyTeX/texmf-dist/tex/generic/pgf/math/pgfmathfunctions.code.tex) (/home/chakwong/.TinyTeX/texmf-dist/tex/generic/pgf/math/pgfmathfunctions.basic.code.tex) (/home/chakwong/.TinyTeX/texmf-dist/tex/generic/pgf/math/pgfmathfunctions.trigonometric.code.tex) (/home/chakwong/.TinyTeX/texmf-dist/tex/generic/pgf/math/pgfmathfunctions.random.code.tex) (/home/chakwong/.TinyTeX/texmf-dist/tex/generic/pgf/math/pgfmathfunctions.comparison.code.tex) (/home/chakwong/.TinyTeX/texmf-dist/tex/generic/pgf/math/pgfmathfunctions.base.code.tex) (/home/chakwong/.TinyTeX/texmf-dist/tex/generic/pgf/math/pgfmathfunctions.round.code.tex) (/home/chakwong/.TinyTeX/texmf-dist/tex/generic/pgf/math/pgfmathfunctions.misc.code.tex) (/home/chakwong/.TinyTeX/texmf-dist/tex/generic/pgf/math/pgfmathfunctions.integerarithmetics.code.tex) (/home/chakwong/.TinyTeX/texmf-dist/tex/generic/pgf/math/pgfmathcalc.code.tex) (/home/chakwong/.TinyTeX/texmf-dist/tex/generic/pgf/math/pgfmathfloat.code.tex)) (/home/chakwong/.TinyTeX/texmf-dist/tex/generic/pgf/math/pgfint.code.tex) (/home/chakwong/.TinyTeX/texmf-dist/tex/generic/pgf/basiclayer/pgfcorepoints.code.tex) (/home/chakwong/.TinyTeX/texmf-dist/tex/generic/pgf/basiclayer/pgfcorepathconstruct.code.tex) (/home/chakwong/.TinyTeX/texmf-dist/tex/generic/pgf/basiclayer/pgfcorepathusage.code.tex) (/home/chakwong/.TinyTeX/texmf-dist/tex/generic/pgf/basiclayer/pgfcorescopes.code.tex) (/home/chakwong/.TinyTeX/texmf-dist/tex/generic/pgf/basiclayer/pgfcoregraphicstate.code.tex) (/home/chakwong/.TinyTeX/texmf-dist/tex/generic/pgf/basiclayer/pgfcoretransformations.code.tex) (/home/chakwong/.TinyTeX/texmf-dist/tex/generic/pgf/basiclayer/pgfcorequick.code.tex) (/home/chakwong/.TinyTeX/texmf-dist/tex/generic/pgf/basiclayer/pgfcoreobjects.code.tex) (/home/chakwong/.TinyTeX/texmf-dist/tex/generic/pgf/basiclayer/pgfcorepathprocessing.code.tex) (/home/chakwong/.TinyTeX/texmf-dist/tex/generic/pgf/basiclayer/pgfcorearrows.code.tex) (/home/chakwong/.TinyTeX/texmf-dist/tex/generic/pgf/basiclayer/pgfcoreshade.code.tex) (/home/chakwong/.TinyTeX/texmf-dist/tex/generic/pgf/basiclayer/pgfcoreimage.code.tex) (/home/chakwong/.TinyTeX/texmf-dist/tex/generic/pgf/basiclayer/pgfcoreexternal.code.tex) (/home/chakwong/.TinyTeX/texmf-dist/tex/generic/pgf/basiclayer/pgfcorelayers.code.tex) (/home/chakwong/.TinyTeX/texmf-dist/tex/generic/pgf/basiclayer/pgfcoretransparency.code.tex) (/home/chakwong/.TinyTeX/texmf-dist/tex/generic/pgf/basiclayer/pgfcorepatterns.code.tex) (/home/chakwong/.TinyTeX/texmf-dist/tex/generic/pgf/basiclayer/pgfcorerdf.code.tex))) (/home/chakwong/.TinyTeX/texmf-dist/tex/generic/pgf/modules/pgfmoduleshapes.code.tex) (/home/chakwong/.TinyTeX/texmf-dist/tex/generic/pgf/modules/pgfmoduleplot.code.tex) (/home/chakwong/.TinyTeX/texmf-dist/tex/latex/pgf/compatibility/pgfcomp-version-0-65.sty) (/home/chakwong/.TinyTeX/texmf-dist/tex/latex/pgf/compatibility/pgfcomp-version-1-18.sty)) (/home/chakwong/.TinyTeX/texmf-dist/tex/latex/pgf/utilities/pgffor.sty (/home/chakwong/.TinyTeX/texmf-dist/tex/latex/pgf/utilities/pgfkeys.sty (/home/chakwong/.TinyTeX/texmf-dist/tex/generic/pgf/utilities/pgfkeys.code.tex)) (/home/chakwong/.TinyTeX/texmf-dist/tex/latex/pgf/math/pgfmath.sty (/home/chakwong/.TinyTeX/texmf-dist/tex/generic/pgf/math/pgfmath.code.tex)) (/home/chakwong/.TinyTeX/texmf-dist/tex/generic/pgf/utilities/pgffor.code.tex)) (/home/chakwong/.TinyTeX/texmf-dist/tex/generic/pgf/frontendlayer/tikz/tikz.code.tex (/home/chakwong/.TinyTeX/texmf-dist/tex/generic/pgf/libraries/pgflibraryplothandlers.code.tex) (/home/chakwong/.TinyTeX/texmf-dist/tex/generic/pgf/modules/pgfmodulematrix.code.tex) (/home/chakwong/.TinyTeX/texmf-dist/tex/generic/pgf/frontendlayer/tikz/libraries/tikzlibrarytopaths.code.tex))) (/home/chakwong/.TinyTeX/texmf-dist/tex/generic/pgf/libraries/pgflibraryarrows.meta.code.tex) (/home/chakwong/.TinyTeX/texmf-dist/tex/generic/pgf/frontendlayer/tikz/libraries/tikzlibrarypositioning.code.tex) (/home/chakwong/.TinyTeX/texmf-dist/tex/generic/pgf/frontendlayer/tikz/libraries/tikzlibrarycalc.code.tex) (/home/chakwong/.TinyTeX/texmf-dist/tex/generic/pgf/frontendlayer/tikz/libraries/tikzlibraryshapes.geometric.code.tex (/home/chakwong/.TinyTeX/texmf-dist/tex/generic/pgf/libraries/shapes/pgflibraryshapes.geometric.code.tex)) (/home/chakwong/.TinyTeX/texmf-dist/tex/latex/enumitem/enumitem.sty) (/home/chakwong/.TinyTeX/texmf-dist/tex/latex/listings/listings.sty (/home/chakwong/.TinyTeX/texmf-dist/tex/latex/listings/lstpatch.sty) (/home/chakwong/.TinyTeX/texmf-dist/tex/latex/listings/lstmisc.sty) (/home/chakwong/.TinyTeX/texmf-dist/tex/latex/listings/listings.cfg))
==> First Aid for listings.sty no longer applied!
    Expected:
        2024/09/23 1.10c (Carsten Heinz)
    but found:
        2025/11/14 1.11b (Carsten Heinz)
    so I'm assuming it got fixed.
(/home/chakwong/.TinyTeX/texmf-dist/tex/latex/titlesec/titlesec.sty) (/home/chakwong/.TinyTeX/texmf-dist/tex/latex/natbib/natbib.sty) (/home/chakwong/.TinyTeX/texmf-dist/tex/latex/url/url.sty) (/home/chakwong/.TinyTeX/texmf-dist/tex/latex/hyperref/hyperref.sty (/home/chakwong/.TinyTeX/texmf-dist/tex/latex/kvsetkeys/kvsetkeys.sty) (/home/chakwong/.TinyTeX/texmf-dist/tex/generic/kvdefinekeys/kvdefinekeys.sty) (/home/chakwong/.TinyTeX/texmf-dist/tex/generic/pdfescape/pdfescape.sty (/home/chakwong/.TinyTeX/texmf-dist/tex/generic/ltxcmds/ltxcmds.sty) (/home/chakwong/.TinyTeX/texmf-dist/tex/generic/pdftexcmds/pdftexcmds.sty (/home/chakwong/.TinyTeX/texmf-dist/tex/generic/infwarerr/infwarerr.sty))) (/home/chakwong/.TinyTeX/texmf-dist/tex/latex/hycolor/hycolor.sty) (/home/chakwong/.TinyTeX/texmf-dist/tex/latex/hyperref/nameref.sty (/home/chakwong/.TinyTeX/texmf-dist/tex/latex/refcount/refcount.sty) (/home/chakwong/.TinyTeX/texmf-dist/tex/generic/gettitlestring/gettitlestring.sty (/home/chakwong/.TinyTeX/texmf-dist/tex/latex/kvoptions/kvoptions.sty))) (/home/chakwong/.TinyTeX/texmf-dist/tex/generic/stringenc/stringenc.sty) (/home/chakwong/.TinyTeX/texmf-dist/tex/latex/hyperref/pd1enc.def) (/home/chakwong/.TinyTeX/texmf-dist/tex/generic/intcalc/intcalc.sty) (/home/chakwong/.TinyTeX/texmf-dist/tex/latex/hyperref/puenc.def) (/home/chakwong/.TinyTeX/texmf-dist/tex/generic/bitset/bitset.sty (/home/chakwong/.TinyTeX/texmf-dist/tex/generic/bigintcalc/bigintcalc.sty))) (/home/chakwong/.TinyTeX/texmf-dist/tex/latex/hyperref/hxetex.def (/home/chakwong/.TinyTeX/texmf-dist/tex/latex/rerunfilecheck/rerunfilecheck.sty (/home/chakwong/.TinyTeX/texmf-dist/tex/generic/uniquecounter/uniquecounter.sty))) (./monograph.aux (./chapters/01-problem.aux) (./chapters/02-circular.aux) (./chapters/03-proof.aux) (./chapters/04-languages.aux) (./chapters/05-search.aux) (./chapters/06-ensemble.aux) (./chapters/07-verification.aux) (./chapters/08-implementation.aux) (./chapters/09-evaluation.aux) (./chapters/10-operation.aux))
*geometry* driver: auto-detecting
*geometry* detected driver: xetex
(/home/chakwong/.TinyTeX/texmf-dist/tex/latex/microtype/mt-Palatino.cfg) (./monograph.out) (./monograph.out) (/home/chakwong/.TinyTeX/texmf-dist/tex/latex/amsfonts/umsa.fd) (/home/chakwong/.TinyTeX/texmf-dist/tex/latex/microtype/mt-msa.cfg) (/home/chakwong/.TinyTeX/texmf-dist/tex/latex/amsfonts/umsb.fd) (/home/chakwong/.TinyTeX/texmf-dist/tex/latex/microtype/mt-msb.cfg) (/home/chakwong/.TinyTeX/texmf-dist/tex/latex/microtype/mt-cmr.cfg) [1] [1] [2] (./monograph.toc [3] [4]) [5] (./chapters/01-problem.tex
Chapter 1.

Underfull \hbox (badness 2057) in paragraph at lines 1--1
|\TU/TeXGyreHeros(0)/b/n/24.88 A correct program can enforce the
[1] [2] [3] [4] [5] [6] [7] [8]) [9] (./chapters/02-circular.tex
Chapter 2.

Underfull \hbox (badness 1221) in paragraph at lines 6--13
\TU/TeXGyrePagella(0)/m/n/12 retained experiment selected its paragraph-10 gift restriction. The circular as a
[10] [11] [12] [13] [14] [15]

LaTeX Warning: Reference `ch:verification' on page 16 undefined on input line 333.

[16] [17] [18] [19]) [20] (./chapters/03-proof.tex
Chapter 3.

LaTeX Warning: Reference `ch:verification' on page 21 undefined on input line 46.

[21] [22] [23] [24] [25] [26] [27] [28] [29]) [30] [31] (./chapters/04-languages.tex
Chapter 4.
[32]
Underfull \hbox (badness 1968) in paragraph at lines 85--85
|[]\TU/TeXGyreHeros(0)/b/n/17.28 Controlled English: readable structure with re-
[33] [34] [35] [36] [37] [38]
Underfull \hbox (badness 1960) in paragraph at lines 344--351
[]\TU/TeXGyrePagella(0)/m/n/12 General verification cannot be promised for every expressive contract language.

Underfull \hbox (badness 1590) in paragraph at lines 344--351
[][]\TU/TeXGyrePagella(0)/m/n/12 Delzanno et al.[][] ([][]2026[][]) establish undecidability results for clause reachability in
[39] [40] [41]

LaTeX Warning: Reference `ch:evaluation' on page 42 undefined on input line 504.

[42] [43] [44]) [45] (./chapters/05-search.tex
Chapter 5.
[46] [47] [48] [49] [50] [51]

LaTeX Warning: Reference `ch:evaluation' on page 52 undefined on input line 340.

[52] [53]

LaTeX Warning: Reference `ch:evaluation' on page 54 undefined on input line 425.

[54]) [55] (./chapters/06-ensemble.tex
Chapter 6.

Overfull \hbox (11.23944pt too wide) in paragraph at lines 1--1
|\TU/TeXGyreHeros(0)/b/n/24.88 An accountable ensemble with bounded

LaTeX Warning: Reference `ch:evaluation' on page 56 undefined on input line 43.

[56] [57] [58] [59] [60] [61] [62] [63] [64] [65] [66] [67]
Underfull \hbox (badness 1742) in paragraph at lines 644--650
\TU/TeXGyrePagella(0)/m/n/12 An action moves through \TU/DejaVuSansMono(0)/m/n/12 RESERVED\TU/TeXGyrePagella(0)/m/n/12 , \TU/DejaVuSansMono(0)/m/n/12 DISPATCHED\TU/TeXGyrePagella(0)/m/n/12 , and one of \TU/DejaVuSansMono(0)/m/n/12 SUCCEEDED\TU/TeXGyrePagella(0)/m/n/12 , \TU/DejaVuSansMono(0)/m/n/12 FAILED\TU/TeXGyrePagella(0)/m/n/12 ,
[68] [69] [70] [71] [72] [73]

LaTeX Warning: Reference `ch:implementation' on page 74 undefined on input line 905.

[74]
Underfull \hbox (badness 1005) in paragraph at lines 932--938
\TU/TeXGyrePagella(0)/m/n/12 into reproducible evidence. Its human readability matters because a technically
[75] [76]) [77]
No file chapters/07-verification.tex.
No file chapters/08-implementation.tex.
No file chapters/09-evaluation.tex.
No file chapters/10-operation.tex.
(./monograph.bbl [78] [79] [80] [81]) [82] (./monograph.aux (./chapters/01-problem.aux) (./chapters/02-circular.aux) (./chapters/03-proof.aux) (./chapters/04-languages.aux) (./chapters/05-search.aux) (./chapters/06-ensemble.aux) (./chapters/07-verification.aux) (./chapters/08-implementation.aux) (./chapters/09-evaluation.aux) (./chapters/10-operation.aux))

LaTeX Warning: There were undefined references.

 )
(see the transcript file for additional information)
Output written on monograph.xdv (88 pages, 2581736 bytes).
Transcript written on monograph.log.
Latexmk: Getting log file 'monograph.log'
Latexmk: Examining 'monograph.fls'
Latexmk: Examining 'monograph.log'
Latexmk: Missing input file 'chapters/07-verification.tex' message in .log file:
  No file chapters/07-verification.tex.
Latexmk: Missing input file 'chapters/08-implementation.tex' message in .log file:
  No file chapters/08-implementation.tex.
Latexmk: Missing input file 'chapters/09-evaluation.tex' message in .log file:
  No file chapters/09-evaluation.tex.
Latexmk: Missing input file 'chapters/10-operation.tex' message in .log file:
  No file chapters/10-operation.tex.
Latexmk: Found input bbl file 'monograph.bbl'
Latexmk: Log file says output to 'monograph.xdv'
Latexmk: Using bibtex to make bibliography file(s).
  ===Source file 'monograph.bbl' for 'xelatex'
Latexmk: Found bibliography file(s):
  ./references.bib
Latexmk: applying rule 'bibtex monograph'...
Rule 'bibtex monograph':  Reasons for rerun
Changed files or newly in use/created:
  chapters/05-search.aux

------------
Run number 3 of rule 'bibtex monograph'
------------
------------
Running 'bibtex  "monograph.aux"'
------------
This is BibTeX, Version 0.99e (TeX Live 2026)
The top-level auxiliary file: monograph.aux
The style file: plainnat.bst
Database file #1: references.bib
Latexmk: applying rule 'xelatex'...
Rule 'xelatex':  Reasons for rerun
Changed files or newly in use/created:
  chapters/05-search.aux

------------
Run number 4 of rule 'xelatex'
------------
------------
Running 'xelatex -no-pdf -interaction=nonstopmode -halt-on-error -recorder  "monograph.tex"'
------------
This is XeTeX, Version 3.141592653-2.6-0.999998 (TeX Live 2026) (preloaded format=xelatex)
 restricted \write18 enabled.
entering extended mode
(./monograph.tex
LaTeX2e <2025-11-01>
L3 programming layer <2026-03-20>
(/home/chakwong/.TinyTeX/texmf-dist/tex/latex/base/book.cls
Document Class: book 2025/01/22 v1.4n Standard LaTeX document class
(/home/chakwong/.TinyTeX/texmf-dist/tex/latex/base/bk12.clo)) (/home/chakwong/.TinyTeX/texmf-dist/tex/latex/geometry/geometry.sty (/home/chakwong/.TinyTeX/texmf-dist/tex/latex/graphics/keyval.sty) (/home/chakwong/.TinyTeX/texmf-dist/tex/generic/iftex/ifvtex.sty (/home/chakwong/.TinyTeX/texmf-dist/tex/generic/iftex/iftex.sty))) (/home/chakwong/.TinyTeX/texmf-dist/tex/latex/fontspec/fontspec.sty (/home/chakwong/.TinyTeX/texmf-dist/tex/latex/l3packages/xparse/xparse.sty (/home/chakwong/.TinyTeX/texmf-dist/tex/latex/l3kernel/expl3.sty (/home/chakwong/.TinyTeX/texmf-dist/tex/latex/l3backend/l3backend-xetex.def))) (/home/chakwong/.TinyTeX/texmf-dist/tex/latex/fontspec/fontspec-xetex.sty (/home/chakwong/.TinyTeX/texmf-dist/tex/latex/base/fontenc.sty) (/home/chakwong/.TinyTeX/texmf-dist/tex/latex/fontspec/fontspec.cfg))) (/home/chakwong/.TinyTeX/texmf-dist/tex/latex/amsmath/amsmath.sty
For additional information on amsmath, use the `?' option.
(/home/chakwong/.TinyTeX/texmf-dist/tex/latex/amsmath/amstext.sty (/home/chakwong/.TinyTeX/texmf-dist/tex/latex/amsmath/amsgen.sty)) (/home/chakwong/.TinyTeX/texmf-dist/tex/latex/amsmath/amsbsy.sty) (/home/chakwong/.TinyTeX/texmf-dist/tex/latex/amsmath/amsopn.sty)) (/home/chakwong/.TinyTeX/texmf-dist/tex/latex/amsfonts/amssymb.sty (/home/chakwong/.TinyTeX/texmf-dist/tex/latex/amsfonts/amsfonts.sty)) (/home/chakwong/.TinyTeX/texmf-dist/tex/latex/mathtools/mathtools.sty (/home/chakwong/.TinyTeX/texmf-dist/tex/latex/tools/calc.sty) (/home/chakwong/.TinyTeX/texmf-dist/tex/latex/mathtools/mhsetup.sty)) (/home/chakwong/.TinyTeX/texmf-dist/tex/latex/amscls/amsthm.sty) (/home/chakwong/.TinyTeX/texmf-dist/tex/latex/microtype/microtype.sty (/home/chakwong/.TinyTeX/texmf-dist/tex/latex/etoolbox/etoolbox.sty) (/home/chakwong/.TinyTeX/texmf-dist/tex/latex/microtype/microtype-xetex.def) (/home/chakwong/.TinyTeX/texmf-dist/tex/latex/microtype/microtype.cfg)) (/home/chakwong/.TinyTeX/texmf-dist/tex/latex/setspace/setspace.sty) (/home/chakwong/.TinyTeX/texmf-dist/tex/latex/booktabs/booktabs.sty) (/home/chakwong/.TinyTeX/texmf-dist/tex/latex/tools/longtable.sty) (/home/chakwong/.TinyTeX/texmf-dist/tex/latex/tools/tabularx.sty (/home/chakwong/.TinyTeX/texmf-dist/tex/latex/tools/array.sty)) (/home/chakwong/.TinyTeX/texmf-dist/tex/latex/graphics/graphicx.sty (/home/chakwong/.TinyTeX/texmf-dist/tex/latex/graphics/graphics.sty (/home/chakwong/.TinyTeX/texmf-dist/tex/latex/graphics/trig.sty) (/home/chakwong/.TinyTeX/texmf-dist/tex/latex/graphics-cfg/graphics.cfg) (/home/chakwong/.TinyTeX/texmf-dist/tex/latex/graphics-def/xetex.def))) (/home/chakwong/.TinyTeX/texmf-dist/tex/latex/xcolor/xcolor.sty (/home/chakwong/.TinyTeX/texmf-dist/tex/latex/graphics-cfg/color.cfg) (/home/chakwong/.TinyTeX/texmf-dist/tex/latex/graphics/mathcolor.ltx)) (/home/chakwong/.TinyTeX/texmf-dist/tex/latex/pgf/frontendlayer/tikz.sty (/home/chakwong/.TinyTeX/texmf-dist/tex/latex/pgf/basiclayer/pgf.sty (/home/chakwong/.TinyTeX/texmf-dist/tex/latex/pgf/utilities/pgfrcs.sty (/home/chakwong/.TinyTeX/texmf-dist/tex/generic/pgf/utilities/pgfutil-common.tex) (/home/chakwong/.TinyTeX/texmf-dist/tex/generic/pgf/utilities/pgfutil-latex.def) (/home/chakwong/.TinyTeX/texmf-dist/tex/generic/pgf/utilities/pgfrcs.code.tex (/home/chakwong/.TinyTeX/texmf-dist/tex/generic/pgf/pgf.revision.tex))) (/home/chakwong/.TinyTeX/texmf-dist/tex/latex/pgf/basiclayer/pgfcore.sty (/home/chakwong/.TinyTeX/texmf-dist/tex/latex/pgf/systemlayer/pgfsys.sty (/home/chakwong/.TinyTeX/texmf-dist/tex/generic/pgf/systemlayer/pgfsys.code.tex (/home/chakwong/.TinyTeX/texmf-dist/tex/generic/pgf/utilities/pgfkeys.code.tex (/home/chakwong/.TinyTeX/texmf-dist/tex/generic/pgf/utilities/pgfkeyslibraryfiltered.code.tex)) (/home/chakwong/.TinyTeX/texmf-dist/tex/generic/pgf/systemlayer/pgf.cfg) (/home/chakwong/.TinyTeX/texmf-dist/tex/generic/pgf/systemlayer/pgfsys-xetex.def (/home/chakwong/.TinyTeX/texmf-dist/tex/generic/pgf/systemlayer/pgfsys-dvipdfmx.def (/home/chakwong/.TinyTeX/texmf-dist/tex/generic/pgf/systemlayer/pgfsys-common-pdf.def)))) (/home/chakwong/.TinyTeX/texmf-dist/tex/generic/pgf/systemlayer/pgfsyssoftpath.code.tex) (/home/chakwong/.TinyTeX/texmf-dist/tex/generic/pgf/systemlayer/pgfsysprotocol.code.tex)) (/home/chakwong/.TinyTeX/texmf-dist/tex/generic/pgf/basiclayer/pgfcore.code.tex (/home/chakwong/.TinyTeX/texmf-dist/tex/generic/pgf/math/pgfmath.code.tex (/home/chakwong/.TinyTeX/texmf-dist/tex/generic/pgf/math/pgfmathutil.code.tex) (/home/chakwong/.TinyTeX/texmf-dist/tex/generic/pgf/math/pgfmathparser.code.tex) (/home/chakwong/.TinyTeX/texmf-dist/tex/generic/pgf/math/pgfmathfunctions.code.tex) (/home/chakwong/.TinyTeX/texmf-dist/tex/generic/pgf/math/pgfmathfunctions.basic.code.tex) (/home/chakwong/.TinyTeX/texmf-dist/tex/generic/pgf/math/pgfmathfunctions.trigonometric.code.tex) (/home/chakwong/.TinyTeX/texmf-dist/tex/generic/pgf/math/pgfmathfunctions.random.code.tex) (/home/chakwong/.TinyTeX/texmf-dist/tex/generic/pgf/math/pgfmathfunctions.comparison.code.tex) (/home/chakwong/.TinyTeX/texmf-dist/tex/generic/pgf/math/pgfmathfunctions.base.code.tex) (/home/chakwong/.TinyTeX/texmf-dist/tex/generic/pgf/math/pgfmathfunctions.round.code.tex) (/home/chakwong/.TinyTeX/texmf-dist/tex/generic/pgf/math/pgfmathfunctions.misc.code.tex) (/home/chakwong/.TinyTeX/texmf-dist/tex/generic/pgf/math/pgfmathfunctions.integerarithmetics.code.tex) (/home/chakwong/.TinyTeX/texmf-dist/tex/generic/pgf/math/pgfmathcalc.code.tex) (/home/chakwong/.TinyTeX/texmf-dist/tex/generic/pgf/math/pgfmathfloat.code.tex)) (/home/chakwong/.TinyTeX/texmf-dist/tex/generic/pgf/math/pgfint.code.tex) (/home/chakwong/.TinyTeX/texmf-dist/tex/generic/pgf/basiclayer/pgfcorepoints.code.tex) (/home/chakwong/.TinyTeX/texmf-dist/tex/generic/pgf/basiclayer/pgfcorepathconstruct.code.tex) (/home/chakwong/.TinyTeX/texmf-dist/tex/generic/pgf/basiclayer/pgfcorepathusage.code.tex) (/home/chakwong/.TinyTeX/texmf-dist/tex/generic/pgf/basiclayer/pgfcorescopes.code.tex) (/home/chakwong/.TinyTeX/texmf-dist/tex/generic/pgf/basiclayer/pgfcoregraphicstate.code.tex) (/home/chakwong/.TinyTeX/texmf-dist/tex/generic/pgf/basiclayer/pgfcoretransformations.code.tex) (/home/chakwong/.TinyTeX/texmf-dist/tex/generic/pgf/basiclayer/pgfcorequick.code.tex) (/home/chakwong/.TinyTeX/texmf-dist/tex/generic/pgf/basiclayer/pgfcoreobjects.code.tex) (/home/chakwong/.TinyTeX/texmf-dist/tex/generic/pgf/basiclayer/pgfcorepathprocessing.code.tex) (/home/chakwong/.TinyTeX/texmf-dist/tex/generic/pgf/basiclayer/pgfcorearrows.code.tex) (/home/chakwong/.TinyTeX/texmf-dist/tex/generic/pgf/basiclayer/pgfcoreshade.code.tex) (/home/chakwong/.TinyTeX/texmf-dist/tex/generic/pgf/basiclayer/pgfcoreimage.code.tex) (/home/chakwong/.TinyTeX/texmf-dist/tex/generic/pgf/basiclayer/pgfcoreexternal.code.tex) (/home/chakwong/.TinyTeX/texmf-dist/tex/generic/pgf/basiclayer/pgfcorelayers.code.tex) (/home/chakwong/.TinyTeX/texmf-dist/tex/generic/pgf/basiclayer/pgfcoretransparency.code.tex) (/home/chakwong/.TinyTeX/texmf-dist/tex/generic/pgf/basiclayer/pgfcorepatterns.code.tex) (/home/chakwong/.TinyTeX/texmf-dist/tex/generic/pgf/basiclayer/pgfcorerdf.code.tex))) (/home/chakwong/.TinyTeX/texmf-dist/tex/generic/pgf/modules/pgfmoduleshapes.code.tex) (/home/chakwong/.TinyTeX/texmf-dist/tex/generic/pgf/modules/pgfmoduleplot.code.tex) (/home/chakwong/.TinyTeX/texmf-dist/tex/latex/pgf/compatibility/pgfcomp-version-0-65.sty) (/home/chakwong/.TinyTeX/texmf-dist/tex/latex/pgf/compatibility/pgfcomp-version-1-18.sty)) (/home/chakwong/.TinyTeX/texmf-dist/tex/latex/pgf/utilities/pgffor.sty (/home/chakwong/.TinyTeX/texmf-dist/tex/latex/pgf/utilities/pgfkeys.sty (/home/chakwong/.TinyTeX/texmf-dist/tex/generic/pgf/utilities/pgfkeys.code.tex)) (/home/chakwong/.TinyTeX/texmf-dist/tex/latex/pgf/math/pgfmath.sty (/home/chakwong/.TinyTeX/texmf-dist/tex/generic/pgf/math/pgfmath.code.tex)) (/home/chakwong/.TinyTeX/texmf-dist/tex/generic/pgf/utilities/pgffor.code.tex)) (/home/chakwong/.TinyTeX/texmf-dist/tex/generic/pgf/frontendlayer/tikz/tikz.code.tex (/home/chakwong/.TinyTeX/texmf-dist/tex/generic/pgf/libraries/pgflibraryplothandlers.code.tex) (/home/chakwong/.TinyTeX/texmf-dist/tex/generic/pgf/modules/pgfmodulematrix.code.tex) (/home/chakwong/.TinyTeX/texmf-dist/tex/generic/pgf/frontendlayer/tikz/libraries/tikzlibrarytopaths.code.tex))) (/home/chakwong/.TinyTeX/texmf-dist/tex/generic/pgf/libraries/pgflibraryarrows.meta.code.tex) (/home/chakwong/.TinyTeX/texmf-dist/tex/generic/pgf/frontendlayer/tikz/libraries/tikzlibrarypositioning.code.tex) (/home/chakwong/.TinyTeX/texmf-dist/tex/generic/pgf/frontendlayer/tikz/libraries/tikzlibrarycalc.code.tex) (/home/chakwong/.TinyTeX/texmf-dist/tex/generic/pgf/frontendlayer/tikz/libraries/tikzlibraryshapes.geometric.code.tex (/home/chakwong/.TinyTeX/texmf-dist/tex/generic/pgf/libraries/shapes/pgflibraryshapes.geometric.code.tex)) (/home/chakwong/.TinyTeX/texmf-dist/tex/latex/enumitem/enumitem.sty) (/home/chakwong/.TinyTeX/texmf-dist/tex/latex/listings/listings.sty (/home/chakwong/.TinyTeX/texmf-dist/tex/latex/listings/lstpatch.sty) (/home/chakwong/.TinyTeX/texmf-dist/tex/latex/listings/lstmisc.sty) (/home/chakwong/.TinyTeX/texmf-dist/tex/latex/listings/listings.cfg))
==> First Aid for listings.sty no longer applied!
    Expected:
        2024/09/23 1.10c (Carsten Heinz)
    but found:
        2025/11/14 1.11b (Carsten Heinz)
    so I'm assuming it got fixed.
(/home/chakwong/.TinyTeX/texmf-dist/tex/latex/titlesec/titlesec.sty) (/home/chakwong/.TinyTeX/texmf-dist/tex/latex/natbib/natbib.sty) (/home/chakwong/.TinyTeX/texmf-dist/tex/latex/url/url.sty) (/home/chakwong/.TinyTeX/texmf-dist/tex/latex/hyperref/hyperref.sty (/home/chakwong/.TinyTeX/texmf-dist/tex/latex/kvsetkeys/kvsetkeys.sty) (/home/chakwong/.TinyTeX/texmf-dist/tex/generic/kvdefinekeys/kvdefinekeys.sty) (/home/chakwong/.TinyTeX/texmf-dist/tex/generic/pdfescape/pdfescape.sty (/home/chakwong/.TinyTeX/texmf-dist/tex/generic/ltxcmds/ltxcmds.sty) (/home/chakwong/.TinyTeX/texmf-dist/tex/generic/pdftexcmds/pdftexcmds.sty (/home/chakwong/.TinyTeX/texmf-dist/tex/generic/infwarerr/infwarerr.sty))) (/home/chakwong/.TinyTeX/texmf-dist/tex/latex/hycolor/hycolor.sty) (/home/chakwong/.TinyTeX/texmf-dist/tex/latex/hyperref/nameref.sty (/home/chakwong/.TinyTeX/texmf-dist/tex/latex/refcount/refcount.sty) (/home/chakwong/.TinyTeX/texmf-dist/tex/generic/gettitlestring/gettitlestring.sty (/home/chakwong/.TinyTeX/texmf-dist/tex/latex/kvoptions/kvoptions.sty))) (/home/chakwong/.TinyTeX/texmf-dist/tex/generic/stringenc/stringenc.sty) (/home/chakwong/.TinyTeX/texmf-dist/tex/latex/hyperref/pd1enc.def) (/home/chakwong/.TinyTeX/texmf-dist/tex/generic/intcalc/intcalc.sty) (/home/chakwong/.TinyTeX/texmf-dist/tex/latex/hyperref/puenc.def) (/home/chakwong/.TinyTeX/texmf-dist/tex/generic/bitset/bitset.sty (/home/chakwong/.TinyTeX/texmf-dist/tex/generic/bigintcalc/bigintcalc.sty))) (/home/chakwong/.TinyTeX/texmf-dist/tex/latex/hyperref/hxetex.def (/home/chakwong/.TinyTeX/texmf-dist/tex/latex/rerunfilecheck/rerunfilecheck.sty (/home/chakwong/.TinyTeX/texmf-dist/tex/generic/uniquecounter/uniquecounter.sty))) (./monograph.aux (./chapters/01-problem.aux) (./chapters/02-circular.aux) (./chapters/03-proof.aux) (./chapters/04-languages.aux) (./chapters/05-search.aux) (./chapters/06-ensemble.aux) (./chapters/07-verification.aux) (./chapters/08-implementation.aux) (./chapters/09-evaluation.aux) (./chapters/10-operation.aux))
*geometry* driver: auto-detecting
*geometry* detected driver: xetex
(/home/chakwong/.TinyTeX/texmf-dist/tex/latex/microtype/mt-Palatino.cfg) (./monograph.out) (./monograph.out) (/home/chakwong/.TinyTeX/texmf-dist/tex/latex/amsfonts/umsa.fd) (/home/chakwong/.TinyTeX/texmf-dist/tex/latex/microtype/mt-msa.cfg) (/home/chakwong/.TinyTeX/texmf-dist/tex/latex/amsfonts/umsb.fd) (/home/chakwong/.TinyTeX/texmf-dist/tex/latex/microtype/mt-msb.cfg) (/home/chakwong/.TinyTeX/texmf-dist/tex/latex/microtype/mt-cmr.cfg) [1] [1] [2] (./monograph.toc [3] [4]) [5] (./chapters/01-problem.tex
Chapter 1.

Underfull \hbox (badness 2057) in paragraph at lines 1--1
|\TU/TeXGyreHeros(0)/b/n/24.88 A correct program can enforce the
[1] [2] [3] [4] [5] [6] [7] [8]) [9] (./chapters/02-circular.tex
Chapter 2.

Underfull \hbox (badness 1221) in paragraph at lines 6--13
\TU/TeXGyrePagella(0)/m/n/12 retained experiment selected its paragraph-10 gift restriction. The circular as a
[10] [11] [12] [13] [14] [15]

LaTeX Warning: Reference `ch:verification' on page 16 undefined on input line 333.

[16] [17] [18] [19]) [20] (./chapters/03-proof.tex
Chapter 3.

LaTeX Warning: Reference `ch:verification' on page 21 undefined on input line 46.

[21] [22] [23] [24] [25] [26] [27] [28] [29]) [30] [31] (./chapters/04-languages.tex
Chapter 4.
[32]
Underfull \hbox (badness 1968) in paragraph at lines 85--85
|[]\TU/TeXGyreHeros(0)/b/n/17.28 Controlled English: readable structure with re-
[33] [34] [35] [36] [37] [38]
Underfull \hbox (badness 1960) in paragraph at lines 344--351
[]\TU/TeXGyrePagella(0)/m/n/12 General verification cannot be promised for every expressive contract language.

Underfull \hbox (badness 1590) in paragraph at lines 344--351
[][]\TU/TeXGyrePagella(0)/m/n/12 Delzanno et al.[][] ([][]2026[][]) establish undecidability results for clause reachability in
[39] [40] [41]

LaTeX Warning: Reference `ch:evaluation' on page 42 undefined on input line 504.

[42] [43] [44]) [45] (./chapters/05-search.tex
Chapter 5.
[46] [47] [48] [49] [50] [51]

LaTeX Warning: Reference `ch:evaluation' on page 52 undefined on input line 340.

[52] [53]

LaTeX Warning: Reference `ch:evaluation' on page 54 undefined on input line 425.

[54]) [55] (./chapters/06-ensemble.tex
Chapter 6.

Overfull \hbox (11.23944pt too wide) in paragraph at lines 1--1
|\TU/TeXGyreHeros(0)/b/n/24.88 An accountable ensemble with bounded

LaTeX Warning: Reference `ch:evaluation' on page 56 undefined on input line 43.

[56] [57] [58] [59] [60] [61] [62] [63] [64] [65] [66] [67]
Underfull \hbox (badness 1742) in paragraph at lines 644--650
\TU/TeXGyrePagella(0)/m/n/12 An action moves through \TU/DejaVuSansMono(0)/m/n/12 RESERVED\TU/TeXGyrePagella(0)/m/n/12 , \TU/DejaVuSansMono(0)/m/n/12 DISPATCHED\TU/TeXGyrePagella(0)/m/n/12 , and one of \TU/DejaVuSansMono(0)/m/n/12 SUCCEEDED\TU/TeXGyrePagella(0)/m/n/12 , \TU/DejaVuSansMono(0)/m/n/12 FAILED\TU/TeXGyrePagella(0)/m/n/12 ,
[68] [69] [70] [71] [72] [73]

LaTeX Warning: Reference `ch:implementation' on page 74 undefined on input line 905.

[74]
Underfull \hbox (badness 1005) in paragraph at lines 932--938
\TU/TeXGyrePagella(0)/m/n/12 into reproducible evidence. Its human readability matters because a technically
[75] [76]) [77]
No file chapters/07-verification.tex.
No file chapters/08-implementation.tex.
No file chapters/09-evaluation.tex.
No file chapters/10-operation.tex.
(./monograph.bbl [78] [79] [80] [81]) [82] (./monograph.aux (./chapters/01-problem.aux) (./chapters/02-circular.aux) (./chapters/03-proof.aux) (./chapters/04-languages.aux) (./chapters/05-search.aux) (./chapters/06-ensemble.aux) (./chapters/07-verification.aux) (./chapters/08-implementation.aux) (./chapters/09-evaluation.aux) (./chapters/10-operation.aux))

LaTeX Warning: There were undefined references.

 )
(see the transcript file for additional information)
Output written on monograph.xdv (88 pages, 2581736 bytes).
Transcript written on monograph.log.
Latexmk: Getting log file 'monograph.log'
Latexmk: Examining 'monograph.fls'
Latexmk: Examining 'monograph.log'
Latexmk: Missing input file 'chapters/07-verification.tex' message in .log file:
  No file chapters/07-verification.tex.
Latexmk: Missing input file 'chapters/08-implementation.tex' message in .log file:
  No file chapters/08-implementation.tex.
Latexmk: Missing input file 'chapters/09-evaluation.tex' message in .log file:
  No file chapters/09-evaluation.tex.
Latexmk: Missing input file 'chapters/10-operation.tex' message in .log file:
  No file chapters/10-operation.tex.
Latexmk: Found input bbl file 'monograph.bbl'
Latexmk: Log file says output to 'monograph.xdv'
Latexmk: Using bibtex to make bibliography file(s).
  ===Source file 'monograph.bbl' for 'xelatex'
Latexmk: Found bibliography file(s):
  ./references.bib
Latexmk: applying rule 'xdvipdfmx'...
Rule 'xdvipdfmx':  Reasons for rerun
Changed files or newly in use/created:
  monograph.xdv
Category 'changed_source_rules':
  xelatex

------------
Run number 1 of rule 'xdvipdfmx'
------------
------------
Running 'xdvipdfmx -E -o "monograph.pdf"  "monograph.xdv"'
------------
monograph.xdv -> monograph.pdf
[1][2][3][4][5][6][7][8][9][10][11][12][13][14][15][16][17][18][19][20][21][22][23][24][25][26][27][28][29][30][31][32][33][34][35][36][37][38][39][40][41][42][43][44][45][46][47][48][49][50][51][52][53][54][55][56][57][58][59][60][61][62][63][64][65][66][67][68][69][70][71][72][73][74][75][76][77][78][79][80][81][82][83][84][85][86][87][88]
379447 bytes written
Latexmk: Summary of warnings from last run of *latex:
  Latex failed to resolve 8 reference(s)
Latexmk: ====Problematic refs and citations with line #s in .tex file:
  Reference `ch:verification' on page 16 undefined on input line 333
  Reference `ch:verification' on page 21 undefined on input line 46
  Reference `ch:evaluation' on page 42 undefined on input line 504
  Reference `ch:evaluation' on page 52 undefined on input line 340
  Reference `ch:evaluation' on page 54 undefined on input line 425
  Reference `ch:evaluation' on page 56 undefined on input line 43
  Reference `ch:evaluation' on page 56 undefined on input line 43
 And 1 more --- see log file 'monograph.log'
Latexmk: All targets (monograph.xdv monograph.pdf) are up-to-date
Latexmk: Undoing directory change

