Title:           
Subject:         
Keywords:        
Author:          
Creator:         LaTeX with hyperref
Producer:        pdfTeX-1.40.29
CreationDate:    Mon Oct  5 20:46:58 2026 HKT
ModDate:         Mon Oct  5 20:46:58 2026 HKT
Custom Metadata: yes
Metadata Stream: no
Tagged:          no
UserProperties:  no
Suspects:        no
Form:            none
JavaScript:      no
Pages:           2
Encrypted:       no
Page size:       595.276 x 841.89 pts (A4)
Page rot:        0
File size:       124133 bytes
Optimized:       no
PDF version:     1.7
