Built technical-companion.pdf
Built monograph.pdf
Built technical-companion.pdf
Built monograph.pdf
{
  "status": "PASS",
  "errors": [],
  "citation_documents": 100,
  "citation_occurrences": 240,
  "source_unit_labels_retained": 207
}
Pages: {'monograph': 283, 'technical-companion': 76}
Traceback (most recent call last):
  File "/home/chakwong/python/legalmath/scripts/export_monograph_process_guide.py", line 5, in <module>
    import fitz
ModuleNotFoundError: No module named 'fitz'
Traceback (most recent call last):
  File "/home/chakwong/python/legalmath/scripts/build_reader_facing_monograph.py", line 63, in <module>
    main()
  File "/home/chakwong/python/legalmath/scripts/build_reader_facing_monograph.py", line 56, in main
    subprocess.run(
  File "/home/chakwong/miniconda3/envs/tfgpu/lib/python3.11/subprocess.py", line 571, in run
    raise CalledProcessError(retcode, process.args,
subprocess.CalledProcessError: Command '['/home/chakwong/python/legalmath/.venv/bin/python', 'scripts/export_monograph_process_guide.py']' returned non-zero exit status 1.
