{
  "$schema": "https://json-schema.org/draft/2020-12/schema",
  "$id": "https://legalmath.invalid/interpretation/v1/report",
  "title": "Proposed interpretation.v1 report",
  "type": "object",
  "properties": {
    "schema_version": {
      "const": "interpretation.v1"
    },
    "report_id": {
      "type": "string",
      "pattern": "^[a-z][a-z0-9_.:-]{0,127}$"
    },
    "run_id": {
      "type": "string",
      "pattern": "^[a-z][a-z0-9_.:-]{0,127}$"
    },
    "source_packet_hash": {
      "type": "string",
      "pattern": "^[0-9a-f]{64}$"
    },
    "profile_id": {
      "type": "string",
      "pattern": "^[a-z][a-z0-9_.:-]{0,127}$"
    },
    "run_status": {
      "enum": [
        "READY_FOR_REVIEW",
        "BLOCKED_UNRESOLVED",
        "CANCELLED",
        "FAILED_INTEGRITY"
      ]
    },
    "selected_slice": {
      "type": "string",
      "minLength": 1,
      "maxLength": 20000
    },
    "candidate_ids": {
      "type": "array",
      "items": {
        "type": "string",
        "pattern": "^[a-z][a-z0-9_.:-]{0,127}$"
      },
      "minItems": 0,
      "uniqueItems": true
    },
    "all_issue_ids": {
      "type": "array",
      "items": {
        "type": "string",
        "pattern": "^[a-z][a-z0-9_.:-]{0,127}$"
      },
      "minItems": 0,
      "uniqueItems": true
    },
    "material_unresolved_issue_ids": {
      "type": "array",
      "items": {
        "type": "string",
        "pattern": "^[a-z][a-z0-9_.:-]{0,127}$"
      },
      "minItems": 0,
      "uniqueItems": true
    },
    "coverage_id": {
      "type": "string",
      "pattern": "^[a-z][a-z0-9_.:-]{0,127}$"
    },
    "unexplored_family_ids": {
      "type": "array",
      "items": {
        "type": "string",
        "pattern": "^[a-z][a-z0-9_.:-]{0,127}$"
      },
      "minItems": 0,
      "uniqueItems": true
    },
    "missing_dependency_ids": {
      "type": "array",
      "items": {
        "type": "string",
        "pattern": "^[a-z][a-z0-9_.:-]{0,127}$"
      },
      "minItems": 0,
      "uniqueItems": true
    },
    "missing_initial_roles": {
      "type": "array",
      "items": {
        "type": "string",
        "pattern": "^[a-z][a-z0-9_.:-]{0,127}$"
      },
      "minItems": 0,
      "uniqueItems": true
    },
    "incomplete_mandatory_checks": {
      "type": "array",
      "items": {
        "type": "string",
        "pattern": "^[a-z][a-z0-9_.:-]{0,127}$"
      },
      "minItems": 0,
      "uniqueItems": true
    },
    "processing_stop": {
      "enum": [
        "COMPLETE_FOR_REVIEW",
        "ROUND_LIMIT",
        "ACTION_LIMIT",
        "DEADLINE",
        "NO_PROGRESS",
        "HUMAN_REQUIRED",
        "CANCELLED",
        "INTEGRITY_FAILURE"
      ]
    },
    "rounds_issued": {
      "type": "integer",
      "minimum": 0
    },
    "actions_issued": {
      "type": "integer",
      "minimum": 0
    },
    "probability_of_legal_correctness": {
      "type": "null"
    },
    "release_eligible": {
      "const": false
    },
    "next_decision": {
      "type": "string",
      "minLength": 1,
      "maxLength": 20000
    },
    "next_decision_owner_role": {
      "type": "string",
      "pattern": "^[a-z][a-z0-9_.:-]{0,127}$"
    },
    "evidence_limitations": {
      "type": "array",
      "items": {
        "type": "string",
        "minLength": 1,
        "maxLength": 20000
      },
      "minItems": 1,
      "uniqueItems": true
    },
    "created_at": {
      "type": "string",
      "format": "date-time",
      "pattern": "^\\d{4}-\\d{2}-\\d{2}T\\d{2}:\\d{2}:\\d{2}\\.\\d{6}Z$"
    }
  },
  "required": [
    "schema_version",
    "report_id",
    "run_id",
    "source_packet_hash",
    "profile_id",
    "run_status",
    "selected_slice",
    "candidate_ids",
    "all_issue_ids",
    "material_unresolved_issue_ids",
    "coverage_id",
    "unexplored_family_ids",
    "missing_dependency_ids",
    "missing_initial_roles",
    "incomplete_mandatory_checks",
    "processing_stop",
    "rounds_issued",
    "actions_issued",
    "probability_of_legal_correctness",
    "release_eligible",
    "next_decision",
    "next_decision_owner_role",
    "evidence_limitations",
    "created_at"
  ],
  "additionalProperties": false,
  "allOf": [
    {
      "if": {
        "properties": {
          "run_status": {
            "const": "READY_FOR_REVIEW"
          }
        }
      },
      "then": {
        "properties": {
          "material_unresolved_issue_ids": {
            "maxItems": 0
          },
          "unexplored_family_ids": {
            "maxItems": 0
          },
          "missing_dependency_ids": {
            "maxItems": 0
          },
          "missing_initial_roles": {
            "maxItems": 0
          },
          "incomplete_mandatory_checks": {
            "maxItems": 0
          }
        }
      }
    }
  ]
}
