Final command:
 /home/chakwong/miniconda3/envs/tfgpu/bin/python scripts/build_reader_facing_monograph.py
Working directory: /home/chakwong/python/legalmath
Exit code: 0
Observed stdout across exec session 75196:
Built technical-companion.pdf
Built monograph.pdf
Built technical-companion.pdf
Built monograph.pdf
{
  "status": "PASS",
  "errors": [],
  "citation_documents": 137,
  "citation_occurrences": 312,
  "source_unit_labels_retained": 207
}
Pages: {'monograph': 381, 'technical-companion': 89}
Exported process-guide.pdf: 25 pages

Recorded from the actual completed tool session; this is a document build,
not execution evidence for P0-P8. The detailed LaTeX logs and document-check.json
are retained under docs/monograph/review/reader-facing/.
