FFFFFFFF........FFFFFFFFFFFF...........FFFFFFFF                          [100%]
=================================== FAILURES ===================================
______ test_copular_mandatory_relation[Notes-mandatorily-ordinary shares] ______
tests/prospectus/test_loss_absorption_two_case.py:24: in test_copular_mandatory_relation
    assert row['answer'] is True
E   assert None is True
_ test_copular_mandatory_relation[Notes-mandatorily-newly issued common shares] _
tests/prospectus/test_loss_absorption_two_case.py:24: in test_copular_mandatory_relation
    assert row['answer'] is True
E   assert None is True
_____ test_copular_mandatory_relation[Notes-compulsorily-ordinary shares] ______
tests/prospectus/test_loss_absorption_two_case.py:24: in test_copular_mandatory_relation
    assert row['answer'] is True
E   assert None is True
_ test_copular_mandatory_relation[Notes-compulsorily-newly issued common shares] _
tests/prospectus/test_loss_absorption_two_case.py:24: in test_copular_mandatory_relation
    assert row['answer'] is True
E   assert None is True
_ test_copular_mandatory_relation[Preferred Securities-mandatorily-ordinary shares] _
tests/prospectus/test_loss_absorption_two_case.py:24: in test_copular_mandatory_relation
    assert row['answer'] is True
E   assert None is True
_ test_copular_mandatory_relation[Preferred Securities-mandatorily-newly issued common shares] _
tests/prospectus/test_loss_absorption_two_case.py:24: in test_copular_mandatory_relation
    assert row['answer'] is True
E   assert None is True
_ test_copular_mandatory_relation[Preferred Securities-compulsorily-ordinary shares] _
tests/prospectus/test_loss_absorption_two_case.py:24: in test_copular_mandatory_relation
    assert row['answer'] is True
E   assert None is True
_ test_copular_mandatory_relation[Preferred Securities-compulsorily-newly issued common shares] _
tests/prospectus/test_loss_absorption_two_case.py:24: in test_copular_mandatory_relation
    assert row['answer'] is True
E   assert None is True
_ test_numbered_action_inherits_only_its_governing_modal[will-ordinary shares-] _
tests/prospectus/test_loss_absorption_two_case.py:60: in test_numbered_action_inherits_only_its_governing_modal
    assert row['answer'] is True
E   assert None is True
_ test_numbered_action_inherits_only_its_governing_modal[will-ordinary shares-(and without any requirement for the consent or approval of Holders) ] _
tests/prospectus/test_loss_absorption_two_case.py:60: in test_numbered_action_inherits_only_its_governing_modal
    assert row['answer'] is True
E   assert None is True
_ test_numbered_action_inherits_only_its_governing_modal[will-Common Shares-] __
tests/prospectus/test_loss_absorption_two_case.py:60: in test_numbered_action_inherits_only_its_governing_modal
    assert row['answer'] is True
E   assert None is True
_ test_numbered_action_inherits_only_its_governing_modal[will-Common Shares-(and without any requirement for the consent or approval of Holders) ] _
tests/prospectus/test_loss_absorption_two_case.py:60: in test_numbered_action_inherits_only_its_governing_modal
    assert row['answer'] is True
E   assert None is True
_ test_numbered_action_inherits_only_its_governing_modal[shall-ordinary shares-] _
tests/prospectus/test_loss_absorption_two_case.py:60: in test_numbered_action_inherits_only_its_governing_modal
    assert row['answer'] is True
E   assert None is True
_ test_numbered_action_inherits_only_its_governing_modal[shall-ordinary shares-(and without any requirement for the consent or approval of Holders) ] _
tests/prospectus/test_loss_absorption_two_case.py:60: in test_numbered_action_inherits_only_its_governing_modal
    assert row['answer'] is True
E   assert None is True
_ test_numbered_action_inherits_only_its_governing_modal[shall-Common Shares-] _
tests/prospectus/test_loss_absorption_two_case.py:60: in test_numbered_action_inherits_only_its_governing_modal
    assert row['answer'] is True
E   assert None is True
_ test_numbered_action_inherits_only_its_governing_modal[shall-Common Shares-(and without any requirement for the consent or approval of Holders) ] _
tests/prospectus/test_loss_absorption_two_case.py:60: in test_numbered_action_inherits_only_its_governing_modal
    assert row['answer'] is True
E   assert None is True
_ test_numbered_action_inherits_only_its_governing_modal[must-ordinary shares-] _
tests/prospectus/test_loss_absorption_two_case.py:60: in test_numbered_action_inherits_only_its_governing_modal
    assert row['answer'] is True
E   assert None is True
_ test_numbered_action_inherits_only_its_governing_modal[must-ordinary shares-(and without any requirement for the consent or approval of Holders) ] _
tests/prospectus/test_loss_absorption_two_case.py:60: in test_numbered_action_inherits_only_its_governing_modal
    assert row['answer'] is True
E   assert None is True
_ test_numbered_action_inherits_only_its_governing_modal[must-Common Shares-] __
tests/prospectus/test_loss_absorption_two_case.py:60: in test_numbered_action_inherits_only_its_governing_modal
    assert row['answer'] is True
E   assert None is True
_ test_numbered_action_inherits_only_its_governing_modal[must-Common Shares-(and without any requirement for the consent or approval of Holders) ] _
tests/prospectus/test_loss_absorption_two_case.py:60: in test_numbered_action_inherits_only_its_governing_modal
    assert row['answer'] is True
E   assert None is True
___ test_denial_of_holder_option_does_not_negate_separate_mandatory_relation ___
tests/prospectus/test_loss_absorption_two_case.py:96: in test_denial_of_holder_option_does_not_negate_separate_mandatory_relation
    assert row['answer'] is True
E   assert None is True
______ test_absolute_prohibition_still_conflicts_with_mandatory_relation _______
tests/prospectus/test_loss_absorption_two_case.py:104: in test_absolute_prohibition_still_conflicts_with_mandatory_relation
    assert row['facts']['mandatory_common_conversion']=='conflict'
E   AssertionError: assert None == 'conflict'
________________ test_list_crosses_page_without_losing_context _________________
tests/prospectus/test_loss_absorption_two_case.py:113: in test_list_crosses_page_without_losing_context
    assert row['answer'] is True
E   assert None is True
_____________ test_numbered_witness_tampering_is_rejected[subject] _____________
tests/prospectus/test_loss_absorption_two_case.py:122: in test_numbered_witness_tampering_is_rejected
    assert row['answer'] is True
E   assert None is True
______________ test_numbered_witness_tampering_is_rejected[modal] ______________
tests/prospectus/test_loss_absorption_two_case.py:122: in test_numbered_witness_tampering_is_rejected
    assert row['answer'] is True
E   assert None is True
_____________ test_numbered_witness_tampering_is_rejected[trigger] _____________
tests/prospectus/test_loss_absorption_two_case.py:122: in test_numbered_witness_tampering_is_rejected
    assert row['answer'] is True
E   assert None is True
_____________ test_numbered_witness_tampering_is_rejected[action] ______________
tests/prospectus/test_loss_absorption_two_case.py:122: in test_numbered_witness_tampering_is_rejected
    assert row['answer'] is True
E   assert None is True
_____________ test_numbered_witness_tampering_is_rejected[target] ______________
tests/prospectus/test_loss_absorption_two_case.py:122: in test_numbered_witness_tampering_is_rejected
    assert row['answer'] is True
E   assert None is True
=========================== short test summary info ============================
FAILED tests/prospectus/test_loss_absorption_two_case.py::test_copular_mandatory_relation[Notes-mandatorily-ordinary shares]
FAILED tests/prospectus/test_loss_absorption_two_case.py::test_copular_mandatory_relation[Notes-mandatorily-newly issued common shares]
FAILED tests/prospectus/test_loss_absorption_two_case.py::test_copular_mandatory_relation[Notes-compulsorily-ordinary shares]
FAILED tests/prospectus/test_loss_absorption_two_case.py::test_copular_mandatory_relation[Notes-compulsorily-newly issued common shares]
FAILED tests/prospectus/test_loss_absorption_two_case.py::test_copular_mandatory_relation[Preferred Securities-mandatorily-ordinary shares]
FAILED tests/prospectus/test_loss_absorption_two_case.py::test_copular_mandatory_relation[Preferred Securities-mandatorily-newly issued common shares]
FAILED tests/prospectus/test_loss_absorption_two_case.py::test_copular_mandatory_relation[Preferred Securities-compulsorily-ordinary shares]
FAILED tests/prospectus/test_loss_absorption_two_case.py::test_copular_mandatory_relation[Preferred Securities-compulsorily-newly issued common shares]
FAILED tests/prospectus/test_loss_absorption_two_case.py::test_numbered_action_inherits_only_its_governing_modal[will-ordinary shares-]
FAILED tests/prospectus/test_loss_absorption_two_case.py::test_numbered_action_inherits_only_its_governing_modal[will-ordinary shares-(and without any requirement for the consent or approval of Holders) ]
FAILED tests/prospectus/test_loss_absorption_two_case.py::test_numbered_action_inherits_only_its_governing_modal[will-Common Shares-]
FAILED tests/prospectus/test_loss_absorption_two_case.py::test_numbered_action_inherits_only_its_governing_modal[will-Common Shares-(and without any requirement for the consent or approval of Holders) ]
FAILED tests/prospectus/test_loss_absorption_two_case.py::test_numbered_action_inherits_only_its_governing_modal[shall-ordinary shares-]
FAILED tests/prospectus/test_loss_absorption_two_case.py::test_numbered_action_inherits_only_its_governing_modal[shall-ordinary shares-(and without any requirement for the consent or approval of Holders) ]
FAILED tests/prospectus/test_loss_absorption_two_case.py::test_numbered_action_inherits_only_its_governing_modal[shall-Common Shares-]
FAILED tests/prospectus/test_loss_absorption_two_case.py::test_numbered_action_inherits_only_its_governing_modal[shall-Common Shares-(and without any requirement for the consent or approval of Holders) ]
FAILED tests/prospectus/test_loss_absorption_two_case.py::test_numbered_action_inherits_only_its_governing_modal[must-ordinary shares-]
FAILED tests/prospectus/test_loss_absorption_two_case.py::test_numbered_action_inherits_only_its_governing_modal[must-ordinary shares-(and without any requirement for the consent or approval of Holders) ]
FAILED tests/prospectus/test_loss_absorption_two_case.py::test_numbered_action_inherits_only_its_governing_modal[must-Common Shares-]
FAILED tests/prospectus/test_loss_absorption_two_case.py::test_numbered_action_inherits_only_its_governing_modal[must-Common Shares-(and without any requirement for the consent or approval of Holders) ]
FAILED tests/prospectus/test_loss_absorption_two_case.py::test_denial_of_holder_option_does_not_negate_separate_mandatory_relation
FAILED tests/prospectus/test_loss_absorption_two_case.py::test_absolute_prohibition_still_conflicts_with_mandatory_relation
FAILED tests/prospectus/test_loss_absorption_two_case.py::test_list_crosses_page_without_losing_context
FAILED tests/prospectus/test_loss_absorption_two_case.py::test_numbered_witness_tampering_is_rejected[subject]
FAILED tests/prospectus/test_loss_absorption_two_case.py::test_numbered_witness_tampering_is_rejected[modal]
FAILED tests/prospectus/test_loss_absorption_two_case.py::test_numbered_witness_tampering_is_rejected[trigger]
FAILED tests/prospectus/test_loss_absorption_two_case.py::test_numbered_witness_tampering_is_rejected[action]
FAILED tests/prospectus/test_loss_absorption_two_case.py::test_numbered_witness_tampering_is_rejected[target]
28 failed, 19 passed in 0.40s
