{
  "status": "PASS",
  "started": "2026-10-04T15:29:02.543905+00:00",
  "scope": "Local preservation and engineering checks; no legal accuracy claim",
  "reader": {
    "status": "PASS",
    "specifications": 30,
    "anchors_checked": 51,
    "offering_pdfs": 7,
    "frozen_method_files": 293,
    "independent_legal_adjudication": false,
    "engine_execution": "PASS",
    "legal_specifications_passed": "NOT_MEASURED",
    "result_files_verified": 19,
    "global_requests": 187,
    "new_requests": 75,
    "remaining": 25
  },
  "historical_campaign": {
    "files": 3775,
    "snapshot_sha256": "c8db3076838a88abbd0530aa7bcabf093afe2abd96d7f59c2f6b54b9c77b3f76"
  },
  "prior_pdfs_unchanged": 24,
  "prior_output_files_unchanged": 25,
  "sources": {
    "response_records": 58,
    "substantive_documents": 30,
    "pdfs": 24,
    "official_judgments_html": 6,
    "roles": {
      "judgment": 10,
      "base_prospectus": 2,
      "supplement": 10,
      "final_terms": 2,
      "prospectus": 3,
      "issuer_notice": 3
    },
    "receipt_files_verified": 116,
    "policy_versions": 2
  },
  "requests": {
    "cumulative": 187,
    "extension_used": 75,
    "remaining": 25,
    "ceiling": 212
  },
  "build_inputs_verified": 5,
  "build_outputs_verified": 3,
  "classification_screen": {
    "checked": 3,
    "failed": 3,
    "status": "GAPS_REPRODUCED",
    "engine_fix_applied": false
  },
  "finished": "2026-10-04T15:29:06.158262+00:00",
  "wall_seconds": 3.614,
  "command": "python3 -m scripts.verify_prospectus_corner_archive",
  "python_executable": "/home/chakwong/miniconda3/envs/tfgpu/bin/python3",
  "legal_adjudication": "PENDING",
  "rendered_pages_inspected": 18,
  "local_links_checked": 70
}
