........................................................................ [  4%]
........................................................................ [  9%]
........................................................................ [ 14%]
........................................................................ [ 18%]
........................................................................ [ 23%]
........................................................................ [ 28%]
........................................................................ [ 33%]
........................................................................ [ 37%]
........................................................................ [ 42%]
........................................................................ [ 47%]
........................................................................ [ 52%]
.............F.......................................................... [ 56%]
........................................................................ [ 61%]
........................................................................ [ 66%]
........................................................................ [ 71%]
........................................................................ [ 75%]
........................................................................ [ 80%]
........................................................................ [ 85%]
........................................................................ [ 90%]
........................................................................ [ 94%]
........................................................................ [ 99%]
.......                                                                  [100%]
=================================== FAILURES ===================================
___ test_retained_authentication_appendix_is_an_explicit_root_for_both_arms ____

    def test_retained_authentication_appendix_is_an_explicit_root_for_both_arms():
        tasks=[read(ROOT/r['path']) for r in read(OUT/'task-freeze.json')['tasks']]
>       prepared=prepare(ROOT,OUT,tasks)
                 ^^^^^^^^^^^^^^^^^^^^^^^

tests/assurance/test_successor_source_freeze.py:16: 
_ _ _ _ _ _ _ _ _ _ _ _ _ _ _ _ _ _ _ _ _ _ _ _ _ _ _ _ _ _ _ _ _ _ _ _ _ _ _ _ 
scripts/assurance_successor_sources.py:26: in prepare
    refs.append({'path':str(Path(original['path']).resolve().relative_to(root.resolve())),
                            ^^^^^^^^^^^^^^^^^^^^^^^^^^^^^^^^^^^^^^^^^^^^^^^^^^^^^^^^^^^^
_ _ _ _ _ _ _ _ _ _ _ _ _ _ _ _ _ _ _ _ _ _ _ _ _ _ _ _ _ _ _ _ _ _ _ _ _ _ _ _ 

self = PosixPath('/home/chakwong/python/legalmath/artifacts/assurance-successor/2026-09-28/source-26EC35-appendix.pdf')
other = (PosixPath('/tmp/legalmath-continuation-final-20260929'),)
parts = ['/', 'home', 'chakwong', 'python', 'legalmath', 'artifacts', ...]
drv = '', root = '/'

    def relative_to(self, *other):
        """Return the relative path to another path identified by the passed
        arguments.  If the operation is not possible (because this is not
        a subpath of the other path), raise ValueError.
        """
        # For the purpose of this method, drive and root are considered
        # separate parts, i.e.:
        #   Path('c:/').relative_to('c:')  gives Path('/')
        #   Path('c:/').relative_to('/')   raise ValueError
        if not other:
            raise TypeError("need at least one argument")
        parts = self._parts
        drv = self._drv
        root = self._root
        if root:
            abs_parts = [drv, root] + parts[1:]
        else:
            abs_parts = parts
        to_drv, to_root, to_parts = self._parse_args(other)
        if to_root:
            to_abs_parts = [to_drv, to_root] + to_parts[1:]
        else:
            to_abs_parts = to_parts
        n = len(to_abs_parts)
        cf = self._flavour.casefold_parts
        if (root or drv) if n == 0 else cf(abs_parts[:n]) != cf(to_abs_parts):
            formatted = self._format_parsed_parts(to_drv, to_root, to_parts)
>           raise ValueError("{!r} is not in the subpath of {!r}"
                    " OR one path is relative and the other is absolute."
                             .format(str(self), str(formatted)))
E           ValueError: '/home/chakwong/python/legalmath/artifacts/assurance-successor/2026-09-28/source-26EC35-appendix.pdf' is not in the subpath of '/tmp/legalmath-continuation-final-20260929' OR one path is relative and the other is absolute.

/home/chakwong/miniconda3/envs/tfgpu/lib/python3.11/pathlib.py:730: ValueError
=============================== warnings summary ===============================
.venv/lib/python3.11/site-packages/fastapi/testclient.py:1
  /tmp/legalmath-continuation-final-20260929/.venv/lib/python3.11/site-packages/fastapi/testclient.py:1: StarletteDeprecationWarning: Using `httpx` with `starlette.testclient` is deprecated; install `httpx2` instead.
    from starlette.testclient import TestClient as TestClient  # noqa

.venv/lib/python3.11/site-packages/starlette/testclient.py:53
  /tmp/legalmath-continuation-final-20260929/.venv/lib/python3.11/site-packages/starlette/testclient.py:53: DeprecationWarning: The anyio.abc.BlockingPortal alias is deprecated, use anyio.from_thread.BlockingPortal instead.
    _PortalFactoryType = Callable[[], AbstractContextManager[anyio.abc.BlockingPortal]]

-- Docs: https://docs.pytest.org/en/stable/how-to/capture-warnings.html
=========================== short test summary info ============================
FAILED tests/assurance/test_successor_source_freeze.py::test_retained_authentication_appendix_is_an_explicit_root_for_both_arms
1 failed, 1518 passed, 2 warnings in 1145.36s (0:19:05)
