Rc files read (in order):
  NONE
Latexmk: This is Latexmk, John Collins, 9 March 2026. Version 4.88.
Latexmk: Changing directory to 'docs/monograph/'
Latexmk: Nothing to do for 'monograph.tex'.
Latexmk: All targets (monograph.xdv monograph.pdf) are up-to-date
Latexmk: Undoing directory change

{"status": "PASSED", "pdf_pages": 232, "cited_entries": 76, "paper_editions": 50, "errors": []}
{
  "status": "PASSED",
  "page_comparison": {
    "original_proposal": 66,
    "original_monograph": 153,
    "original_total": 219,
    "unified": 232,
    "change_from_original_total": 13,
    "interpretation": "Different original typography and shared front matter; source-unit checks establish inclusion, not page arithmetic."
  },
  "total_retained_units": 207,
  "unified_cited_entries": 76,
  "features": {
    "equation": {
      "original": 33,
      "unified": 33,
      "missing_original": 0
    },
    "lstlisting": {
      "original": 18,
      "unified": 21,
      "missing_original": 0
    },
    "figure": {
      "original": 6,
      "unified": 6,
      "missing_original": 0
    }
  },
  "errors": []
}
