{"completed_tasks":1,"latest_status":"VALIDATED","slice_actions":1,"task_id":"task.a03f5d9f2b7939c5023e595bf2c366279221b2ccd438c10c9478a674dc0988c3","tasks":2}
{"completed_tasks":2,"latest_status":"VALIDATED","slice_actions":2,"task_id":"task.3e64ba5d091840d32b59ca80dc06803b2527cd515308ef55dc1cf2757cb4e830","tasks":2}
{'completed_jobs': 1, 'total': 16, 'case': 'family-offices.altered', 'arm': 'isolated-readers', 'calls': 2, 'outcome': 'ABSTAIN'}
{"completed_tasks":1,"latest_status":"VALIDATED","slice_actions":1,"task_id":"task.e9ed5be91badbf318964d25c57efba5288b61995b664d5e404ce18236c9cd288","tasks":2}
{"completed_tasks":2,"latest_status":"VALIDATED","slice_actions":2,"task_id":"task.5ee29dac998ff7b1dbbe0a278c2746408af3f31eac71e860fa7385b7a7ef01d9","tasks":2}
{'completed_jobs': 2, 'total': 16, 'case': 'client-money.clean', 'arm': 'isolated-readers', 'calls': 2, 'outcome': 'ABSTAIN'}
{"completed_tasks":1,"latest_status":"VALIDATED","slice_actions":1,"task_id":"task.683bd0d431ad77d0ed15cd0f0a9cac4faa03a5164bb81a63be16cd5dc24351ef","tasks":2}
{"completed_tasks":2,"latest_status":"VALIDATED","slice_actions":2,"task_id":"task.79c96fb5c97a2853f730ea49215adf71cb726ccf14637c7621cd6d671376f293","tasks":2}
{"completed_tasks":1,"latest_status":"VALIDATED","slice_actions":1,"task_id":"task.217cdb480b8c26177b398a6cbc090088b4a6922dcd3b6563930a15254c82f5ab","tasks":1}
{"completed_tasks":1,"latest_status":"VALIDATED","slice_actions":1,"task_id":"task.57b5a519e92e0e61647bd5db56314566d8a49816b16628acca91228282ac02a7","tasks":1}
{"completed_tasks":1,"latest_status":"VALIDATED","slice_actions":1,"task_id":"task.b24beffa1d04441ab9597afc58deb6b612d01b35c0e7d17946cadac093139835","tasks":1}
{"completed_tasks":1,"latest_status":"VALIDATED","slice_actions":1,"task_id":"task.fda064ded20af1838db808fa51225463064bc11e38c3bdd903a3824c87298c3c","tasks":1}
{'completed_jobs': 3, 'total': 16, 'case': 'family-offices.clean', 'arm': 'assurance', 'calls': 6, 'outcome': 'ABSTAIN'}
{"completed_tasks":1,"latest_status":"VALIDATED","slice_actions":1,"task_id":"task.d7e5e0744c0117119e312c0cafae86ad141c01ae0da0279531ffa1fe375f1461","tasks":2}
{"completed_tasks":2,"latest_status":"VALIDATED","slice_actions":2,"task_id":"task.aab8397e4b1bc929fd91fb8d705b157ce5a9bfebfaf2ac1623b835b673b85be7","tasks":2}
{"completed_tasks":1,"latest_status":"VALIDATED","slice_actions":1,"task_id":"task.d73d677d55d5d376ecb3eea0999676e45b5d9b0068748c85da29421e7f0fc52b","tasks":1}
{'completed_jobs': 4, 'total': 16, 'case': 'client-money.altered', 'arm': 'search', 'calls': 3, 'outcome': 'ABSTAIN'}
{"completed_tasks":0,"latest_status":"FAILED","slice_actions":1,"task_id":"task.d7e5e0744c0117119e312c0cafae86ad141c01ae0da0279531ffa1fe375f1461","tasks":1}
{"completed_tasks":1,"latest_status":"VALIDATED","slice_actions":2,"task_id":"task.d7e5e0744c0117119e312c0cafae86ad141c01ae0da0279531ffa1fe375f1461","tasks":1}
{'completed_jobs': 5, 'total': 16, 'case': 'client-money.altered', 'arm': 'single-reader', 'calls': 2, 'outcome': 'ABSTAIN'}
{"completed_tasks":1,"latest_status":"VALIDATED","slice_actions":1,"task_id":"task.e9ed5be91badbf318964d25c57efba5288b61995b664d5e404ce18236c9cd288","tasks":1}
{'completed_jobs': 6, 'total': 16, 'case': 'client-money.clean', 'arm': 'single-reader', 'calls': 1, 'outcome': 'ABSTAIN'}
{"completed_tasks":1,"latest_status":"VALIDATED","slice_actions":1,"task_id":"task.683bd0d431ad77d0ed15cd0f0a9cac4faa03a5164bb81a63be16cd5dc24351ef","tasks":2}
{"completed_tasks":2,"latest_status":"VALIDATED","slice_actions":2,"task_id":"task.79c96fb5c97a2853f730ea49215adf71cb726ccf14637c7621cd6d671376f293","tasks":2}
{"completed_tasks":1,"latest_status":"VALIDATED","slice_actions":1,"task_id":"task.d4abf969d0610347322abcd518ea8b36ead4bab3d48faa13678790628c7a4b75","tasks":1}
{'completed_jobs': 7, 'total': 16, 'case': 'family-offices.clean', 'arm': 'search', 'calls': 3, 'outcome': 'ABSTAIN'}
{"completed_tasks":1,"latest_status":"VALIDATED","slice_actions":1,"task_id":"task.683bd0d431ad77d0ed15cd0f0a9cac4faa03a5164bb81a63be16cd5dc24351ef","tasks":1}
{'completed_jobs': 8, 'total': 16, 'case': 'family-offices.clean', 'arm': 'single-reader', 'calls': 1, 'outcome': 'ABSTAIN'}
{"completed_tasks":1,"latest_status":"VALIDATED","slice_actions":1,"task_id":"task.d7e5e0744c0117119e312c0cafae86ad141c01ae0da0279531ffa1fe375f1461","tasks":2}
{"completed_tasks":1,"latest_status":"FAILED","slice_actions":2,"task_id":"task.aab8397e4b1bc929fd91fb8d705b157ce5a9bfebfaf2ac1623b835b673b85be7","tasks":2}
{"completed_tasks":2,"latest_status":"VALIDATED","slice_actions":3,"task_id":"task.aab8397e4b1bc929fd91fb8d705b157ce5a9bfebfaf2ac1623b835b673b85be7","tasks":2}
{'completed_jobs': 9, 'total': 16, 'case': 'client-money.altered', 'arm': 'isolated-readers', 'calls': 3, 'outcome': 'ABSTAIN'}
{"completed_tasks":1,"latest_status":"VALIDATED","slice_actions":1,"task_id":"task.a03f5d9f2b7939c5023e595bf2c366279221b2ccd438c10c9478a674dc0988c3","tasks":1}
{'completed_jobs': 10, 'total': 16, 'case': 'family-offices.altered', 'arm': 'single-reader', 'calls': 1, 'outcome': 'ABSTAIN'}
{"completed_tasks":1,"latest_status":"VALIDATED","slice_actions":1,"task_id":"task.d7e5e0744c0117119e312c0cafae86ad141c01ae0da0279531ffa1fe375f1461","tasks":2}
{"completed_tasks":2,"latest_status":"VALIDATED","slice_actions":2,"task_id":"task.aab8397e4b1bc929fd91fb8d705b157ce5a9bfebfaf2ac1623b835b673b85be7","tasks":2}
{"completed_tasks":1,"latest_status":"VALIDATED","slice_actions":1,"task_id":"task.4c3ecf8d1aa4a42c9f88e0c57cebfaa7c7206b2df7ed6c9866b418f1120896b7","tasks":1}
{"completed_tasks":1,"latest_status":"VALIDATED","slice_actions":1,"task_id":"task.cde0593512fa376cd84098839845e94ca0b5fc4c91491918852b4f6bd64aa1ee","tasks":2}
{"completed_tasks":2,"latest_status":"VALIDATED","slice_actions":2,"task_id":"task.f2a0a3079d89cbe5ed508f62fbe0ef398653d427ad290ffc467c6c95c816b2b4","tasks":2}
{"completed_tasks":1,"latest_status":"VALIDATED","slice_actions":1,"task_id":"task.d87bf8cdf14aa08bcbf30cdf2d099cd5daf5976ab5881f633ca7fcba6e75f160","tasks":1}
{"completed_tasks":1,"latest_status":"VALIDATED","slice_actions":1,"task_id":"task.51e997d096f9235d61d4d60a2fe4b648cc267526d6c58b73aebf31d97c81f61f","tasks":2}
{"completed_tasks":2,"latest_status":"VALIDATED","slice_actions":2,"task_id":"task.cebd367a3f130f57d807db806e7073e297f9e9f8cc70fd8fb450f3f645049dc7","tasks":2}
{'completed_jobs': 11, 'total': 16, 'case': 'client-money.altered', 'arm': 'assurance', 'calls': 8, 'outcome': 'ABSTAIN'}
{"completed_tasks":1,"latest_status":"VALIDATED","slice_actions":1,"task_id":"task.a03f5d9f2b7939c5023e595bf2c366279221b2ccd438c10c9478a674dc0988c3","tasks":2}
{"completed_tasks":2,"latest_status":"VALIDATED","slice_actions":2,"task_id":"task.3e64ba5d091840d32b59ca80dc06803b2527cd515308ef55dc1cf2757cb4e830","tasks":2}
{"completed_tasks":1,"latest_status":"VALIDATED","slice_actions":1,"task_id":"task.9f28f165cd3d4424293f3f02204d7d04b8d867d2659b161069dfab353430ebfa","tasks":1}
{'completed_jobs': 12, 'total': 16, 'case': 'family-offices.altered', 'arm': 'search', 'calls': 3, 'outcome': 'ABSTAIN'}
{"completed_tasks":0,"latest_status":"FAILED","slice_actions":1,"task_id":"task.e9ed5be91badbf318964d25c57efba5288b61995b664d5e404ce18236c9cd288","tasks":2}
{"completed_tasks":1,"latest_status":"VALIDATED","slice_actions":2,"task_id":"task.e9ed5be91badbf318964d25c57efba5288b61995b664d5e404ce18236c9cd288","tasks":2}
{"completed_tasks":2,"latest_status":"VALIDATED","slice_actions":3,"task_id":"task.5ee29dac998ff7b1dbbe0a278c2746408af3f31eac71e860fa7385b7a7ef01d9","tasks":2}
{"completed_tasks":1,"latest_status":"VALIDATED","slice_actions":1,"task_id":"task.912630df00da0c8f80075bea5a172f6478fefaf5cd31faf079c0d06661abe6cf","tasks":1}
{"completed_tasks":1,"latest_status":"VALIDATED","slice_actions":1,"task_id":"task.f8885b633d6cdd054fa5da08d3bff6271be7d0c6faec6ecab72ed9ed0baf80bd","tasks":1}
{"completed_tasks":0,"latest_status":"FAILED","slice_actions":1,"task_id":"task.13252e8ba75231bb1419a9d7d7bc8fc99765e978bfc231ce603b1443700f6683","tasks":1}
{"completed_tasks":1,"latest_status":"VALIDATED","slice_actions":2,"task_id":"task.13252e8ba75231bb1419a9d7d7bc8fc99765e978bfc231ce603b1443700f6683","tasks":1}
{"completed_tasks":0,"latest_status":"FAILED","slice_actions":1,"task_id":"task.d923c098928ce03a19b02f21ceef0a064cf6c3c90ccf4e406eb9a0205d4c217f","tasks":2}
{"completed_tasks":0,"latest_status":"FAILED","slice_actions":2,"task_id":"task.d923c098928ce03a19b02f21ceef0a064cf6c3c90ccf4e406eb9a0205d4c217f","tasks":2}
{"completed_tasks":1,"latest_status":"VALIDATED","slice_actions":3,"task_id":"task.d923c098928ce03a19b02f21ceef0a064cf6c3c90ccf4e406eb9a0205d4c217f","tasks":2}
{"completed_tasks":2,"latest_status":"VALIDATED","slice_actions":4,"task_id":"task.3c0acfead9cece65ce1917552f99cac63e17c7c709a6a531f23db3e401b80ed7","tasks":2}
{'completed_jobs': 13, 'total': 16, 'case': 'client-money.clean', 'arm': 'assurance', 'calls': 11, 'outcome': 'ABSTAIN'}
{"completed_tasks":1,"latest_status":"VALIDATED","slice_actions":1,"task_id":"task.683bd0d431ad77d0ed15cd0f0a9cac4faa03a5164bb81a63be16cd5dc24351ef","tasks":2}
{"completed_tasks":1,"latest_status":"FAILED","slice_actions":2,"task_id":"task.79c96fb5c97a2853f730ea49215adf71cb726ccf14637c7621cd6d671376f293","tasks":2}
{"completed_tasks":2,"latest_status":"VALIDATED","slice_actions":3,"task_id":"task.79c96fb5c97a2853f730ea49215adf71cb726ccf14637c7621cd6d671376f293","tasks":2}
{'completed_jobs': 14, 'total': 16, 'case': 'family-offices.clean', 'arm': 'isolated-readers', 'calls': 3, 'outcome': 'ABSTAIN'}
{"completed_tasks":0,"latest_status":"FAILED","slice_actions":1,"task_id":"task.a03f5d9f2b7939c5023e595bf2c366279221b2ccd438c10c9478a674dc0988c3","tasks":2}
{"completed_tasks":1,"latest_status":"VALIDATED","slice_actions":2,"task_id":"task.a03f5d9f2b7939c5023e595bf2c366279221b2ccd438c10c9478a674dc0988c3","tasks":2}
{"completed_tasks":2,"latest_status":"VALIDATED","slice_actions":3,"task_id":"task.3e64ba5d091840d32b59ca80dc06803b2527cd515308ef55dc1cf2757cb4e830","tasks":2}
{"completed_tasks":1,"latest_status":"VALIDATED","slice_actions":1,"task_id":"task.4959654dcc274ccef3e0f2f4196508572df902ed1e3606305d6a50002cabaa7e","tasks":1}
{"completed_tasks":1,"latest_status":"VALIDATED","slice_actions":1,"task_id":"task.31c0647135f41cdd3c2ba5e7987ebacbfa5b6fa69921b67318d53676551343e3","tasks":2}
{"completed_tasks":2,"latest_status":"VALIDATED","slice_actions":2,"task_id":"task.4b29f6412fe3476b244aa9bddbef505ca73931ec8cea7992c4e0470014ac7c37","tasks":2}
{"completed_tasks":1,"latest_status":"VALIDATED","slice_actions":1,"task_id":"task.99dfc696c848f41949be1cce882a68460391aa41c58826f30ff70464fb766d85","tasks":1}
{"completed_tasks":1,"latest_status":"VALIDATED","slice_actions":1,"task_id":"task.77dc816ae8da8e9d1919aff06eab0d977103e5d4080bfacf41e00007d5c0724e","tasks":2}
{"completed_tasks":1,"latest_status":"FAILED","slice_actions":2,"task_id":"task.ec1abd0534d2e9eef2c41c56880fbae182db0c9632ad2ba02502d3ddca871164","tasks":2}
{"completed_tasks":2,"latest_status":"VALIDATED","slice_actions":3,"task_id":"task.ec1abd0534d2e9eef2c41c56880fbae182db0c9632ad2ba02502d3ddca871164","tasks":2}
{'completed_jobs': 15, 'total': 16, 'case': 'family-offices.altered', 'arm': 'assurance', 'calls': 10, 'outcome': 'ABSTAIN'}
{"completed_tasks":0,"latest_status":"FAILED","slice_actions":1,"task_id":"task.e9ed5be91badbf318964d25c57efba5288b61995b664d5e404ce18236c9cd288","tasks":2}
{"completed_tasks":1,"latest_status":"VALIDATED","slice_actions":2,"task_id":"task.e9ed5be91badbf318964d25c57efba5288b61995b664d5e404ce18236c9cd288","tasks":2}
{"completed_tasks":2,"latest_status":"VALIDATED","slice_actions":3,"task_id":"task.5ee29dac998ff7b1dbbe0a278c2746408af3f31eac71e860fa7385b7a7ef01d9","tasks":2}
{"completed_tasks":1,"latest_status":"VALIDATED","slice_actions":1,"task_id":"task.1e852ca8f9f478dab6b01f875c7f5c62b239fc909aebdabc3399676431c5412f","tasks":1}
{'completed_jobs': 16, 'total': 16, 'case': 'client-money.clean', 'arm': 'search', 'calls': 4, 'outcome': 'ABSTAIN'}
{'counts': {'single-reader': {'unsafe_accepted': 0, 'correct_accepted': 0, 'abstain': 4, 'missing': 0}, 'isolated-readers': {'unsafe_accepted': 0, 'correct_accepted': 0, 'abstain': 4, 'missing': 0}, 'search': {'unsafe_accepted': 0, 'correct_accepted': 0, 'abstain': 4, 'missing': 0}, 'assurance': {'unsafe_accepted': 0, 'correct_accepted': 0, 'abstain': 4, 'missing': 0}}, 'families': 2, 'promotion_vetoes': ['DEVELOPMENT_FAMILY_OVERLAP', 'INDEPENDENT_FAMILY_SAMPLING_NOT_ESTABLISHED', 'PUBLIC_QA_TRANSLATION_NOT_INDEPENDENTLY_VERIFIED'], 'ranking_supported': False, 'legal_accuracy_evaluated': False, 'evaluated_target': 'CONTROLLED_SEMANTIC_TESTS', 'reference_semantics_independently_verified': False, 'interval_method': 'Simultaneous Hoeffding bounds for IID bounded family differences; invalid as population inference without the declared sampling assumption', 'interval_derivation': 'For Xi in [-1,1], P(|mean-Emean|>=r)<=2 exp(-n r^2/2); union over six metrics sets r=sqrt(2 log(12/alpha)/n).', 'review_cost_saving_measured': False, 'release_eligible': False, 'profile': 'declared-predicate-methods.v1', 'candidate_recovery': {'single-reader': {'jobs': 4, 'reference_in_set': 4, 'excess_signature_total': 0}, 'isolated-readers': {'jobs': 4, 'reference_in_set': 4, 'excess_signature_total': 0}, 'search': {'jobs': 4, 'reference_in_set': 4, 'excess_signature_total': 1}, 'assurance': {'jobs': 4, 'reference_in_set': 4, 'excess_signature_total': 1}}, 'grant_used': 144, 'new_calls': 63}
