Traceback (most recent call last):
  File "/home/chakwong/python/legalmath/scripts/interpretation_search_replay.py", line 54, in <module>
    if __name__=='__main__':main()
                            ^^^^^^
  File "/home/chakwong/python/legalmath/scripts/interpretation_search_replay.py", line 24, in main
    manifest=loads((original.parent.parent/'run-manifest.json').read_bytes())
             ^^^^^^^^^^^^^^^^^^^^^^^^^^^^^^^^^^^^^^^^^^^^^^^^^^^^^^^^^^^^^^^^
  File "/home/chakwong/python/legalmath/src/legalmath/canonical.py", line 68, in loads
    value = json.loads(data, object_pairs_hook=_pairs, parse_float=_invalid,
            ^^^^^^^^^^^^^^^^^^^^^^^^^^^^^^^^^^^^^^^^^^^^^^^^^^^^^^^^^^^^^^^^
  File "/home/chakwong/miniconda3/envs/tfgpu/lib/python3.11/json/__init__.py", line 359, in loads
    return cls(**kw).decode(s)
           ^^^^^^^^^^^^^^^^^^^
  File "/home/chakwong/miniconda3/envs/tfgpu/lib/python3.11/json/decoder.py", line 337, in decode
    obj, end = self.raw_decode(s, idx=_w(s, 0).end())
               ^^^^^^^^^^^^^^^^^^^^^^^^^^^^^^^^^^^^^^
  File "/home/chakwong/miniconda3/envs/tfgpu/lib/python3.11/json/decoder.py", line 353, in raw_decode
    obj, end = self.scan_once(s, idx)
               ^^^^^^^^^^^^^^^^^^^^^^
  File "/home/chakwong/python/legalmath/src/legalmath/canonical.py", line 61, in _invalid
    raise BoundaryError("E_SCHEMA")
legalmath.errors.BoundaryError: Input does not conform to the schema.
